✓ Running locally - results will be saved to local directory
✓ Results will be saved to: agent_model_results
============================================================
CONFIRMATION/CORRECTION TRACKING TEST
============================================================

Testing if agents now differentiate between:
  - Confirming AI (alignment 0.9) - validates beliefs
  - Truthful AI (alignment 0.1) - reports ground truth

Expected behavior:
  Confirming AI: Exploitative trust ↑, Exploratory trust →/↓
  Truthful AI:   Exploitative trust ↓, Exploratory trust ↑

============================================================
Test: Confirming AI
AI Alignment: 0.9
============================================================

Initializing social network with 25 exploitative and 25 exploratory agents
Creating 3 substantial communities
Created 3 communities:
  Community 0: 10 agents (6 exploit, 4 explor)
  Community 1: 19 agents (8 exploit, 11 explor)
  Community 2: 21 agents (11 exploit, 10 explor)
  Adding within-community edges for community 0 (size 10)
  Adding within-community edges for community 1 (size 19)
  Adding within-community edges for community 2 (size 21)
Final network: 3 connected components
  Component 0: 21 agents (11 exploit, 10 explor)
  Component 1: 19 agents (8 exploit, 11 explor)
  Component 2: 10 agents (6 exploit, 4 explor)
Final network after fixes: 3 connected components
  Component 0: 21 agents (11 exploit, 10 explor)
  Component 1: 19 agents (8 exploit, 11 explor)
  Component 2: 10 agents (6 exploit, 4 explor)
Successfully created social network with 3 components
Found 3 network components.

DEBUG: Starting AECI variance calculation at tick 5
  Found 0/50 AI-reliant agents
  Global belief variance: 0.3393
  WARNING: Invalid global variance (0.3393399375) or no AI-reliant agents
  Returning AECI variance tuple: (5, 0.0)
  Current aeci_variance_data length: 5
  Last 3 entries: [(3, 0), (4, 0), (5, 0.0)]

DEBUG: Starting AECI variance calculation at tick 10
  Found 0/50 AI-reliant agents
  Global belief variance: 0.3426
  WARNING: Invalid global variance (0.34260671000000004) or no AI-reliant agents
  Returning AECI variance tuple: (10, 0.0)
  Current aeci_variance_data length: 10
  Last 3 entries: [(8, 0.0), (9, 0.0), (10, 0.0)]

--- Retainment Diagnostics at Tick 10 ---
Agent H_0 (exploitative) retainment stats:
  accepted_human: 3, accepted_friend: 3, accepted_ai: 0
  retain_aeci: 0.00, retain_seci: 1.00
Agent H_1 (exploitative) retainment stats:
  accepted_human: 16, accepted_friend: 16, accepted_ai: 0
  retain_aeci: 0.00, retain_seci: 1.00
Agent H_2 (exploitative) retainment stats:
  accepted_human: 30, accepted_friend: 30, accepted_ai: 0
  retain_aeci: 0.00, retain_seci: 1.00

DEBUG: Starting AECI variance calculation at tick 15
  Found 0/50 AI-reliant agents
  Global belief variance: 0.3491
  WARNING: Invalid global variance (0.3490609375) or no AI-reliant agents
  Returning AECI variance tuple: (15, 0.0)
  Current aeci_variance_data length: 15
  Last 3 entries: [(13, 0.0), (14, 0.0), (15, 0.0)]
ERROR in Agent H_22 process_reward at tick 16: name 'cells_to_relieve' is not defined
Traceback (most recent call last):
  File "/home/user/DisasterAI/DisasterAI_Model.py", line 1315, in process_reward
    for cell in cells_to_relieve:
                ^^^^^^^^^^^^^^^^
NameError: name 'cells_to_relieve' is not defined
ERROR in Agent H_14 process_reward at tick 16: name 'cells_to_relieve' is not defined
Traceback (most recent call last):
  File "/home/user/DisasterAI/DisasterAI_Model.py", line 1315, in process_reward
    for cell in cells_to_relieve:
                ^^^^^^^^^^^^^^^^
NameError: name 'cells_to_relieve' is not defined
ERROR in Agent H_2 process_reward at tick 17: name 'cells_to_relieve' is not defined
Traceback (most recent call last):
  File "/home/user/DisasterAI/DisasterAI_Model.py", line 1315, in process_reward
    for cell in cells_to_relieve:
                ^^^^^^^^^^^^^^^^
NameError: name 'cells_to_relieve' is not defined
ERROR in Agent H_0 process_reward at tick 17: name 'cells_to_relieve' is not defined
Traceback (most recent call last):
  File "/home/user/DisasterAI/DisasterAI_Model.py", line 1315, in process_reward
    for cell in cells_to_relieve:
                ^^^^^^^^^^^^^^^^
NameError: name 'cells_to_relieve' is not defined
ERROR in Agent H_21 process_reward at tick 17: name 'cells_to_relieve' is not defined
Traceback (most recent call last):
  File "/home/user/DisasterAI/DisasterAI_Model.py", line 1315, in process_reward
    for cell in cells_to_relieve:
                ^^^^^^^^^^^^^^^^
NameError: name 'cells_to_relieve' is not defined
ERROR in Agent H_46 process_reward at tick 17: name 'cells_to_relieve' is not defined
Traceback (most recent call last):
  File "/home/user/DisasterAI/DisasterAI_Model.py", line 1315, in process_reward
    for cell in cells_to_relieve:
                ^^^^^^^^^^^^^^^^
NameError: name 'cells_to_relieve' is not defined
ERROR in Agent H_48 process_reward at tick 17: name 'cells_to_relieve' is not defined
Traceback (most recent call last):
  File "/home/user/DisasterAI/DisasterAI_Model.py", line 1315, in process_reward
    for cell in cells_to_relieve:
                ^^^^^^^^^^^^^^^^
NameError: name 'cells_to_relieve' is not defined
ERROR in Agent H_31 process_reward at tick 17: name 'cells_to_relieve' is not defined
Traceback (most recent call last):
  File "/home/user/DisasterAI/DisasterAI_Model.py", line 1315, in process_reward
    for cell in cells_to_relieve:
                ^^^^^^^^^^^^^^^^
NameError: name 'cells_to_relieve' is not defined
ERROR in Agent H_33 process_reward at tick 17: name 'cells_to_relieve' is not defined
Traceback (most recent call last):
  File "/home/user/DisasterAI/DisasterAI_Model.py", line 1315, in process_reward
    for cell in cells_to_relieve:
                ^^^^^^^^^^^^^^^^
NameError: name 'cells_to_relieve' is not defined
ERROR in Agent H_1 process_reward at tick 17: name 'cells_to_relieve' is not defined
Traceback (most recent call last):
  File "/home/user/DisasterAI/DisasterAI_Model.py", line 1315, in process_reward
    for cell in cells_to_relieve:
                ^^^^^^^^^^^^^^^^
NameError: name 'cells_to_relieve' is not defined
ERROR in Agent H_42 process_reward at tick 18: name 'cells_to_relieve' is not defined
Traceback (most recent call last):
  File "/home/user/DisasterAI/DisasterAI_Model.py", line 1315, in process_reward
    for cell in cells_to_relieve:
                ^^^^^^^^^^^^^^^^
NameError: name 'cells_to_relieve' is not defined
ERROR in Agent H_1 process_reward at tick 18: name 'cells_to_relieve' is not defined
Traceback (most recent call last):
  File "/home/user/DisasterAI/DisasterAI_Model.py", line 1315, in process_reward
    for cell in cells_to_relieve:
                ^^^^^^^^^^^^^^^^
NameError: name 'cells_to_relieve' is not defined
ERROR in Agent H_43 process_reward at tick 18: name 'cells_to_relieve' is not defined
Traceback (most recent call last):
  File "/home/user/DisasterAI/DisasterAI_Model.py", line 1315, in process_reward
    for cell in cells_to_relieve:
                ^^^^^^^^^^^^^^^^
NameError: name 'cells_to_relieve' is not defined
ERROR in Agent H_12 process_reward at tick 18: name 'cells_to_relieve' is not defined
Traceback (most recent call last):
  File "/home/user/DisasterAI/DisasterAI_Model.py", line 1315, in process_reward
    for cell in cells_to_relieve:
                ^^^^^^^^^^^^^^^^
NameError: name 'cells_to_relieve' is not defined
ERROR in Agent H_3 process_reward at tick 18: name 'cells_to_relieve' is not defined
Traceback (most recent call last):
  File "/home/user/DisasterAI/DisasterAI_Model.py", line 1315, in process_reward
    for cell in cells_to_relieve:
                ^^^^^^^^^^^^^^^^
NameError: name 'cells_to_relieve' is not defined
ERROR in Agent H_28 process_reward at tick 18: name 'cells_to_relieve' is not defined
Traceback (most recent call last):
  File "/home/user/DisasterAI/DisasterAI_Model.py", line 1315, in process_reward
    for cell in cells_to_relieve:
                ^^^^^^^^^^^^^^^^
NameError: name 'cells_to_relieve' is not defined
ERROR in Agent H_35 process_reward at tick 18: name 'cells_to_relieve' is not defined
Traceback (most recent call last):
  File "/home/user/DisasterAI/DisasterAI_Model.py", line 1315, in process_reward
    for cell in cells_to_relieve:
                ^^^^^^^^^^^^^^^^
NameError: name 'cells_to_relieve' is not defined
ERROR in Agent H_45 process_reward at tick 18: name 'cells_to_relieve' is not defined
Traceback (most recent call last):
  File "/home/user/DisasterAI/DisasterAI_Model.py", line 1315, in process_reward
    for cell in cells_to_relieve:
                ^^^^^^^^^^^^^^^^
NameError: name 'cells_to_relieve' is not defined
ERROR in Agent H_39 process_reward at tick 19: name 'cells_to_relieve' is not defined
Traceback (most recent call last):
  File "/home/user/DisasterAI/DisasterAI_Model.py", line 1315, in process_reward
    for cell in cells_to_relieve:
                ^^^^^^^^^^^^^^^^
NameError: name 'cells_to_relieve' is not defined
ERROR in Agent H_40 process_reward at tick 19: name 'cells_to_relieve' is not defined
Traceback (most recent call last):
  File "/home/user/DisasterAI/DisasterAI_Model.py", line 1315, in process_reward
    for cell in cells_to_relieve:
                ^^^^^^^^^^^^^^^^
NameError: name 'cells_to_relieve' is not defined
ERROR in Agent H_31 process_reward at tick 19: name 'cells_to_relieve' is not defined
Traceback (most recent call last):
  File "/home/user/DisasterAI/DisasterAI_Model.py", line 1315, in process_reward
    for cell in cells_to_relieve:
                ^^^^^^^^^^^^^^^^
NameError: name 'cells_to_relieve' is not defined
ERROR in Agent H_12 process_reward at tick 19: name 'cells_to_relieve' is not defined
Traceback (most recent call last):
  File "/home/user/DisasterAI/DisasterAI_Model.py", line 1315, in process_reward
    for cell in cells_to_relieve:
                ^^^^^^^^^^^^^^^^
NameError: name 'cells_to_relieve' is not defined
ERROR in Agent H_32 process_reward at tick 19: name 'cells_to_relieve' is not defined
Traceback (most recent call last):
  File "/home/user/DisasterAI/DisasterAI_Model.py", line 1315, in process_reward
    for cell in cells_to_relieve:
                ^^^^^^^^^^^^^^^^
NameError: name 'cells_to_relieve' is not defined
ERROR in Agent H_43 process_reward at tick 19: name 'cells_to_relieve' is not defined
Traceback (most recent call last):
  File "/home/user/DisasterAI/DisasterAI_Model.py", line 1315, in process_reward
    for cell in cells_to_relieve:
                ^^^^^^^^^^^^^^^^
NameError: name 'cells_to_relieve' is not defined
ERROR in Agent H_7 process_reward at tick 19: name 'cells_to_relieve' is not defined
Traceback (most recent call last):
  File "/home/user/DisasterAI/DisasterAI_Model.py", line 1315, in process_reward
    for cell in cells_to_relieve:
                ^^^^^^^^^^^^^^^^
NameError: name 'cells_to_relieve' is not defined
ERROR in Agent H_28 process_reward at tick 19: name 'cells_to_relieve' is not defined
Traceback (most recent call last):
  File "/home/user/DisasterAI/DisasterAI_Model.py", line 1315, in process_reward
    for cell in cells_to_relieve:
                ^^^^^^^^^^^^^^^^
NameError: name 'cells_to_relieve' is not defined
ERROR in Agent H_13 process_reward at tick 19: name 'cells_to_relieve' is not defined
Traceback (most recent call last):
  File "/home/user/DisasterAI/DisasterAI_Model.py", line 1315, in process_reward
    for cell in cells_to_relieve:
                ^^^^^^^^^^^^^^^^
NameError: name 'cells_to_relieve' is not defined
ERROR in Agent H_49 process_reward at tick 19: name 'cells_to_relieve' is not defined
Traceback (most recent call last):
  File "/home/user/DisasterAI/DisasterAI_Model.py", line 1315, in process_reward
    for cell in cells_to_relieve:
                ^^^^^^^^^^^^^^^^
NameError: name 'cells_to_relieve' is not defined
ERROR in Agent H_47 process_reward at tick 19: name 'cells_to_relieve' is not defined
Traceback (most recent call last):
  File "/home/user/DisasterAI/DisasterAI_Model.py", line 1315, in process_reward
    for cell in cells_to_relieve:
                ^^^^^^^^^^^^^^^^
NameError: name 'cells_to_relieve' is not defined
ERROR in Agent H_23 process_reward at tick 19: name 'cells_to_relieve' is not defined
Traceback (most recent call last):
  File "/home/user/DisasterAI/DisasterAI_Model.py", line 1315, in process_reward
    for cell in cells_to_relieve:
                ^^^^^^^^^^^^^^^^
NameError: name 'cells_to_relieve' is not defined
ERROR in Agent H_38 process_reward at tick 19: name 'cells_to_relieve' is not defined
Traceback (most recent call last):
  File "/home/user/DisasterAI/DisasterAI_Model.py", line 1315, in process_reward
    for cell in cells_to_relieve:
                ^^^^^^^^^^^^^^^^
NameError: name 'cells_to_relieve' is not defined
ERROR in Agent H_16 process_reward at tick 19: name 'cells_to_relieve' is not defined
Traceback (most recent call last):
  File "/home/user/DisasterAI/DisasterAI_Model.py", line 1315, in process_reward
    for cell in cells_to_relieve:
                ^^^^^^^^^^^^^^^^
NameError: name 'cells_to_relieve' is not defined
ERROR in Agent H_1 process_reward at tick 19: name 'cells_to_relieve' is not defined
Traceback (most recent call last):
  File "/home/user/DisasterAI/DisasterAI_Model.py", line 1315, in process_reward
    for cell in cells_to_relieve:
                ^^^^^^^^^^^^^^^^
NameError: name 'cells_to_relieve' is not defined
ERROR in Agent H_37 process_reward at tick 19: name 'cells_to_relieve' is not defined
Traceback (most recent call last):
  File "/home/user/DisasterAI/DisasterAI_Model.py", line 1315, in process_reward
    for cell in cells_to_relieve:
                ^^^^^^^^^^^^^^^^
NameError: name 'cells_to_relieve' is not defined
ERROR in Agent H_11 process_reward at tick 19: name 'cells_to_relieve' is not defined
Traceback (most recent call last):
  File "/home/user/DisasterAI/DisasterAI_Model.py", line 1315, in process_reward
    for cell in cells_to_relieve:
                ^^^^^^^^^^^^^^^^
NameError: name 'cells_to_relieve' is not defined
ERROR in Agent H_27 process_reward at tick 19: name 'cells_to_relieve' is not defined
Traceback (most recent call last):
  File "/home/user/DisasterAI/DisasterAI_Model.py", line 1315, in process_reward
    for cell in cells_to_relieve:
                ^^^^^^^^^^^^^^^^
NameError: name 'cells_to_relieve' is not defined
ERROR in Agent H_30 process_reward at tick 19: name 'cells_to_relieve' is not defined
Traceback (most recent call last):
  File "/home/user/DisasterAI/DisasterAI_Model.py", line 1315, in process_reward
    for cell in cells_to_relieve:
                ^^^^^^^^^^^^^^^^
NameError: name 'cells_to_relieve' is not defined
ERROR in Agent H_9 process_reward at tick 19: name 'cells_to_relieve' is not defined
Traceback (most recent call last):
  File "/home/user/DisasterAI/DisasterAI_Model.py", line 1315, in process_reward
    for cell in cells_to_relieve:
                ^^^^^^^^^^^^^^^^
NameError: name 'cells_to_relieve' is not defined
ERROR in Agent H_48 process_reward at tick 19: name 'cells_to_relieve' is not defined
Traceback (most recent call last):
  File "/home/user/DisasterAI/DisasterAI_Model.py", line 1315, in process_reward
    for cell in cells_to_relieve:
                ^^^^^^^^^^^^^^^^
NameError: name 'cells_to_relieve' is not defined
ERROR in Agent H_18 process_reward at tick 19: name 'cells_to_relieve' is not defined
Traceback (most recent call last):
  File "/home/user/DisasterAI/DisasterAI_Model.py", line 1315, in process_reward
    for cell in cells_to_relieve:
                ^^^^^^^^^^^^^^^^
NameError: name 'cells_to_relieve' is not defined
ERROR in Agent H_49 process_reward at tick 20: name 'cells_to_relieve' is not defined
Traceback (most recent call last):
  File "/home/user/DisasterAI/DisasterAI_Model.py", line 1315, in process_reward
    for cell in cells_to_relieve:
                ^^^^^^^^^^^^^^^^
NameError: name 'cells_to_relieve' is not defined
ERROR in Agent H_7 process_reward at tick 20: name 'cells_to_relieve' is not defined
Traceback (most recent call last):
  File "/home/user/DisasterAI/DisasterAI_Model.py", line 1315, in process_reward
    for cell in cells_to_relieve:
                ^^^^^^^^^^^^^^^^
NameError: name 'cells_to_relieve' is not defined
ERROR in Agent H_19 process_reward at tick 20: name 'cells_to_relieve' is not defined
Traceback (most recent call last):
  File "/home/user/DisasterAI/DisasterAI_Model.py", line 1315, in process_reward
    for cell in cells_to_relieve:
                ^^^^^^^^^^^^^^^^
NameError: name 'cells_to_relieve' is not defined
ERROR in Agent H_27 process_reward at tick 20: name 'cells_to_relieve' is not defined
Traceback (most recent call last):
  File "/home/user/DisasterAI/DisasterAI_Model.py", line 1315, in process_reward
    for cell in cells_to_relieve:
                ^^^^^^^^^^^^^^^^
NameError: name 'cells_to_relieve' is not defined
ERROR in Agent H_24 process_reward at tick 20: name 'cells_to_relieve' is not defined
Traceback (most recent call last):
  File "/home/user/DisasterAI/DisasterAI_Model.py", line 1315, in process_reward
    for cell in cells_to_relieve:
                ^^^^^^^^^^^^^^^^
NameError: name 'cells_to_relieve' is not defined
ERROR in Agent H_39 process_reward at tick 20: name 'cells_to_relieve' is not defined
Traceback (most recent call last):
  File "/home/user/DisasterAI/DisasterAI_Model.py", line 1315, in process_reward
    for cell in cells_to_relieve:
                ^^^^^^^^^^^^^^^^
NameError: name 'cells_to_relieve' is not defined
ERROR in Agent H_15 process_reward at tick 20: name 'cells_to_relieve' is not defined
Traceback (most recent call last):
  File "/home/user/DisasterAI/DisasterAI_Model.py", line 1315, in process_reward
    for cell in cells_to_relieve:
                ^^^^^^^^^^^^^^^^
NameError: name 'cells_to_relieve' is not defined
ERROR in Agent H_0 process_reward at tick 20: name 'cells_to_relieve' is not defined
Traceback (most recent call last):
  File "/home/user/DisasterAI/DisasterAI_Model.py", line 1315, in process_reward
    for cell in cells_to_relieve:
                ^^^^^^^^^^^^^^^^
NameError: name 'cells_to_relieve' is not defined
ERROR in Agent H_13 process_reward at tick 20: name 'cells_to_relieve' is not defined
Traceback (most recent call last):
  File "/home/user/DisasterAI/DisasterAI_Model.py", line 1315, in process_reward
    for cell in cells_to_relieve:
                ^^^^^^^^^^^^^^^^
NameError: name 'cells_to_relieve' is not defined
ERROR in Agent H_41 process_reward at tick 20: name 'cells_to_relieve' is not defined
Traceback (most recent call last):
  File "/home/user/DisasterAI/DisasterAI_Model.py", line 1315, in process_reward
    for cell in cells_to_relieve:
                ^^^^^^^^^^^^^^^^
NameError: name 'cells_to_relieve' is not defined
ERROR in Agent H_17 process_reward at tick 20: name 'cells_to_relieve' is not defined
Traceback (most recent call last):
  File "/home/user/DisasterAI/DisasterAI_Model.py", line 1315, in process_reward
    for cell in cells_to_relieve:
                ^^^^^^^^^^^^^^^^
NameError: name 'cells_to_relieve' is not defined
ERROR in Agent H_44 process_reward at tick 20: name 'cells_to_relieve' is not defined
Traceback (most recent call last):
  File "/home/user/DisasterAI/DisasterAI_Model.py", line 1315, in process_reward
    for cell in cells_to_relieve:
                ^^^^^^^^^^^^^^^^
NameError: name 'cells_to_relieve' is not defined
ERROR in Agent H_28 process_reward at tick 20: name 'cells_to_relieve' is not defined
Traceback (most recent call last):
  File "/home/user/DisasterAI/DisasterAI_Model.py", line 1315, in process_reward
    for cell in cells_to_relieve:
                ^^^^^^^^^^^^^^^^
NameError: name 'cells_to_relieve' is not defined
ERROR in Agent H_26 process_reward at tick 20: name 'cells_to_relieve' is not defined
Traceback (most recent call last):
  File "/home/user/DisasterAI/DisasterAI_Model.py", line 1315, in process_reward
    for cell in cells_to_relieve:
                ^^^^^^^^^^^^^^^^
NameError: name 'cells_to_relieve' is not defined
ERROR in Agent H_47 process_reward at tick 20: name 'cells_to_relieve' is not defined
Traceback (most recent call last):
  File "/home/user/DisasterAI/DisasterAI_Model.py", line 1315, in process_reward
    for cell in cells_to_relieve:
                ^^^^^^^^^^^^^^^^
NameError: name 'cells_to_relieve' is not defined
ERROR in Agent H_9 process_reward at tick 20: name 'cells_to_relieve' is not defined
Traceback (most recent call last):
  File "/home/user/DisasterAI/DisasterAI_Model.py", line 1315, in process_reward
    for cell in cells_to_relieve:
                ^^^^^^^^^^^^^^^^
NameError: name 'cells_to_relieve' is not defined
ERROR in Agent H_37 process_reward at tick 20: name 'cells_to_relieve' is not defined
Traceback (most recent call last):
  File "/home/user/DisasterAI/DisasterAI_Model.py", line 1315, in process_reward
    for cell in cells_to_relieve:
                ^^^^^^^^^^^^^^^^
NameError: name 'cells_to_relieve' is not defined
ERROR in Agent H_22 process_reward at tick 20: name 'cells_to_relieve' is not defined
Traceback (most recent call last):
  File "/home/user/DisasterAI/DisasterAI_Model.py", line 1315, in process_reward
    for cell in cells_to_relieve:
                ^^^^^^^^^^^^^^^^
NameError: name 'cells_to_relieve' is not defined
ERROR in Agent H_20 process_reward at tick 20: name 'cells_to_relieve' is not defined
Traceback (most recent call last):
  File "/home/user/DisasterAI/DisasterAI_Model.py", line 1315, in process_reward
    for cell in cells_to_relieve:
                ^^^^^^^^^^^^^^^^
NameError: name 'cells_to_relieve' is not defined
ERROR in Agent H_21 process_reward at tick 20: name 'cells_to_relieve' is not defined
Traceback (most recent call last):
  File "/home/user/DisasterAI/DisasterAI_Model.py", line 1315, in process_reward
    for cell in cells_to_relieve:
                ^^^^^^^^^^^^^^^^
NameError: name 'cells_to_relieve' is not defined

DEBUG: Starting AECI variance calculation at tick 20
  Found 0/50 AI-reliant agents
  Global belief variance: 0.1982
  WARNING: Invalid global variance (0.19823439749999996) or no AI-reliant agents
  Returning AECI variance tuple: (20, 0.0)
  Current aeci_variance_data length: 20
  Last 3 entries: [(18, 0.0), (19, 0.0), (20, 0.0)]

--- Retainment Diagnostics at Tick 20 ---
Agent H_0 (exploitative) retainment stats:
  accepted_human: 8, accepted_friend: 8, accepted_ai: 0
  retain_aeci: 0.00, retain_seci: 1.00
Agent H_1 (exploitative) retainment stats:
  accepted_human: 11, accepted_friend: 11, accepted_ai: 0
  retain_aeci: 0.00, retain_seci: 1.00
Agent H_2 (exploitative) retainment stats:
  accepted_human: 29, accepted_friend: 29, accepted_ai: 6
  retain_aeci: 0.17, retain_seci: 0.83
ERROR in Agent H_37 process_reward at tick 21: name 'cells_to_relieve' is not defined
Traceback (most recent call last):
  File "/home/user/DisasterAI/DisasterAI_Model.py", line 1315, in process_reward
    for cell in cells_to_relieve:
                ^^^^^^^^^^^^^^^^
NameError: name 'cells_to_relieve' is not defined
ERROR in Agent H_11 process_reward at tick 21: name 'cells_to_relieve' is not defined
Traceback (most recent call last):
  File "/home/user/DisasterAI/DisasterAI_Model.py", line 1315, in process_reward
    for cell in cells_to_relieve:
                ^^^^^^^^^^^^^^^^
NameError: name 'cells_to_relieve' is not defined
ERROR in Agent H_23 process_reward at tick 21: name 'cells_to_relieve' is not defined
Traceback (most recent call last):
  File "/home/user/DisasterAI/DisasterAI_Model.py", line 1315, in process_reward
    for cell in cells_to_relieve:
                ^^^^^^^^^^^^^^^^
NameError: name 'cells_to_relieve' is not defined
ERROR in Agent H_15 process_reward at tick 21: name 'cells_to_relieve' is not defined
Traceback (most recent call last):
  File "/home/user/DisasterAI/DisasterAI_Model.py", line 1315, in process_reward
    for cell in cells_to_relieve:
                ^^^^^^^^^^^^^^^^
NameError: name 'cells_to_relieve' is not defined
ERROR in Agent H_27 process_reward at tick 21: name 'cells_to_relieve' is not defined
Traceback (most recent call last):
  File "/home/user/DisasterAI/DisasterAI_Model.py", line 1315, in process_reward
    for cell in cells_to_relieve:
                ^^^^^^^^^^^^^^^^
NameError: name 'cells_to_relieve' is not defined
ERROR in Agent H_16 process_reward at tick 21: name 'cells_to_relieve' is not defined
Traceback (most recent call last):
  File "/home/user/DisasterAI/DisasterAI_Model.py", line 1315, in process_reward
    for cell in cells_to_relieve:
                ^^^^^^^^^^^^^^^^
NameError: name 'cells_to_relieve' is not defined
ERROR in Agent H_44 process_reward at tick 21: name 'cells_to_relieve' is not defined
Traceback (most recent call last):
  File "/home/user/DisasterAI/DisasterAI_Model.py", line 1315, in process_reward
    for cell in cells_to_relieve:
                ^^^^^^^^^^^^^^^^
NameError: name 'cells_to_relieve' is not defined
ERROR in Agent H_2 process_reward at tick 21: name 'cells_to_relieve' is not defined
Traceback (most recent call last):
  File "/home/user/DisasterAI/DisasterAI_Model.py", line 1315, in process_reward
    for cell in cells_to_relieve:
                ^^^^^^^^^^^^^^^^
NameError: name 'cells_to_relieve' is not defined
ERROR in Agent H_3 process_reward at tick 21: name 'cells_to_relieve' is not defined
Traceback (most recent call last):
  File "/home/user/DisasterAI/DisasterAI_Model.py", line 1315, in process_reward
    for cell in cells_to_relieve:
                ^^^^^^^^^^^^^^^^
NameError: name 'cells_to_relieve' is not defined
ERROR in Agent H_1 process_reward at tick 21: name 'cells_to_relieve' is not defined
Traceback (most recent call last):
  File "/home/user/DisasterAI/DisasterAI_Model.py", line 1315, in process_reward
    for cell in cells_to_relieve:
                ^^^^^^^^^^^^^^^^
NameError: name 'cells_to_relieve' is not defined
ERROR in Agent H_45 process_reward at tick 21: name 'cells_to_relieve' is not defined
Traceback (most recent call last):
  File "/home/user/DisasterAI/DisasterAI_Model.py", line 1315, in process_reward
    for cell in cells_to_relieve:
                ^^^^^^^^^^^^^^^^
NameError: name 'cells_to_relieve' is not defined
ERROR in Agent H_42 process_reward at tick 21: name 'cells_to_relieve' is not defined
Traceback (most recent call last):
  File "/home/user/DisasterAI/DisasterAI_Model.py", line 1315, in process_reward
    for cell in cells_to_relieve:
                ^^^^^^^^^^^^^^^^
NameError: name 'cells_to_relieve' is not defined
ERROR in Agent H_25 process_reward at tick 21: name 'cells_to_relieve' is not defined
Traceback (most recent call last):
  File "/home/user/DisasterAI/DisasterAI_Model.py", line 1315, in process_reward
    for cell in cells_to_relieve:
                ^^^^^^^^^^^^^^^^
NameError: name 'cells_to_relieve' is not defined
ERROR in Agent H_34 process_reward at tick 21: name 'cells_to_relieve' is not defined
Traceback (most recent call last):
  File "/home/user/DisasterAI/DisasterAI_Model.py", line 1315, in process_reward
    for cell in cells_to_relieve:
                ^^^^^^^^^^^^^^^^
NameError: name 'cells_to_relieve' is not defined
ERROR in Agent H_24 process_reward at tick 21: name 'cells_to_relieve' is not defined
Traceback (most recent call last):
  File "/home/user/DisasterAI/DisasterAI_Model.py", line 1315, in process_reward
    for cell in cells_to_relieve:
                ^^^^^^^^^^^^^^^^
NameError: name 'cells_to_relieve' is not defined
ERROR in Agent H_43 process_reward at tick 21: name 'cells_to_relieve' is not defined
Traceback (most recent call last):
  File "/home/user/DisasterAI/DisasterAI_Model.py", line 1315, in process_reward
    for cell in cells_to_relieve:
                ^^^^^^^^^^^^^^^^
NameError: name 'cells_to_relieve' is not defined
ERROR in Agent H_13 process_reward at tick 21: name 'cells_to_relieve' is not defined
Traceback (most recent call last):
  File "/home/user/DisasterAI/DisasterAI_Model.py", line 1315, in process_reward
    for cell in cells_to_relieve:
                ^^^^^^^^^^^^^^^^
NameError: name 'cells_to_relieve' is not defined
ERROR in Agent H_47 process_reward at tick 21: name 'cells_to_relieve' is not defined
Traceback (most recent call last):
  File "/home/user/DisasterAI/DisasterAI_Model.py", line 1315, in process_reward
    for cell in cells_to_relieve:
                ^^^^^^^^^^^^^^^^
NameError: name 'cells_to_relieve' is not defined
ERROR in Agent H_40 process_reward at tick 21: name 'cells_to_relieve' is not defined
Traceback (most recent call last):
  File "/home/user/DisasterAI/DisasterAI_Model.py", line 1315, in process_reward
    for cell in cells_to_relieve:
                ^^^^^^^^^^^^^^^^
NameError: name 'cells_to_relieve' is not defined
ERROR in Agent H_14 process_reward at tick 21: name 'cells_to_relieve' is not defined
Traceback (most recent call last):
  File "/home/user/DisasterAI/DisasterAI_Model.py", line 1315, in process_reward
    for cell in cells_to_relieve:
                ^^^^^^^^^^^^^^^^
NameError: name 'cells_to_relieve' is not defined
ERROR in Agent H_10 process_reward at tick 22: name 'cells_to_relieve' is not defined
Traceback (most recent call last):
  File "/home/user/DisasterAI/DisasterAI_Model.py", line 1315, in process_reward
    for cell in cells_to_relieve:
                ^^^^^^^^^^^^^^^^
NameError: name 'cells_to_relieve' is not defined
ERROR in Agent H_19 process_reward at tick 22: name 'cells_to_relieve' is not defined
Traceback (most recent call last):
  File "/home/user/DisasterAI/DisasterAI_Model.py", line 1315, in process_reward
    for cell in cells_to_relieve:
                ^^^^^^^^^^^^^^^^
NameError: name 'cells_to_relieve' is not defined
ERROR in Agent H_26 process_reward at tick 22: name 'cells_to_relieve' is not defined
Traceback (most recent call last):
  File "/home/user/DisasterAI/DisasterAI_Model.py", line 1315, in process_reward
    for cell in cells_to_relieve:
                ^^^^^^^^^^^^^^^^
NameError: name 'cells_to_relieve' is not defined
ERROR in Agent H_5 process_reward at tick 22: name 'cells_to_relieve' is not defined
Traceback (most recent call last):
  File "/home/user/DisasterAI/DisasterAI_Model.py", line 1315, in process_reward
    for cell in cells_to_relieve:
                ^^^^^^^^^^^^^^^^
NameError: name 'cells_to_relieve' is not defined
ERROR in Agent H_8 process_reward at tick 22: name 'cells_to_relieve' is not defined
Traceback (most recent call last):
  File "/home/user/DisasterAI/DisasterAI_Model.py", line 1315, in process_reward
    for cell in cells_to_relieve:
                ^^^^^^^^^^^^^^^^
NameError: name 'cells_to_relieve' is not defined
ERROR in Agent H_39 process_reward at tick 22: name 'cells_to_relieve' is not defined
Traceback (most recent call last):
  File "/home/user/DisasterAI/DisasterAI_Model.py", line 1315, in process_reward
    for cell in cells_to_relieve:
                ^^^^^^^^^^^^^^^^
NameError: name 'cells_to_relieve' is not defined
ERROR in Agent H_22 process_reward at tick 22: name 'cells_to_relieve' is not defined
Traceback (most recent call last):
  File "/home/user/DisasterAI/DisasterAI_Model.py", line 1315, in process_reward
    for cell in cells_to_relieve:
                ^^^^^^^^^^^^^^^^
NameError: name 'cells_to_relieve' is not defined
ERROR in Agent H_21 process_reward at tick 22: name 'cells_to_relieve' is not defined
Traceback (most recent call last):
  File "/home/user/DisasterAI/DisasterAI_Model.py", line 1315, in process_reward
    for cell in cells_to_relieve:
                ^^^^^^^^^^^^^^^^
NameError: name 'cells_to_relieve' is not defined
ERROR in Agent H_6 process_reward at tick 22: name 'cells_to_relieve' is not defined
Traceback (most recent call last):
  File "/home/user/DisasterAI/DisasterAI_Model.py", line 1315, in process_reward
    for cell in cells_to_relieve:
                ^^^^^^^^^^^^^^^^
NameError: name 'cells_to_relieve' is not defined
ERROR in Agent H_42 process_reward at tick 22: name 'cells_to_relieve' is not defined
Traceback (most recent call last):
  File "/home/user/DisasterAI/DisasterAI_Model.py", line 1315, in process_reward
    for cell in cells_to_relieve:
                ^^^^^^^^^^^^^^^^
NameError: name 'cells_to_relieve' is not defined
ERROR in Agent H_31 process_reward at tick 22: name 'cells_to_relieve' is not defined
Traceback (most recent call last):
  File "/home/user/DisasterAI/DisasterAI_Model.py", line 1315, in process_reward
    for cell in cells_to_relieve:
                ^^^^^^^^^^^^^^^^
NameError: name 'cells_to_relieve' is not defined
ERROR in Agent H_2 process_reward at tick 22: name 'cells_to_relieve' is not defined
Traceback (most recent call last):
  File "/home/user/DisasterAI/DisasterAI_Model.py", line 1315, in process_reward
    for cell in cells_to_relieve:
                ^^^^^^^^^^^^^^^^
NameError: name 'cells_to_relieve' is not defined
ERROR in Agent H_9 process_reward at tick 22: name 'cells_to_relieve' is not defined
Traceback (most recent call last):
  File "/home/user/DisasterAI/DisasterAI_Model.py", line 1315, in process_reward
    for cell in cells_to_relieve:
                ^^^^^^^^^^^^^^^^
NameError: name 'cells_to_relieve' is not defined
ERROR in Agent H_36 process_reward at tick 22: name 'cells_to_relieve' is not defined
Traceback (most recent call last):
  File "/home/user/DisasterAI/DisasterAI_Model.py", line 1315, in process_reward
    for cell in cells_to_relieve:
                ^^^^^^^^^^^^^^^^
NameError: name 'cells_to_relieve' is not defined
ERROR in Agent H_34 process_reward at tick 22: name 'cells_to_relieve' is not defined
Traceback (most recent call last):
  File "/home/user/DisasterAI/DisasterAI_Model.py", line 1315, in process_reward
    for cell in cells_to_relieve:
                ^^^^^^^^^^^^^^^^
NameError: name 'cells_to_relieve' is not defined
ERROR in Agent H_0 process_reward at tick 22: name 'cells_to_relieve' is not defined
Traceback (most recent call last):
  File "/home/user/DisasterAI/DisasterAI_Model.py", line 1315, in process_reward
    for cell in cells_to_relieve:
                ^^^^^^^^^^^^^^^^
NameError: name 'cells_to_relieve' is not defined
ERROR in Agent H_18 process_reward at tick 22: name 'cells_to_relieve' is not defined
Traceback (most recent call last):
  File "/home/user/DisasterAI/DisasterAI_Model.py", line 1315, in process_reward
    for cell in cells_to_relieve:
                ^^^^^^^^^^^^^^^^
NameError: name 'cells_to_relieve' is not defined
ERROR in Agent H_20 process_reward at tick 22: name 'cells_to_relieve' is not defined
Traceback (most recent call last):
  File "/home/user/DisasterAI/DisasterAI_Model.py", line 1315, in process_reward
    for cell in cells_to_relieve:
                ^^^^^^^^^^^^^^^^
NameError: name 'cells_to_relieve' is not defined
ERROR in Agent H_14 process_reward at tick 22: name 'cells_to_relieve' is not defined
Traceback (most recent call last):
  File "/home/user/DisasterAI/DisasterAI_Model.py", line 1315, in process_reward
    for cell in cells_to_relieve:
                ^^^^^^^^^^^^^^^^
NameError: name 'cells_to_relieve' is not defined
ERROR in Agent H_16 process_reward at tick 22: name 'cells_to_relieve' is not defined
Traceback (most recent call last):
  File "/home/user/DisasterAI/DisasterAI_Model.py", line 1315, in process_reward
    for cell in cells_to_relieve:
                ^^^^^^^^^^^^^^^^
NameError: name 'cells_to_relieve' is not defined
ERROR in Agent H_28 process_reward at tick 22: name 'cells_to_relieve' is not defined
Traceback (most recent call last):
  File "/home/user/DisasterAI/DisasterAI_Model.py", line 1315, in process_reward
    for cell in cells_to_relieve:
                ^^^^^^^^^^^^^^^^
NameError: name 'cells_to_relieve' is not defined
ERROR in Agent H_49 process_reward at tick 22: name 'cells_to_relieve' is not defined
Traceback (most recent call last):
  File "/home/user/DisasterAI/DisasterAI_Model.py", line 1315, in process_reward
    for cell in cells_to_relieve:
                ^^^^^^^^^^^^^^^^
NameError: name 'cells_to_relieve' is not defined
ERROR in Agent H_46 process_reward at tick 22: name 'cells_to_relieve' is not defined
Traceback (most recent call last):
  File "/home/user/DisasterAI/DisasterAI_Model.py", line 1315, in process_reward
    for cell in cells_to_relieve:
                ^^^^^^^^^^^^^^^^
NameError: name 'cells_to_relieve' is not defined
ERROR in Agent H_3 process_reward at tick 22: name 'cells_to_relieve' is not defined
Traceback (most recent call last):
  File "/home/user/DisasterAI/DisasterAI_Model.py", line 1315, in process_reward
    for cell in cells_to_relieve:
                ^^^^^^^^^^^^^^^^
NameError: name 'cells_to_relieve' is not defined
ERROR in Agent H_35 process_reward at tick 22: name 'cells_to_relieve' is not defined
Traceback (most recent call last):
  File "/home/user/DisasterAI/DisasterAI_Model.py", line 1315, in process_reward
    for cell in cells_to_relieve:
                ^^^^^^^^^^^^^^^^
NameError: name 'cells_to_relieve' is not defined
ERROR in Agent H_30 process_reward at tick 22: name 'cells_to_relieve' is not defined
Traceback (most recent call last):
  File "/home/user/DisasterAI/DisasterAI_Model.py", line 1315, in process_reward
    for cell in cells_to_relieve:
                ^^^^^^^^^^^^^^^^
NameError: name 'cells_to_relieve' is not defined
ERROR in Agent H_1 process_reward at tick 22: name 'cells_to_relieve' is not defined
Traceback (most recent call last):
  File "/home/user/DisasterAI/DisasterAI_Model.py", line 1315, in process_reward
    for cell in cells_to_relieve:
                ^^^^^^^^^^^^^^^^
NameError: name 'cells_to_relieve' is not defined
ERROR in Agent H_45 process_reward at tick 22: name 'cells_to_relieve' is not defined
Traceback (most recent call last):
  File "/home/user/DisasterAI/DisasterAI_Model.py", line 1315, in process_reward
    for cell in cells_to_relieve:
                ^^^^^^^^^^^^^^^^
NameError: name 'cells_to_relieve' is not defined
ERROR in Agent H_40 process_reward at tick 23: name 'cells_to_relieve' is not defined
Traceback (most recent call last):
  File "/home/user/DisasterAI/DisasterAI_Model.py", line 1315, in process_reward
    for cell in cells_to_relieve:
                ^^^^^^^^^^^^^^^^
NameError: name 'cells_to_relieve' is not defined
ERROR in Agent H_27 process_reward at tick 23: name 'cells_to_relieve' is not defined
Traceback (most recent call last):
  File "/home/user/DisasterAI/DisasterAI_Model.py", line 1315, in process_reward
    for cell in cells_to_relieve:
                ^^^^^^^^^^^^^^^^
NameError: name 'cells_to_relieve' is not defined
ERROR in Agent H_18 process_reward at tick 23: name 'cells_to_relieve' is not defined
Traceback (most recent call last):
  File "/home/user/DisasterAI/DisasterAI_Model.py", line 1315, in process_reward
    for cell in cells_to_relieve:
                ^^^^^^^^^^^^^^^^
NameError: name 'cells_to_relieve' is not defined
ERROR in Agent H_20 process_reward at tick 23: name 'cells_to_relieve' is not defined
Traceback (most recent call last):
  File "/home/user/DisasterAI/DisasterAI_Model.py", line 1315, in process_reward
    for cell in cells_to_relieve:
                ^^^^^^^^^^^^^^^^
NameError: name 'cells_to_relieve' is not defined
ERROR in Agent H_6 process_reward at tick 23: name 'cells_to_relieve' is not defined
Traceback (most recent call last):
  File "/home/user/DisasterAI/DisasterAI_Model.py", line 1315, in process_reward
    for cell in cells_to_relieve:
                ^^^^^^^^^^^^^^^^
NameError: name 'cells_to_relieve' is not defined
ERROR in Agent H_41 process_reward at tick 23: name 'cells_to_relieve' is not defined
Traceback (most recent call last):
  File "/home/user/DisasterAI/DisasterAI_Model.py", line 1315, in process_reward
    for cell in cells_to_relieve:
                ^^^^^^^^^^^^^^^^
NameError: name 'cells_to_relieve' is not defined
ERROR in Agent H_33 process_reward at tick 23: name 'cells_to_relieve' is not defined
Traceback (most recent call last):
  File "/home/user/DisasterAI/DisasterAI_Model.py", line 1315, in process_reward
    for cell in cells_to_relieve:
                ^^^^^^^^^^^^^^^^
NameError: name 'cells_to_relieve' is not defined
ERROR in Agent H_10 process_reward at tick 23: name 'cells_to_relieve' is not defined
Traceback (most recent call last):
  File "/home/user/DisasterAI/DisasterAI_Model.py", line 1315, in process_reward
    for cell in cells_to_relieve:
                ^^^^^^^^^^^^^^^^
NameError: name 'cells_to_relieve' is not defined
ERROR in Agent H_3 process_reward at tick 23: name 'cells_to_relieve' is not defined
Traceback (most recent call last):
  File "/home/user/DisasterAI/DisasterAI_Model.py", line 1315, in process_reward
    for cell in cells_to_relieve:
                ^^^^^^^^^^^^^^^^
NameError: name 'cells_to_relieve' is not defined
ERROR in Agent H_35 process_reward at tick 23: name 'cells_to_relieve' is not defined
Traceback (most recent call last):
  File "/home/user/DisasterAI/DisasterAI_Model.py", line 1315, in process_reward
    for cell in cells_to_relieve:
                ^^^^^^^^^^^^^^^^
NameError: name 'cells_to_relieve' is not defined
ERROR in Agent H_22 process_reward at tick 23: name 'cells_to_relieve' is not defined
Traceback (most recent call last):
  File "/home/user/DisasterAI/DisasterAI_Model.py", line 1315, in process_reward
    for cell in cells_to_relieve:
                ^^^^^^^^^^^^^^^^
NameError: name 'cells_to_relieve' is not defined
ERROR in Agent H_8 process_reward at tick 23: name 'cells_to_relieve' is not defined
Traceback (most recent call last):
  File "/home/user/DisasterAI/DisasterAI_Model.py", line 1315, in process_reward
    for cell in cells_to_relieve:
                ^^^^^^^^^^^^^^^^
NameError: name 'cells_to_relieve' is not defined
ERROR in Agent H_38 process_reward at tick 23: name 'cells_to_relieve' is not defined
Traceback (most recent call last):
  File "/home/user/DisasterAI/DisasterAI_Model.py", line 1315, in process_reward
    for cell in cells_to_relieve:
                ^^^^^^^^^^^^^^^^
NameError: name 'cells_to_relieve' is not defined
ERROR in Agent H_1 process_reward at tick 23: name 'cells_to_relieve' is not defined
Traceback (most recent call last):
  File "/home/user/DisasterAI/DisasterAI_Model.py", line 1315, in process_reward
    for cell in cells_to_relieve:
                ^^^^^^^^^^^^^^^^
NameError: name 'cells_to_relieve' is not defined
ERROR in Agent H_39 process_reward at tick 23: name 'cells_to_relieve' is not defined
Traceback (most recent call last):
  File "/home/user/DisasterAI/DisasterAI_Model.py", line 1315, in process_reward
    for cell in cells_to_relieve:
                ^^^^^^^^^^^^^^^^
NameError: name 'cells_to_relieve' is not defined
ERROR in Agent H_11 process_reward at tick 23: name 'cells_to_relieve' is not defined
Traceback (most recent call last):
  File "/home/user/DisasterAI/DisasterAI_Model.py", line 1315, in process_reward
    for cell in cells_to_relieve:
                ^^^^^^^^^^^^^^^^
NameError: name 'cells_to_relieve' is not defined
ERROR in Agent H_46 process_reward at tick 23: name 'cells_to_relieve' is not defined
Traceback (most recent call last):
  File "/home/user/DisasterAI/DisasterAI_Model.py", line 1315, in process_reward
    for cell in cells_to_relieve:
                ^^^^^^^^^^^^^^^^
NameError: name 'cells_to_relieve' is not defined
ERROR in Agent H_42 process_reward at tick 23: name 'cells_to_relieve' is not defined
Traceback (most recent call last):
  File "/home/user/DisasterAI/DisasterAI_Model.py", line 1315, in process_reward
    for cell in cells_to_relieve:
                ^^^^^^^^^^^^^^^^
NameError: name 'cells_to_relieve' is not defined
ERROR in Agent H_25 process_reward at tick 23: name 'cells_to_relieve' is not defined
Traceback (most recent call last):
  File "/home/user/DisasterAI/DisasterAI_Model.py", line 1315, in process_reward
    for cell in cells_to_relieve:
                ^^^^^^^^^^^^^^^^
NameError: name 'cells_to_relieve' is not defined
ERROR in Agent H_4 process_reward at tick 23: name 'cells_to_relieve' is not defined
Traceback (most recent call last):
  File "/home/user/DisasterAI/DisasterAI_Model.py", line 1315, in process_reward
    for cell in cells_to_relieve:
                ^^^^^^^^^^^^^^^^
NameError: name 'cells_to_relieve' is not defined
ERROR in Agent H_14 process_reward at tick 23: name 'cells_to_relieve' is not defined
Traceback (most recent call last):
  File "/home/user/DisasterAI/DisasterAI_Model.py", line 1315, in process_reward
    for cell in cells_to_relieve:
                ^^^^^^^^^^^^^^^^
NameError: name 'cells_to_relieve' is not defined
ERROR in Agent H_26 process_reward at tick 23: name 'cells_to_relieve' is not defined
Traceback (most recent call last):
  File "/home/user/DisasterAI/DisasterAI_Model.py", line 1315, in process_reward
    for cell in cells_to_relieve:
                ^^^^^^^^^^^^^^^^
NameError: name 'cells_to_relieve' is not defined
ERROR in Agent H_16 process_reward at tick 23: name 'cells_to_relieve' is not defined
Traceback (most recent call last):
  File "/home/user/DisasterAI/DisasterAI_Model.py", line 1315, in process_reward
    for cell in cells_to_relieve:
                ^^^^^^^^^^^^^^^^
NameError: name 'cells_to_relieve' is not defined
ERROR in Agent H_45 process_reward at tick 23: name 'cells_to_relieve' is not defined
Traceback (most recent call last):
  File "/home/user/DisasterAI/DisasterAI_Model.py", line 1315, in process_reward
    for cell in cells_to_relieve:
                ^^^^^^^^^^^^^^^^
NameError: name 'cells_to_relieve' is not defined
ERROR in Agent H_47 process_reward at tick 23: name 'cells_to_relieve' is not defined
Traceback (most recent call last):
  File "/home/user/DisasterAI/DisasterAI_Model.py", line 1315, in process_reward
    for cell in cells_to_relieve:
                ^^^^^^^^^^^^^^^^
NameError: name 'cells_to_relieve' is not defined
ERROR in Agent H_44 process_reward at tick 23: name 'cells_to_relieve' is not defined
Traceback (most recent call last):
  File "/home/user/DisasterAI/DisasterAI_Model.py", line 1315, in process_reward
    for cell in cells_to_relieve:
                ^^^^^^^^^^^^^^^^
NameError: name 'cells_to_relieve' is not defined
ERROR in Agent H_28 process_reward at tick 23: name 'cells_to_relieve' is not defined
Traceback (most recent call last):
  File "/home/user/DisasterAI/DisasterAI_Model.py", line 1315, in process_reward
    for cell in cells_to_relieve:
                ^^^^^^^^^^^^^^^^
NameError: name 'cells_to_relieve' is not defined
ERROR in Agent H_48 process_reward at tick 23: name 'cells_to_relieve' is not defined
Traceback (most recent call last):
  File "/home/user/DisasterAI/DisasterAI_Model.py", line 1315, in process_reward
    for cell in cells_to_relieve:
                ^^^^^^^^^^^^^^^^
NameError: name 'cells_to_relieve' is not defined
ERROR in Agent H_32 process_reward at tick 23: name 'cells_to_relieve' is not defined
Traceback (most recent call last):
  File "/home/user/DisasterAI/DisasterAI_Model.py", line 1315, in process_reward
    for cell in cells_to_relieve:
                ^^^^^^^^^^^^^^^^
NameError: name 'cells_to_relieve' is not defined
ERROR in Agent H_23 process_reward at tick 24: name 'cells_to_relieve' is not defined
Traceback (most recent call last):
  File "/home/user/DisasterAI/DisasterAI_Model.py", line 1315, in process_reward
    for cell in cells_to_relieve:
                ^^^^^^^^^^^^^^^^
NameError: name 'cells_to_relieve' is not defined
ERROR in Agent H_2 process_reward at tick 24: name 'cells_to_relieve' is not defined
Traceback (most recent call last):
  File "/home/user/DisasterAI/DisasterAI_Model.py", line 1315, in process_reward
    for cell in cells_to_relieve:
                ^^^^^^^^^^^^^^^^
NameError: name 'cells_to_relieve' is not defined
ERROR in Agent H_45 process_reward at tick 24: name 'cells_to_relieve' is not defined
Traceback (most recent call last):
  File "/home/user/DisasterAI/DisasterAI_Model.py", line 1315, in process_reward
    for cell in cells_to_relieve:
                ^^^^^^^^^^^^^^^^
NameError: name 'cells_to_relieve' is not defined
ERROR in Agent H_5 process_reward at tick 24: name 'cells_to_relieve' is not defined
Traceback (most recent call last):
  File "/home/user/DisasterAI/DisasterAI_Model.py", line 1315, in process_reward
    for cell in cells_to_relieve:
                ^^^^^^^^^^^^^^^^
NameError: name 'cells_to_relieve' is not defined
ERROR in Agent H_17 process_reward at tick 24: name 'cells_to_relieve' is not defined
Traceback (most recent call last):
  File "/home/user/DisasterAI/DisasterAI_Model.py", line 1315, in process_reward
    for cell in cells_to_relieve:
                ^^^^^^^^^^^^^^^^
NameError: name 'cells_to_relieve' is not defined
ERROR in Agent H_48 process_reward at tick 24: name 'cells_to_relieve' is not defined
Traceback (most recent call last):
  File "/home/user/DisasterAI/DisasterAI_Model.py", line 1315, in process_reward
    for cell in cells_to_relieve:
                ^^^^^^^^^^^^^^^^
NameError: name 'cells_to_relieve' is not defined
ERROR in Agent H_30 process_reward at tick 24: name 'cells_to_relieve' is not defined
Traceback (most recent call last):
  File "/home/user/DisasterAI/DisasterAI_Model.py", line 1315, in process_reward
    for cell in cells_to_relieve:
                ^^^^^^^^^^^^^^^^
NameError: name 'cells_to_relieve' is not defined
ERROR in Agent H_19 process_reward at tick 24: name 'cells_to_relieve' is not defined
Traceback (most recent call last):
  File "/home/user/DisasterAI/DisasterAI_Model.py", line 1315, in process_reward
    for cell in cells_to_relieve:
                ^^^^^^^^^^^^^^^^
NameError: name 'cells_to_relieve' is not defined
ERROR in Agent H_37 process_reward at tick 24: name 'cells_to_relieve' is not defined
Traceback (most recent call last):
  File "/home/user/DisasterAI/DisasterAI_Model.py", line 1315, in process_reward
    for cell in cells_to_relieve:
                ^^^^^^^^^^^^^^^^
NameError: name 'cells_to_relieve' is not defined
ERROR in Agent H_29 process_reward at tick 24: name 'cells_to_relieve' is not defined
Traceback (most recent call last):
  File "/home/user/DisasterAI/DisasterAI_Model.py", line 1315, in process_reward
    for cell in cells_to_relieve:
                ^^^^^^^^^^^^^^^^
NameError: name 'cells_to_relieve' is not defined
ERROR in Agent H_20 process_reward at tick 24: name 'cells_to_relieve' is not defined
Traceback (most recent call last):
  File "/home/user/DisasterAI/DisasterAI_Model.py", line 1315, in process_reward
    for cell in cells_to_relieve:
                ^^^^^^^^^^^^^^^^
NameError: name 'cells_to_relieve' is not defined
ERROR in Agent H_7 process_reward at tick 24: name 'cells_to_relieve' is not defined
Traceback (most recent call last):
  File "/home/user/DisasterAI/DisasterAI_Model.py", line 1315, in process_reward
    for cell in cells_to_relieve:
                ^^^^^^^^^^^^^^^^
NameError: name 'cells_to_relieve' is not defined
ERROR in Agent H_35 process_reward at tick 24: name 'cells_to_relieve' is not defined
Traceback (most recent call last):
  File "/home/user/DisasterAI/DisasterAI_Model.py", line 1315, in process_reward
    for cell in cells_to_relieve:
                ^^^^^^^^^^^^^^^^
NameError: name 'cells_to_relieve' is not defined
ERROR in Agent H_34 process_reward at tick 24: name 'cells_to_relieve' is not defined
Traceback (most recent call last):
  File "/home/user/DisasterAI/DisasterAI_Model.py", line 1315, in process_reward
    for cell in cells_to_relieve:
                ^^^^^^^^^^^^^^^^
NameError: name 'cells_to_relieve' is not defined
ERROR in Agent H_0 process_reward at tick 24: name 'cells_to_relieve' is not defined
Traceback (most recent call last):
  File "/home/user/DisasterAI/DisasterAI_Model.py", line 1315, in process_reward
    for cell in cells_to_relieve:
                ^^^^^^^^^^^^^^^^
NameError: name 'cells_to_relieve' is not defined
ERROR in Agent H_33 process_reward at tick 24: name 'cells_to_relieve' is not defined
Traceback (most recent call last):
  File "/home/user/DisasterAI/DisasterAI_Model.py", line 1315, in process_reward
    for cell in cells_to_relieve:
                ^^^^^^^^^^^^^^^^
NameError: name 'cells_to_relieve' is not defined
ERROR in Agent H_11 process_reward at tick 24: name 'cells_to_relieve' is not defined
Traceback (most recent call last):
  File "/home/user/DisasterAI/DisasterAI_Model.py", line 1315, in process_reward
    for cell in cells_to_relieve:
                ^^^^^^^^^^^^^^^^
NameError: name 'cells_to_relieve' is not defined
ERROR in Agent H_12 process_reward at tick 24: name 'cells_to_relieve' is not defined
Traceback (most recent call last):
  File "/home/user/DisasterAI/DisasterAI_Model.py", line 1315, in process_reward
    for cell in cells_to_relieve:
                ^^^^^^^^^^^^^^^^
NameError: name 'cells_to_relieve' is not defined
ERROR in Agent H_14 process_reward at tick 24: name 'cells_to_relieve' is not defined
Traceback (most recent call last):
  File "/home/user/DisasterAI/DisasterAI_Model.py", line 1315, in process_reward
    for cell in cells_to_relieve:
                ^^^^^^^^^^^^^^^^
NameError: name 'cells_to_relieve' is not defined
ERROR in Agent H_15 process_reward at tick 24: name 'cells_to_relieve' is not defined
Traceback (most recent call last):
  File "/home/user/DisasterAI/DisasterAI_Model.py", line 1315, in process_reward
    for cell in cells_to_relieve:
                ^^^^^^^^^^^^^^^^
NameError: name 'cells_to_relieve' is not defined
ERROR in Agent H_6 process_reward at tick 24: name 'cells_to_relieve' is not defined
Traceback (most recent call last):
  File "/home/user/DisasterAI/DisasterAI_Model.py", line 1315, in process_reward
    for cell in cells_to_relieve:
                ^^^^^^^^^^^^^^^^
NameError: name 'cells_to_relieve' is not defined
ERROR in Agent H_10 process_reward at tick 24: name 'cells_to_relieve' is not defined
Traceback (most recent call last):
  File "/home/user/DisasterAI/DisasterAI_Model.py", line 1315, in process_reward
    for cell in cells_to_relieve:
                ^^^^^^^^^^^^^^^^
NameError: name 'cells_to_relieve' is not defined
ERROR in Agent H_13 process_reward at tick 24: name 'cells_to_relieve' is not defined
Traceback (most recent call last):
  File "/home/user/DisasterAI/DisasterAI_Model.py", line 1315, in process_reward
    for cell in cells_to_relieve:
                ^^^^^^^^^^^^^^^^
NameError: name 'cells_to_relieve' is not defined
ERROR in Agent H_46 process_reward at tick 24: name 'cells_to_relieve' is not defined
Traceback (most recent call last):
  File "/home/user/DisasterAI/DisasterAI_Model.py", line 1315, in process_reward
    for cell in cells_to_relieve:
                ^^^^^^^^^^^^^^^^
NameError: name 'cells_to_relieve' is not defined
ERROR in Agent H_41 process_reward at tick 24: name 'cells_to_relieve' is not defined
Traceback (most recent call last):
  File "/home/user/DisasterAI/DisasterAI_Model.py", line 1315, in process_reward
    for cell in cells_to_relieve:
                ^^^^^^^^^^^^^^^^
NameError: name 'cells_to_relieve' is not defined
ERROR in Agent H_38 process_reward at tick 24: name 'cells_to_relieve' is not defined
Traceback (most recent call last):
  File "/home/user/DisasterAI/DisasterAI_Model.py", line 1315, in process_reward
    for cell in cells_to_relieve:
                ^^^^^^^^^^^^^^^^
NameError: name 'cells_to_relieve' is not defined
ERROR in Agent H_4 process_reward at tick 24: name 'cells_to_relieve' is not defined
Traceback (most recent call last):
  File "/home/user/DisasterAI/DisasterAI_Model.py", line 1315, in process_reward
    for cell in cells_to_relieve:
                ^^^^^^^^^^^^^^^^
NameError: name 'cells_to_relieve' is not defined
ERROR in Agent H_25 process_reward at tick 24: name 'cells_to_relieve' is not defined
Traceback (most recent call last):
  File "/home/user/DisasterAI/DisasterAI_Model.py", line 1315, in process_reward
    for cell in cells_to_relieve:
                ^^^^^^^^^^^^^^^^
NameError: name 'cells_to_relieve' is not defined
ERROR in Agent H_39 process_reward at tick 24: name 'cells_to_relieve' is not defined
Traceback (most recent call last):
  File "/home/user/DisasterAI/DisasterAI_Model.py", line 1315, in process_reward
    for cell in cells_to_relieve:
                ^^^^^^^^^^^^^^^^
NameError: name 'cells_to_relieve' is not defined
ERROR in Agent H_37 process_reward at tick 25: name 'cells_to_relieve' is not defined
Traceback (most recent call last):
  File "/home/user/DisasterAI/DisasterAI_Model.py", line 1315, in process_reward
    for cell in cells_to_relieve:
                ^^^^^^^^^^^^^^^^
NameError: name 'cells_to_relieve' is not defined
ERROR in Agent H_22 process_reward at tick 25: name 'cells_to_relieve' is not defined
Traceback (most recent call last):
  File "/home/user/DisasterAI/DisasterAI_Model.py", line 1315, in process_reward
    for cell in cells_to_relieve:
                ^^^^^^^^^^^^^^^^
NameError: name 'cells_to_relieve' is not defined
ERROR in Agent H_18 process_reward at tick 25: name 'cells_to_relieve' is not defined
Traceback (most recent call last):
  File "/home/user/DisasterAI/DisasterAI_Model.py", line 1315, in process_reward
    for cell in cells_to_relieve:
                ^^^^^^^^^^^^^^^^
NameError: name 'cells_to_relieve' is not defined
ERROR in Agent H_42 process_reward at tick 25: name 'cells_to_relieve' is not defined
Traceback (most recent call last):
  File "/home/user/DisasterAI/DisasterAI_Model.py", line 1315, in process_reward
    for cell in cells_to_relieve:
                ^^^^^^^^^^^^^^^^
NameError: name 'cells_to_relieve' is not defined
ERROR in Agent H_13 process_reward at tick 25: name 'cells_to_relieve' is not defined
Traceback (most recent call last):
  File "/home/user/DisasterAI/DisasterAI_Model.py", line 1315, in process_reward
    for cell in cells_to_relieve:
                ^^^^^^^^^^^^^^^^
NameError: name 'cells_to_relieve' is not defined
ERROR in Agent H_9 process_reward at tick 25: name 'cells_to_relieve' is not defined
Traceback (most recent call last):
  File "/home/user/DisasterAI/DisasterAI_Model.py", line 1315, in process_reward
    for cell in cells_to_relieve:
                ^^^^^^^^^^^^^^^^
NameError: name 'cells_to_relieve' is not defined
ERROR in Agent H_14 process_reward at tick 25: name 'cells_to_relieve' is not defined
Traceback (most recent call last):
  File "/home/user/DisasterAI/DisasterAI_Model.py", line 1315, in process_reward
    for cell in cells_to_relieve:
                ^^^^^^^^^^^^^^^^
NameError: name 'cells_to_relieve' is not defined
ERROR in Agent H_44 process_reward at tick 25: name 'cells_to_relieve' is not defined
Traceback (most recent call last):
  File "/home/user/DisasterAI/DisasterAI_Model.py", line 1315, in process_reward
    for cell in cells_to_relieve:
                ^^^^^^^^^^^^^^^^
NameError: name 'cells_to_relieve' is not defined
ERROR in Agent H_36 process_reward at tick 25: name 'cells_to_relieve' is not defined
Traceback (most recent call last):
  File "/home/user/DisasterAI/DisasterAI_Model.py", line 1315, in process_reward
    for cell in cells_to_relieve:
                ^^^^^^^^^^^^^^^^
NameError: name 'cells_to_relieve' is not defined
ERROR in Agent H_30 process_reward at tick 25: name 'cells_to_relieve' is not defined
Traceback (most recent call last):
  File "/home/user/DisasterAI/DisasterAI_Model.py", line 1315, in process_reward
    for cell in cells_to_relieve:
                ^^^^^^^^^^^^^^^^
NameError: name 'cells_to_relieve' is not defined
ERROR in Agent H_16 process_reward at tick 25: name 'cells_to_relieve' is not defined
Traceback (most recent call last):
  File "/home/user/DisasterAI/DisasterAI_Model.py", line 1315, in process_reward
    for cell in cells_to_relieve:
                ^^^^^^^^^^^^^^^^
NameError: name 'cells_to_relieve' is not defined
ERROR in Agent H_19 process_reward at tick 25: name 'cells_to_relieve' is not defined
Traceback (most recent call last):
  File "/home/user/DisasterAI/DisasterAI_Model.py", line 1315, in process_reward
    for cell in cells_to_relieve:
                ^^^^^^^^^^^^^^^^
NameError: name 'cells_to_relieve' is not defined
ERROR in Agent H_5 process_reward at tick 25: name 'cells_to_relieve' is not defined
Traceback (most recent call last):
  File "/home/user/DisasterAI/DisasterAI_Model.py", line 1315, in process_reward
    for cell in cells_to_relieve:
                ^^^^^^^^^^^^^^^^
NameError: name 'cells_to_relieve' is not defined
ERROR in Agent H_24 process_reward at tick 25: name 'cells_to_relieve' is not defined
Traceback (most recent call last):
  File "/home/user/DisasterAI/DisasterAI_Model.py", line 1315, in process_reward
    for cell in cells_to_relieve:
                ^^^^^^^^^^^^^^^^
NameError: name 'cells_to_relieve' is not defined
ERROR in Agent H_45 process_reward at tick 25: name 'cells_to_relieve' is not defined
Traceback (most recent call last):
  File "/home/user/DisasterAI/DisasterAI_Model.py", line 1315, in process_reward
    for cell in cells_to_relieve:
                ^^^^^^^^^^^^^^^^
NameError: name 'cells_to_relieve' is not defined
ERROR in Agent H_17 process_reward at tick 25: name 'cells_to_relieve' is not defined
Traceback (most recent call last):
  File "/home/user/DisasterAI/DisasterAI_Model.py", line 1315, in process_reward
    for cell in cells_to_relieve:
                ^^^^^^^^^^^^^^^^
NameError: name 'cells_to_relieve' is not defined
ERROR in Agent H_29 process_reward at tick 25: name 'cells_to_relieve' is not defined
Traceback (most recent call last):
  File "/home/user/DisasterAI/DisasterAI_Model.py", line 1315, in process_reward
    for cell in cells_to_relieve:
                ^^^^^^^^^^^^^^^^
NameError: name 'cells_to_relieve' is not defined
ERROR in Agent H_32 process_reward at tick 25: name 'cells_to_relieve' is not defined
Traceback (most recent call last):
  File "/home/user/DisasterAI/DisasterAI_Model.py", line 1315, in process_reward
    for cell in cells_to_relieve:
                ^^^^^^^^^^^^^^^^
NameError: name 'cells_to_relieve' is not defined
ERROR in Agent H_40 process_reward at tick 25: name 'cells_to_relieve' is not defined
Traceback (most recent call last):
  File "/home/user/DisasterAI/DisasterAI_Model.py", line 1315, in process_reward
    for cell in cells_to_relieve:
                ^^^^^^^^^^^^^^^^
NameError: name 'cells_to_relieve' is not defined
ERROR in Agent H_2 process_reward at tick 25: name 'cells_to_relieve' is not defined
Traceback (most recent call last):
  File "/home/user/DisasterAI/DisasterAI_Model.py", line 1315, in process_reward
    for cell in cells_to_relieve:
                ^^^^^^^^^^^^^^^^
NameError: name 'cells_to_relieve' is not defined
ERROR in Agent H_20 process_reward at tick 25: name 'cells_to_relieve' is not defined
Traceback (most recent call last):
  File "/home/user/DisasterAI/DisasterAI_Model.py", line 1315, in process_reward
    for cell in cells_to_relieve:
                ^^^^^^^^^^^^^^^^
NameError: name 'cells_to_relieve' is not defined
ERROR in Agent H_11 process_reward at tick 25: name 'cells_to_relieve' is not defined
Traceback (most recent call last):
  File "/home/user/DisasterAI/DisasterAI_Model.py", line 1315, in process_reward
    for cell in cells_to_relieve:
                ^^^^^^^^^^^^^^^^
NameError: name 'cells_to_relieve' is not defined
ERROR in Agent H_41 process_reward at tick 25: name 'cells_to_relieve' is not defined
Traceback (most recent call last):
  File "/home/user/DisasterAI/DisasterAI_Model.py", line 1315, in process_reward
    for cell in cells_to_relieve:
                ^^^^^^^^^^^^^^^^
NameError: name 'cells_to_relieve' is not defined
ERROR in Agent H_26 process_reward at tick 25: name 'cells_to_relieve' is not defined
Traceback (most recent call last):
  File "/home/user/DisasterAI/DisasterAI_Model.py", line 1315, in process_reward
    for cell in cells_to_relieve:
                ^^^^^^^^^^^^^^^^
NameError: name 'cells_to_relieve' is not defined
ERROR in Agent H_48 process_reward at tick 25: name 'cells_to_relieve' is not defined
Traceback (most recent call last):
  File "/home/user/DisasterAI/DisasterAI_Model.py", line 1315, in process_reward
    for cell in cells_to_relieve:
                ^^^^^^^^^^^^^^^^
NameError: name 'cells_to_relieve' is not defined
ERROR in Agent H_0 process_reward at tick 25: name 'cells_to_relieve' is not defined
Traceback (most recent call last):
  File "/home/user/DisasterAI/DisasterAI_Model.py", line 1315, in process_reward
    for cell in cells_to_relieve:
                ^^^^^^^^^^^^^^^^
NameError: name 'cells_to_relieve' is not defined

DEBUG: Starting AECI variance calculation at tick 25
  Found 0/50 AI-reliant agents
  Global belief variance: 0.1447
  WARNING: Invalid global variance (0.14466991000000004) or no AI-reliant agents
  Returning AECI variance tuple: (25, 0.0)
  Current aeci_variance_data length: 25
  Last 3 entries: [(23, 0.0), (24, 0.0), (25, 0.0)]
Tick 25:
  Exploratory avg trust in A_0: 0.551
  Exploitative avg trust in A_0: 0.546
ERROR in Agent H_47 process_reward at tick 26: name 'cells_to_relieve' is not defined
Traceback (most recent call last):
  File "/home/user/DisasterAI/DisasterAI_Model.py", line 1315, in process_reward
    for cell in cells_to_relieve:
                ^^^^^^^^^^^^^^^^
NameError: name 'cells_to_relieve' is not defined
ERROR in Agent H_8 process_reward at tick 26: name 'cells_to_relieve' is not defined
Traceback (most recent call last):
  File "/home/user/DisasterAI/DisasterAI_Model.py", line 1315, in process_reward
    for cell in cells_to_relieve:
                ^^^^^^^^^^^^^^^^
NameError: name 'cells_to_relieve' is not defined
ERROR in Agent H_5 process_reward at tick 26: name 'cells_to_relieve' is not defined
Traceback (most recent call last):
  File "/home/user/DisasterAI/DisasterAI_Model.py", line 1315, in process_reward
    for cell in cells_to_relieve:
                ^^^^^^^^^^^^^^^^
NameError: name 'cells_to_relieve' is not defined
ERROR in Agent H_9 process_reward at tick 26: name 'cells_to_relieve' is not defined
Traceback (most recent call last):
  File "/home/user/DisasterAI/DisasterAI_Model.py", line 1315, in process_reward
    for cell in cells_to_relieve:
                ^^^^^^^^^^^^^^^^
NameError: name 'cells_to_relieve' is not defined
ERROR in Agent H_18 process_reward at tick 26: name 'cells_to_relieve' is not defined
Traceback (most recent call last):
  File "/home/user/DisasterAI/DisasterAI_Model.py", line 1315, in process_reward
    for cell in cells_to_relieve:
                ^^^^^^^^^^^^^^^^
NameError: name 'cells_to_relieve' is not defined
ERROR in Agent H_20 process_reward at tick 26: name 'cells_to_relieve' is not defined
Traceback (most recent call last):
  File "/home/user/DisasterAI/DisasterAI_Model.py", line 1315, in process_reward
    for cell in cells_to_relieve:
                ^^^^^^^^^^^^^^^^
NameError: name 'cells_to_relieve' is not defined
ERROR in Agent H_22 process_reward at tick 26: name 'cells_to_relieve' is not defined
Traceback (most recent call last):
  File "/home/user/DisasterAI/DisasterAI_Model.py", line 1315, in process_reward
    for cell in cells_to_relieve:
                ^^^^^^^^^^^^^^^^
NameError: name 'cells_to_relieve' is not defined
ERROR in Agent H_29 process_reward at tick 26: name 'cells_to_relieve' is not defined
Traceback (most recent call last):
  File "/home/user/DisasterAI/DisasterAI_Model.py", line 1315, in process_reward
    for cell in cells_to_relieve:
                ^^^^^^^^^^^^^^^^
NameError: name 'cells_to_relieve' is not defined
ERROR in Agent H_15 process_reward at tick 26: name 'cells_to_relieve' is not defined
Traceback (most recent call last):
  File "/home/user/DisasterAI/DisasterAI_Model.py", line 1315, in process_reward
    for cell in cells_to_relieve:
                ^^^^^^^^^^^^^^^^
NameError: name 'cells_to_relieve' is not defined
ERROR in Agent H_11 process_reward at tick 26: name 'cells_to_relieve' is not defined
Traceback (most recent call last):
  File "/home/user/DisasterAI/DisasterAI_Model.py", line 1315, in process_reward
    for cell in cells_to_relieve:
                ^^^^^^^^^^^^^^^^
NameError: name 'cells_to_relieve' is not defined
ERROR in Agent H_45 process_reward at tick 26: name 'cells_to_relieve' is not defined
Traceback (most recent call last):
  File "/home/user/DisasterAI/DisasterAI_Model.py", line 1315, in process_reward
    for cell in cells_to_relieve:
                ^^^^^^^^^^^^^^^^
NameError: name 'cells_to_relieve' is not defined
ERROR in Agent H_4 process_reward at tick 26: name 'cells_to_relieve' is not defined
Traceback (most recent call last):
  File "/home/user/DisasterAI/DisasterAI_Model.py", line 1315, in process_reward
    for cell in cells_to_relieve:
                ^^^^^^^^^^^^^^^^
NameError: name 'cells_to_relieve' is not defined
ERROR in Agent H_13 process_reward at tick 26: name 'cells_to_relieve' is not defined
Traceback (most recent call last):
  File "/home/user/DisasterAI/DisasterAI_Model.py", line 1315, in process_reward
    for cell in cells_to_relieve:
                ^^^^^^^^^^^^^^^^
NameError: name 'cells_to_relieve' is not defined
ERROR in Agent H_36 process_reward at tick 26: name 'cells_to_relieve' is not defined
Traceback (most recent call last):
  File "/home/user/DisasterAI/DisasterAI_Model.py", line 1315, in process_reward
    for cell in cells_to_relieve:
                ^^^^^^^^^^^^^^^^
NameError: name 'cells_to_relieve' is not defined
ERROR in Agent H_24 process_reward at tick 26: name 'cells_to_relieve' is not defined
Traceback (most recent call last):
  File "/home/user/DisasterAI/DisasterAI_Model.py", line 1315, in process_reward
    for cell in cells_to_relieve:
                ^^^^^^^^^^^^^^^^
NameError: name 'cells_to_relieve' is not defined
ERROR in Agent H_49 process_reward at tick 26: name 'cells_to_relieve' is not defined
Traceback (most recent call last):
  File "/home/user/DisasterAI/DisasterAI_Model.py", line 1315, in process_reward
    for cell in cells_to_relieve:
                ^^^^^^^^^^^^^^^^
NameError: name 'cells_to_relieve' is not defined
ERROR in Agent H_37 process_reward at tick 26: name 'cells_to_relieve' is not defined
Traceback (most recent call last):
  File "/home/user/DisasterAI/DisasterAI_Model.py", line 1315, in process_reward
    for cell in cells_to_relieve:
                ^^^^^^^^^^^^^^^^
NameError: name 'cells_to_relieve' is not defined
ERROR in Agent H_31 process_reward at tick 26: name 'cells_to_relieve' is not defined
Traceback (most recent call last):
  File "/home/user/DisasterAI/DisasterAI_Model.py", line 1315, in process_reward
    for cell in cells_to_relieve:
                ^^^^^^^^^^^^^^^^
NameError: name 'cells_to_relieve' is not defined
ERROR in Agent H_41 process_reward at tick 26: name 'cells_to_relieve' is not defined
Traceback (most recent call last):
  File "/home/user/DisasterAI/DisasterAI_Model.py", line 1315, in process_reward
    for cell in cells_to_relieve:
                ^^^^^^^^^^^^^^^^
NameError: name 'cells_to_relieve' is not defined
ERROR in Agent H_23 process_reward at tick 26: name 'cells_to_relieve' is not defined
Traceback (most recent call last):
  File "/home/user/DisasterAI/DisasterAI_Model.py", line 1315, in process_reward
    for cell in cells_to_relieve:
                ^^^^^^^^^^^^^^^^
NameError: name 'cells_to_relieve' is not defined
ERROR in Agent H_19 process_reward at tick 26: name 'cells_to_relieve' is not defined
Traceback (most recent call last):
  File "/home/user/DisasterAI/DisasterAI_Model.py", line 1315, in process_reward
    for cell in cells_to_relieve:
                ^^^^^^^^^^^^^^^^
NameError: name 'cells_to_relieve' is not defined
ERROR in Agent H_14 process_reward at tick 26: name 'cells_to_relieve' is not defined
Traceback (most recent call last):
  File "/home/user/DisasterAI/DisasterAI_Model.py", line 1315, in process_reward
    for cell in cells_to_relieve:
                ^^^^^^^^^^^^^^^^
NameError: name 'cells_to_relieve' is not defined
ERROR in Agent H_26 process_reward at tick 26: name 'cells_to_relieve' is not defined
Traceback (most recent call last):
  File "/home/user/DisasterAI/DisasterAI_Model.py", line 1315, in process_reward
    for cell in cells_to_relieve:
                ^^^^^^^^^^^^^^^^
NameError: name 'cells_to_relieve' is not defined
ERROR in Agent H_17 process_reward at tick 26: name 'cells_to_relieve' is not defined
Traceback (most recent call last):
  File "/home/user/DisasterAI/DisasterAI_Model.py", line 1315, in process_reward
    for cell in cells_to_relieve:
                ^^^^^^^^^^^^^^^^
NameError: name 'cells_to_relieve' is not defined
ERROR in Agent H_12 process_reward at tick 26: name 'cells_to_relieve' is not defined
Traceback (most recent call last):
  File "/home/user/DisasterAI/DisasterAI_Model.py", line 1315, in process_reward
    for cell in cells_to_relieve:
                ^^^^^^^^^^^^^^^^
NameError: name 'cells_to_relieve' is not defined
ERROR in Agent H_33 process_reward at tick 26: name 'cells_to_relieve' is not defined
Traceback (most recent call last):
  File "/home/user/DisasterAI/DisasterAI_Model.py", line 1315, in process_reward
    for cell in cells_to_relieve:
                ^^^^^^^^^^^^^^^^
NameError: name 'cells_to_relieve' is not defined
ERROR in Agent H_22 process_reward at tick 27: name 'cells_to_relieve' is not defined
Traceback (most recent call last):
  File "/home/user/DisasterAI/DisasterAI_Model.py", line 1315, in process_reward
    for cell in cells_to_relieve:
                ^^^^^^^^^^^^^^^^
NameError: name 'cells_to_relieve' is not defined
ERROR in Agent H_31 process_reward at tick 27: name 'cells_to_relieve' is not defined
Traceback (most recent call last):
  File "/home/user/DisasterAI/DisasterAI_Model.py", line 1315, in process_reward
    for cell in cells_to_relieve:
                ^^^^^^^^^^^^^^^^
NameError: name 'cells_to_relieve' is not defined
ERROR in Agent H_47 process_reward at tick 27: name 'cells_to_relieve' is not defined
Traceback (most recent call last):
  File "/home/user/DisasterAI/DisasterAI_Model.py", line 1315, in process_reward
    for cell in cells_to_relieve:
                ^^^^^^^^^^^^^^^^
NameError: name 'cells_to_relieve' is not defined
ERROR in Agent H_23 process_reward at tick 27: name 'cells_to_relieve' is not defined
Traceback (most recent call last):
  File "/home/user/DisasterAI/DisasterAI_Model.py", line 1315, in process_reward
    for cell in cells_to_relieve:
                ^^^^^^^^^^^^^^^^
NameError: name 'cells_to_relieve' is not defined
ERROR in Agent H_28 process_reward at tick 27: name 'cells_to_relieve' is not defined
Traceback (most recent call last):
  File "/home/user/DisasterAI/DisasterAI_Model.py", line 1315, in process_reward
    for cell in cells_to_relieve:
                ^^^^^^^^^^^^^^^^
NameError: name 'cells_to_relieve' is not defined
ERROR in Agent H_25 process_reward at tick 27: name 'cells_to_relieve' is not defined
Traceback (most recent call last):
  File "/home/user/DisasterAI/DisasterAI_Model.py", line 1315, in process_reward
    for cell in cells_to_relieve:
                ^^^^^^^^^^^^^^^^
NameError: name 'cells_to_relieve' is not defined
ERROR in Agent H_9 process_reward at tick 27: name 'cells_to_relieve' is not defined
Traceback (most recent call last):
  File "/home/user/DisasterAI/DisasterAI_Model.py", line 1315, in process_reward
    for cell in cells_to_relieve:
                ^^^^^^^^^^^^^^^^
NameError: name 'cells_to_relieve' is not defined
ERROR in Agent H_3 process_reward at tick 27: name 'cells_to_relieve' is not defined
Traceback (most recent call last):
  File "/home/user/DisasterAI/DisasterAI_Model.py", line 1315, in process_reward
    for cell in cells_to_relieve:
                ^^^^^^^^^^^^^^^^
NameError: name 'cells_to_relieve' is not defined
ERROR in Agent H_29 process_reward at tick 27: name 'cells_to_relieve' is not defined
Traceback (most recent call last):
  File "/home/user/DisasterAI/DisasterAI_Model.py", line 1315, in process_reward
    for cell in cells_to_relieve:
                ^^^^^^^^^^^^^^^^
NameError: name 'cells_to_relieve' is not defined
ERROR in Agent H_35 process_reward at tick 27: name 'cells_to_relieve' is not defined
Traceback (most recent call last):
  File "/home/user/DisasterAI/DisasterAI_Model.py", line 1315, in process_reward
    for cell in cells_to_relieve:
                ^^^^^^^^^^^^^^^^
NameError: name 'cells_to_relieve' is not defined
ERROR in Agent H_2 process_reward at tick 27: name 'cells_to_relieve' is not defined
Traceback (most recent call last):
  File "/home/user/DisasterAI/DisasterAI_Model.py", line 1315, in process_reward
    for cell in cells_to_relieve:
                ^^^^^^^^^^^^^^^^
NameError: name 'cells_to_relieve' is not defined
ERROR in Agent H_43 process_reward at tick 27: name 'cells_to_relieve' is not defined
Traceback (most recent call last):
  File "/home/user/DisasterAI/DisasterAI_Model.py", line 1315, in process_reward
    for cell in cells_to_relieve:
                ^^^^^^^^^^^^^^^^
NameError: name 'cells_to_relieve' is not defined
ERROR in Agent H_10 process_reward at tick 27: name 'cells_to_relieve' is not defined
Traceback (most recent call last):
  File "/home/user/DisasterAI/DisasterAI_Model.py", line 1315, in process_reward
    for cell in cells_to_relieve:
                ^^^^^^^^^^^^^^^^
NameError: name 'cells_to_relieve' is not defined
ERROR in Agent H_4 process_reward at tick 27: name 'cells_to_relieve' is not defined
Traceback (most recent call last):
  File "/home/user/DisasterAI/DisasterAI_Model.py", line 1315, in process_reward
    for cell in cells_to_relieve:
                ^^^^^^^^^^^^^^^^
NameError: name 'cells_to_relieve' is not defined
ERROR in Agent H_46 process_reward at tick 27: name 'cells_to_relieve' is not defined
Traceback (most recent call last):
  File "/home/user/DisasterAI/DisasterAI_Model.py", line 1315, in process_reward
    for cell in cells_to_relieve:
                ^^^^^^^^^^^^^^^^
NameError: name 'cells_to_relieve' is not defined
ERROR in Agent H_13 process_reward at tick 27: name 'cells_to_relieve' is not defined
Traceback (most recent call last):
  File "/home/user/DisasterAI/DisasterAI_Model.py", line 1315, in process_reward
    for cell in cells_to_relieve:
                ^^^^^^^^^^^^^^^^
NameError: name 'cells_to_relieve' is not defined
ERROR in Agent H_21 process_reward at tick 27: name 'cells_to_relieve' is not defined
Traceback (most recent call last):
  File "/home/user/DisasterAI/DisasterAI_Model.py", line 1315, in process_reward
    for cell in cells_to_relieve:
                ^^^^^^^^^^^^^^^^
NameError: name 'cells_to_relieve' is not defined
ERROR in Agent H_17 process_reward at tick 27: name 'cells_to_relieve' is not defined
Traceback (most recent call last):
  File "/home/user/DisasterAI/DisasterAI_Model.py", line 1315, in process_reward
    for cell in cells_to_relieve:
                ^^^^^^^^^^^^^^^^
NameError: name 'cells_to_relieve' is not defined
ERROR in Agent H_38 process_reward at tick 27: name 'cells_to_relieve' is not defined
Traceback (most recent call last):
  File "/home/user/DisasterAI/DisasterAI_Model.py", line 1315, in process_reward
    for cell in cells_to_relieve:
                ^^^^^^^^^^^^^^^^
NameError: name 'cells_to_relieve' is not defined
ERROR in Agent H_42 process_reward at tick 27: name 'cells_to_relieve' is not defined
Traceback (most recent call last):
  File "/home/user/DisasterAI/DisasterAI_Model.py", line 1315, in process_reward
    for cell in cells_to_relieve:
                ^^^^^^^^^^^^^^^^
NameError: name 'cells_to_relieve' is not defined
ERROR in Agent H_18 process_reward at tick 27: name 'cells_to_relieve' is not defined
Traceback (most recent call last):
  File "/home/user/DisasterAI/DisasterAI_Model.py", line 1315, in process_reward
    for cell in cells_to_relieve:
                ^^^^^^^^^^^^^^^^
NameError: name 'cells_to_relieve' is not defined
ERROR in Agent H_40 process_reward at tick 27: name 'cells_to_relieve' is not defined
Traceback (most recent call last):
  File "/home/user/DisasterAI/DisasterAI_Model.py", line 1315, in process_reward
    for cell in cells_to_relieve:
                ^^^^^^^^^^^^^^^^
NameError: name 'cells_to_relieve' is not defined
ERROR in Agent H_37 process_reward at tick 27: name 'cells_to_relieve' is not defined
Traceback (most recent call last):
  File "/home/user/DisasterAI/DisasterAI_Model.py", line 1315, in process_reward
    for cell in cells_to_relieve:
                ^^^^^^^^^^^^^^^^
NameError: name 'cells_to_relieve' is not defined
ERROR in Agent H_1 process_reward at tick 27: name 'cells_to_relieve' is not defined
Traceback (most recent call last):
  File "/home/user/DisasterAI/DisasterAI_Model.py", line 1315, in process_reward
    for cell in cells_to_relieve:
                ^^^^^^^^^^^^^^^^
NameError: name 'cells_to_relieve' is not defined
ERROR in Agent H_7 process_reward at tick 27: name 'cells_to_relieve' is not defined
Traceback (most recent call last):
  File "/home/user/DisasterAI/DisasterAI_Model.py", line 1315, in process_reward
    for cell in cells_to_relieve:
                ^^^^^^^^^^^^^^^^
NameError: name 'cells_to_relieve' is not defined
ERROR in Agent H_5 process_reward at tick 27: name 'cells_to_relieve' is not defined
Traceback (most recent call last):
  File "/home/user/DisasterAI/DisasterAI_Model.py", line 1315, in process_reward
    for cell in cells_to_relieve:
                ^^^^^^^^^^^^^^^^
NameError: name 'cells_to_relieve' is not defined
ERROR in Agent H_45 process_reward at tick 27: name 'cells_to_relieve' is not defined
Traceback (most recent call last):
  File "/home/user/DisasterAI/DisasterAI_Model.py", line 1315, in process_reward
    for cell in cells_to_relieve:
                ^^^^^^^^^^^^^^^^
NameError: name 'cells_to_relieve' is not defined
ERROR in Agent H_15 process_reward at tick 27: name 'cells_to_relieve' is not defined
Traceback (most recent call last):
  File "/home/user/DisasterAI/DisasterAI_Model.py", line 1315, in process_reward
    for cell in cells_to_relieve:
                ^^^^^^^^^^^^^^^^
NameError: name 'cells_to_relieve' is not defined
ERROR in Agent H_12 process_reward at tick 27: name 'cells_to_relieve' is not defined
Traceback (most recent call last):
  File "/home/user/DisasterAI/DisasterAI_Model.py", line 1315, in process_reward
    for cell in cells_to_relieve:
                ^^^^^^^^^^^^^^^^
NameError: name 'cells_to_relieve' is not defined
ERROR in Agent H_16 process_reward at tick 27: name 'cells_to_relieve' is not defined
Traceback (most recent call last):
  File "/home/user/DisasterAI/DisasterAI_Model.py", line 1315, in process_reward
    for cell in cells_to_relieve:
                ^^^^^^^^^^^^^^^^
NameError: name 'cells_to_relieve' is not defined
ERROR in Agent H_24 process_reward at tick 27: name 'cells_to_relieve' is not defined
Traceback (most recent call last):
  File "/home/user/DisasterAI/DisasterAI_Model.py", line 1315, in process_reward
    for cell in cells_to_relieve:
                ^^^^^^^^^^^^^^^^
NameError: name 'cells_to_relieve' is not defined
ERROR in Agent H_33 process_reward at tick 27: name 'cells_to_relieve' is not defined
Traceback (most recent call last):
  File "/home/user/DisasterAI/DisasterAI_Model.py", line 1315, in process_reward
    for cell in cells_to_relieve:
                ^^^^^^^^^^^^^^^^
NameError: name 'cells_to_relieve' is not defined
ERROR in Agent H_32 process_reward at tick 27: name 'cells_to_relieve' is not defined
Traceback (most recent call last):
  File "/home/user/DisasterAI/DisasterAI_Model.py", line 1315, in process_reward
    for cell in cells_to_relieve:
                ^^^^^^^^^^^^^^^^
NameError: name 'cells_to_relieve' is not defined
ERROR in Agent H_34 process_reward at tick 27: name 'cells_to_relieve' is not defined
Traceback (most recent call last):
  File "/home/user/DisasterAI/DisasterAI_Model.py", line 1315, in process_reward
    for cell in cells_to_relieve:
                ^^^^^^^^^^^^^^^^
NameError: name 'cells_to_relieve' is not defined
ERROR in Agent H_25 process_reward at tick 28: name 'cells_to_relieve' is not defined
Traceback (most recent call last):
  File "/home/user/DisasterAI/DisasterAI_Model.py", line 1315, in process_reward
    for cell in cells_to_relieve:
                ^^^^^^^^^^^^^^^^
NameError: name 'cells_to_relieve' is not defined
ERROR in Agent H_3 process_reward at tick 28: name 'cells_to_relieve' is not defined
Traceback (most recent call last):
  File "/home/user/DisasterAI/DisasterAI_Model.py", line 1315, in process_reward
    for cell in cells_to_relieve:
                ^^^^^^^^^^^^^^^^
NameError: name 'cells_to_relieve' is not defined
ERROR in Agent H_28 process_reward at tick 28: name 'cells_to_relieve' is not defined
Traceback (most recent call last):
  File "/home/user/DisasterAI/DisasterAI_Model.py", line 1315, in process_reward
    for cell in cells_to_relieve:
                ^^^^^^^^^^^^^^^^
NameError: name 'cells_to_relieve' is not defined
ERROR in Agent H_32 process_reward at tick 28: name 'cells_to_relieve' is not defined
Traceback (most recent call last):
  File "/home/user/DisasterAI/DisasterAI_Model.py", line 1315, in process_reward
    for cell in cells_to_relieve:
                ^^^^^^^^^^^^^^^^
NameError: name 'cells_to_relieve' is not defined
ERROR in Agent H_13 process_reward at tick 28: name 'cells_to_relieve' is not defined
Traceback (most recent call last):
  File "/home/user/DisasterAI/DisasterAI_Model.py", line 1315, in process_reward
    for cell in cells_to_relieve:
                ^^^^^^^^^^^^^^^^
NameError: name 'cells_to_relieve' is not defined
ERROR in Agent H_37 process_reward at tick 28: name 'cells_to_relieve' is not defined
Traceback (most recent call last):
  File "/home/user/DisasterAI/DisasterAI_Model.py", line 1315, in process_reward
    for cell in cells_to_relieve:
                ^^^^^^^^^^^^^^^^
NameError: name 'cells_to_relieve' is not defined
ERROR in Agent H_18 process_reward at tick 28: name 'cells_to_relieve' is not defined
Traceback (most recent call last):
  File "/home/user/DisasterAI/DisasterAI_Model.py", line 1315, in process_reward
    for cell in cells_to_relieve:
                ^^^^^^^^^^^^^^^^
NameError: name 'cells_to_relieve' is not defined
ERROR in Agent H_30 process_reward at tick 28: name 'cells_to_relieve' is not defined
Traceback (most recent call last):
  File "/home/user/DisasterAI/DisasterAI_Model.py", line 1315, in process_reward
    for cell in cells_to_relieve:
                ^^^^^^^^^^^^^^^^
NameError: name 'cells_to_relieve' is not defined
ERROR in Agent H_49 process_reward at tick 28: name 'cells_to_relieve' is not defined
Traceback (most recent call last):
  File "/home/user/DisasterAI/DisasterAI_Model.py", line 1315, in process_reward
    for cell in cells_to_relieve:
                ^^^^^^^^^^^^^^^^
NameError: name 'cells_to_relieve' is not defined
ERROR in Agent H_10 process_reward at tick 28: name 'cells_to_relieve' is not defined
Traceback (most recent call last):
  File "/home/user/DisasterAI/DisasterAI_Model.py", line 1315, in process_reward
    for cell in cells_to_relieve:
                ^^^^^^^^^^^^^^^^
NameError: name 'cells_to_relieve' is not defined
ERROR in Agent H_43 process_reward at tick 28: name 'cells_to_relieve' is not defined
Traceback (most recent call last):
  File "/home/user/DisasterAI/DisasterAI_Model.py", line 1315, in process_reward
    for cell in cells_to_relieve:
                ^^^^^^^^^^^^^^^^
NameError: name 'cells_to_relieve' is not defined
ERROR in Agent H_42 process_reward at tick 28: name 'cells_to_relieve' is not defined
Traceback (most recent call last):
  File "/home/user/DisasterAI/DisasterAI_Model.py", line 1315, in process_reward
    for cell in cells_to_relieve:
                ^^^^^^^^^^^^^^^^
NameError: name 'cells_to_relieve' is not defined
ERROR in Agent H_33 process_reward at tick 28: name 'cells_to_relieve' is not defined
Traceback (most recent call last):
  File "/home/user/DisasterAI/DisasterAI_Model.py", line 1315, in process_reward
    for cell in cells_to_relieve:
                ^^^^^^^^^^^^^^^^
NameError: name 'cells_to_relieve' is not defined
ERROR in Agent H_29 process_reward at tick 28: name 'cells_to_relieve' is not defined
Traceback (most recent call last):
  File "/home/user/DisasterAI/DisasterAI_Model.py", line 1315, in process_reward
    for cell in cells_to_relieve:
                ^^^^^^^^^^^^^^^^
NameError: name 'cells_to_relieve' is not defined
ERROR in Agent H_34 process_reward at tick 28: name 'cells_to_relieve' is not defined
Traceback (most recent call last):
  File "/home/user/DisasterAI/DisasterAI_Model.py", line 1315, in process_reward
    for cell in cells_to_relieve:
                ^^^^^^^^^^^^^^^^
NameError: name 'cells_to_relieve' is not defined
ERROR in Agent H_48 process_reward at tick 28: name 'cells_to_relieve' is not defined
Traceback (most recent call last):
  File "/home/user/DisasterAI/DisasterAI_Model.py", line 1315, in process_reward
    for cell in cells_to_relieve:
                ^^^^^^^^^^^^^^^^
NameError: name 'cells_to_relieve' is not defined
ERROR in Agent H_12 process_reward at tick 28: name 'cells_to_relieve' is not defined
Traceback (most recent call last):
  File "/home/user/DisasterAI/DisasterAI_Model.py", line 1315, in process_reward
    for cell in cells_to_relieve:
                ^^^^^^^^^^^^^^^^
NameError: name 'cells_to_relieve' is not defined
ERROR in Agent H_1 process_reward at tick 28: name 'cells_to_relieve' is not defined
Traceback (most recent call last):
  File "/home/user/DisasterAI/DisasterAI_Model.py", line 1315, in process_reward
    for cell in cells_to_relieve:
                ^^^^^^^^^^^^^^^^
NameError: name 'cells_to_relieve' is not defined
ERROR in Agent H_5 process_reward at tick 28: name 'cells_to_relieve' is not defined
Traceback (most recent call last):
  File "/home/user/DisasterAI/DisasterAI_Model.py", line 1315, in process_reward
    for cell in cells_to_relieve:
                ^^^^^^^^^^^^^^^^
NameError: name 'cells_to_relieve' is not defined
ERROR in Agent H_2 process_reward at tick 28: name 'cells_to_relieve' is not defined
Traceback (most recent call last):
  File "/home/user/DisasterAI/DisasterAI_Model.py", line 1315, in process_reward
    for cell in cells_to_relieve:
                ^^^^^^^^^^^^^^^^
NameError: name 'cells_to_relieve' is not defined
ERROR in Agent H_8 process_reward at tick 28: name 'cells_to_relieve' is not defined
Traceback (most recent call last):
  File "/home/user/DisasterAI/DisasterAI_Model.py", line 1315, in process_reward
    for cell in cells_to_relieve:
                ^^^^^^^^^^^^^^^^
NameError: name 'cells_to_relieve' is not defined
ERROR in Agent H_7 process_reward at tick 28: name 'cells_to_relieve' is not defined
Traceback (most recent call last):
  File "/home/user/DisasterAI/DisasterAI_Model.py", line 1315, in process_reward
    for cell in cells_to_relieve:
                ^^^^^^^^^^^^^^^^
NameError: name 'cells_to_relieve' is not defined
ERROR in Agent H_26 process_reward at tick 28: name 'cells_to_relieve' is not defined
Traceback (most recent call last):
  File "/home/user/DisasterAI/DisasterAI_Model.py", line 1315, in process_reward
    for cell in cells_to_relieve:
                ^^^^^^^^^^^^^^^^
NameError: name 'cells_to_relieve' is not defined
ERROR in Agent H_15 process_reward at tick 28: name 'cells_to_relieve' is not defined
Traceback (most recent call last):
  File "/home/user/DisasterAI/DisasterAI_Model.py", line 1315, in process_reward
    for cell in cells_to_relieve:
                ^^^^^^^^^^^^^^^^
NameError: name 'cells_to_relieve' is not defined
ERROR in Agent H_24 process_reward at tick 28: name 'cells_to_relieve' is not defined
Traceback (most recent call last):
  File "/home/user/DisasterAI/DisasterAI_Model.py", line 1315, in process_reward
    for cell in cells_to_relieve:
                ^^^^^^^^^^^^^^^^
NameError: name 'cells_to_relieve' is not defined
ERROR in Agent H_16 process_reward at tick 28: name 'cells_to_relieve' is not defined
Traceback (most recent call last):
  File "/home/user/DisasterAI/DisasterAI_Model.py", line 1315, in process_reward
    for cell in cells_to_relieve:
                ^^^^^^^^^^^^^^^^
NameError: name 'cells_to_relieve' is not defined
ERROR in Agent H_41 process_reward at tick 28: name 'cells_to_relieve' is not defined
Traceback (most recent call last):
  File "/home/user/DisasterAI/DisasterAI_Model.py", line 1315, in process_reward
    for cell in cells_to_relieve:
                ^^^^^^^^^^^^^^^^
NameError: name 'cells_to_relieve' is not defined
ERROR in Agent H_6 process_reward at tick 28: name 'cells_to_relieve' is not defined
Traceback (most recent call last):
  File "/home/user/DisasterAI/DisasterAI_Model.py", line 1315, in process_reward
    for cell in cells_to_relieve:
                ^^^^^^^^^^^^^^^^
NameError: name 'cells_to_relieve' is not defined
ERROR in Agent H_21 process_reward at tick 28: name 'cells_to_relieve' is not defined
Traceback (most recent call last):
  File "/home/user/DisasterAI/DisasterAI_Model.py", line 1315, in process_reward
    for cell in cells_to_relieve:
                ^^^^^^^^^^^^^^^^
NameError: name 'cells_to_relieve' is not defined
ERROR in Agent H_35 process_reward at tick 28: name 'cells_to_relieve' is not defined
Traceback (most recent call last):
  File "/home/user/DisasterAI/DisasterAI_Model.py", line 1315, in process_reward
    for cell in cells_to_relieve:
                ^^^^^^^^^^^^^^^^
NameError: name 'cells_to_relieve' is not defined
ERROR in Agent H_4 process_reward at tick 28: name 'cells_to_relieve' is not defined
Traceback (most recent call last):
  File "/home/user/DisasterAI/DisasterAI_Model.py", line 1315, in process_reward
    for cell in cells_to_relieve:
                ^^^^^^^^^^^^^^^^
NameError: name 'cells_to_relieve' is not defined
ERROR in Agent H_39 process_reward at tick 29: name 'cells_to_relieve' is not defined
Traceback (most recent call last):
  File "/home/user/DisasterAI/DisasterAI_Model.py", line 1315, in process_reward
    for cell in cells_to_relieve:
                ^^^^^^^^^^^^^^^^
NameError: name 'cells_to_relieve' is not defined
ERROR in Agent H_22 process_reward at tick 29: name 'cells_to_relieve' is not defined
Traceback (most recent call last):
  File "/home/user/DisasterAI/DisasterAI_Model.py", line 1315, in process_reward
    for cell in cells_to_relieve:
                ^^^^^^^^^^^^^^^^
NameError: name 'cells_to_relieve' is not defined
ERROR in Agent H_15 process_reward at tick 29: name 'cells_to_relieve' is not defined
Traceback (most recent call last):
  File "/home/user/DisasterAI/DisasterAI_Model.py", line 1315, in process_reward
    for cell in cells_to_relieve:
                ^^^^^^^^^^^^^^^^
NameError: name 'cells_to_relieve' is not defined
ERROR in Agent H_38 process_reward at tick 29: name 'cells_to_relieve' is not defined
Traceback (most recent call last):
  File "/home/user/DisasterAI/DisasterAI_Model.py", line 1315, in process_reward
    for cell in cells_to_relieve:
                ^^^^^^^^^^^^^^^^
NameError: name 'cells_to_relieve' is not defined
ERROR in Agent H_43 process_reward at tick 29: name 'cells_to_relieve' is not defined
Traceback (most recent call last):
  File "/home/user/DisasterAI/DisasterAI_Model.py", line 1315, in process_reward
    for cell in cells_to_relieve:
                ^^^^^^^^^^^^^^^^
NameError: name 'cells_to_relieve' is not defined
ERROR in Agent H_49 process_reward at tick 29: name 'cells_to_relieve' is not defined
Traceback (most recent call last):
  File "/home/user/DisasterAI/DisasterAI_Model.py", line 1315, in process_reward
    for cell in cells_to_relieve:
                ^^^^^^^^^^^^^^^^
NameError: name 'cells_to_relieve' is not defined
ERROR in Agent H_5 process_reward at tick 29: name 'cells_to_relieve' is not defined
Traceback (most recent call last):
  File "/home/user/DisasterAI/DisasterAI_Model.py", line 1315, in process_reward
    for cell in cells_to_relieve:
                ^^^^^^^^^^^^^^^^
NameError: name 'cells_to_relieve' is not defined
ERROR in Agent H_8 process_reward at tick 29: name 'cells_to_relieve' is not defined
Traceback (most recent call last):
  File "/home/user/DisasterAI/DisasterAI_Model.py", line 1315, in process_reward
    for cell in cells_to_relieve:
                ^^^^^^^^^^^^^^^^
NameError: name 'cells_to_relieve' is not defined
ERROR in Agent H_7 process_reward at tick 29: name 'cells_to_relieve' is not defined
Traceback (most recent call last):
  File "/home/user/DisasterAI/DisasterAI_Model.py", line 1315, in process_reward
    for cell in cells_to_relieve:
                ^^^^^^^^^^^^^^^^
NameError: name 'cells_to_relieve' is not defined
ERROR in Agent H_26 process_reward at tick 29: name 'cells_to_relieve' is not defined
Traceback (most recent call last):
  File "/home/user/DisasterAI/DisasterAI_Model.py", line 1315, in process_reward
    for cell in cells_to_relieve:
                ^^^^^^^^^^^^^^^^
NameError: name 'cells_to_relieve' is not defined
ERROR in Agent H_3 process_reward at tick 29: name 'cells_to_relieve' is not defined
Traceback (most recent call last):
  File "/home/user/DisasterAI/DisasterAI_Model.py", line 1315, in process_reward
    for cell in cells_to_relieve:
                ^^^^^^^^^^^^^^^^
NameError: name 'cells_to_relieve' is not defined
ERROR in Agent H_16 process_reward at tick 29: name 'cells_to_relieve' is not defined
Traceback (most recent call last):
  File "/home/user/DisasterAI/DisasterAI_Model.py", line 1315, in process_reward
    for cell in cells_to_relieve:
                ^^^^^^^^^^^^^^^^
NameError: name 'cells_to_relieve' is not defined
ERROR in Agent H_32 process_reward at tick 29: name 'cells_to_relieve' is not defined
Traceback (most recent call last):
  File "/home/user/DisasterAI/DisasterAI_Model.py", line 1315, in process_reward
    for cell in cells_to_relieve:
                ^^^^^^^^^^^^^^^^
NameError: name 'cells_to_relieve' is not defined
ERROR in Agent H_45 process_reward at tick 29: name 'cells_to_relieve' is not defined
Traceback (most recent call last):
  File "/home/user/DisasterAI/DisasterAI_Model.py", line 1315, in process_reward
    for cell in cells_to_relieve:
                ^^^^^^^^^^^^^^^^
NameError: name 'cells_to_relieve' is not defined
ERROR in Agent H_46 process_reward at tick 29: name 'cells_to_relieve' is not defined
Traceback (most recent call last):
  File "/home/user/DisasterAI/DisasterAI_Model.py", line 1315, in process_reward
    for cell in cells_to_relieve:
                ^^^^^^^^^^^^^^^^
NameError: name 'cells_to_relieve' is not defined
ERROR in Agent H_35 process_reward at tick 29: name 'cells_to_relieve' is not defined
Traceback (most recent call last):
  File "/home/user/DisasterAI/DisasterAI_Model.py", line 1315, in process_reward
    for cell in cells_to_relieve:
                ^^^^^^^^^^^^^^^^
NameError: name 'cells_to_relieve' is not defined
ERROR in Agent H_41 process_reward at tick 29: name 'cells_to_relieve' is not defined
Traceback (most recent call last):
  File "/home/user/DisasterAI/DisasterAI_Model.py", line 1315, in process_reward
    for cell in cells_to_relieve:
                ^^^^^^^^^^^^^^^^
NameError: name 'cells_to_relieve' is not defined
ERROR in Agent H_11 process_reward at tick 29: name 'cells_to_relieve' is not defined
Traceback (most recent call last):
  File "/home/user/DisasterAI/DisasterAI_Model.py", line 1315, in process_reward
    for cell in cells_to_relieve:
                ^^^^^^^^^^^^^^^^
NameError: name 'cells_to_relieve' is not defined
ERROR in Agent H_6 process_reward at tick 29: name 'cells_to_relieve' is not defined
Traceback (most recent call last):
  File "/home/user/DisasterAI/DisasterAI_Model.py", line 1315, in process_reward
    for cell in cells_to_relieve:
                ^^^^^^^^^^^^^^^^
NameError: name 'cells_to_relieve' is not defined
ERROR in Agent H_29 process_reward at tick 29: name 'cells_to_relieve' is not defined
Traceback (most recent call last):
  File "/home/user/DisasterAI/DisasterAI_Model.py", line 1315, in process_reward
    for cell in cells_to_relieve:
                ^^^^^^^^^^^^^^^^
NameError: name 'cells_to_relieve' is not defined
ERROR in Agent H_27 process_reward at tick 29: name 'cells_to_relieve' is not defined
Traceback (most recent call last):
  File "/home/user/DisasterAI/DisasterAI_Model.py", line 1315, in process_reward
    for cell in cells_to_relieve:
                ^^^^^^^^^^^^^^^^
NameError: name 'cells_to_relieve' is not defined
ERROR in Agent H_24 process_reward at tick 29: name 'cells_to_relieve' is not defined
Traceback (most recent call last):
  File "/home/user/DisasterAI/DisasterAI_Model.py", line 1315, in process_reward
    for cell in cells_to_relieve:
                ^^^^^^^^^^^^^^^^
NameError: name 'cells_to_relieve' is not defined
ERROR in Agent H_44 process_reward at tick 29: name 'cells_to_relieve' is not defined
Traceback (most recent call last):
  File "/home/user/DisasterAI/DisasterAI_Model.py", line 1315, in process_reward
    for cell in cells_to_relieve:
                ^^^^^^^^^^^^^^^^
NameError: name 'cells_to_relieve' is not defined
ERROR in Agent H_48 process_reward at tick 29: name 'cells_to_relieve' is not defined
Traceback (most recent call last):
  File "/home/user/DisasterAI/DisasterAI_Model.py", line 1315, in process_reward
    for cell in cells_to_relieve:
                ^^^^^^^^^^^^^^^^
NameError: name 'cells_to_relieve' is not defined
ERROR in Agent H_21 process_reward at tick 29: name 'cells_to_relieve' is not defined
Traceback (most recent call last):
  File "/home/user/DisasterAI/DisasterAI_Model.py", line 1315, in process_reward
    for cell in cells_to_relieve:
                ^^^^^^^^^^^^^^^^
NameError: name 'cells_to_relieve' is not defined
ERROR in Agent H_28 process_reward at tick 29: name 'cells_to_relieve' is not defined
Traceback (most recent call last):
  File "/home/user/DisasterAI/DisasterAI_Model.py", line 1315, in process_reward
    for cell in cells_to_relieve:
                ^^^^^^^^^^^^^^^^
NameError: name 'cells_to_relieve' is not defined
ERROR in Agent H_37 process_reward at tick 29: name 'cells_to_relieve' is not defined
Traceback (most recent call last):
  File "/home/user/DisasterAI/DisasterAI_Model.py", line 1315, in process_reward
    for cell in cells_to_relieve:
                ^^^^^^^^^^^^^^^^
NameError: name 'cells_to_relieve' is not defined
ERROR in Agent H_10 process_reward at tick 29: name 'cells_to_relieve' is not defined
Traceback (most recent call last):
  File "/home/user/DisasterAI/DisasterAI_Model.py", line 1315, in process_reward
    for cell in cells_to_relieve:
                ^^^^^^^^^^^^^^^^
NameError: name 'cells_to_relieve' is not defined
ERROR in Agent H_42 process_reward at tick 29: name 'cells_to_relieve' is not defined
Traceback (most recent call last):
  File "/home/user/DisasterAI/DisasterAI_Model.py", line 1315, in process_reward
    for cell in cells_to_relieve:
                ^^^^^^^^^^^^^^^^
NameError: name 'cells_to_relieve' is not defined
ERROR in Agent H_0 process_reward at tick 29: name 'cells_to_relieve' is not defined
Traceback (most recent call last):
  File "/home/user/DisasterAI/DisasterAI_Model.py", line 1315, in process_reward
    for cell in cells_to_relieve:
                ^^^^^^^^^^^^^^^^
NameError: name 'cells_to_relieve' is not defined
ERROR in Agent H_25 process_reward at tick 29: name 'cells_to_relieve' is not defined
Traceback (most recent call last):
  File "/home/user/DisasterAI/DisasterAI_Model.py", line 1315, in process_reward
    for cell in cells_to_relieve:
                ^^^^^^^^^^^^^^^^
NameError: name 'cells_to_relieve' is not defined
ERROR in Agent H_17 process_reward at tick 29: name 'cells_to_relieve' is not defined
Traceback (most recent call last):
  File "/home/user/DisasterAI/DisasterAI_Model.py", line 1315, in process_reward
    for cell in cells_to_relieve:
                ^^^^^^^^^^^^^^^^
NameError: name 'cells_to_relieve' is not defined
ERROR in Agent H_18 process_reward at tick 30: name 'cells_to_relieve' is not defined
Traceback (most recent call last):
  File "/home/user/DisasterAI/DisasterAI_Model.py", line 1315, in process_reward
    for cell in cells_to_relieve:
                ^^^^^^^^^^^^^^^^
NameError: name 'cells_to_relieve' is not defined
ERROR in Agent H_24 process_reward at tick 30: name 'cells_to_relieve' is not defined
Traceback (most recent call last):
  File "/home/user/DisasterAI/DisasterAI_Model.py", line 1315, in process_reward
    for cell in cells_to_relieve:
                ^^^^^^^^^^^^^^^^
NameError: name 'cells_to_relieve' is not defined
ERROR in Agent H_19 process_reward at tick 30: name 'cells_to_relieve' is not defined
Traceback (most recent call last):
  File "/home/user/DisasterAI/DisasterAI_Model.py", line 1315, in process_reward
    for cell in cells_to_relieve:
                ^^^^^^^^^^^^^^^^
NameError: name 'cells_to_relieve' is not defined
ERROR in Agent H_26 process_reward at tick 30: name 'cells_to_relieve' is not defined
Traceback (most recent call last):
  File "/home/user/DisasterAI/DisasterAI_Model.py", line 1315, in process_reward
    for cell in cells_to_relieve:
                ^^^^^^^^^^^^^^^^
NameError: name 'cells_to_relieve' is not defined
ERROR in Agent H_28 process_reward at tick 30: name 'cells_to_relieve' is not defined
Traceback (most recent call last):
  File "/home/user/DisasterAI/DisasterAI_Model.py", line 1315, in process_reward
    for cell in cells_to_relieve:
                ^^^^^^^^^^^^^^^^
NameError: name 'cells_to_relieve' is not defined
ERROR in Agent H_38 process_reward at tick 30: name 'cells_to_relieve' is not defined
Traceback (most recent call last):
  File "/home/user/DisasterAI/DisasterAI_Model.py", line 1315, in process_reward
    for cell in cells_to_relieve:
                ^^^^^^^^^^^^^^^^
NameError: name 'cells_to_relieve' is not defined
ERROR in Agent H_33 process_reward at tick 30: name 'cells_to_relieve' is not defined
Traceback (most recent call last):
  File "/home/user/DisasterAI/DisasterAI_Model.py", line 1315, in process_reward
    for cell in cells_to_relieve:
                ^^^^^^^^^^^^^^^^
NameError: name 'cells_to_relieve' is not defined
ERROR in Agent H_1 process_reward at tick 30: name 'cells_to_relieve' is not defined
Traceback (most recent call last):
  File "/home/user/DisasterAI/DisasterAI_Model.py", line 1315, in process_reward
    for cell in cells_to_relieve:
                ^^^^^^^^^^^^^^^^
NameError: name 'cells_to_relieve' is not defined
ERROR in Agent H_39 process_reward at tick 30: name 'cells_to_relieve' is not defined
Traceback (most recent call last):
  File "/home/user/DisasterAI/DisasterAI_Model.py", line 1315, in process_reward
    for cell in cells_to_relieve:
                ^^^^^^^^^^^^^^^^
NameError: name 'cells_to_relieve' is not defined
ERROR in Agent H_6 process_reward at tick 30: name 'cells_to_relieve' is not defined
Traceback (most recent call last):
  File "/home/user/DisasterAI/DisasterAI_Model.py", line 1315, in process_reward
    for cell in cells_to_relieve:
                ^^^^^^^^^^^^^^^^
NameError: name 'cells_to_relieve' is not defined
ERROR in Agent H_21 process_reward at tick 30: name 'cells_to_relieve' is not defined
Traceback (most recent call last):
  File "/home/user/DisasterAI/DisasterAI_Model.py", line 1315, in process_reward
    for cell in cells_to_relieve:
                ^^^^^^^^^^^^^^^^
NameError: name 'cells_to_relieve' is not defined
ERROR in Agent H_10 process_reward at tick 30: name 'cells_to_relieve' is not defined
Traceback (most recent call last):
  File "/home/user/DisasterAI/DisasterAI_Model.py", line 1315, in process_reward
    for cell in cells_to_relieve:
                ^^^^^^^^^^^^^^^^
NameError: name 'cells_to_relieve' is not defined
ERROR in Agent H_44 process_reward at tick 30: name 'cells_to_relieve' is not defined
Traceback (most recent call last):
  File "/home/user/DisasterAI/DisasterAI_Model.py", line 1315, in process_reward
    for cell in cells_to_relieve:
                ^^^^^^^^^^^^^^^^
NameError: name 'cells_to_relieve' is not defined
ERROR in Agent H_0 process_reward at tick 30: name 'cells_to_relieve' is not defined
Traceback (most recent call last):
  File "/home/user/DisasterAI/DisasterAI_Model.py", line 1315, in process_reward
    for cell in cells_to_relieve:
                ^^^^^^^^^^^^^^^^
NameError: name 'cells_to_relieve' is not defined
ERROR in Agent H_32 process_reward at tick 30: name 'cells_to_relieve' is not defined
Traceback (most recent call last):
  File "/home/user/DisasterAI/DisasterAI_Model.py", line 1315, in process_reward
    for cell in cells_to_relieve:
                ^^^^^^^^^^^^^^^^
NameError: name 'cells_to_relieve' is not defined
ERROR in Agent H_14 process_reward at tick 30: name 'cells_to_relieve' is not defined
Traceback (most recent call last):
  File "/home/user/DisasterAI/DisasterAI_Model.py", line 1315, in process_reward
    for cell in cells_to_relieve:
                ^^^^^^^^^^^^^^^^
NameError: name 'cells_to_relieve' is not defined
ERROR in Agent H_12 process_reward at tick 30: name 'cells_to_relieve' is not defined
Traceback (most recent call last):
  File "/home/user/DisasterAI/DisasterAI_Model.py", line 1315, in process_reward
    for cell in cells_to_relieve:
                ^^^^^^^^^^^^^^^^
NameError: name 'cells_to_relieve' is not defined
ERROR in Agent H_2 process_reward at tick 30: name 'cells_to_relieve' is not defined
Traceback (most recent call last):
  File "/home/user/DisasterAI/DisasterAI_Model.py", line 1315, in process_reward
    for cell in cells_to_relieve:
                ^^^^^^^^^^^^^^^^
NameError: name 'cells_to_relieve' is not defined
ERROR in Agent H_13 process_reward at tick 30: name 'cells_to_relieve' is not defined
Traceback (most recent call last):
  File "/home/user/DisasterAI/DisasterAI_Model.py", line 1315, in process_reward
    for cell in cells_to_relieve:
                ^^^^^^^^^^^^^^^^
NameError: name 'cells_to_relieve' is not defined
ERROR in Agent H_11 process_reward at tick 30: name 'cells_to_relieve' is not defined
Traceback (most recent call last):
  File "/home/user/DisasterAI/DisasterAI_Model.py", line 1315, in process_reward
    for cell in cells_to_relieve:
                ^^^^^^^^^^^^^^^^
NameError: name 'cells_to_relieve' is not defined
ERROR in Agent H_9 process_reward at tick 30: name 'cells_to_relieve' is not defined
Traceback (most recent call last):
  File "/home/user/DisasterAI/DisasterAI_Model.py", line 1315, in process_reward
    for cell in cells_to_relieve:
                ^^^^^^^^^^^^^^^^
NameError: name 'cells_to_relieve' is not defined
ERROR in Agent H_22 process_reward at tick 30: name 'cells_to_relieve' is not defined
Traceback (most recent call last):
  File "/home/user/DisasterAI/DisasterAI_Model.py", line 1315, in process_reward
    for cell in cells_to_relieve:
                ^^^^^^^^^^^^^^^^
NameError: name 'cells_to_relieve' is not defined
ERROR in Agent H_31 process_reward at tick 30: name 'cells_to_relieve' is not defined
Traceback (most recent call last):
  File "/home/user/DisasterAI/DisasterAI_Model.py", line 1315, in process_reward
    for cell in cells_to_relieve:
                ^^^^^^^^^^^^^^^^
NameError: name 'cells_to_relieve' is not defined
ERROR in Agent H_47 process_reward at tick 30: name 'cells_to_relieve' is not defined
Traceback (most recent call last):
  File "/home/user/DisasterAI/DisasterAI_Model.py", line 1315, in process_reward
    for cell in cells_to_relieve:
                ^^^^^^^^^^^^^^^^
NameError: name 'cells_to_relieve' is not defined
ERROR in Agent H_4 process_reward at tick 30: name 'cells_to_relieve' is not defined
Traceback (most recent call last):
  File "/home/user/DisasterAI/DisasterAI_Model.py", line 1315, in process_reward
    for cell in cells_to_relieve:
                ^^^^^^^^^^^^^^^^
NameError: name 'cells_to_relieve' is not defined
ERROR in Agent H_49 process_reward at tick 30: name 'cells_to_relieve' is not defined
Traceback (most recent call last):
  File "/home/user/DisasterAI/DisasterAI_Model.py", line 1315, in process_reward
    for cell in cells_to_relieve:
                ^^^^^^^^^^^^^^^^
NameError: name 'cells_to_relieve' is not defined
ERROR in Agent H_45 process_reward at tick 30: name 'cells_to_relieve' is not defined
Traceback (most recent call last):
  File "/home/user/DisasterAI/DisasterAI_Model.py", line 1315, in process_reward
    for cell in cells_to_relieve:
                ^^^^^^^^^^^^^^^^
NameError: name 'cells_to_relieve' is not defined
ERROR in Agent H_40 process_reward at tick 30: name 'cells_to_relieve' is not defined
Traceback (most recent call last):
  File "/home/user/DisasterAI/DisasterAI_Model.py", line 1315, in process_reward
    for cell in cells_to_relieve:
                ^^^^^^^^^^^^^^^^
NameError: name 'cells_to_relieve' is not defined
ERROR in Agent H_41 process_reward at tick 30: name 'cells_to_relieve' is not defined
Traceback (most recent call last):
  File "/home/user/DisasterAI/DisasterAI_Model.py", line 1315, in process_reward
    for cell in cells_to_relieve:
                ^^^^^^^^^^^^^^^^
NameError: name 'cells_to_relieve' is not defined
ERROR in Agent H_43 process_reward at tick 30: name 'cells_to_relieve' is not defined
Traceback (most recent call last):
  File "/home/user/DisasterAI/DisasterAI_Model.py", line 1315, in process_reward
    for cell in cells_to_relieve:
                ^^^^^^^^^^^^^^^^
NameError: name 'cells_to_relieve' is not defined
ERROR in Agent H_34 process_reward at tick 30: name 'cells_to_relieve' is not defined
Traceback (most recent call last):
  File "/home/user/DisasterAI/DisasterAI_Model.py", line 1315, in process_reward
    for cell in cells_to_relieve:
                ^^^^^^^^^^^^^^^^
NameError: name 'cells_to_relieve' is not defined
ERROR in Agent H_48 process_reward at tick 30: name 'cells_to_relieve' is not defined
Traceback (most recent call last):
  File "/home/user/DisasterAI/DisasterAI_Model.py", line 1315, in process_reward
    for cell in cells_to_relieve:
                ^^^^^^^^^^^^^^^^
NameError: name 'cells_to_relieve' is not defined
ERROR in Agent H_5 process_reward at tick 30: name 'cells_to_relieve' is not defined
Traceback (most recent call last):
  File "/home/user/DisasterAI/DisasterAI_Model.py", line 1315, in process_reward
    for cell in cells_to_relieve:
                ^^^^^^^^^^^^^^^^
NameError: name 'cells_to_relieve' is not defined

DEBUG: Starting AECI variance calculation at tick 30
  Found 0/50 AI-reliant agents
  Global belief variance: 0.1322
  WARNING: Invalid global variance (0.13217479000000004) or no AI-reliant agents
  Returning AECI variance tuple: (30, 0.0)
  Current aeci_variance_data length: 30
  Last 3 entries: [(28, 0.0), (29, 0.0), (30, 0.0)]

--- Retainment Diagnostics at Tick 30 ---
Agent H_0 (exploitative) retainment stats:
  accepted_human: 0, accepted_friend: 0, accepted_ai: 0
  No acceptances recorded
Agent H_1 (exploitative) retainment stats:
  accepted_human: 4, accepted_friend: 4, accepted_ai: 0
  retain_aeci: 0.00, retain_seci: 1.00
Agent H_2 (exploitative) retainment stats:
  accepted_human: 24, accepted_friend: 24, accepted_ai: 11
  retain_aeci: 0.31, retain_seci: 0.69
ERROR in Agent H_19 process_reward at tick 31: name 'cells_to_relieve' is not defined
Traceback (most recent call last):
  File "/home/user/DisasterAI/DisasterAI_Model.py", line 1315, in process_reward
    for cell in cells_to_relieve:
                ^^^^^^^^^^^^^^^^
NameError: name 'cells_to_relieve' is not defined
ERROR in Agent H_48 process_reward at tick 31: name 'cells_to_relieve' is not defined
Traceback (most recent call last):
  File "/home/user/DisasterAI/DisasterAI_Model.py", line 1315, in process_reward
    for cell in cells_to_relieve:
                ^^^^^^^^^^^^^^^^
NameError: name 'cells_to_relieve' is not defined
ERROR in Agent H_12 process_reward at tick 31: name 'cells_to_relieve' is not defined
Traceback (most recent call last):
  File "/home/user/DisasterAI/DisasterAI_Model.py", line 1315, in process_reward
    for cell in cells_to_relieve:
                ^^^^^^^^^^^^^^^^
NameError: name 'cells_to_relieve' is not defined
ERROR in Agent H_39 process_reward at tick 31: name 'cells_to_relieve' is not defined
Traceback (most recent call last):
  File "/home/user/DisasterAI/DisasterAI_Model.py", line 1315, in process_reward
    for cell in cells_to_relieve:
                ^^^^^^^^^^^^^^^^
NameError: name 'cells_to_relieve' is not defined
ERROR in Agent H_38 process_reward at tick 31: name 'cells_to_relieve' is not defined
Traceback (most recent call last):
  File "/home/user/DisasterAI/DisasterAI_Model.py", line 1315, in process_reward
    for cell in cells_to_relieve:
                ^^^^^^^^^^^^^^^^
NameError: name 'cells_to_relieve' is not defined
ERROR in Agent H_43 process_reward at tick 31: name 'cells_to_relieve' is not defined
Traceback (most recent call last):
  File "/home/user/DisasterAI/DisasterAI_Model.py", line 1315, in process_reward
    for cell in cells_to_relieve:
                ^^^^^^^^^^^^^^^^
NameError: name 'cells_to_relieve' is not defined
ERROR in Agent H_33 process_reward at tick 31: name 'cells_to_relieve' is not defined
Traceback (most recent call last):
  File "/home/user/DisasterAI/DisasterAI_Model.py", line 1315, in process_reward
    for cell in cells_to_relieve:
                ^^^^^^^^^^^^^^^^
NameError: name 'cells_to_relieve' is not defined
ERROR in Agent H_0 process_reward at tick 31: name 'cells_to_relieve' is not defined
Traceback (most recent call last):
  File "/home/user/DisasterAI/DisasterAI_Model.py", line 1315, in process_reward
    for cell in cells_to_relieve:
                ^^^^^^^^^^^^^^^^
NameError: name 'cells_to_relieve' is not defined
ERROR in Agent H_36 process_reward at tick 31: name 'cells_to_relieve' is not defined
Traceback (most recent call last):
  File "/home/user/DisasterAI/DisasterAI_Model.py", line 1315, in process_reward
    for cell in cells_to_relieve:
                ^^^^^^^^^^^^^^^^
NameError: name 'cells_to_relieve' is not defined
ERROR in Agent H_41 process_reward at tick 31: name 'cells_to_relieve' is not defined
Traceback (most recent call last):
  File "/home/user/DisasterAI/DisasterAI_Model.py", line 1315, in process_reward
    for cell in cells_to_relieve:
                ^^^^^^^^^^^^^^^^
NameError: name 'cells_to_relieve' is not defined
ERROR in Agent H_23 process_reward at tick 31: name 'cells_to_relieve' is not defined
Traceback (most recent call last):
  File "/home/user/DisasterAI/DisasterAI_Model.py", line 1315, in process_reward
    for cell in cells_to_relieve:
                ^^^^^^^^^^^^^^^^
NameError: name 'cells_to_relieve' is not defined
ERROR in Agent H_18 process_reward at tick 31: name 'cells_to_relieve' is not defined
Traceback (most recent call last):
  File "/home/user/DisasterAI/DisasterAI_Model.py", line 1315, in process_reward
    for cell in cells_to_relieve:
                ^^^^^^^^^^^^^^^^
NameError: name 'cells_to_relieve' is not defined
ERROR in Agent H_5 process_reward at tick 31: name 'cells_to_relieve' is not defined
Traceback (most recent call last):
  File "/home/user/DisasterAI/DisasterAI_Model.py", line 1315, in process_reward
    for cell in cells_to_relieve:
                ^^^^^^^^^^^^^^^^
NameError: name 'cells_to_relieve' is not defined
ERROR in Agent H_27 process_reward at tick 31: name 'cells_to_relieve' is not defined
Traceback (most recent call last):
  File "/home/user/DisasterAI/DisasterAI_Model.py", line 1315, in process_reward
    for cell in cells_to_relieve:
                ^^^^^^^^^^^^^^^^
NameError: name 'cells_to_relieve' is not defined
ERROR in Agent H_29 process_reward at tick 31: name 'cells_to_relieve' is not defined
Traceback (most recent call last):
  File "/home/user/DisasterAI/DisasterAI_Model.py", line 1315, in process_reward
    for cell in cells_to_relieve:
                ^^^^^^^^^^^^^^^^
NameError: name 'cells_to_relieve' is not defined
ERROR in Agent H_31 process_reward at tick 31: name 'cells_to_relieve' is not defined
Traceback (most recent call last):
  File "/home/user/DisasterAI/DisasterAI_Model.py", line 1315, in process_reward
    for cell in cells_to_relieve:
                ^^^^^^^^^^^^^^^^
NameError: name 'cells_to_relieve' is not defined
ERROR in Agent H_34 process_reward at tick 31: name 'cells_to_relieve' is not defined
Traceback (most recent call last):
  File "/home/user/DisasterAI/DisasterAI_Model.py", line 1315, in process_reward
    for cell in cells_to_relieve:
                ^^^^^^^^^^^^^^^^
NameError: name 'cells_to_relieve' is not defined
ERROR in Agent H_4 process_reward at tick 31: name 'cells_to_relieve' is not defined
Traceback (most recent call last):
  File "/home/user/DisasterAI/DisasterAI_Model.py", line 1315, in process_reward
    for cell in cells_to_relieve:
                ^^^^^^^^^^^^^^^^
NameError: name 'cells_to_relieve' is not defined
ERROR in Agent H_32 process_reward at tick 31: name 'cells_to_relieve' is not defined
Traceback (most recent call last):
  File "/home/user/DisasterAI/DisasterAI_Model.py", line 1315, in process_reward
    for cell in cells_to_relieve:
                ^^^^^^^^^^^^^^^^
NameError: name 'cells_to_relieve' is not defined
ERROR in Agent H_46 process_reward at tick 31: name 'cells_to_relieve' is not defined
Traceback (most recent call last):
  File "/home/user/DisasterAI/DisasterAI_Model.py", line 1315, in process_reward
    for cell in cells_to_relieve:
                ^^^^^^^^^^^^^^^^
NameError: name 'cells_to_relieve' is not defined
ERROR in Agent H_44 process_reward at tick 31: name 'cells_to_relieve' is not defined
Traceback (most recent call last):
  File "/home/user/DisasterAI/DisasterAI_Model.py", line 1315, in process_reward
    for cell in cells_to_relieve:
                ^^^^^^^^^^^^^^^^
NameError: name 'cells_to_relieve' is not defined
ERROR in Agent H_45 process_reward at tick 31: name 'cells_to_relieve' is not defined
Traceback (most recent call last):
  File "/home/user/DisasterAI/DisasterAI_Model.py", line 1315, in process_reward
    for cell in cells_to_relieve:
                ^^^^^^^^^^^^^^^^
NameError: name 'cells_to_relieve' is not defined
ERROR in Agent H_28 process_reward at tick 31: name 'cells_to_relieve' is not defined
Traceback (most recent call last):
  File "/home/user/DisasterAI/DisasterAI_Model.py", line 1315, in process_reward
    for cell in cells_to_relieve:
                ^^^^^^^^^^^^^^^^
NameError: name 'cells_to_relieve' is not defined
ERROR in Agent H_25 process_reward at tick 31: name 'cells_to_relieve' is not defined
Traceback (most recent call last):
  File "/home/user/DisasterAI/DisasterAI_Model.py", line 1315, in process_reward
    for cell in cells_to_relieve:
                ^^^^^^^^^^^^^^^^
NameError: name 'cells_to_relieve' is not defined
ERROR in Agent H_20 process_reward at tick 31: name 'cells_to_relieve' is not defined
Traceback (most recent call last):
  File "/home/user/DisasterAI/DisasterAI_Model.py", line 1315, in process_reward
    for cell in cells_to_relieve:
                ^^^^^^^^^^^^^^^^
NameError: name 'cells_to_relieve' is not defined
ERROR in Agent H_37 process_reward at tick 31: name 'cells_to_relieve' is not defined
Traceback (most recent call last):
  File "/home/user/DisasterAI/DisasterAI_Model.py", line 1315, in process_reward
    for cell in cells_to_relieve:
                ^^^^^^^^^^^^^^^^
NameError: name 'cells_to_relieve' is not defined
ERROR in Agent H_40 process_reward at tick 31: name 'cells_to_relieve' is not defined
Traceback (most recent call last):
  File "/home/user/DisasterAI/DisasterAI_Model.py", line 1315, in process_reward
    for cell in cells_to_relieve:
                ^^^^^^^^^^^^^^^^
NameError: name 'cells_to_relieve' is not defined
ERROR in Agent H_11 process_reward at tick 31: name 'cells_to_relieve' is not defined
Traceback (most recent call last):
  File "/home/user/DisasterAI/DisasterAI_Model.py", line 1315, in process_reward
    for cell in cells_to_relieve:
                ^^^^^^^^^^^^^^^^
NameError: name 'cells_to_relieve' is not defined
ERROR in Agent H_47 process_reward at tick 31: name 'cells_to_relieve' is not defined
Traceback (most recent call last):
  File "/home/user/DisasterAI/DisasterAI_Model.py", line 1315, in process_reward
    for cell in cells_to_relieve:
                ^^^^^^^^^^^^^^^^
NameError: name 'cells_to_relieve' is not defined
ERROR in Agent H_24 process_reward at tick 31: name 'cells_to_relieve' is not defined
Traceback (most recent call last):
  File "/home/user/DisasterAI/DisasterAI_Model.py", line 1315, in process_reward
    for cell in cells_to_relieve:
                ^^^^^^^^^^^^^^^^
NameError: name 'cells_to_relieve' is not defined
ERROR in Agent H_1 process_reward at tick 31: name 'cells_to_relieve' is not defined
Traceback (most recent call last):
  File "/home/user/DisasterAI/DisasterAI_Model.py", line 1315, in process_reward
    for cell in cells_to_relieve:
                ^^^^^^^^^^^^^^^^
NameError: name 'cells_to_relieve' is not defined
ERROR in Agent H_16 process_reward at tick 31: name 'cells_to_relieve' is not defined
Traceback (most recent call last):
  File "/home/user/DisasterAI/DisasterAI_Model.py", line 1315, in process_reward
    for cell in cells_to_relieve:
                ^^^^^^^^^^^^^^^^
NameError: name 'cells_to_relieve' is not defined
ERROR in Agent H_21 process_reward at tick 31: name 'cells_to_relieve' is not defined
Traceback (most recent call last):
  File "/home/user/DisasterAI/DisasterAI_Model.py", line 1315, in process_reward
    for cell in cells_to_relieve:
                ^^^^^^^^^^^^^^^^
NameError: name 'cells_to_relieve' is not defined
ERROR in Agent H_26 process_reward at tick 31: name 'cells_to_relieve' is not defined
Traceback (most recent call last):
  File "/home/user/DisasterAI/DisasterAI_Model.py", line 1315, in process_reward
    for cell in cells_to_relieve:
                ^^^^^^^^^^^^^^^^
NameError: name 'cells_to_relieve' is not defined
ERROR in Agent H_22 process_reward at tick 31: name 'cells_to_relieve' is not defined
Traceback (most recent call last):
  File "/home/user/DisasterAI/DisasterAI_Model.py", line 1315, in process_reward
    for cell in cells_to_relieve:
                ^^^^^^^^^^^^^^^^
NameError: name 'cells_to_relieve' is not defined
ERROR in Agent H_2 process_reward at tick 31: name 'cells_to_relieve' is not defined
Traceback (most recent call last):
  File "/home/user/DisasterAI/DisasterAI_Model.py", line 1315, in process_reward
    for cell in cells_to_relieve:
                ^^^^^^^^^^^^^^^^
NameError: name 'cells_to_relieve' is not defined
ERROR in Agent H_15 process_reward at tick 31: name 'cells_to_relieve' is not defined
Traceback (most recent call last):
  File "/home/user/DisasterAI/DisasterAI_Model.py", line 1315, in process_reward
    for cell in cells_to_relieve:
                ^^^^^^^^^^^^^^^^
NameError: name 'cells_to_relieve' is not defined
ERROR in Agent H_5 process_reward at tick 32: name 'cells_to_relieve' is not defined
Traceback (most recent call last):
  File "/home/user/DisasterAI/DisasterAI_Model.py", line 1315, in process_reward
    for cell in cells_to_relieve:
                ^^^^^^^^^^^^^^^^
NameError: name 'cells_to_relieve' is not defined
ERROR in Agent H_10 process_reward at tick 32: name 'cells_to_relieve' is not defined
Traceback (most recent call last):
  File "/home/user/DisasterAI/DisasterAI_Model.py", line 1315, in process_reward
    for cell in cells_to_relieve:
                ^^^^^^^^^^^^^^^^
NameError: name 'cells_to_relieve' is not defined
ERROR in Agent H_34 process_reward at tick 32: name 'cells_to_relieve' is not defined
Traceback (most recent call last):
  File "/home/user/DisasterAI/DisasterAI_Model.py", line 1315, in process_reward
    for cell in cells_to_relieve:
                ^^^^^^^^^^^^^^^^
NameError: name 'cells_to_relieve' is not defined
ERROR in Agent H_11 process_reward at tick 32: name 'cells_to_relieve' is not defined
Traceback (most recent call last):
  File "/home/user/DisasterAI/DisasterAI_Model.py", line 1315, in process_reward
    for cell in cells_to_relieve:
                ^^^^^^^^^^^^^^^^
NameError: name 'cells_to_relieve' is not defined
ERROR in Agent H_31 process_reward at tick 32: name 'cells_to_relieve' is not defined
Traceback (most recent call last):
  File "/home/user/DisasterAI/DisasterAI_Model.py", line 1315, in process_reward
    for cell in cells_to_relieve:
                ^^^^^^^^^^^^^^^^
NameError: name 'cells_to_relieve' is not defined
ERROR in Agent H_3 process_reward at tick 32: name 'cells_to_relieve' is not defined
Traceback (most recent call last):
  File "/home/user/DisasterAI/DisasterAI_Model.py", line 1315, in process_reward
    for cell in cells_to_relieve:
                ^^^^^^^^^^^^^^^^
NameError: name 'cells_to_relieve' is not defined
ERROR in Agent H_9 process_reward at tick 32: name 'cells_to_relieve' is not defined
Traceback (most recent call last):
  File "/home/user/DisasterAI/DisasterAI_Model.py", line 1315, in process_reward
    for cell in cells_to_relieve:
                ^^^^^^^^^^^^^^^^
NameError: name 'cells_to_relieve' is not defined
ERROR in Agent H_30 process_reward at tick 32: name 'cells_to_relieve' is not defined
Traceback (most recent call last):
  File "/home/user/DisasterAI/DisasterAI_Model.py", line 1315, in process_reward
    for cell in cells_to_relieve:
                ^^^^^^^^^^^^^^^^
NameError: name 'cells_to_relieve' is not defined
ERROR in Agent H_45 process_reward at tick 32: name 'cells_to_relieve' is not defined
Traceback (most recent call last):
  File "/home/user/DisasterAI/DisasterAI_Model.py", line 1315, in process_reward
    for cell in cells_to_relieve:
                ^^^^^^^^^^^^^^^^
NameError: name 'cells_to_relieve' is not defined
ERROR in Agent H_23 process_reward at tick 32: name 'cells_to_relieve' is not defined
Traceback (most recent call last):
  File "/home/user/DisasterAI/DisasterAI_Model.py", line 1315, in process_reward
    for cell in cells_to_relieve:
                ^^^^^^^^^^^^^^^^
NameError: name 'cells_to_relieve' is not defined
ERROR in Agent H_4 process_reward at tick 32: name 'cells_to_relieve' is not defined
Traceback (most recent call last):
  File "/home/user/DisasterAI/DisasterAI_Model.py", line 1315, in process_reward
    for cell in cells_to_relieve:
                ^^^^^^^^^^^^^^^^
NameError: name 'cells_to_relieve' is not defined
ERROR in Agent H_36 process_reward at tick 32: name 'cells_to_relieve' is not defined
Traceback (most recent call last):
  File "/home/user/DisasterAI/DisasterAI_Model.py", line 1315, in process_reward
    for cell in cells_to_relieve:
                ^^^^^^^^^^^^^^^^
NameError: name 'cells_to_relieve' is not defined
ERROR in Agent H_16 process_reward at tick 32: name 'cells_to_relieve' is not defined
Traceback (most recent call last):
  File "/home/user/DisasterAI/DisasterAI_Model.py", line 1315, in process_reward
    for cell in cells_to_relieve:
                ^^^^^^^^^^^^^^^^
NameError: name 'cells_to_relieve' is not defined
ERROR in Agent H_46 process_reward at tick 32: name 'cells_to_relieve' is not defined
Traceback (most recent call last):
  File "/home/user/DisasterAI/DisasterAI_Model.py", line 1315, in process_reward
    for cell in cells_to_relieve:
                ^^^^^^^^^^^^^^^^
NameError: name 'cells_to_relieve' is not defined
ERROR in Agent H_49 process_reward at tick 32: name 'cells_to_relieve' is not defined
Traceback (most recent call last):
  File "/home/user/DisasterAI/DisasterAI_Model.py", line 1315, in process_reward
    for cell in cells_to_relieve:
                ^^^^^^^^^^^^^^^^
NameError: name 'cells_to_relieve' is not defined
ERROR in Agent H_19 process_reward at tick 32: name 'cells_to_relieve' is not defined
Traceback (most recent call last):
  File "/home/user/DisasterAI/DisasterAI_Model.py", line 1315, in process_reward
    for cell in cells_to_relieve:
                ^^^^^^^^^^^^^^^^
NameError: name 'cells_to_relieve' is not defined
ERROR in Agent H_33 process_reward at tick 32: name 'cells_to_relieve' is not defined
Traceback (most recent call last):
  File "/home/user/DisasterAI/DisasterAI_Model.py", line 1315, in process_reward
    for cell in cells_to_relieve:
                ^^^^^^^^^^^^^^^^
NameError: name 'cells_to_relieve' is not defined
ERROR in Agent H_1 process_reward at tick 32: name 'cells_to_relieve' is not defined
Traceback (most recent call last):
  File "/home/user/DisasterAI/DisasterAI_Model.py", line 1315, in process_reward
    for cell in cells_to_relieve:
                ^^^^^^^^^^^^^^^^
NameError: name 'cells_to_relieve' is not defined
ERROR in Agent H_13 process_reward at tick 32: name 'cells_to_relieve' is not defined
Traceback (most recent call last):
  File "/home/user/DisasterAI/DisasterAI_Model.py", line 1315, in process_reward
    for cell in cells_to_relieve:
                ^^^^^^^^^^^^^^^^
NameError: name 'cells_to_relieve' is not defined
ERROR in Agent H_2 process_reward at tick 32: name 'cells_to_relieve' is not defined
Traceback (most recent call last):
  File "/home/user/DisasterAI/DisasterAI_Model.py", line 1315, in process_reward
    for cell in cells_to_relieve:
                ^^^^^^^^^^^^^^^^
NameError: name 'cells_to_relieve' is not defined
ERROR in Agent H_0 process_reward at tick 32: name 'cells_to_relieve' is not defined
Traceback (most recent call last):
  File "/home/user/DisasterAI/DisasterAI_Model.py", line 1315, in process_reward
    for cell in cells_to_relieve:
                ^^^^^^^^^^^^^^^^
NameError: name 'cells_to_relieve' is not defined
ERROR in Agent H_27 process_reward at tick 32: name 'cells_to_relieve' is not defined
Traceback (most recent call last):
  File "/home/user/DisasterAI/DisasterAI_Model.py", line 1315, in process_reward
    for cell in cells_to_relieve:
                ^^^^^^^^^^^^^^^^
NameError: name 'cells_to_relieve' is not defined
ERROR in Agent H_40 process_reward at tick 32: name 'cells_to_relieve' is not defined
Traceback (most recent call last):
  File "/home/user/DisasterAI/DisasterAI_Model.py", line 1315, in process_reward
    for cell in cells_to_relieve:
                ^^^^^^^^^^^^^^^^
NameError: name 'cells_to_relieve' is not defined
ERROR in Agent H_47 process_reward at tick 32: name 'cells_to_relieve' is not defined
Traceback (most recent call last):
  File "/home/user/DisasterAI/DisasterAI_Model.py", line 1315, in process_reward
    for cell in cells_to_relieve:
                ^^^^^^^^^^^^^^^^
NameError: name 'cells_to_relieve' is not defined
ERROR in Agent H_14 process_reward at tick 32: name 'cells_to_relieve' is not defined
Traceback (most recent call last):
  File "/home/user/DisasterAI/DisasterAI_Model.py", line 1315, in process_reward
    for cell in cells_to_relieve:
                ^^^^^^^^^^^^^^^^
NameError: name 'cells_to_relieve' is not defined
ERROR in Agent H_12 process_reward at tick 32: name 'cells_to_relieve' is not defined
Traceback (most recent call last):
  File "/home/user/DisasterAI/DisasterAI_Model.py", line 1315, in process_reward
    for cell in cells_to_relieve:
                ^^^^^^^^^^^^^^^^
NameError: name 'cells_to_relieve' is not defined
ERROR in Agent H_44 process_reward at tick 32: name 'cells_to_relieve' is not defined
Traceback (most recent call last):
  File "/home/user/DisasterAI/DisasterAI_Model.py", line 1315, in process_reward
    for cell in cells_to_relieve:
                ^^^^^^^^^^^^^^^^
NameError: name 'cells_to_relieve' is not defined
ERROR in Agent H_8 process_reward at tick 32: name 'cells_to_relieve' is not defined
Traceback (most recent call last):
  File "/home/user/DisasterAI/DisasterAI_Model.py", line 1315, in process_reward
    for cell in cells_to_relieve:
                ^^^^^^^^^^^^^^^^
NameError: name 'cells_to_relieve' is not defined
ERROR in Agent H_42 process_reward at tick 32: name 'cells_to_relieve' is not defined
Traceback (most recent call last):
  File "/home/user/DisasterAI/DisasterAI_Model.py", line 1315, in process_reward
    for cell in cells_to_relieve:
                ^^^^^^^^^^^^^^^^
NameError: name 'cells_to_relieve' is not defined
ERROR in Agent H_25 process_reward at tick 32: name 'cells_to_relieve' is not defined
Traceback (most recent call last):
  File "/home/user/DisasterAI/DisasterAI_Model.py", line 1315, in process_reward
    for cell in cells_to_relieve:
                ^^^^^^^^^^^^^^^^
NameError: name 'cells_to_relieve' is not defined
ERROR in Agent H_24 process_reward at tick 32: name 'cells_to_relieve' is not defined
Traceback (most recent call last):
  File "/home/user/DisasterAI/DisasterAI_Model.py", line 1315, in process_reward
    for cell in cells_to_relieve:
                ^^^^^^^^^^^^^^^^
NameError: name 'cells_to_relieve' is not defined
ERROR in Agent H_15 process_reward at tick 32: name 'cells_to_relieve' is not defined
Traceback (most recent call last):
  File "/home/user/DisasterAI/DisasterAI_Model.py", line 1315, in process_reward
    for cell in cells_to_relieve:
                ^^^^^^^^^^^^^^^^
NameError: name 'cells_to_relieve' is not defined
ERROR in Agent H_41 process_reward at tick 32: name 'cells_to_relieve' is not defined
Traceback (most recent call last):
  File "/home/user/DisasterAI/DisasterAI_Model.py", line 1315, in process_reward
    for cell in cells_to_relieve:
                ^^^^^^^^^^^^^^^^
NameError: name 'cells_to_relieve' is not defined
ERROR in Agent H_0 process_reward at tick 33: name 'cells_to_relieve' is not defined
Traceback (most recent call last):
  File "/home/user/DisasterAI/DisasterAI_Model.py", line 1315, in process_reward
    for cell in cells_to_relieve:
                ^^^^^^^^^^^^^^^^
NameError: name 'cells_to_relieve' is not defined
ERROR in Agent H_36 process_reward at tick 33: name 'cells_to_relieve' is not defined
Traceback (most recent call last):
  File "/home/user/DisasterAI/DisasterAI_Model.py", line 1315, in process_reward
    for cell in cells_to_relieve:
                ^^^^^^^^^^^^^^^^
NameError: name 'cells_to_relieve' is not defined
ERROR in Agent H_11 process_reward at tick 33: name 'cells_to_relieve' is not defined
Traceback (most recent call last):
  File "/home/user/DisasterAI/DisasterAI_Model.py", line 1315, in process_reward
    for cell in cells_to_relieve:
                ^^^^^^^^^^^^^^^^
NameError: name 'cells_to_relieve' is not defined
ERROR in Agent H_43 process_reward at tick 33: name 'cells_to_relieve' is not defined
Traceback (most recent call last):
  File "/home/user/DisasterAI/DisasterAI_Model.py", line 1315, in process_reward
    for cell in cells_to_relieve:
                ^^^^^^^^^^^^^^^^
NameError: name 'cells_to_relieve' is not defined
ERROR in Agent H_9 process_reward at tick 33: name 'cells_to_relieve' is not defined
Traceback (most recent call last):
  File "/home/user/DisasterAI/DisasterAI_Model.py", line 1315, in process_reward
    for cell in cells_to_relieve:
                ^^^^^^^^^^^^^^^^
NameError: name 'cells_to_relieve' is not defined
ERROR in Agent H_19 process_reward at tick 33: name 'cells_to_relieve' is not defined
Traceback (most recent call last):
  File "/home/user/DisasterAI/DisasterAI_Model.py", line 1315, in process_reward
    for cell in cells_to_relieve:
                ^^^^^^^^^^^^^^^^
NameError: name 'cells_to_relieve' is not defined
ERROR in Agent H_8 process_reward at tick 33: name 'cells_to_relieve' is not defined
Traceback (most recent call last):
  File "/home/user/DisasterAI/DisasterAI_Model.py", line 1315, in process_reward
    for cell in cells_to_relieve:
                ^^^^^^^^^^^^^^^^
NameError: name 'cells_to_relieve' is not defined
ERROR in Agent H_15 process_reward at tick 33: name 'cells_to_relieve' is not defined
Traceback (most recent call last):
  File "/home/user/DisasterAI/DisasterAI_Model.py", line 1315, in process_reward
    for cell in cells_to_relieve:
                ^^^^^^^^^^^^^^^^
NameError: name 'cells_to_relieve' is not defined
ERROR in Agent H_45 process_reward at tick 33: name 'cells_to_relieve' is not defined
Traceback (most recent call last):
  File "/home/user/DisasterAI/DisasterAI_Model.py", line 1315, in process_reward
    for cell in cells_to_relieve:
                ^^^^^^^^^^^^^^^^
NameError: name 'cells_to_relieve' is not defined
ERROR in Agent H_40 process_reward at tick 33: name 'cells_to_relieve' is not defined
Traceback (most recent call last):
  File "/home/user/DisasterAI/DisasterAI_Model.py", line 1315, in process_reward
    for cell in cells_to_relieve:
                ^^^^^^^^^^^^^^^^
NameError: name 'cells_to_relieve' is not defined
ERROR in Agent H_35 process_reward at tick 33: name 'cells_to_relieve' is not defined
Traceback (most recent call last):
  File "/home/user/DisasterAI/DisasterAI_Model.py", line 1315, in process_reward
    for cell in cells_to_relieve:
                ^^^^^^^^^^^^^^^^
NameError: name 'cells_to_relieve' is not defined
ERROR in Agent H_12 process_reward at tick 33: name 'cells_to_relieve' is not defined
Traceback (most recent call last):
  File "/home/user/DisasterAI/DisasterAI_Model.py", line 1315, in process_reward
    for cell in cells_to_relieve:
                ^^^^^^^^^^^^^^^^
NameError: name 'cells_to_relieve' is not defined
ERROR in Agent H_10 process_reward at tick 33: name 'cells_to_relieve' is not defined
Traceback (most recent call last):
  File "/home/user/DisasterAI/DisasterAI_Model.py", line 1315, in process_reward
    for cell in cells_to_relieve:
                ^^^^^^^^^^^^^^^^
NameError: name 'cells_to_relieve' is not defined
ERROR in Agent H_34 process_reward at tick 33: name 'cells_to_relieve' is not defined
Traceback (most recent call last):
  File "/home/user/DisasterAI/DisasterAI_Model.py", line 1315, in process_reward
    for cell in cells_to_relieve:
                ^^^^^^^^^^^^^^^^
NameError: name 'cells_to_relieve' is not defined
ERROR in Agent H_16 process_reward at tick 33: name 'cells_to_relieve' is not defined
Traceback (most recent call last):
  File "/home/user/DisasterAI/DisasterAI_Model.py", line 1315, in process_reward
    for cell in cells_to_relieve:
                ^^^^^^^^^^^^^^^^
NameError: name 'cells_to_relieve' is not defined
ERROR in Agent H_49 process_reward at tick 33: name 'cells_to_relieve' is not defined
Traceback (most recent call last):
  File "/home/user/DisasterAI/DisasterAI_Model.py", line 1315, in process_reward
    for cell in cells_to_relieve:
                ^^^^^^^^^^^^^^^^
NameError: name 'cells_to_relieve' is not defined
ERROR in Agent H_22 process_reward at tick 33: name 'cells_to_relieve' is not defined
Traceback (most recent call last):
  File "/home/user/DisasterAI/DisasterAI_Model.py", line 1315, in process_reward
    for cell in cells_to_relieve:
                ^^^^^^^^^^^^^^^^
NameError: name 'cells_to_relieve' is not defined
ERROR in Agent H_6 process_reward at tick 33: name 'cells_to_relieve' is not defined
Traceback (most recent call last):
  File "/home/user/DisasterAI/DisasterAI_Model.py", line 1315, in process_reward
    for cell in cells_to_relieve:
                ^^^^^^^^^^^^^^^^
NameError: name 'cells_to_relieve' is not defined
ERROR in Agent H_21 process_reward at tick 33: name 'cells_to_relieve' is not defined
Traceback (most recent call last):
  File "/home/user/DisasterAI/DisasterAI_Model.py", line 1315, in process_reward
    for cell in cells_to_relieve:
                ^^^^^^^^^^^^^^^^
NameError: name 'cells_to_relieve' is not defined
ERROR in Agent H_7 process_reward at tick 33: name 'cells_to_relieve' is not defined
Traceback (most recent call last):
  File "/home/user/DisasterAI/DisasterAI_Model.py", line 1315, in process_reward
    for cell in cells_to_relieve:
                ^^^^^^^^^^^^^^^^
NameError: name 'cells_to_relieve' is not defined
ERROR in Agent H_46 process_reward at tick 33: name 'cells_to_relieve' is not defined
Traceback (most recent call last):
  File "/home/user/DisasterAI/DisasterAI_Model.py", line 1315, in process_reward
    for cell in cells_to_relieve:
                ^^^^^^^^^^^^^^^^
NameError: name 'cells_to_relieve' is not defined
ERROR in Agent H_17 process_reward at tick 33: name 'cells_to_relieve' is not defined
Traceback (most recent call last):
  File "/home/user/DisasterAI/DisasterAI_Model.py", line 1315, in process_reward
    for cell in cells_to_relieve:
                ^^^^^^^^^^^^^^^^
NameError: name 'cells_to_relieve' is not defined
ERROR in Agent H_26 process_reward at tick 33: name 'cells_to_relieve' is not defined
Traceback (most recent call last):
  File "/home/user/DisasterAI/DisasterAI_Model.py", line 1315, in process_reward
    for cell in cells_to_relieve:
                ^^^^^^^^^^^^^^^^
NameError: name 'cells_to_relieve' is not defined
ERROR in Agent H_42 process_reward at tick 33: name 'cells_to_relieve' is not defined
Traceback (most recent call last):
  File "/home/user/DisasterAI/DisasterAI_Model.py", line 1315, in process_reward
    for cell in cells_to_relieve:
                ^^^^^^^^^^^^^^^^
NameError: name 'cells_to_relieve' is not defined
ERROR in Agent H_23 process_reward at tick 33: name 'cells_to_relieve' is not defined
Traceback (most recent call last):
  File "/home/user/DisasterAI/DisasterAI_Model.py", line 1315, in process_reward
    for cell in cells_to_relieve:
                ^^^^^^^^^^^^^^^^
NameError: name 'cells_to_relieve' is not defined
ERROR in Agent H_30 process_reward at tick 33: name 'cells_to_relieve' is not defined
Traceback (most recent call last):
  File "/home/user/DisasterAI/DisasterAI_Model.py", line 1315, in process_reward
    for cell in cells_to_relieve:
                ^^^^^^^^^^^^^^^^
NameError: name 'cells_to_relieve' is not defined
ERROR in Agent H_14 process_reward at tick 33: name 'cells_to_relieve' is not defined
Traceback (most recent call last):
  File "/home/user/DisasterAI/DisasterAI_Model.py", line 1315, in process_reward
    for cell in cells_to_relieve:
                ^^^^^^^^^^^^^^^^
NameError: name 'cells_to_relieve' is not defined
ERROR in Agent H_27 process_reward at tick 33: name 'cells_to_relieve' is not defined
Traceback (most recent call last):
  File "/home/user/DisasterAI/DisasterAI_Model.py", line 1315, in process_reward
    for cell in cells_to_relieve:
                ^^^^^^^^^^^^^^^^
NameError: name 'cells_to_relieve' is not defined
ERROR in Agent H_39 process_reward at tick 33: name 'cells_to_relieve' is not defined
Traceback (most recent call last):
  File "/home/user/DisasterAI/DisasterAI_Model.py", line 1315, in process_reward
    for cell in cells_to_relieve:
                ^^^^^^^^^^^^^^^^
NameError: name 'cells_to_relieve' is not defined
ERROR in Agent H_32 process_reward at tick 33: name 'cells_to_relieve' is not defined
Traceback (most recent call last):
  File "/home/user/DisasterAI/DisasterAI_Model.py", line 1315, in process_reward
    for cell in cells_to_relieve:
                ^^^^^^^^^^^^^^^^
NameError: name 'cells_to_relieve' is not defined
ERROR in Agent H_41 process_reward at tick 33: name 'cells_to_relieve' is not defined
Traceback (most recent call last):
  File "/home/user/DisasterAI/DisasterAI_Model.py", line 1315, in process_reward
    for cell in cells_to_relieve:
                ^^^^^^^^^^^^^^^^
NameError: name 'cells_to_relieve' is not defined
ERROR in Agent H_20 process_reward at tick 33: name 'cells_to_relieve' is not defined
Traceback (most recent call last):
  File "/home/user/DisasterAI/DisasterAI_Model.py", line 1315, in process_reward
    for cell in cells_to_relieve:
                ^^^^^^^^^^^^^^^^
NameError: name 'cells_to_relieve' is not defined
ERROR in Agent H_37 process_reward at tick 33: name 'cells_to_relieve' is not defined
Traceback (most recent call last):
  File "/home/user/DisasterAI/DisasterAI_Model.py", line 1315, in process_reward
    for cell in cells_to_relieve:
                ^^^^^^^^^^^^^^^^
NameError: name 'cells_to_relieve' is not defined
ERROR in Agent H_44 process_reward at tick 33: name 'cells_to_relieve' is not defined
Traceback (most recent call last):
  File "/home/user/DisasterAI/DisasterAI_Model.py", line 1315, in process_reward
    for cell in cells_to_relieve:
                ^^^^^^^^^^^^^^^^
NameError: name 'cells_to_relieve' is not defined
ERROR in Agent H_20 process_reward at tick 34: name 'cells_to_relieve' is not defined
Traceback (most recent call last):
  File "/home/user/DisasterAI/DisasterAI_Model.py", line 1315, in process_reward
    for cell in cells_to_relieve:
                ^^^^^^^^^^^^^^^^
NameError: name 'cells_to_relieve' is not defined
ERROR in Agent H_14 process_reward at tick 34: name 'cells_to_relieve' is not defined
Traceback (most recent call last):
  File "/home/user/DisasterAI/DisasterAI_Model.py", line 1315, in process_reward
    for cell in cells_to_relieve:
                ^^^^^^^^^^^^^^^^
NameError: name 'cells_to_relieve' is not defined
ERROR in Agent H_3 process_reward at tick 34: name 'cells_to_relieve' is not defined
Traceback (most recent call last):
  File "/home/user/DisasterAI/DisasterAI_Model.py", line 1315, in process_reward
    for cell in cells_to_relieve:
                ^^^^^^^^^^^^^^^^
NameError: name 'cells_to_relieve' is not defined
ERROR in Agent H_10 process_reward at tick 34: name 'cells_to_relieve' is not defined
Traceback (most recent call last):
  File "/home/user/DisasterAI/DisasterAI_Model.py", line 1315, in process_reward
    for cell in cells_to_relieve:
                ^^^^^^^^^^^^^^^^
NameError: name 'cells_to_relieve' is not defined
ERROR in Agent H_48 process_reward at tick 34: name 'cells_to_relieve' is not defined
Traceback (most recent call last):
  File "/home/user/DisasterAI/DisasterAI_Model.py", line 1315, in process_reward
    for cell in cells_to_relieve:
                ^^^^^^^^^^^^^^^^
NameError: name 'cells_to_relieve' is not defined
ERROR in Agent H_46 process_reward at tick 34: name 'cells_to_relieve' is not defined
Traceback (most recent call last):
  File "/home/user/DisasterAI/DisasterAI_Model.py", line 1315, in process_reward
    for cell in cells_to_relieve:
                ^^^^^^^^^^^^^^^^
NameError: name 'cells_to_relieve' is not defined
ERROR in Agent H_13 process_reward at tick 34: name 'cells_to_relieve' is not defined
Traceback (most recent call last):
  File "/home/user/DisasterAI/DisasterAI_Model.py", line 1315, in process_reward
    for cell in cells_to_relieve:
                ^^^^^^^^^^^^^^^^
NameError: name 'cells_to_relieve' is not defined
ERROR in Agent H_30 process_reward at tick 34: name 'cells_to_relieve' is not defined
Traceback (most recent call last):
  File "/home/user/DisasterAI/DisasterAI_Model.py", line 1315, in process_reward
    for cell in cells_to_relieve:
                ^^^^^^^^^^^^^^^^
NameError: name 'cells_to_relieve' is not defined
ERROR in Agent H_12 process_reward at tick 34: name 'cells_to_relieve' is not defined
Traceback (most recent call last):
  File "/home/user/DisasterAI/DisasterAI_Model.py", line 1315, in process_reward
    for cell in cells_to_relieve:
                ^^^^^^^^^^^^^^^^
NameError: name 'cells_to_relieve' is not defined
ERROR in Agent H_23 process_reward at tick 34: name 'cells_to_relieve' is not defined
Traceback (most recent call last):
  File "/home/user/DisasterAI/DisasterAI_Model.py", line 1315, in process_reward
    for cell in cells_to_relieve:
                ^^^^^^^^^^^^^^^^
NameError: name 'cells_to_relieve' is not defined
ERROR in Agent H_24 process_reward at tick 34: name 'cells_to_relieve' is not defined
Traceback (most recent call last):
  File "/home/user/DisasterAI/DisasterAI_Model.py", line 1315, in process_reward
    for cell in cells_to_relieve:
                ^^^^^^^^^^^^^^^^
NameError: name 'cells_to_relieve' is not defined
ERROR in Agent H_6 process_reward at tick 34: name 'cells_to_relieve' is not defined
Traceback (most recent call last):
  File "/home/user/DisasterAI/DisasterAI_Model.py", line 1315, in process_reward
    for cell in cells_to_relieve:
                ^^^^^^^^^^^^^^^^
NameError: name 'cells_to_relieve' is not defined
ERROR in Agent H_41 process_reward at tick 34: name 'cells_to_relieve' is not defined
Traceback (most recent call last):
  File "/home/user/DisasterAI/DisasterAI_Model.py", line 1315, in process_reward
    for cell in cells_to_relieve:
                ^^^^^^^^^^^^^^^^
NameError: name 'cells_to_relieve' is not defined
ERROR in Agent H_26 process_reward at tick 34: name 'cells_to_relieve' is not defined
Traceback (most recent call last):
  File "/home/user/DisasterAI/DisasterAI_Model.py", line 1315, in process_reward
    for cell in cells_to_relieve:
                ^^^^^^^^^^^^^^^^
NameError: name 'cells_to_relieve' is not defined
ERROR in Agent H_5 process_reward at tick 34: name 'cells_to_relieve' is not defined
Traceback (most recent call last):
  File "/home/user/DisasterAI/DisasterAI_Model.py", line 1315, in process_reward
    for cell in cells_to_relieve:
                ^^^^^^^^^^^^^^^^
NameError: name 'cells_to_relieve' is not defined
ERROR in Agent H_18 process_reward at tick 34: name 'cells_to_relieve' is not defined
Traceback (most recent call last):
  File "/home/user/DisasterAI/DisasterAI_Model.py", line 1315, in process_reward
    for cell in cells_to_relieve:
                ^^^^^^^^^^^^^^^^
NameError: name 'cells_to_relieve' is not defined
ERROR in Agent H_8 process_reward at tick 34: name 'cells_to_relieve' is not defined
Traceback (most recent call last):
  File "/home/user/DisasterAI/DisasterAI_Model.py", line 1315, in process_reward
    for cell in cells_to_relieve:
                ^^^^^^^^^^^^^^^^
NameError: name 'cells_to_relieve' is not defined
ERROR in Agent H_43 process_reward at tick 34: name 'cells_to_relieve' is not defined
Traceback (most recent call last):
  File "/home/user/DisasterAI/DisasterAI_Model.py", line 1315, in process_reward
    for cell in cells_to_relieve:
                ^^^^^^^^^^^^^^^^
NameError: name 'cells_to_relieve' is not defined
ERROR in Agent H_0 process_reward at tick 34: name 'cells_to_relieve' is not defined
Traceback (most recent call last):
  File "/home/user/DisasterAI/DisasterAI_Model.py", line 1315, in process_reward
    for cell in cells_to_relieve:
                ^^^^^^^^^^^^^^^^
NameError: name 'cells_to_relieve' is not defined
ERROR in Agent H_9 process_reward at tick 34: name 'cells_to_relieve' is not defined
Traceback (most recent call last):
  File "/home/user/DisasterAI/DisasterAI_Model.py", line 1315, in process_reward
    for cell in cells_to_relieve:
                ^^^^^^^^^^^^^^^^
NameError: name 'cells_to_relieve' is not defined
ERROR in Agent H_49 process_reward at tick 34: name 'cells_to_relieve' is not defined
Traceback (most recent call last):
  File "/home/user/DisasterAI/DisasterAI_Model.py", line 1315, in process_reward
    for cell in cells_to_relieve:
                ^^^^^^^^^^^^^^^^
NameError: name 'cells_to_relieve' is not defined
ERROR in Agent H_45 process_reward at tick 34: name 'cells_to_relieve' is not defined
Traceback (most recent call last):
  File "/home/user/DisasterAI/DisasterAI_Model.py", line 1315, in process_reward
    for cell in cells_to_relieve:
                ^^^^^^^^^^^^^^^^
NameError: name 'cells_to_relieve' is not defined
ERROR in Agent H_32 process_reward at tick 34: name 'cells_to_relieve' is not defined
Traceback (most recent call last):
  File "/home/user/DisasterAI/DisasterAI_Model.py", line 1315, in process_reward
    for cell in cells_to_relieve:
                ^^^^^^^^^^^^^^^^
NameError: name 'cells_to_relieve' is not defined
ERROR in Agent H_37 process_reward at tick 34: name 'cells_to_relieve' is not defined
Traceback (most recent call last):
  File "/home/user/DisasterAI/DisasterAI_Model.py", line 1315, in process_reward
    for cell in cells_to_relieve:
                ^^^^^^^^^^^^^^^^
NameError: name 'cells_to_relieve' is not defined
ERROR in Agent H_17 process_reward at tick 34: name 'cells_to_relieve' is not defined
Traceback (most recent call last):
  File "/home/user/DisasterAI/DisasterAI_Model.py", line 1315, in process_reward
    for cell in cells_to_relieve:
                ^^^^^^^^^^^^^^^^
NameError: name 'cells_to_relieve' is not defined
ERROR in Agent H_16 process_reward at tick 34: name 'cells_to_relieve' is not defined
Traceback (most recent call last):
  File "/home/user/DisasterAI/DisasterAI_Model.py", line 1315, in process_reward
    for cell in cells_to_relieve:
                ^^^^^^^^^^^^^^^^
NameError: name 'cells_to_relieve' is not defined
ERROR in Agent H_34 process_reward at tick 34: name 'cells_to_relieve' is not defined
Traceback (most recent call last):
  File "/home/user/DisasterAI/DisasterAI_Model.py", line 1315, in process_reward
    for cell in cells_to_relieve:
                ^^^^^^^^^^^^^^^^
NameError: name 'cells_to_relieve' is not defined
ERROR in Agent H_21 process_reward at tick 34: name 'cells_to_relieve' is not defined
Traceback (most recent call last):
  File "/home/user/DisasterAI/DisasterAI_Model.py", line 1315, in process_reward
    for cell in cells_to_relieve:
                ^^^^^^^^^^^^^^^^
NameError: name 'cells_to_relieve' is not defined
ERROR in Agent H_7 process_reward at tick 34: name 'cells_to_relieve' is not defined
Traceback (most recent call last):
  File "/home/user/DisasterAI/DisasterAI_Model.py", line 1315, in process_reward
    for cell in cells_to_relieve:
                ^^^^^^^^^^^^^^^^
NameError: name 'cells_to_relieve' is not defined
ERROR in Agent H_25 process_reward at tick 34: name 'cells_to_relieve' is not defined
Traceback (most recent call last):
  File "/home/user/DisasterAI/DisasterAI_Model.py", line 1315, in process_reward
    for cell in cells_to_relieve:
                ^^^^^^^^^^^^^^^^
NameError: name 'cells_to_relieve' is not defined
ERROR in Agent H_4 process_reward at tick 34: name 'cells_to_relieve' is not defined
Traceback (most recent call last):
  File "/home/user/DisasterAI/DisasterAI_Model.py", line 1315, in process_reward
    for cell in cells_to_relieve:
                ^^^^^^^^^^^^^^^^
NameError: name 'cells_to_relieve' is not defined
ERROR in Agent H_29 process_reward at tick 34: name 'cells_to_relieve' is not defined
Traceback (most recent call last):
  File "/home/user/DisasterAI/DisasterAI_Model.py", line 1315, in process_reward
    for cell in cells_to_relieve:
                ^^^^^^^^^^^^^^^^
NameError: name 'cells_to_relieve' is not defined
ERROR in Agent H_19 process_reward at tick 34: name 'cells_to_relieve' is not defined
Traceback (most recent call last):
  File "/home/user/DisasterAI/DisasterAI_Model.py", line 1315, in process_reward
    for cell in cells_to_relieve:
                ^^^^^^^^^^^^^^^^
NameError: name 'cells_to_relieve' is not defined
ERROR in Agent H_22 process_reward at tick 34: name 'cells_to_relieve' is not defined
Traceback (most recent call last):
  File "/home/user/DisasterAI/DisasterAI_Model.py", line 1315, in process_reward
    for cell in cells_to_relieve:
                ^^^^^^^^^^^^^^^^
NameError: name 'cells_to_relieve' is not defined
ERROR in Agent H_12 process_reward at tick 35: name 'cells_to_relieve' is not defined
Traceback (most recent call last):
  File "/home/user/DisasterAI/DisasterAI_Model.py", line 1315, in process_reward
    for cell in cells_to_relieve:
                ^^^^^^^^^^^^^^^^
NameError: name 'cells_to_relieve' is not defined
ERROR in Agent H_33 process_reward at tick 35: name 'cells_to_relieve' is not defined
Traceback (most recent call last):
  File "/home/user/DisasterAI/DisasterAI_Model.py", line 1315, in process_reward
    for cell in cells_to_relieve:
                ^^^^^^^^^^^^^^^^
NameError: name 'cells_to_relieve' is not defined
ERROR in Agent H_19 process_reward at tick 35: name 'cells_to_relieve' is not defined
Traceback (most recent call last):
  File "/home/user/DisasterAI/DisasterAI_Model.py", line 1315, in process_reward
    for cell in cells_to_relieve:
                ^^^^^^^^^^^^^^^^
NameError: name 'cells_to_relieve' is not defined
ERROR in Agent H_21 process_reward at tick 35: name 'cells_to_relieve' is not defined
Traceback (most recent call last):
  File "/home/user/DisasterAI/DisasterAI_Model.py", line 1315, in process_reward
    for cell in cells_to_relieve:
                ^^^^^^^^^^^^^^^^
NameError: name 'cells_to_relieve' is not defined
ERROR in Agent H_1 process_reward at tick 35: name 'cells_to_relieve' is not defined
Traceback (most recent call last):
  File "/home/user/DisasterAI/DisasterAI_Model.py", line 1315, in process_reward
    for cell in cells_to_relieve:
                ^^^^^^^^^^^^^^^^
NameError: name 'cells_to_relieve' is not defined
ERROR in Agent H_38 process_reward at tick 35: name 'cells_to_relieve' is not defined
Traceback (most recent call last):
  File "/home/user/DisasterAI/DisasterAI_Model.py", line 1315, in process_reward
    for cell in cells_to_relieve:
                ^^^^^^^^^^^^^^^^
NameError: name 'cells_to_relieve' is not defined
ERROR in Agent H_25 process_reward at tick 35: name 'cells_to_relieve' is not defined
Traceback (most recent call last):
  File "/home/user/DisasterAI/DisasterAI_Model.py", line 1315, in process_reward
    for cell in cells_to_relieve:
                ^^^^^^^^^^^^^^^^
NameError: name 'cells_to_relieve' is not defined
ERROR in Agent H_34 process_reward at tick 35: name 'cells_to_relieve' is not defined
Traceback (most recent call last):
  File "/home/user/DisasterAI/DisasterAI_Model.py", line 1315, in process_reward
    for cell in cells_to_relieve:
                ^^^^^^^^^^^^^^^^
NameError: name 'cells_to_relieve' is not defined
ERROR in Agent H_5 process_reward at tick 35: name 'cells_to_relieve' is not defined
Traceback (most recent call last):
  File "/home/user/DisasterAI/DisasterAI_Model.py", line 1315, in process_reward
    for cell in cells_to_relieve:
                ^^^^^^^^^^^^^^^^
NameError: name 'cells_to_relieve' is not defined
ERROR in Agent H_29 process_reward at tick 35: name 'cells_to_relieve' is not defined
Traceback (most recent call last):
  File "/home/user/DisasterAI/DisasterAI_Model.py", line 1315, in process_reward
    for cell in cells_to_relieve:
                ^^^^^^^^^^^^^^^^
NameError: name 'cells_to_relieve' is not defined
ERROR in Agent H_24 process_reward at tick 35: name 'cells_to_relieve' is not defined
Traceback (most recent call last):
  File "/home/user/DisasterAI/DisasterAI_Model.py", line 1315, in process_reward
    for cell in cells_to_relieve:
                ^^^^^^^^^^^^^^^^
NameError: name 'cells_to_relieve' is not defined
ERROR in Agent H_37 process_reward at tick 35: name 'cells_to_relieve' is not defined
Traceback (most recent call last):
  File "/home/user/DisasterAI/DisasterAI_Model.py", line 1315, in process_reward
    for cell in cells_to_relieve:
                ^^^^^^^^^^^^^^^^
NameError: name 'cells_to_relieve' is not defined
ERROR in Agent H_10 process_reward at tick 35: name 'cells_to_relieve' is not defined
Traceback (most recent call last):
  File "/home/user/DisasterAI/DisasterAI_Model.py", line 1315, in process_reward
    for cell in cells_to_relieve:
                ^^^^^^^^^^^^^^^^
NameError: name 'cells_to_relieve' is not defined
ERROR in Agent H_39 process_reward at tick 35: name 'cells_to_relieve' is not defined
Traceback (most recent call last):
  File "/home/user/DisasterAI/DisasterAI_Model.py", line 1315, in process_reward
    for cell in cells_to_relieve:
                ^^^^^^^^^^^^^^^^
NameError: name 'cells_to_relieve' is not defined
ERROR in Agent H_48 process_reward at tick 35: name 'cells_to_relieve' is not defined
Traceback (most recent call last):
  File "/home/user/DisasterAI/DisasterAI_Model.py", line 1315, in process_reward
    for cell in cells_to_relieve:
                ^^^^^^^^^^^^^^^^
NameError: name 'cells_to_relieve' is not defined
ERROR in Agent H_49 process_reward at tick 35: name 'cells_to_relieve' is not defined
Traceback (most recent call last):
  File "/home/user/DisasterAI/DisasterAI_Model.py", line 1315, in process_reward
    for cell in cells_to_relieve:
                ^^^^^^^^^^^^^^^^
NameError: name 'cells_to_relieve' is not defined
ERROR in Agent H_35 process_reward at tick 35: name 'cells_to_relieve' is not defined
Traceback (most recent call last):
  File "/home/user/DisasterAI/DisasterAI_Model.py", line 1315, in process_reward
    for cell in cells_to_relieve:
                ^^^^^^^^^^^^^^^^
NameError: name 'cells_to_relieve' is not defined
ERROR in Agent H_18 process_reward at tick 35: name 'cells_to_relieve' is not defined
Traceback (most recent call last):
  File "/home/user/DisasterAI/DisasterAI_Model.py", line 1315, in process_reward
    for cell in cells_to_relieve:
                ^^^^^^^^^^^^^^^^
NameError: name 'cells_to_relieve' is not defined
ERROR in Agent H_41 process_reward at tick 35: name 'cells_to_relieve' is not defined
Traceback (most recent call last):
  File "/home/user/DisasterAI/DisasterAI_Model.py", line 1315, in process_reward
    for cell in cells_to_relieve:
                ^^^^^^^^^^^^^^^^
NameError: name 'cells_to_relieve' is not defined
ERROR in Agent H_45 process_reward at tick 35: name 'cells_to_relieve' is not defined
Traceback (most recent call last):
  File "/home/user/DisasterAI/DisasterAI_Model.py", line 1315, in process_reward
    for cell in cells_to_relieve:
                ^^^^^^^^^^^^^^^^
NameError: name 'cells_to_relieve' is not defined
ERROR in Agent H_22 process_reward at tick 35: name 'cells_to_relieve' is not defined
Traceback (most recent call last):
  File "/home/user/DisasterAI/DisasterAI_Model.py", line 1315, in process_reward
    for cell in cells_to_relieve:
                ^^^^^^^^^^^^^^^^
NameError: name 'cells_to_relieve' is not defined
ERROR in Agent H_13 process_reward at tick 35: name 'cells_to_relieve' is not defined
Traceback (most recent call last):
  File "/home/user/DisasterAI/DisasterAI_Model.py", line 1315, in process_reward
    for cell in cells_to_relieve:
                ^^^^^^^^^^^^^^^^
NameError: name 'cells_to_relieve' is not defined
ERROR in Agent H_2 process_reward at tick 35: name 'cells_to_relieve' is not defined
Traceback (most recent call last):
  File "/home/user/DisasterAI/DisasterAI_Model.py", line 1315, in process_reward
    for cell in cells_to_relieve:
                ^^^^^^^^^^^^^^^^
NameError: name 'cells_to_relieve' is not defined
ERROR in Agent H_32 process_reward at tick 35: name 'cells_to_relieve' is not defined
Traceback (most recent call last):
  File "/home/user/DisasterAI/DisasterAI_Model.py", line 1315, in process_reward
    for cell in cells_to_relieve:
                ^^^^^^^^^^^^^^^^
NameError: name 'cells_to_relieve' is not defined
ERROR in Agent H_7 process_reward at tick 35: name 'cells_to_relieve' is not defined
Traceback (most recent call last):
  File "/home/user/DisasterAI/DisasterAI_Model.py", line 1315, in process_reward
    for cell in cells_to_relieve:
                ^^^^^^^^^^^^^^^^
NameError: name 'cells_to_relieve' is not defined
ERROR in Agent H_46 process_reward at tick 35: name 'cells_to_relieve' is not defined
Traceback (most recent call last):
  File "/home/user/DisasterAI/DisasterAI_Model.py", line 1315, in process_reward
    for cell in cells_to_relieve:
                ^^^^^^^^^^^^^^^^
NameError: name 'cells_to_relieve' is not defined
ERROR in Agent H_23 process_reward at tick 35: name 'cells_to_relieve' is not defined
Traceback (most recent call last):
  File "/home/user/DisasterAI/DisasterAI_Model.py", line 1315, in process_reward
    for cell in cells_to_relieve:
                ^^^^^^^^^^^^^^^^
NameError: name 'cells_to_relieve' is not defined
ERROR in Agent H_26 process_reward at tick 35: name 'cells_to_relieve' is not defined
Traceback (most recent call last):
  File "/home/user/DisasterAI/DisasterAI_Model.py", line 1315, in process_reward
    for cell in cells_to_relieve:
                ^^^^^^^^^^^^^^^^
NameError: name 'cells_to_relieve' is not defined
ERROR in Agent H_17 process_reward at tick 35: name 'cells_to_relieve' is not defined
Traceback (most recent call last):
  File "/home/user/DisasterAI/DisasterAI_Model.py", line 1315, in process_reward
    for cell in cells_to_relieve:
                ^^^^^^^^^^^^^^^^
NameError: name 'cells_to_relieve' is not defined
ERROR in Agent H_11 process_reward at tick 35: name 'cells_to_relieve' is not defined
Traceback (most recent call last):
  File "/home/user/DisasterAI/DisasterAI_Model.py", line 1315, in process_reward
    for cell in cells_to_relieve:
                ^^^^^^^^^^^^^^^^
NameError: name 'cells_to_relieve' is not defined
ERROR in Agent H_43 process_reward at tick 35: name 'cells_to_relieve' is not defined
Traceback (most recent call last):
  File "/home/user/DisasterAI/DisasterAI_Model.py", line 1315, in process_reward
    for cell in cells_to_relieve:
                ^^^^^^^^^^^^^^^^
NameError: name 'cells_to_relieve' is not defined

DEBUG: Starting AECI variance calculation at tick 35
  Found 0/50 AI-reliant agents
  Global belief variance: 0.1411
  WARNING: Invalid global variance (0.1410794775) or no AI-reliant agents
  Returning AECI variance tuple: (35, 0.0)
  Current aeci_variance_data length: 35
  Last 3 entries: [(33, 0.0), (34, 0.0), (35, 0.0)]
ERROR in Agent H_26 process_reward at tick 36: name 'cells_to_relieve' is not defined
Traceback (most recent call last):
  File "/home/user/DisasterAI/DisasterAI_Model.py", line 1315, in process_reward
    for cell in cells_to_relieve:
                ^^^^^^^^^^^^^^^^
NameError: name 'cells_to_relieve' is not defined
ERROR in Agent H_48 process_reward at tick 36: name 'cells_to_relieve' is not defined
Traceback (most recent call last):
  File "/home/user/DisasterAI/DisasterAI_Model.py", line 1315, in process_reward
    for cell in cells_to_relieve:
                ^^^^^^^^^^^^^^^^
NameError: name 'cells_to_relieve' is not defined
ERROR in Agent H_3 process_reward at tick 36: name 'cells_to_relieve' is not defined
Traceback (most recent call last):
  File "/home/user/DisasterAI/DisasterAI_Model.py", line 1315, in process_reward
    for cell in cells_to_relieve:
                ^^^^^^^^^^^^^^^^
NameError: name 'cells_to_relieve' is not defined
ERROR in Agent H_16 process_reward at tick 36: name 'cells_to_relieve' is not defined
Traceback (most recent call last):
  File "/home/user/DisasterAI/DisasterAI_Model.py", line 1315, in process_reward
    for cell in cells_to_relieve:
                ^^^^^^^^^^^^^^^^
NameError: name 'cells_to_relieve' is not defined
ERROR in Agent H_43 process_reward at tick 36: name 'cells_to_relieve' is not defined
Traceback (most recent call last):
  File "/home/user/DisasterAI/DisasterAI_Model.py", line 1315, in process_reward
    for cell in cells_to_relieve:
                ^^^^^^^^^^^^^^^^
NameError: name 'cells_to_relieve' is not defined
ERROR in Agent H_1 process_reward at tick 36: name 'cells_to_relieve' is not defined
Traceback (most recent call last):
  File "/home/user/DisasterAI/DisasterAI_Model.py", line 1315, in process_reward
    for cell in cells_to_relieve:
                ^^^^^^^^^^^^^^^^
NameError: name 'cells_to_relieve' is not defined
ERROR in Agent H_8 process_reward at tick 36: name 'cells_to_relieve' is not defined
Traceback (most recent call last):
  File "/home/user/DisasterAI/DisasterAI_Model.py", line 1315, in process_reward
    for cell in cells_to_relieve:
                ^^^^^^^^^^^^^^^^
NameError: name 'cells_to_relieve' is not defined
ERROR in Agent H_11 process_reward at tick 36: name 'cells_to_relieve' is not defined
Traceback (most recent call last):
  File "/home/user/DisasterAI/DisasterAI_Model.py", line 1315, in process_reward
    for cell in cells_to_relieve:
                ^^^^^^^^^^^^^^^^
NameError: name 'cells_to_relieve' is not defined
ERROR in Agent H_14 process_reward at tick 36: name 'cells_to_relieve' is not defined
Traceback (most recent call last):
  File "/home/user/DisasterAI/DisasterAI_Model.py", line 1315, in process_reward
    for cell in cells_to_relieve:
                ^^^^^^^^^^^^^^^^
NameError: name 'cells_to_relieve' is not defined
ERROR in Agent H_28 process_reward at tick 36: name 'cells_to_relieve' is not defined
Traceback (most recent call last):
  File "/home/user/DisasterAI/DisasterAI_Model.py", line 1315, in process_reward
    for cell in cells_to_relieve:
                ^^^^^^^^^^^^^^^^
NameError: name 'cells_to_relieve' is not defined
ERROR in Agent H_0 process_reward at tick 36: name 'cells_to_relieve' is not defined
Traceback (most recent call last):
  File "/home/user/DisasterAI/DisasterAI_Model.py", line 1315, in process_reward
    for cell in cells_to_relieve:
                ^^^^^^^^^^^^^^^^
NameError: name 'cells_to_relieve' is not defined
ERROR in Agent H_33 process_reward at tick 36: name 'cells_to_relieve' is not defined
Traceback (most recent call last):
  File "/home/user/DisasterAI/DisasterAI_Model.py", line 1315, in process_reward
    for cell in cells_to_relieve:
                ^^^^^^^^^^^^^^^^
NameError: name 'cells_to_relieve' is not defined
ERROR in Agent H_44 process_reward at tick 36: name 'cells_to_relieve' is not defined
Traceback (most recent call last):
  File "/home/user/DisasterAI/DisasterAI_Model.py", line 1315, in process_reward
    for cell in cells_to_relieve:
                ^^^^^^^^^^^^^^^^
NameError: name 'cells_to_relieve' is not defined
ERROR in Agent H_17 process_reward at tick 36: name 'cells_to_relieve' is not defined
Traceback (most recent call last):
  File "/home/user/DisasterAI/DisasterAI_Model.py", line 1315, in process_reward
    for cell in cells_to_relieve:
                ^^^^^^^^^^^^^^^^
NameError: name 'cells_to_relieve' is not defined
ERROR in Agent H_45 process_reward at tick 36: name 'cells_to_relieve' is not defined
Traceback (most recent call last):
  File "/home/user/DisasterAI/DisasterAI_Model.py", line 1315, in process_reward
    for cell in cells_to_relieve:
                ^^^^^^^^^^^^^^^^
NameError: name 'cells_to_relieve' is not defined
ERROR in Agent H_30 process_reward at tick 36: name 'cells_to_relieve' is not defined
Traceback (most recent call last):
  File "/home/user/DisasterAI/DisasterAI_Model.py", line 1315, in process_reward
    for cell in cells_to_relieve:
                ^^^^^^^^^^^^^^^^
NameError: name 'cells_to_relieve' is not defined
ERROR in Agent H_27 process_reward at tick 36: name 'cells_to_relieve' is not defined
Traceback (most recent call last):
  File "/home/user/DisasterAI/DisasterAI_Model.py", line 1315, in process_reward
    for cell in cells_to_relieve:
                ^^^^^^^^^^^^^^^^
NameError: name 'cells_to_relieve' is not defined
ERROR in Agent H_13 process_reward at tick 36: name 'cells_to_relieve' is not defined
Traceback (most recent call last):
  File "/home/user/DisasterAI/DisasterAI_Model.py", line 1315, in process_reward
    for cell in cells_to_relieve:
                ^^^^^^^^^^^^^^^^
NameError: name 'cells_to_relieve' is not defined
ERROR in Agent H_4 process_reward at tick 36: name 'cells_to_relieve' is not defined
Traceback (most recent call last):
  File "/home/user/DisasterAI/DisasterAI_Model.py", line 1315, in process_reward
    for cell in cells_to_relieve:
                ^^^^^^^^^^^^^^^^
NameError: name 'cells_to_relieve' is not defined
ERROR in Agent H_41 process_reward at tick 36: name 'cells_to_relieve' is not defined
Traceback (most recent call last):
  File "/home/user/DisasterAI/DisasterAI_Model.py", line 1315, in process_reward
    for cell in cells_to_relieve:
                ^^^^^^^^^^^^^^^^
NameError: name 'cells_to_relieve' is not defined
ERROR in Agent H_29 process_reward at tick 36: name 'cells_to_relieve' is not defined
Traceback (most recent call last):
  File "/home/user/DisasterAI/DisasterAI_Model.py", line 1315, in process_reward
    for cell in cells_to_relieve:
                ^^^^^^^^^^^^^^^^
NameError: name 'cells_to_relieve' is not defined
ERROR in Agent H_6 process_reward at tick 36: name 'cells_to_relieve' is not defined
Traceback (most recent call last):
  File "/home/user/DisasterAI/DisasterAI_Model.py", line 1315, in process_reward
    for cell in cells_to_relieve:
                ^^^^^^^^^^^^^^^^
NameError: name 'cells_to_relieve' is not defined
ERROR in Agent H_23 process_reward at tick 36: name 'cells_to_relieve' is not defined
Traceback (most recent call last):
  File "/home/user/DisasterAI/DisasterAI_Model.py", line 1315, in process_reward
    for cell in cells_to_relieve:
                ^^^^^^^^^^^^^^^^
NameError: name 'cells_to_relieve' is not defined
ERROR in Agent H_31 process_reward at tick 36: name 'cells_to_relieve' is not defined
Traceback (most recent call last):
  File "/home/user/DisasterAI/DisasterAI_Model.py", line 1315, in process_reward
    for cell in cells_to_relieve:
                ^^^^^^^^^^^^^^^^
NameError: name 'cells_to_relieve' is not defined
ERROR in Agent H_15 process_reward at tick 36: name 'cells_to_relieve' is not defined
Traceback (most recent call last):
  File "/home/user/DisasterAI/DisasterAI_Model.py", line 1315, in process_reward
    for cell in cells_to_relieve:
                ^^^^^^^^^^^^^^^^
NameError: name 'cells_to_relieve' is not defined
ERROR in Agent H_47 process_reward at tick 36: name 'cells_to_relieve' is not defined
Traceback (most recent call last):
  File "/home/user/DisasterAI/DisasterAI_Model.py", line 1315, in process_reward
    for cell in cells_to_relieve:
                ^^^^^^^^^^^^^^^^
NameError: name 'cells_to_relieve' is not defined
ERROR in Agent H_25 process_reward at tick 36: name 'cells_to_relieve' is not defined
Traceback (most recent call last):
  File "/home/user/DisasterAI/DisasterAI_Model.py", line 1315, in process_reward
    for cell in cells_to_relieve:
                ^^^^^^^^^^^^^^^^
NameError: name 'cells_to_relieve' is not defined
ERROR in Agent H_39 process_reward at tick 36: name 'cells_to_relieve' is not defined
Traceback (most recent call last):
  File "/home/user/DisasterAI/DisasterAI_Model.py", line 1315, in process_reward
    for cell in cells_to_relieve:
                ^^^^^^^^^^^^^^^^
NameError: name 'cells_to_relieve' is not defined
ERROR in Agent H_42 process_reward at tick 36: name 'cells_to_relieve' is not defined
Traceback (most recent call last):
  File "/home/user/DisasterAI/DisasterAI_Model.py", line 1315, in process_reward
    for cell in cells_to_relieve:
                ^^^^^^^^^^^^^^^^
NameError: name 'cells_to_relieve' is not defined
ERROR in Agent H_2 process_reward at tick 36: name 'cells_to_relieve' is not defined
Traceback (most recent call last):
  File "/home/user/DisasterAI/DisasterAI_Model.py", line 1315, in process_reward
    for cell in cells_to_relieve:
                ^^^^^^^^^^^^^^^^
NameError: name 'cells_to_relieve' is not defined
ERROR in Agent H_5 process_reward at tick 36: name 'cells_to_relieve' is not defined
Traceback (most recent call last):
  File "/home/user/DisasterAI/DisasterAI_Model.py", line 1315, in process_reward
    for cell in cells_to_relieve:
                ^^^^^^^^^^^^^^^^
NameError: name 'cells_to_relieve' is not defined
ERROR in Agent H_35 process_reward at tick 36: name 'cells_to_relieve' is not defined
Traceback (most recent call last):
  File "/home/user/DisasterAI/DisasterAI_Model.py", line 1315, in process_reward
    for cell in cells_to_relieve:
                ^^^^^^^^^^^^^^^^
NameError: name 'cells_to_relieve' is not defined
ERROR in Agent H_38 process_reward at tick 36: name 'cells_to_relieve' is not defined
Traceback (most recent call last):
  File "/home/user/DisasterAI/DisasterAI_Model.py", line 1315, in process_reward
    for cell in cells_to_relieve:
                ^^^^^^^^^^^^^^^^
NameError: name 'cells_to_relieve' is not defined
ERROR in Agent H_20 process_reward at tick 36: name 'cells_to_relieve' is not defined
Traceback (most recent call last):
  File "/home/user/DisasterAI/DisasterAI_Model.py", line 1315, in process_reward
    for cell in cells_to_relieve:
                ^^^^^^^^^^^^^^^^
NameError: name 'cells_to_relieve' is not defined
ERROR in Agent H_9 process_reward at tick 37: name 'cells_to_relieve' is not defined
Traceback (most recent call last):
  File "/home/user/DisasterAI/DisasterAI_Model.py", line 1315, in process_reward
    for cell in cells_to_relieve:
                ^^^^^^^^^^^^^^^^
NameError: name 'cells_to_relieve' is not defined
ERROR in Agent H_21 process_reward at tick 37: name 'cells_to_relieve' is not defined
Traceback (most recent call last):
  File "/home/user/DisasterAI/DisasterAI_Model.py", line 1315, in process_reward
    for cell in cells_to_relieve:
                ^^^^^^^^^^^^^^^^
NameError: name 'cells_to_relieve' is not defined
ERROR in Agent H_20 process_reward at tick 37: name 'cells_to_relieve' is not defined
Traceback (most recent call last):
  File "/home/user/DisasterAI/DisasterAI_Model.py", line 1315, in process_reward
    for cell in cells_to_relieve:
                ^^^^^^^^^^^^^^^^
NameError: name 'cells_to_relieve' is not defined
ERROR in Agent H_44 process_reward at tick 37: name 'cells_to_relieve' is not defined
Traceback (most recent call last):
  File "/home/user/DisasterAI/DisasterAI_Model.py", line 1315, in process_reward
    for cell in cells_to_relieve:
                ^^^^^^^^^^^^^^^^
NameError: name 'cells_to_relieve' is not defined
ERROR in Agent H_41 process_reward at tick 37: name 'cells_to_relieve' is not defined
Traceback (most recent call last):
  File "/home/user/DisasterAI/DisasterAI_Model.py", line 1315, in process_reward
    for cell in cells_to_relieve:
                ^^^^^^^^^^^^^^^^
NameError: name 'cells_to_relieve' is not defined
ERROR in Agent H_11 process_reward at tick 37: name 'cells_to_relieve' is not defined
Traceback (most recent call last):
  File "/home/user/DisasterAI/DisasterAI_Model.py", line 1315, in process_reward
    for cell in cells_to_relieve:
                ^^^^^^^^^^^^^^^^
NameError: name 'cells_to_relieve' is not defined
ERROR in Agent H_19 process_reward at tick 37: name 'cells_to_relieve' is not defined
Traceback (most recent call last):
  File "/home/user/DisasterAI/DisasterAI_Model.py", line 1315, in process_reward
    for cell in cells_to_relieve:
                ^^^^^^^^^^^^^^^^
NameError: name 'cells_to_relieve' is not defined
ERROR in Agent H_49 process_reward at tick 37: name 'cells_to_relieve' is not defined
Traceback (most recent call last):
  File "/home/user/DisasterAI/DisasterAI_Model.py", line 1315, in process_reward
    for cell in cells_to_relieve:
                ^^^^^^^^^^^^^^^^
NameError: name 'cells_to_relieve' is not defined
ERROR in Agent H_40 process_reward at tick 37: name 'cells_to_relieve' is not defined
Traceback (most recent call last):
  File "/home/user/DisasterAI/DisasterAI_Model.py", line 1315, in process_reward
    for cell in cells_to_relieve:
                ^^^^^^^^^^^^^^^^
NameError: name 'cells_to_relieve' is not defined
ERROR in Agent H_26 process_reward at tick 37: name 'cells_to_relieve' is not defined
Traceback (most recent call last):
  File "/home/user/DisasterAI/DisasterAI_Model.py", line 1315, in process_reward
    for cell in cells_to_relieve:
                ^^^^^^^^^^^^^^^^
NameError: name 'cells_to_relieve' is not defined
ERROR in Agent H_12 process_reward at tick 37: name 'cells_to_relieve' is not defined
Traceback (most recent call last):
  File "/home/user/DisasterAI/DisasterAI_Model.py", line 1315, in process_reward
    for cell in cells_to_relieve:
                ^^^^^^^^^^^^^^^^
NameError: name 'cells_to_relieve' is not defined
ERROR in Agent H_14 process_reward at tick 37: name 'cells_to_relieve' is not defined
Traceback (most recent call last):
  File "/home/user/DisasterAI/DisasterAI_Model.py", line 1315, in process_reward
    for cell in cells_to_relieve:
                ^^^^^^^^^^^^^^^^
NameError: name 'cells_to_relieve' is not defined
ERROR in Agent H_8 process_reward at tick 37: name 'cells_to_relieve' is not defined
Traceback (most recent call last):
  File "/home/user/DisasterAI/DisasterAI_Model.py", line 1315, in process_reward
    for cell in cells_to_relieve:
                ^^^^^^^^^^^^^^^^
NameError: name 'cells_to_relieve' is not defined
ERROR in Agent H_23 process_reward at tick 37: name 'cells_to_relieve' is not defined
Traceback (most recent call last):
  File "/home/user/DisasterAI/DisasterAI_Model.py", line 1315, in process_reward
    for cell in cells_to_relieve:
                ^^^^^^^^^^^^^^^^
NameError: name 'cells_to_relieve' is not defined
ERROR in Agent H_2 process_reward at tick 37: name 'cells_to_relieve' is not defined
Traceback (most recent call last):
  File "/home/user/DisasterAI/DisasterAI_Model.py", line 1315, in process_reward
    for cell in cells_to_relieve:
                ^^^^^^^^^^^^^^^^
NameError: name 'cells_to_relieve' is not defined
ERROR in Agent H_35 process_reward at tick 37: name 'cells_to_relieve' is not defined
Traceback (most recent call last):
  File "/home/user/DisasterAI/DisasterAI_Model.py", line 1315, in process_reward
    for cell in cells_to_relieve:
                ^^^^^^^^^^^^^^^^
NameError: name 'cells_to_relieve' is not defined
ERROR in Agent H_6 process_reward at tick 37: name 'cells_to_relieve' is not defined
Traceback (most recent call last):
  File "/home/user/DisasterAI/DisasterAI_Model.py", line 1315, in process_reward
    for cell in cells_to_relieve:
                ^^^^^^^^^^^^^^^^
NameError: name 'cells_to_relieve' is not defined
ERROR in Agent H_4 process_reward at tick 37: name 'cells_to_relieve' is not defined
Traceback (most recent call last):
  File "/home/user/DisasterAI/DisasterAI_Model.py", line 1315, in process_reward
    for cell in cells_to_relieve:
                ^^^^^^^^^^^^^^^^
NameError: name 'cells_to_relieve' is not defined
ERROR in Agent H_42 process_reward at tick 37: name 'cells_to_relieve' is not defined
Traceback (most recent call last):
  File "/home/user/DisasterAI/DisasterAI_Model.py", line 1315, in process_reward
    for cell in cells_to_relieve:
                ^^^^^^^^^^^^^^^^
NameError: name 'cells_to_relieve' is not defined
ERROR in Agent H_28 process_reward at tick 37: name 'cells_to_relieve' is not defined
Traceback (most recent call last):
  File "/home/user/DisasterAI/DisasterAI_Model.py", line 1315, in process_reward
    for cell in cells_to_relieve:
                ^^^^^^^^^^^^^^^^
NameError: name 'cells_to_relieve' is not defined
ERROR in Agent H_22 process_reward at tick 37: name 'cells_to_relieve' is not defined
Traceback (most recent call last):
  File "/home/user/DisasterAI/DisasterAI_Model.py", line 1315, in process_reward
    for cell in cells_to_relieve:
                ^^^^^^^^^^^^^^^^
NameError: name 'cells_to_relieve' is not defined
ERROR in Agent H_24 process_reward at tick 37: name 'cells_to_relieve' is not defined
Traceback (most recent call last):
  File "/home/user/DisasterAI/DisasterAI_Model.py", line 1315, in process_reward
    for cell in cells_to_relieve:
                ^^^^^^^^^^^^^^^^
NameError: name 'cells_to_relieve' is not defined
ERROR in Agent H_18 process_reward at tick 37: name 'cells_to_relieve' is not defined
Traceback (most recent call last):
  File "/home/user/DisasterAI/DisasterAI_Model.py", line 1315, in process_reward
    for cell in cells_to_relieve:
                ^^^^^^^^^^^^^^^^
NameError: name 'cells_to_relieve' is not defined
ERROR in Agent H_46 process_reward at tick 37: name 'cells_to_relieve' is not defined
Traceback (most recent call last):
  File "/home/user/DisasterAI/DisasterAI_Model.py", line 1315, in process_reward
    for cell in cells_to_relieve:
                ^^^^^^^^^^^^^^^^
NameError: name 'cells_to_relieve' is not defined
ERROR in Agent H_34 process_reward at tick 37: name 'cells_to_relieve' is not defined
Traceback (most recent call last):
  File "/home/user/DisasterAI/DisasterAI_Model.py", line 1315, in process_reward
    for cell in cells_to_relieve:
                ^^^^^^^^^^^^^^^^
NameError: name 'cells_to_relieve' is not defined
ERROR in Agent H_16 process_reward at tick 37: name 'cells_to_relieve' is not defined
Traceback (most recent call last):
  File "/home/user/DisasterAI/DisasterAI_Model.py", line 1315, in process_reward
    for cell in cells_to_relieve:
                ^^^^^^^^^^^^^^^^
NameError: name 'cells_to_relieve' is not defined
ERROR in Agent H_29 process_reward at tick 37: name 'cells_to_relieve' is not defined
Traceback (most recent call last):
  File "/home/user/DisasterAI/DisasterAI_Model.py", line 1315, in process_reward
    for cell in cells_to_relieve:
                ^^^^^^^^^^^^^^^^
NameError: name 'cells_to_relieve' is not defined
ERROR in Agent H_31 process_reward at tick 37: name 'cells_to_relieve' is not defined
Traceback (most recent call last):
  File "/home/user/DisasterAI/DisasterAI_Model.py", line 1315, in process_reward
    for cell in cells_to_relieve:
                ^^^^^^^^^^^^^^^^
NameError: name 'cells_to_relieve' is not defined
ERROR in Agent H_10 process_reward at tick 37: name 'cells_to_relieve' is not defined
Traceback (most recent call last):
  File "/home/user/DisasterAI/DisasterAI_Model.py", line 1315, in process_reward
    for cell in cells_to_relieve:
                ^^^^^^^^^^^^^^^^
NameError: name 'cells_to_relieve' is not defined
ERROR in Agent H_13 process_reward at tick 37: name 'cells_to_relieve' is not defined
Traceback (most recent call last):
  File "/home/user/DisasterAI/DisasterAI_Model.py", line 1315, in process_reward
    for cell in cells_to_relieve:
                ^^^^^^^^^^^^^^^^
NameError: name 'cells_to_relieve' is not defined
ERROR in Agent H_37 process_reward at tick 37: name 'cells_to_relieve' is not defined
Traceback (most recent call last):
  File "/home/user/DisasterAI/DisasterAI_Model.py", line 1315, in process_reward
    for cell in cells_to_relieve:
                ^^^^^^^^^^^^^^^^
NameError: name 'cells_to_relieve' is not defined
ERROR in Agent H_38 process_reward at tick 37: name 'cells_to_relieve' is not defined
Traceback (most recent call last):
  File "/home/user/DisasterAI/DisasterAI_Model.py", line 1315, in process_reward
    for cell in cells_to_relieve:
                ^^^^^^^^^^^^^^^^
NameError: name 'cells_to_relieve' is not defined
ERROR in Agent H_0 process_reward at tick 37: name 'cells_to_relieve' is not defined
Traceback (most recent call last):
  File "/home/user/DisasterAI/DisasterAI_Model.py", line 1315, in process_reward
    for cell in cells_to_relieve:
                ^^^^^^^^^^^^^^^^
NameError: name 'cells_to_relieve' is not defined
ERROR in Agent H_36 process_reward at tick 37: name 'cells_to_relieve' is not defined
Traceback (most recent call last):
  File "/home/user/DisasterAI/DisasterAI_Model.py", line 1315, in process_reward
    for cell in cells_to_relieve:
                ^^^^^^^^^^^^^^^^
NameError: name 'cells_to_relieve' is not defined
ERROR in Agent H_43 process_reward at tick 38: name 'cells_to_relieve' is not defined
Traceback (most recent call last):
  File "/home/user/DisasterAI/DisasterAI_Model.py", line 1315, in process_reward
    for cell in cells_to_relieve:
                ^^^^^^^^^^^^^^^^
NameError: name 'cells_to_relieve' is not defined
ERROR in Agent H_5 process_reward at tick 38: name 'cells_to_relieve' is not defined
Traceback (most recent call last):
  File "/home/user/DisasterAI/DisasterAI_Model.py", line 1315, in process_reward
    for cell in cells_to_relieve:
                ^^^^^^^^^^^^^^^^
NameError: name 'cells_to_relieve' is not defined
ERROR in Agent H_18 process_reward at tick 38: name 'cells_to_relieve' is not defined
Traceback (most recent call last):
  File "/home/user/DisasterAI/DisasterAI_Model.py", line 1315, in process_reward
    for cell in cells_to_relieve:
                ^^^^^^^^^^^^^^^^
NameError: name 'cells_to_relieve' is not defined
ERROR in Agent H_8 process_reward at tick 38: name 'cells_to_relieve' is not defined
Traceback (most recent call last):
  File "/home/user/DisasterAI/DisasterAI_Model.py", line 1315, in process_reward
    for cell in cells_to_relieve:
                ^^^^^^^^^^^^^^^^
NameError: name 'cells_to_relieve' is not defined
ERROR in Agent H_16 process_reward at tick 38: name 'cells_to_relieve' is not defined
Traceback (most recent call last):
  File "/home/user/DisasterAI/DisasterAI_Model.py", line 1315, in process_reward
    for cell in cells_to_relieve:
                ^^^^^^^^^^^^^^^^
NameError: name 'cells_to_relieve' is not defined
ERROR in Agent H_7 process_reward at tick 38: name 'cells_to_relieve' is not defined
Traceback (most recent call last):
  File "/home/user/DisasterAI/DisasterAI_Model.py", line 1315, in process_reward
    for cell in cells_to_relieve:
                ^^^^^^^^^^^^^^^^
NameError: name 'cells_to_relieve' is not defined
ERROR in Agent H_38 process_reward at tick 38: name 'cells_to_relieve' is not defined
Traceback (most recent call last):
  File "/home/user/DisasterAI/DisasterAI_Model.py", line 1315, in process_reward
    for cell in cells_to_relieve:
                ^^^^^^^^^^^^^^^^
NameError: name 'cells_to_relieve' is not defined
ERROR in Agent H_17 process_reward at tick 38: name 'cells_to_relieve' is not defined
Traceback (most recent call last):
  File "/home/user/DisasterAI/DisasterAI_Model.py", line 1315, in process_reward
    for cell in cells_to_relieve:
                ^^^^^^^^^^^^^^^^
NameError: name 'cells_to_relieve' is not defined
ERROR in Agent H_33 process_reward at tick 38: name 'cells_to_relieve' is not defined
Traceback (most recent call last):
  File "/home/user/DisasterAI/DisasterAI_Model.py", line 1315, in process_reward
    for cell in cells_to_relieve:
                ^^^^^^^^^^^^^^^^
NameError: name 'cells_to_relieve' is not defined
ERROR in Agent H_15 process_reward at tick 38: name 'cells_to_relieve' is not defined
Traceback (most recent call last):
  File "/home/user/DisasterAI/DisasterAI_Model.py", line 1315, in process_reward
    for cell in cells_to_relieve:
                ^^^^^^^^^^^^^^^^
NameError: name 'cells_to_relieve' is not defined
ERROR in Agent H_31 process_reward at tick 38: name 'cells_to_relieve' is not defined
Traceback (most recent call last):
  File "/home/user/DisasterAI/DisasterAI_Model.py", line 1315, in process_reward
    for cell in cells_to_relieve:
                ^^^^^^^^^^^^^^^^
NameError: name 'cells_to_relieve' is not defined
ERROR in Agent H_3 process_reward at tick 38: name 'cells_to_relieve' is not defined
Traceback (most recent call last):
  File "/home/user/DisasterAI/DisasterAI_Model.py", line 1315, in process_reward
    for cell in cells_to_relieve:
                ^^^^^^^^^^^^^^^^
NameError: name 'cells_to_relieve' is not defined
ERROR in Agent H_30 process_reward at tick 38: name 'cells_to_relieve' is not defined
Traceback (most recent call last):
  File "/home/user/DisasterAI/DisasterAI_Model.py", line 1315, in process_reward
    for cell in cells_to_relieve:
                ^^^^^^^^^^^^^^^^
NameError: name 'cells_to_relieve' is not defined
ERROR in Agent H_28 process_reward at tick 38: name 'cells_to_relieve' is not defined
Traceback (most recent call last):
  File "/home/user/DisasterAI/DisasterAI_Model.py", line 1315, in process_reward
    for cell in cells_to_relieve:
                ^^^^^^^^^^^^^^^^
NameError: name 'cells_to_relieve' is not defined
ERROR in Agent H_13 process_reward at tick 38: name 'cells_to_relieve' is not defined
Traceback (most recent call last):
  File "/home/user/DisasterAI/DisasterAI_Model.py", line 1315, in process_reward
    for cell in cells_to_relieve:
                ^^^^^^^^^^^^^^^^
NameError: name 'cells_to_relieve' is not defined
ERROR in Agent H_47 process_reward at tick 38: name 'cells_to_relieve' is not defined
Traceback (most recent call last):
  File "/home/user/DisasterAI/DisasterAI_Model.py", line 1315, in process_reward
    for cell in cells_to_relieve:
                ^^^^^^^^^^^^^^^^
NameError: name 'cells_to_relieve' is not defined
ERROR in Agent H_25 process_reward at tick 38: name 'cells_to_relieve' is not defined
Traceback (most recent call last):
  File "/home/user/DisasterAI/DisasterAI_Model.py", line 1315, in process_reward
    for cell in cells_to_relieve:
                ^^^^^^^^^^^^^^^^
NameError: name 'cells_to_relieve' is not defined
ERROR in Agent H_32 process_reward at tick 38: name 'cells_to_relieve' is not defined
Traceback (most recent call last):
  File "/home/user/DisasterAI/DisasterAI_Model.py", line 1315, in process_reward
    for cell in cells_to_relieve:
                ^^^^^^^^^^^^^^^^
NameError: name 'cells_to_relieve' is not defined
ERROR in Agent H_26 process_reward at tick 38: name 'cells_to_relieve' is not defined
Traceback (most recent call last):
  File "/home/user/DisasterAI/DisasterAI_Model.py", line 1315, in process_reward
    for cell in cells_to_relieve:
                ^^^^^^^^^^^^^^^^
NameError: name 'cells_to_relieve' is not defined
ERROR in Agent H_22 process_reward at tick 38: name 'cells_to_relieve' is not defined
Traceback (most recent call last):
  File "/home/user/DisasterAI/DisasterAI_Model.py", line 1315, in process_reward
    for cell in cells_to_relieve:
                ^^^^^^^^^^^^^^^^
NameError: name 'cells_to_relieve' is not defined
ERROR in Agent H_14 process_reward at tick 38: name 'cells_to_relieve' is not defined
Traceback (most recent call last):
  File "/home/user/DisasterAI/DisasterAI_Model.py", line 1315, in process_reward
    for cell in cells_to_relieve:
                ^^^^^^^^^^^^^^^^
NameError: name 'cells_to_relieve' is not defined
ERROR in Agent H_19 process_reward at tick 38: name 'cells_to_relieve' is not defined
Traceback (most recent call last):
  File "/home/user/DisasterAI/DisasterAI_Model.py", line 1315, in process_reward
    for cell in cells_to_relieve:
                ^^^^^^^^^^^^^^^^
NameError: name 'cells_to_relieve' is not defined
ERROR in Agent H_23 process_reward at tick 38: name 'cells_to_relieve' is not defined
Traceback (most recent call last):
  File "/home/user/DisasterAI/DisasterAI_Model.py", line 1315, in process_reward
    for cell in cells_to_relieve:
                ^^^^^^^^^^^^^^^^
NameError: name 'cells_to_relieve' is not defined
ERROR in Agent H_27 process_reward at tick 38: name 'cells_to_relieve' is not defined
Traceback (most recent call last):
  File "/home/user/DisasterAI/DisasterAI_Model.py", line 1315, in process_reward
    for cell in cells_to_relieve:
                ^^^^^^^^^^^^^^^^
NameError: name 'cells_to_relieve' is not defined
ERROR in Agent H_42 process_reward at tick 38: name 'cells_to_relieve' is not defined
Traceback (most recent call last):
  File "/home/user/DisasterAI/DisasterAI_Model.py", line 1315, in process_reward
    for cell in cells_to_relieve:
                ^^^^^^^^^^^^^^^^
NameError: name 'cells_to_relieve' is not defined
ERROR in Agent H_36 process_reward at tick 38: name 'cells_to_relieve' is not defined
Traceback (most recent call last):
  File "/home/user/DisasterAI/DisasterAI_Model.py", line 1315, in process_reward
    for cell in cells_to_relieve:
                ^^^^^^^^^^^^^^^^
NameError: name 'cells_to_relieve' is not defined
ERROR in Agent H_49 process_reward at tick 38: name 'cells_to_relieve' is not defined
Traceback (most recent call last):
  File "/home/user/DisasterAI/DisasterAI_Model.py", line 1315, in process_reward
    for cell in cells_to_relieve:
                ^^^^^^^^^^^^^^^^
NameError: name 'cells_to_relieve' is not defined
ERROR in Agent H_44 process_reward at tick 38: name 'cells_to_relieve' is not defined
Traceback (most recent call last):
  File "/home/user/DisasterAI/DisasterAI_Model.py", line 1315, in process_reward
    for cell in cells_to_relieve:
                ^^^^^^^^^^^^^^^^
NameError: name 'cells_to_relieve' is not defined
ERROR in Agent H_24 process_reward at tick 39: name 'cells_to_relieve' is not defined
Traceback (most recent call last):
  File "/home/user/DisasterAI/DisasterAI_Model.py", line 1315, in process_reward
    for cell in cells_to_relieve:
                ^^^^^^^^^^^^^^^^
NameError: name 'cells_to_relieve' is not defined
ERROR in Agent H_29 process_reward at tick 39: name 'cells_to_relieve' is not defined
Traceback (most recent call last):
  File "/home/user/DisasterAI/DisasterAI_Model.py", line 1315, in process_reward
    for cell in cells_to_relieve:
                ^^^^^^^^^^^^^^^^
NameError: name 'cells_to_relieve' is not defined
ERROR in Agent H_20 process_reward at tick 39: name 'cells_to_relieve' is not defined
Traceback (most recent call last):
  File "/home/user/DisasterAI/DisasterAI_Model.py", line 1315, in process_reward
    for cell in cells_to_relieve:
                ^^^^^^^^^^^^^^^^
NameError: name 'cells_to_relieve' is not defined
ERROR in Agent H_36 process_reward at tick 39: name 'cells_to_relieve' is not defined
Traceback (most recent call last):
  File "/home/user/DisasterAI/DisasterAI_Model.py", line 1315, in process_reward
    for cell in cells_to_relieve:
                ^^^^^^^^^^^^^^^^
NameError: name 'cells_to_relieve' is not defined
ERROR in Agent H_14 process_reward at tick 39: name 'cells_to_relieve' is not defined
Traceback (most recent call last):
  File "/home/user/DisasterAI/DisasterAI_Model.py", line 1315, in process_reward
    for cell in cells_to_relieve:
                ^^^^^^^^^^^^^^^^
NameError: name 'cells_to_relieve' is not defined
ERROR in Agent H_0 process_reward at tick 39: name 'cells_to_relieve' is not defined
Traceback (most recent call last):
  File "/home/user/DisasterAI/DisasterAI_Model.py", line 1315, in process_reward
    for cell in cells_to_relieve:
                ^^^^^^^^^^^^^^^^
NameError: name 'cells_to_relieve' is not defined
ERROR in Agent H_5 process_reward at tick 39: name 'cells_to_relieve' is not defined
Traceback (most recent call last):
  File "/home/user/DisasterAI/DisasterAI_Model.py", line 1315, in process_reward
    for cell in cells_to_relieve:
                ^^^^^^^^^^^^^^^^
NameError: name 'cells_to_relieve' is not defined
ERROR in Agent H_41 process_reward at tick 39: name 'cells_to_relieve' is not defined
Traceback (most recent call last):
  File "/home/user/DisasterAI/DisasterAI_Model.py", line 1315, in process_reward
    for cell in cells_to_relieve:
                ^^^^^^^^^^^^^^^^
NameError: name 'cells_to_relieve' is not defined
ERROR in Agent H_10 process_reward at tick 39: name 'cells_to_relieve' is not defined
Traceback (most recent call last):
  File "/home/user/DisasterAI/DisasterAI_Model.py", line 1315, in process_reward
    for cell in cells_to_relieve:
                ^^^^^^^^^^^^^^^^
NameError: name 'cells_to_relieve' is not defined
ERROR in Agent H_16 process_reward at tick 39: name 'cells_to_relieve' is not defined
Traceback (most recent call last):
  File "/home/user/DisasterAI/DisasterAI_Model.py", line 1315, in process_reward
    for cell in cells_to_relieve:
                ^^^^^^^^^^^^^^^^
NameError: name 'cells_to_relieve' is not defined
ERROR in Agent H_6 process_reward at tick 39: name 'cells_to_relieve' is not defined
Traceback (most recent call last):
  File "/home/user/DisasterAI/DisasterAI_Model.py", line 1315, in process_reward
    for cell in cells_to_relieve:
                ^^^^^^^^^^^^^^^^
NameError: name 'cells_to_relieve' is not defined
ERROR in Agent H_27 process_reward at tick 39: name 'cells_to_relieve' is not defined
Traceback (most recent call last):
  File "/home/user/DisasterAI/DisasterAI_Model.py", line 1315, in process_reward
    for cell in cells_to_relieve:
                ^^^^^^^^^^^^^^^^
NameError: name 'cells_to_relieve' is not defined
ERROR in Agent H_1 process_reward at tick 39: name 'cells_to_relieve' is not defined
Traceback (most recent call last):
  File "/home/user/DisasterAI/DisasterAI_Model.py", line 1315, in process_reward
    for cell in cells_to_relieve:
                ^^^^^^^^^^^^^^^^
NameError: name 'cells_to_relieve' is not defined
ERROR in Agent H_15 process_reward at tick 39: name 'cells_to_relieve' is not defined
Traceback (most recent call last):
  File "/home/user/DisasterAI/DisasterAI_Model.py", line 1315, in process_reward
    for cell in cells_to_relieve:
                ^^^^^^^^^^^^^^^^
NameError: name 'cells_to_relieve' is not defined
ERROR in Agent H_17 process_reward at tick 39: name 'cells_to_relieve' is not defined
Traceback (most recent call last):
  File "/home/user/DisasterAI/DisasterAI_Model.py", line 1315, in process_reward
    for cell in cells_to_relieve:
                ^^^^^^^^^^^^^^^^
NameError: name 'cells_to_relieve' is not defined
ERROR in Agent H_32 process_reward at tick 39: name 'cells_to_relieve' is not defined
Traceback (most recent call last):
  File "/home/user/DisasterAI/DisasterAI_Model.py", line 1315, in process_reward
    for cell in cells_to_relieve:
                ^^^^^^^^^^^^^^^^
NameError: name 'cells_to_relieve' is not defined
ERROR in Agent H_11 process_reward at tick 39: name 'cells_to_relieve' is not defined
Traceback (most recent call last):
  File "/home/user/DisasterAI/DisasterAI_Model.py", line 1315, in process_reward
    for cell in cells_to_relieve:
                ^^^^^^^^^^^^^^^^
NameError: name 'cells_to_relieve' is not defined
ERROR in Agent H_28 process_reward at tick 39: name 'cells_to_relieve' is not defined
Traceback (most recent call last):
  File "/home/user/DisasterAI/DisasterAI_Model.py", line 1315, in process_reward
    for cell in cells_to_relieve:
                ^^^^^^^^^^^^^^^^
NameError: name 'cells_to_relieve' is not defined
ERROR in Agent H_18 process_reward at tick 39: name 'cells_to_relieve' is not defined
Traceback (most recent call last):
  File "/home/user/DisasterAI/DisasterAI_Model.py", line 1315, in process_reward
    for cell in cells_to_relieve:
                ^^^^^^^^^^^^^^^^
NameError: name 'cells_to_relieve' is not defined
ERROR in Agent H_35 process_reward at tick 39: name 'cells_to_relieve' is not defined
Traceback (most recent call last):
  File "/home/user/DisasterAI/DisasterAI_Model.py", line 1315, in process_reward
    for cell in cells_to_relieve:
                ^^^^^^^^^^^^^^^^
NameError: name 'cells_to_relieve' is not defined
ERROR in Agent H_22 process_reward at tick 39: name 'cells_to_relieve' is not defined
Traceback (most recent call last):
  File "/home/user/DisasterAI/DisasterAI_Model.py", line 1315, in process_reward
    for cell in cells_to_relieve:
                ^^^^^^^^^^^^^^^^
NameError: name 'cells_to_relieve' is not defined
ERROR in Agent H_25 process_reward at tick 39: name 'cells_to_relieve' is not defined
Traceback (most recent call last):
  File "/home/user/DisasterAI/DisasterAI_Model.py", line 1315, in process_reward
    for cell in cells_to_relieve:
                ^^^^^^^^^^^^^^^^
NameError: name 'cells_to_relieve' is not defined
ERROR in Agent H_31 process_reward at tick 39: name 'cells_to_relieve' is not defined
Traceback (most recent call last):
  File "/home/user/DisasterAI/DisasterAI_Model.py", line 1315, in process_reward
    for cell in cells_to_relieve:
                ^^^^^^^^^^^^^^^^
NameError: name 'cells_to_relieve' is not defined
ERROR in Agent H_37 process_reward at tick 39: name 'cells_to_relieve' is not defined
Traceback (most recent call last):
  File "/home/user/DisasterAI/DisasterAI_Model.py", line 1315, in process_reward
    for cell in cells_to_relieve:
                ^^^^^^^^^^^^^^^^
NameError: name 'cells_to_relieve' is not defined
ERROR in Agent H_30 process_reward at tick 39: name 'cells_to_relieve' is not defined
Traceback (most recent call last):
  File "/home/user/DisasterAI/DisasterAI_Model.py", line 1315, in process_reward
    for cell in cells_to_relieve:
                ^^^^^^^^^^^^^^^^
NameError: name 'cells_to_relieve' is not defined
ERROR in Agent H_7 process_reward at tick 39: name 'cells_to_relieve' is not defined
Traceback (most recent call last):
  File "/home/user/DisasterAI/DisasterAI_Model.py", line 1315, in process_reward
    for cell in cells_to_relieve:
                ^^^^^^^^^^^^^^^^
NameError: name 'cells_to_relieve' is not defined
ERROR in Agent H_4 process_reward at tick 39: name 'cells_to_relieve' is not defined
Traceback (most recent call last):
  File "/home/user/DisasterAI/DisasterAI_Model.py", line 1315, in process_reward
    for cell in cells_to_relieve:
                ^^^^^^^^^^^^^^^^
NameError: name 'cells_to_relieve' is not defined
ERROR in Agent H_46 process_reward at tick 39: name 'cells_to_relieve' is not defined
Traceback (most recent call last):
  File "/home/user/DisasterAI/DisasterAI_Model.py", line 1315, in process_reward
    for cell in cells_to_relieve:
                ^^^^^^^^^^^^^^^^
NameError: name 'cells_to_relieve' is not defined
ERROR in Agent H_40 process_reward at tick 39: name 'cells_to_relieve' is not defined
Traceback (most recent call last):
  File "/home/user/DisasterAI/DisasterAI_Model.py", line 1315, in process_reward
    for cell in cells_to_relieve:
                ^^^^^^^^^^^^^^^^
NameError: name 'cells_to_relieve' is not defined
ERROR in Agent H_44 process_reward at tick 39: name 'cells_to_relieve' is not defined
Traceback (most recent call last):
  File "/home/user/DisasterAI/DisasterAI_Model.py", line 1315, in process_reward
    for cell in cells_to_relieve:
                ^^^^^^^^^^^^^^^^
NameError: name 'cells_to_relieve' is not defined
ERROR in Agent H_49 process_reward at tick 39: name 'cells_to_relieve' is not defined
Traceback (most recent call last):
  File "/home/user/DisasterAI/DisasterAI_Model.py", line 1315, in process_reward
    for cell in cells_to_relieve:
                ^^^^^^^^^^^^^^^^
NameError: name 'cells_to_relieve' is not defined
ERROR in Agent H_46 process_reward at tick 40: name 'cells_to_relieve' is not defined
Traceback (most recent call last):
  File "/home/user/DisasterAI/DisasterAI_Model.py", line 1315, in process_reward
    for cell in cells_to_relieve:
                ^^^^^^^^^^^^^^^^
NameError: name 'cells_to_relieve' is not defined
ERROR in Agent H_38 process_reward at tick 40: name 'cells_to_relieve' is not defined
Traceback (most recent call last):
  File "/home/user/DisasterAI/DisasterAI_Model.py", line 1315, in process_reward
    for cell in cells_to_relieve:
                ^^^^^^^^^^^^^^^^
NameError: name 'cells_to_relieve' is not defined
ERROR in Agent H_8 process_reward at tick 40: name 'cells_to_relieve' is not defined
Traceback (most recent call last):
  File "/home/user/DisasterAI/DisasterAI_Model.py", line 1315, in process_reward
    for cell in cells_to_relieve:
                ^^^^^^^^^^^^^^^^
NameError: name 'cells_to_relieve' is not defined
ERROR in Agent H_39 process_reward at tick 40: name 'cells_to_relieve' is not defined
Traceback (most recent call last):
  File "/home/user/DisasterAI/DisasterAI_Model.py", line 1315, in process_reward
    for cell in cells_to_relieve:
                ^^^^^^^^^^^^^^^^
NameError: name 'cells_to_relieve' is not defined
ERROR in Agent H_27 process_reward at tick 40: name 'cells_to_relieve' is not defined
Traceback (most recent call last):
  File "/home/user/DisasterAI/DisasterAI_Model.py", line 1315, in process_reward
    for cell in cells_to_relieve:
                ^^^^^^^^^^^^^^^^
NameError: name 'cells_to_relieve' is not defined
ERROR in Agent H_41 process_reward at tick 40: name 'cells_to_relieve' is not defined
Traceback (most recent call last):
  File "/home/user/DisasterAI/DisasterAI_Model.py", line 1315, in process_reward
    for cell in cells_to_relieve:
                ^^^^^^^^^^^^^^^^
NameError: name 'cells_to_relieve' is not defined
ERROR in Agent H_36 process_reward at tick 40: name 'cells_to_relieve' is not defined
Traceback (most recent call last):
  File "/home/user/DisasterAI/DisasterAI_Model.py", line 1315, in process_reward
    for cell in cells_to_relieve:
                ^^^^^^^^^^^^^^^^
NameError: name 'cells_to_relieve' is not defined
ERROR in Agent H_29 process_reward at tick 40: name 'cells_to_relieve' is not defined
Traceback (most recent call last):
  File "/home/user/DisasterAI/DisasterAI_Model.py", line 1315, in process_reward
    for cell in cells_to_relieve:
                ^^^^^^^^^^^^^^^^
NameError: name 'cells_to_relieve' is not defined
ERROR in Agent H_9 process_reward at tick 40: name 'cells_to_relieve' is not defined
Traceback (most recent call last):
  File "/home/user/DisasterAI/DisasterAI_Model.py", line 1315, in process_reward
    for cell in cells_to_relieve:
                ^^^^^^^^^^^^^^^^
NameError: name 'cells_to_relieve' is not defined
ERROR in Agent H_7 process_reward at tick 40: name 'cells_to_relieve' is not defined
Traceback (most recent call last):
  File "/home/user/DisasterAI/DisasterAI_Model.py", line 1315, in process_reward
    for cell in cells_to_relieve:
                ^^^^^^^^^^^^^^^^
NameError: name 'cells_to_relieve' is not defined
ERROR in Agent H_14 process_reward at tick 40: name 'cells_to_relieve' is not defined
Traceback (most recent call last):
  File "/home/user/DisasterAI/DisasterAI_Model.py", line 1315, in process_reward
    for cell in cells_to_relieve:
                ^^^^^^^^^^^^^^^^
NameError: name 'cells_to_relieve' is not defined
ERROR in Agent H_35 process_reward at tick 40: name 'cells_to_relieve' is not defined
Traceback (most recent call last):
  File "/home/user/DisasterAI/DisasterAI_Model.py", line 1315, in process_reward
    for cell in cells_to_relieve:
                ^^^^^^^^^^^^^^^^
NameError: name 'cells_to_relieve' is not defined
ERROR in Agent H_12 process_reward at tick 40: name 'cells_to_relieve' is not defined
Traceback (most recent call last):
  File "/home/user/DisasterAI/DisasterAI_Model.py", line 1315, in process_reward
    for cell in cells_to_relieve:
                ^^^^^^^^^^^^^^^^
NameError: name 'cells_to_relieve' is not defined
ERROR in Agent H_19 process_reward at tick 40: name 'cells_to_relieve' is not defined
Traceback (most recent call last):
  File "/home/user/DisasterAI/DisasterAI_Model.py", line 1315, in process_reward
    for cell in cells_to_relieve:
                ^^^^^^^^^^^^^^^^
NameError: name 'cells_to_relieve' is not defined
ERROR in Agent H_49 process_reward at tick 40: name 'cells_to_relieve' is not defined
Traceback (most recent call last):
  File "/home/user/DisasterAI/DisasterAI_Model.py", line 1315, in process_reward
    for cell in cells_to_relieve:
                ^^^^^^^^^^^^^^^^
NameError: name 'cells_to_relieve' is not defined
ERROR in Agent H_24 process_reward at tick 40: name 'cells_to_relieve' is not defined
Traceback (most recent call last):
  File "/home/user/DisasterAI/DisasterAI_Model.py", line 1315, in process_reward
    for cell in cells_to_relieve:
                ^^^^^^^^^^^^^^^^
NameError: name 'cells_to_relieve' is not defined
ERROR in Agent H_18 process_reward at tick 40: name 'cells_to_relieve' is not defined
Traceback (most recent call last):
  File "/home/user/DisasterAI/DisasterAI_Model.py", line 1315, in process_reward
    for cell in cells_to_relieve:
                ^^^^^^^^^^^^^^^^
NameError: name 'cells_to_relieve' is not defined
ERROR in Agent H_34 process_reward at tick 40: name 'cells_to_relieve' is not defined
Traceback (most recent call last):
  File "/home/user/DisasterAI/DisasterAI_Model.py", line 1315, in process_reward
    for cell in cells_to_relieve:
                ^^^^^^^^^^^^^^^^
NameError: name 'cells_to_relieve' is not defined
ERROR in Agent H_48 process_reward at tick 40: name 'cells_to_relieve' is not defined
Traceback (most recent call last):
  File "/home/user/DisasterAI/DisasterAI_Model.py", line 1315, in process_reward
    for cell in cells_to_relieve:
                ^^^^^^^^^^^^^^^^
NameError: name 'cells_to_relieve' is not defined
ERROR in Agent H_10 process_reward at tick 40: name 'cells_to_relieve' is not defined
Traceback (most recent call last):
  File "/home/user/DisasterAI/DisasterAI_Model.py", line 1315, in process_reward
    for cell in cells_to_relieve:
                ^^^^^^^^^^^^^^^^
NameError: name 'cells_to_relieve' is not defined
ERROR in Agent H_43 process_reward at tick 40: name 'cells_to_relieve' is not defined
Traceback (most recent call last):
  File "/home/user/DisasterAI/DisasterAI_Model.py", line 1315, in process_reward
    for cell in cells_to_relieve:
                ^^^^^^^^^^^^^^^^
NameError: name 'cells_to_relieve' is not defined
ERROR in Agent H_42 process_reward at tick 40: name 'cells_to_relieve' is not defined
Traceback (most recent call last):
  File "/home/user/DisasterAI/DisasterAI_Model.py", line 1315, in process_reward
    for cell in cells_to_relieve:
                ^^^^^^^^^^^^^^^^
NameError: name 'cells_to_relieve' is not defined
ERROR in Agent H_1 process_reward at tick 40: name 'cells_to_relieve' is not defined
Traceback (most recent call last):
  File "/home/user/DisasterAI/DisasterAI_Model.py", line 1315, in process_reward
    for cell in cells_to_relieve:
                ^^^^^^^^^^^^^^^^
NameError: name 'cells_to_relieve' is not defined
ERROR in Agent H_37 process_reward at tick 40: name 'cells_to_relieve' is not defined
Traceback (most recent call last):
  File "/home/user/DisasterAI/DisasterAI_Model.py", line 1315, in process_reward
    for cell in cells_to_relieve:
                ^^^^^^^^^^^^^^^^
NameError: name 'cells_to_relieve' is not defined
ERROR in Agent H_22 process_reward at tick 40: name 'cells_to_relieve' is not defined
Traceback (most recent call last):
  File "/home/user/DisasterAI/DisasterAI_Model.py", line 1315, in process_reward
    for cell in cells_to_relieve:
                ^^^^^^^^^^^^^^^^
NameError: name 'cells_to_relieve' is not defined
ERROR in Agent H_17 process_reward at tick 40: name 'cells_to_relieve' is not defined
Traceback (most recent call last):
  File "/home/user/DisasterAI/DisasterAI_Model.py", line 1315, in process_reward
    for cell in cells_to_relieve:
                ^^^^^^^^^^^^^^^^
NameError: name 'cells_to_relieve' is not defined
ERROR in Agent H_32 process_reward at tick 40: name 'cells_to_relieve' is not defined
Traceback (most recent call last):
  File "/home/user/DisasterAI/DisasterAI_Model.py", line 1315, in process_reward
    for cell in cells_to_relieve:
                ^^^^^^^^^^^^^^^^
NameError: name 'cells_to_relieve' is not defined
ERROR in Agent H_28 process_reward at tick 40: name 'cells_to_relieve' is not defined
Traceback (most recent call last):
  File "/home/user/DisasterAI/DisasterAI_Model.py", line 1315, in process_reward
    for cell in cells_to_relieve:
                ^^^^^^^^^^^^^^^^
NameError: name 'cells_to_relieve' is not defined
ERROR in Agent H_40 process_reward at tick 40: name 'cells_to_relieve' is not defined
Traceback (most recent call last):
  File "/home/user/DisasterAI/DisasterAI_Model.py", line 1315, in process_reward
    for cell in cells_to_relieve:
                ^^^^^^^^^^^^^^^^
NameError: name 'cells_to_relieve' is not defined

DEBUG: Starting AECI variance calculation at tick 40
  Found 0/50 AI-reliant agents
  Global belief variance: 0.0982
  WARNING: Invalid global variance (0.09817116000000002) or no AI-reliant agents
  Returning AECI variance tuple: (40, 0.0)
  Current aeci_variance_data length: 40
  Last 3 entries: [(38, 0.0), (39, 0.0), (40, 0.0)]

--- Retainment Diagnostics at Tick 40 ---
Agent H_0 (exploitative) retainment stats:
  accepted_human: 4, accepted_friend: 4, accepted_ai: 0
  retain_aeci: 0.00, retain_seci: 1.00
Agent H_1 (exploitative) retainment stats:
  accepted_human: 5, accepted_friend: 5, accepted_ai: 0
  retain_aeci: 0.00, retain_seci: 1.00
Agent H_2 (exploitative) retainment stats:
  accepted_human: 32, accepted_friend: 32, accepted_ai: 0
  retain_aeci: 0.00, retain_seci: 1.00
ERROR in Agent H_48 process_reward at tick 41: name 'cells_to_relieve' is not defined
Traceback (most recent call last):
  File "/home/user/DisasterAI/DisasterAI_Model.py", line 1315, in process_reward
    for cell in cells_to_relieve:
                ^^^^^^^^^^^^^^^^
NameError: name 'cells_to_relieve' is not defined
ERROR in Agent H_45 process_reward at tick 41: name 'cells_to_relieve' is not defined
Traceback (most recent call last):
  File "/home/user/DisasterAI/DisasterAI_Model.py", line 1315, in process_reward
    for cell in cells_to_relieve:
                ^^^^^^^^^^^^^^^^
NameError: name 'cells_to_relieve' is not defined
ERROR in Agent H_12 process_reward at tick 41: name 'cells_to_relieve' is not defined
Traceback (most recent call last):
  File "/home/user/DisasterAI/DisasterAI_Model.py", line 1315, in process_reward
    for cell in cells_to_relieve:
                ^^^^^^^^^^^^^^^^
NameError: name 'cells_to_relieve' is not defined
ERROR in Agent H_40 process_reward at tick 41: name 'cells_to_relieve' is not defined
Traceback (most recent call last):
  File "/home/user/DisasterAI/DisasterAI_Model.py", line 1315, in process_reward
    for cell in cells_to_relieve:
                ^^^^^^^^^^^^^^^^
NameError: name 'cells_to_relieve' is not defined
ERROR in Agent H_31 process_reward at tick 41: name 'cells_to_relieve' is not defined
Traceback (most recent call last):
  File "/home/user/DisasterAI/DisasterAI_Model.py", line 1315, in process_reward
    for cell in cells_to_relieve:
                ^^^^^^^^^^^^^^^^
NameError: name 'cells_to_relieve' is not defined
ERROR in Agent H_28 process_reward at tick 41: name 'cells_to_relieve' is not defined
Traceback (most recent call last):
  File "/home/user/DisasterAI/DisasterAI_Model.py", line 1315, in process_reward
    for cell in cells_to_relieve:
                ^^^^^^^^^^^^^^^^
NameError: name 'cells_to_relieve' is not defined
ERROR in Agent H_44 process_reward at tick 41: name 'cells_to_relieve' is not defined
Traceback (most recent call last):
  File "/home/user/DisasterAI/DisasterAI_Model.py", line 1315, in process_reward
    for cell in cells_to_relieve:
                ^^^^^^^^^^^^^^^^
NameError: name 'cells_to_relieve' is not defined
ERROR in Agent H_9 process_reward at tick 41: name 'cells_to_relieve' is not defined
Traceback (most recent call last):
  File "/home/user/DisasterAI/DisasterAI_Model.py", line 1315, in process_reward
    for cell in cells_to_relieve:
                ^^^^^^^^^^^^^^^^
NameError: name 'cells_to_relieve' is not defined
ERROR in Agent H_5 process_reward at tick 41: name 'cells_to_relieve' is not defined
Traceback (most recent call last):
  File "/home/user/DisasterAI/DisasterAI_Model.py", line 1315, in process_reward
    for cell in cells_to_relieve:
                ^^^^^^^^^^^^^^^^
NameError: name 'cells_to_relieve' is not defined
ERROR in Agent H_8 process_reward at tick 41: name 'cells_to_relieve' is not defined
Traceback (most recent call last):
  File "/home/user/DisasterAI/DisasterAI_Model.py", line 1315, in process_reward
    for cell in cells_to_relieve:
                ^^^^^^^^^^^^^^^^
NameError: name 'cells_to_relieve' is not defined
ERROR in Agent H_18 process_reward at tick 41: name 'cells_to_relieve' is not defined
Traceback (most recent call last):
  File "/home/user/DisasterAI/DisasterAI_Model.py", line 1315, in process_reward
    for cell in cells_to_relieve:
                ^^^^^^^^^^^^^^^^
NameError: name 'cells_to_relieve' is not defined
ERROR in Agent H_33 process_reward at tick 41: name 'cells_to_relieve' is not defined
Traceback (most recent call last):
  File "/home/user/DisasterAI/DisasterAI_Model.py", line 1315, in process_reward
    for cell in cells_to_relieve:
                ^^^^^^^^^^^^^^^^
NameError: name 'cells_to_relieve' is not defined
ERROR in Agent H_20 process_reward at tick 41: name 'cells_to_relieve' is not defined
Traceback (most recent call last):
  File "/home/user/DisasterAI/DisasterAI_Model.py", line 1315, in process_reward
    for cell in cells_to_relieve:
                ^^^^^^^^^^^^^^^^
NameError: name 'cells_to_relieve' is not defined
ERROR in Agent H_34 process_reward at tick 41: name 'cells_to_relieve' is not defined
Traceback (most recent call last):
  File "/home/user/DisasterAI/DisasterAI_Model.py", line 1315, in process_reward
    for cell in cells_to_relieve:
                ^^^^^^^^^^^^^^^^
NameError: name 'cells_to_relieve' is not defined
ERROR in Agent H_43 process_reward at tick 41: name 'cells_to_relieve' is not defined
Traceback (most recent call last):
  File "/home/user/DisasterAI/DisasterAI_Model.py", line 1315, in process_reward
    for cell in cells_to_relieve:
                ^^^^^^^^^^^^^^^^
NameError: name 'cells_to_relieve' is not defined
ERROR in Agent H_6 process_reward at tick 41: name 'cells_to_relieve' is not defined
Traceback (most recent call last):
  File "/home/user/DisasterAI/DisasterAI_Model.py", line 1315, in process_reward
    for cell in cells_to_relieve:
                ^^^^^^^^^^^^^^^^
NameError: name 'cells_to_relieve' is not defined
ERROR in Agent H_16 process_reward at tick 41: name 'cells_to_relieve' is not defined
Traceback (most recent call last):
  File "/home/user/DisasterAI/DisasterAI_Model.py", line 1315, in process_reward
    for cell in cells_to_relieve:
                ^^^^^^^^^^^^^^^^
NameError: name 'cells_to_relieve' is not defined
ERROR in Agent H_10 process_reward at tick 41: name 'cells_to_relieve' is not defined
Traceback (most recent call last):
  File "/home/user/DisasterAI/DisasterAI_Model.py", line 1315, in process_reward
    for cell in cells_to_relieve:
                ^^^^^^^^^^^^^^^^
NameError: name 'cells_to_relieve' is not defined
ERROR in Agent H_24 process_reward at tick 41: name 'cells_to_relieve' is not defined
Traceback (most recent call last):
  File "/home/user/DisasterAI/DisasterAI_Model.py", line 1315, in process_reward
    for cell in cells_to_relieve:
                ^^^^^^^^^^^^^^^^
NameError: name 'cells_to_relieve' is not defined
ERROR in Agent H_38 process_reward at tick 41: name 'cells_to_relieve' is not defined
Traceback (most recent call last):
  File "/home/user/DisasterAI/DisasterAI_Model.py", line 1315, in process_reward
    for cell in cells_to_relieve:
                ^^^^^^^^^^^^^^^^
NameError: name 'cells_to_relieve' is not defined
ERROR in Agent H_27 process_reward at tick 41: name 'cells_to_relieve' is not defined
Traceback (most recent call last):
  File "/home/user/DisasterAI/DisasterAI_Model.py", line 1315, in process_reward
    for cell in cells_to_relieve:
                ^^^^^^^^^^^^^^^^
NameError: name 'cells_to_relieve' is not defined
ERROR in Agent H_47 process_reward at tick 41: name 'cells_to_relieve' is not defined
Traceback (most recent call last):
  File "/home/user/DisasterAI/DisasterAI_Model.py", line 1315, in process_reward
    for cell in cells_to_relieve:
                ^^^^^^^^^^^^^^^^
NameError: name 'cells_to_relieve' is not defined
ERROR in Agent H_30 process_reward at tick 41: name 'cells_to_relieve' is not defined
Traceback (most recent call last):
  File "/home/user/DisasterAI/DisasterAI_Model.py", line 1315, in process_reward
    for cell in cells_to_relieve:
                ^^^^^^^^^^^^^^^^
NameError: name 'cells_to_relieve' is not defined
ERROR in Agent H_17 process_reward at tick 41: name 'cells_to_relieve' is not defined
Traceback (most recent call last):
  File "/home/user/DisasterAI/DisasterAI_Model.py", line 1315, in process_reward
    for cell in cells_to_relieve:
                ^^^^^^^^^^^^^^^^
NameError: name 'cells_to_relieve' is not defined
ERROR in Agent H_14 process_reward at tick 41: name 'cells_to_relieve' is not defined
Traceback (most recent call last):
  File "/home/user/DisasterAI/DisasterAI_Model.py", line 1315, in process_reward
    for cell in cells_to_relieve:
                ^^^^^^^^^^^^^^^^
NameError: name 'cells_to_relieve' is not defined
ERROR in Agent H_41 process_reward at tick 41: name 'cells_to_relieve' is not defined
Traceback (most recent call last):
  File "/home/user/DisasterAI/DisasterAI_Model.py", line 1315, in process_reward
    for cell in cells_to_relieve:
                ^^^^^^^^^^^^^^^^
NameError: name 'cells_to_relieve' is not defined
ERROR in Agent H_0 process_reward at tick 41: name 'cells_to_relieve' is not defined
Traceback (most recent call last):
  File "/home/user/DisasterAI/DisasterAI_Model.py", line 1315, in process_reward
    for cell in cells_to_relieve:
                ^^^^^^^^^^^^^^^^
NameError: name 'cells_to_relieve' is not defined
ERROR in Agent H_27 process_reward at tick 42: name 'cells_to_relieve' is not defined
Traceback (most recent call last):
  File "/home/user/DisasterAI/DisasterAI_Model.py", line 1315, in process_reward
    for cell in cells_to_relieve:
                ^^^^^^^^^^^^^^^^
NameError: name 'cells_to_relieve' is not defined
ERROR in Agent H_20 process_reward at tick 42: name 'cells_to_relieve' is not defined
Traceback (most recent call last):
  File "/home/user/DisasterAI/DisasterAI_Model.py", line 1315, in process_reward
    for cell in cells_to_relieve:
                ^^^^^^^^^^^^^^^^
NameError: name 'cells_to_relieve' is not defined
ERROR in Agent H_30 process_reward at tick 42: name 'cells_to_relieve' is not defined
Traceback (most recent call last):
  File "/home/user/DisasterAI/DisasterAI_Model.py", line 1315, in process_reward
    for cell in cells_to_relieve:
                ^^^^^^^^^^^^^^^^
NameError: name 'cells_to_relieve' is not defined
ERROR in Agent H_19 process_reward at tick 42: name 'cells_to_relieve' is not defined
Traceback (most recent call last):
  File "/home/user/DisasterAI/DisasterAI_Model.py", line 1315, in process_reward
    for cell in cells_to_relieve:
                ^^^^^^^^^^^^^^^^
NameError: name 'cells_to_relieve' is not defined
ERROR in Agent H_37 process_reward at tick 42: name 'cells_to_relieve' is not defined
Traceback (most recent call last):
  File "/home/user/DisasterAI/DisasterAI_Model.py", line 1315, in process_reward
    for cell in cells_to_relieve:
                ^^^^^^^^^^^^^^^^
NameError: name 'cells_to_relieve' is not defined
ERROR in Agent H_44 process_reward at tick 42: name 'cells_to_relieve' is not defined
Traceback (most recent call last):
  File "/home/user/DisasterAI/DisasterAI_Model.py", line 1315, in process_reward
    for cell in cells_to_relieve:
                ^^^^^^^^^^^^^^^^
NameError: name 'cells_to_relieve' is not defined
ERROR in Agent H_45 process_reward at tick 42: name 'cells_to_relieve' is not defined
Traceback (most recent call last):
  File "/home/user/DisasterAI/DisasterAI_Model.py", line 1315, in process_reward
    for cell in cells_to_relieve:
                ^^^^^^^^^^^^^^^^
NameError: name 'cells_to_relieve' is not defined
ERROR in Agent H_2 process_reward at tick 42: name 'cells_to_relieve' is not defined
Traceback (most recent call last):
  File "/home/user/DisasterAI/DisasterAI_Model.py", line 1315, in process_reward
    for cell in cells_to_relieve:
                ^^^^^^^^^^^^^^^^
NameError: name 'cells_to_relieve' is not defined
ERROR in Agent H_7 process_reward at tick 42: name 'cells_to_relieve' is not defined
Traceback (most recent call last):
  File "/home/user/DisasterAI/DisasterAI_Model.py", line 1315, in process_reward
    for cell in cells_to_relieve:
                ^^^^^^^^^^^^^^^^
NameError: name 'cells_to_relieve' is not defined
ERROR in Agent H_36 process_reward at tick 42: name 'cells_to_relieve' is not defined
Traceback (most recent call last):
  File "/home/user/DisasterAI/DisasterAI_Model.py", line 1315, in process_reward
    for cell in cells_to_relieve:
                ^^^^^^^^^^^^^^^^
NameError: name 'cells_to_relieve' is not defined
ERROR in Agent H_9 process_reward at tick 42: name 'cells_to_relieve' is not defined
Traceback (most recent call last):
  File "/home/user/DisasterAI/DisasterAI_Model.py", line 1315, in process_reward
    for cell in cells_to_relieve:
                ^^^^^^^^^^^^^^^^
NameError: name 'cells_to_relieve' is not defined
ERROR in Agent H_49 process_reward at tick 42: name 'cells_to_relieve' is not defined
Traceback (most recent call last):
  File "/home/user/DisasterAI/DisasterAI_Model.py", line 1315, in process_reward
    for cell in cells_to_relieve:
                ^^^^^^^^^^^^^^^^
NameError: name 'cells_to_relieve' is not defined
ERROR in Agent H_46 process_reward at tick 42: name 'cells_to_relieve' is not defined
Traceback (most recent call last):
  File "/home/user/DisasterAI/DisasterAI_Model.py", line 1315, in process_reward
    for cell in cells_to_relieve:
                ^^^^^^^^^^^^^^^^
NameError: name 'cells_to_relieve' is not defined
ERROR in Agent H_32 process_reward at tick 42: name 'cells_to_relieve' is not defined
Traceback (most recent call last):
  File "/home/user/DisasterAI/DisasterAI_Model.py", line 1315, in process_reward
    for cell in cells_to_relieve:
                ^^^^^^^^^^^^^^^^
NameError: name 'cells_to_relieve' is not defined
ERROR in Agent H_48 process_reward at tick 42: name 'cells_to_relieve' is not defined
Traceback (most recent call last):
  File "/home/user/DisasterAI/DisasterAI_Model.py", line 1315, in process_reward
    for cell in cells_to_relieve:
                ^^^^^^^^^^^^^^^^
NameError: name 'cells_to_relieve' is not defined
ERROR in Agent H_1 process_reward at tick 42: name 'cells_to_relieve' is not defined
Traceback (most recent call last):
  File "/home/user/DisasterAI/DisasterAI_Model.py", line 1315, in process_reward
    for cell in cells_to_relieve:
                ^^^^^^^^^^^^^^^^
NameError: name 'cells_to_relieve' is not defined
ERROR in Agent H_10 process_reward at tick 42: name 'cells_to_relieve' is not defined
Traceback (most recent call last):
  File "/home/user/DisasterAI/DisasterAI_Model.py", line 1315, in process_reward
    for cell in cells_to_relieve:
                ^^^^^^^^^^^^^^^^
NameError: name 'cells_to_relieve' is not defined
ERROR in Agent H_42 process_reward at tick 42: name 'cells_to_relieve' is not defined
Traceback (most recent call last):
  File "/home/user/DisasterAI/DisasterAI_Model.py", line 1315, in process_reward
    for cell in cells_to_relieve:
                ^^^^^^^^^^^^^^^^
NameError: name 'cells_to_relieve' is not defined
ERROR in Agent H_39 process_reward at tick 42: name 'cells_to_relieve' is not defined
Traceback (most recent call last):
  File "/home/user/DisasterAI/DisasterAI_Model.py", line 1315, in process_reward
    for cell in cells_to_relieve:
                ^^^^^^^^^^^^^^^^
NameError: name 'cells_to_relieve' is not defined
ERROR in Agent H_35 process_reward at tick 42: name 'cells_to_relieve' is not defined
Traceback (most recent call last):
  File "/home/user/DisasterAI/DisasterAI_Model.py", line 1315, in process_reward
    for cell in cells_to_relieve:
                ^^^^^^^^^^^^^^^^
NameError: name 'cells_to_relieve' is not defined
ERROR in Agent H_6 process_reward at tick 42: name 'cells_to_relieve' is not defined
Traceback (most recent call last):
  File "/home/user/DisasterAI/DisasterAI_Model.py", line 1315, in process_reward
    for cell in cells_to_relieve:
                ^^^^^^^^^^^^^^^^
NameError: name 'cells_to_relieve' is not defined
ERROR in Agent H_26 process_reward at tick 42: name 'cells_to_relieve' is not defined
Traceback (most recent call last):
  File "/home/user/DisasterAI/DisasterAI_Model.py", line 1315, in process_reward
    for cell in cells_to_relieve:
                ^^^^^^^^^^^^^^^^
NameError: name 'cells_to_relieve' is not defined
ERROR in Agent H_41 process_reward at tick 42: name 'cells_to_relieve' is not defined
Traceback (most recent call last):
  File "/home/user/DisasterAI/DisasterAI_Model.py", line 1315, in process_reward
    for cell in cells_to_relieve:
                ^^^^^^^^^^^^^^^^
NameError: name 'cells_to_relieve' is not defined
ERROR in Agent H_24 process_reward at tick 42: name 'cells_to_relieve' is not defined
Traceback (most recent call last):
  File "/home/user/DisasterAI/DisasterAI_Model.py", line 1315, in process_reward
    for cell in cells_to_relieve:
                ^^^^^^^^^^^^^^^^
NameError: name 'cells_to_relieve' is not defined
ERROR in Agent H_11 process_reward at tick 42: name 'cells_to_relieve' is not defined
Traceback (most recent call last):
  File "/home/user/DisasterAI/DisasterAI_Model.py", line 1315, in process_reward
    for cell in cells_to_relieve:
                ^^^^^^^^^^^^^^^^
NameError: name 'cells_to_relieve' is not defined
ERROR in Agent H_5 process_reward at tick 42: name 'cells_to_relieve' is not defined
Traceback (most recent call last):
  File "/home/user/DisasterAI/DisasterAI_Model.py", line 1315, in process_reward
    for cell in cells_to_relieve:
                ^^^^^^^^^^^^^^^^
NameError: name 'cells_to_relieve' is not defined
ERROR in Agent H_21 process_reward at tick 42: name 'cells_to_relieve' is not defined
Traceback (most recent call last):
  File "/home/user/DisasterAI/DisasterAI_Model.py", line 1315, in process_reward
    for cell in cells_to_relieve:
                ^^^^^^^^^^^^^^^^
NameError: name 'cells_to_relieve' is not defined
ERROR in Agent H_38 process_reward at tick 42: name 'cells_to_relieve' is not defined
Traceback (most recent call last):
  File "/home/user/DisasterAI/DisasterAI_Model.py", line 1315, in process_reward
    for cell in cells_to_relieve:
                ^^^^^^^^^^^^^^^^
NameError: name 'cells_to_relieve' is not defined
ERROR in Agent H_12 process_reward at tick 42: name 'cells_to_relieve' is not defined
Traceback (most recent call last):
  File "/home/user/DisasterAI/DisasterAI_Model.py", line 1315, in process_reward
    for cell in cells_to_relieve:
                ^^^^^^^^^^^^^^^^
NameError: name 'cells_to_relieve' is not defined
ERROR in Agent H_29 process_reward at tick 42: name 'cells_to_relieve' is not defined
Traceback (most recent call last):
  File "/home/user/DisasterAI/DisasterAI_Model.py", line 1315, in process_reward
    for cell in cells_to_relieve:
                ^^^^^^^^^^^^^^^^
NameError: name 'cells_to_relieve' is not defined
ERROR in Agent H_16 process_reward at tick 42: name 'cells_to_relieve' is not defined
Traceback (most recent call last):
  File "/home/user/DisasterAI/DisasterAI_Model.py", line 1315, in process_reward
    for cell in cells_to_relieve:
                ^^^^^^^^^^^^^^^^
NameError: name 'cells_to_relieve' is not defined
ERROR in Agent H_3 process_reward at tick 42: name 'cells_to_relieve' is not defined
Traceback (most recent call last):
  File "/home/user/DisasterAI/DisasterAI_Model.py", line 1315, in process_reward
    for cell in cells_to_relieve:
                ^^^^^^^^^^^^^^^^
NameError: name 'cells_to_relieve' is not defined
ERROR in Agent H_1 process_reward at tick 43: name 'cells_to_relieve' is not defined
Traceback (most recent call last):
  File "/home/user/DisasterAI/DisasterAI_Model.py", line 1315, in process_reward
    for cell in cells_to_relieve:
                ^^^^^^^^^^^^^^^^
NameError: name 'cells_to_relieve' is not defined
ERROR in Agent H_33 process_reward at tick 43: name 'cells_to_relieve' is not defined
Traceback (most recent call last):
  File "/home/user/DisasterAI/DisasterAI_Model.py", line 1315, in process_reward
    for cell in cells_to_relieve:
                ^^^^^^^^^^^^^^^^
NameError: name 'cells_to_relieve' is not defined
ERROR in Agent H_49 process_reward at tick 43: name 'cells_to_relieve' is not defined
Traceback (most recent call last):
  File "/home/user/DisasterAI/DisasterAI_Model.py", line 1315, in process_reward
    for cell in cells_to_relieve:
                ^^^^^^^^^^^^^^^^
NameError: name 'cells_to_relieve' is not defined
ERROR in Agent H_0 process_reward at tick 43: name 'cells_to_relieve' is not defined
Traceback (most recent call last):
  File "/home/user/DisasterAI/DisasterAI_Model.py", line 1315, in process_reward
    for cell in cells_to_relieve:
                ^^^^^^^^^^^^^^^^
NameError: name 'cells_to_relieve' is not defined
ERROR in Agent H_8 process_reward at tick 43: name 'cells_to_relieve' is not defined
Traceback (most recent call last):
  File "/home/user/DisasterAI/DisasterAI_Model.py", line 1315, in process_reward
    for cell in cells_to_relieve:
                ^^^^^^^^^^^^^^^^
NameError: name 'cells_to_relieve' is not defined
ERROR in Agent H_45 process_reward at tick 43: name 'cells_to_relieve' is not defined
Traceback (most recent call last):
  File "/home/user/DisasterAI/DisasterAI_Model.py", line 1315, in process_reward
    for cell in cells_to_relieve:
                ^^^^^^^^^^^^^^^^
NameError: name 'cells_to_relieve' is not defined
ERROR in Agent H_26 process_reward at tick 43: name 'cells_to_relieve' is not defined
Traceback (most recent call last):
  File "/home/user/DisasterAI/DisasterAI_Model.py", line 1315, in process_reward
    for cell in cells_to_relieve:
                ^^^^^^^^^^^^^^^^
NameError: name 'cells_to_relieve' is not defined
ERROR in Agent H_17 process_reward at tick 43: name 'cells_to_relieve' is not defined
Traceback (most recent call last):
  File "/home/user/DisasterAI/DisasterAI_Model.py", line 1315, in process_reward
    for cell in cells_to_relieve:
                ^^^^^^^^^^^^^^^^
NameError: name 'cells_to_relieve' is not defined
ERROR in Agent H_37 process_reward at tick 43: name 'cells_to_relieve' is not defined
Traceback (most recent call last):
  File "/home/user/DisasterAI/DisasterAI_Model.py", line 1315, in process_reward
    for cell in cells_to_relieve:
                ^^^^^^^^^^^^^^^^
NameError: name 'cells_to_relieve' is not defined
ERROR in Agent H_2 process_reward at tick 43: name 'cells_to_relieve' is not defined
Traceback (most recent call last):
  File "/home/user/DisasterAI/DisasterAI_Model.py", line 1315, in process_reward
    for cell in cells_to_relieve:
                ^^^^^^^^^^^^^^^^
NameError: name 'cells_to_relieve' is not defined
ERROR in Agent H_27 process_reward at tick 43: name 'cells_to_relieve' is not defined
Traceback (most recent call last):
  File "/home/user/DisasterAI/DisasterAI_Model.py", line 1315, in process_reward
    for cell in cells_to_relieve:
                ^^^^^^^^^^^^^^^^
NameError: name 'cells_to_relieve' is not defined
ERROR in Agent H_40 process_reward at tick 43: name 'cells_to_relieve' is not defined
Traceback (most recent call last):
  File "/home/user/DisasterAI/DisasterAI_Model.py", line 1315, in process_reward
    for cell in cells_to_relieve:
                ^^^^^^^^^^^^^^^^
NameError: name 'cells_to_relieve' is not defined
ERROR in Agent H_16 process_reward at tick 43: name 'cells_to_relieve' is not defined
Traceback (most recent call last):
  File "/home/user/DisasterAI/DisasterAI_Model.py", line 1315, in process_reward
    for cell in cells_to_relieve:
                ^^^^^^^^^^^^^^^^
NameError: name 'cells_to_relieve' is not defined
ERROR in Agent H_30 process_reward at tick 43: name 'cells_to_relieve' is not defined
Traceback (most recent call last):
  File "/home/user/DisasterAI/DisasterAI_Model.py", line 1315, in process_reward
    for cell in cells_to_relieve:
                ^^^^^^^^^^^^^^^^
NameError: name 'cells_to_relieve' is not defined
ERROR in Agent H_11 process_reward at tick 43: name 'cells_to_relieve' is not defined
Traceback (most recent call last):
  File "/home/user/DisasterAI/DisasterAI_Model.py", line 1315, in process_reward
    for cell in cells_to_relieve:
                ^^^^^^^^^^^^^^^^
NameError: name 'cells_to_relieve' is not defined
ERROR in Agent H_21 process_reward at tick 43: name 'cells_to_relieve' is not defined
Traceback (most recent call last):
  File "/home/user/DisasterAI/DisasterAI_Model.py", line 1315, in process_reward
    for cell in cells_to_relieve:
                ^^^^^^^^^^^^^^^^
NameError: name 'cells_to_relieve' is not defined
ERROR in Agent H_3 process_reward at tick 43: name 'cells_to_relieve' is not defined
Traceback (most recent call last):
  File "/home/user/DisasterAI/DisasterAI_Model.py", line 1315, in process_reward
    for cell in cells_to_relieve:
                ^^^^^^^^^^^^^^^^
NameError: name 'cells_to_relieve' is not defined
ERROR in Agent H_43 process_reward at tick 43: name 'cells_to_relieve' is not defined
Traceback (most recent call last):
  File "/home/user/DisasterAI/DisasterAI_Model.py", line 1315, in process_reward
    for cell in cells_to_relieve:
                ^^^^^^^^^^^^^^^^
NameError: name 'cells_to_relieve' is not defined
ERROR in Agent H_5 process_reward at tick 43: name 'cells_to_relieve' is not defined
Traceback (most recent call last):
  File "/home/user/DisasterAI/DisasterAI_Model.py", line 1315, in process_reward
    for cell in cells_to_relieve:
                ^^^^^^^^^^^^^^^^
NameError: name 'cells_to_relieve' is not defined
ERROR in Agent H_4 process_reward at tick 43: name 'cells_to_relieve' is not defined
Traceback (most recent call last):
  File "/home/user/DisasterAI/DisasterAI_Model.py", line 1315, in process_reward
    for cell in cells_to_relieve:
                ^^^^^^^^^^^^^^^^
NameError: name 'cells_to_relieve' is not defined
ERROR in Agent H_22 process_reward at tick 43: name 'cells_to_relieve' is not defined
Traceback (most recent call last):
  File "/home/user/DisasterAI/DisasterAI_Model.py", line 1315, in process_reward
    for cell in cells_to_relieve:
                ^^^^^^^^^^^^^^^^
NameError: name 'cells_to_relieve' is not defined
ERROR in Agent H_12 process_reward at tick 43: name 'cells_to_relieve' is not defined
Traceback (most recent call last):
  File "/home/user/DisasterAI/DisasterAI_Model.py", line 1315, in process_reward
    for cell in cells_to_relieve:
                ^^^^^^^^^^^^^^^^
NameError: name 'cells_to_relieve' is not defined
ERROR in Agent H_15 process_reward at tick 43: name 'cells_to_relieve' is not defined
Traceback (most recent call last):
  File "/home/user/DisasterAI/DisasterAI_Model.py", line 1315, in process_reward
    for cell in cells_to_relieve:
                ^^^^^^^^^^^^^^^^
NameError: name 'cells_to_relieve' is not defined
ERROR in Agent H_46 process_reward at tick 43: name 'cells_to_relieve' is not defined
Traceback (most recent call last):
  File "/home/user/DisasterAI/DisasterAI_Model.py", line 1315, in process_reward
    for cell in cells_to_relieve:
                ^^^^^^^^^^^^^^^^
NameError: name 'cells_to_relieve' is not defined
ERROR in Agent H_39 process_reward at tick 43: name 'cells_to_relieve' is not defined
Traceback (most recent call last):
  File "/home/user/DisasterAI/DisasterAI_Model.py", line 1315, in process_reward
    for cell in cells_to_relieve:
                ^^^^^^^^^^^^^^^^
NameError: name 'cells_to_relieve' is not defined
ERROR in Agent H_38 process_reward at tick 43: name 'cells_to_relieve' is not defined
Traceback (most recent call last):
  File "/home/user/DisasterAI/DisasterAI_Model.py", line 1315, in process_reward
    for cell in cells_to_relieve:
                ^^^^^^^^^^^^^^^^
NameError: name 'cells_to_relieve' is not defined
ERROR in Agent H_13 process_reward at tick 43: name 'cells_to_relieve' is not defined
Traceback (most recent call last):
  File "/home/user/DisasterAI/DisasterAI_Model.py", line 1315, in process_reward
    for cell in cells_to_relieve:
                ^^^^^^^^^^^^^^^^
NameError: name 'cells_to_relieve' is not defined
ERROR in Agent H_7 process_reward at tick 43: name 'cells_to_relieve' is not defined
Traceback (most recent call last):
  File "/home/user/DisasterAI/DisasterAI_Model.py", line 1315, in process_reward
    for cell in cells_to_relieve:
                ^^^^^^^^^^^^^^^^
NameError: name 'cells_to_relieve' is not defined
ERROR in Agent H_42 process_reward at tick 43: name 'cells_to_relieve' is not defined
Traceback (most recent call last):
  File "/home/user/DisasterAI/DisasterAI_Model.py", line 1315, in process_reward
    for cell in cells_to_relieve:
                ^^^^^^^^^^^^^^^^
NameError: name 'cells_to_relieve' is not defined
ERROR in Agent H_29 process_reward at tick 43: name 'cells_to_relieve' is not defined
Traceback (most recent call last):
  File "/home/user/DisasterAI/DisasterAI_Model.py", line 1315, in process_reward
    for cell in cells_to_relieve:
                ^^^^^^^^^^^^^^^^
NameError: name 'cells_to_relieve' is not defined
ERROR in Agent H_35 process_reward at tick 43: name 'cells_to_relieve' is not defined
Traceback (most recent call last):
  File "/home/user/DisasterAI/DisasterAI_Model.py", line 1315, in process_reward
    for cell in cells_to_relieve:
                ^^^^^^^^^^^^^^^^
NameError: name 'cells_to_relieve' is not defined
ERROR in Agent H_36 process_reward at tick 43: name 'cells_to_relieve' is not defined
Traceback (most recent call last):
  File "/home/user/DisasterAI/DisasterAI_Model.py", line 1315, in process_reward
    for cell in cells_to_relieve:
                ^^^^^^^^^^^^^^^^
NameError: name 'cells_to_relieve' is not defined
ERROR in Agent H_9 process_reward at tick 43: name 'cells_to_relieve' is not defined
Traceback (most recent call last):
  File "/home/user/DisasterAI/DisasterAI_Model.py", line 1315, in process_reward
    for cell in cells_to_relieve:
                ^^^^^^^^^^^^^^^^
NameError: name 'cells_to_relieve' is not defined
ERROR in Agent H_44 process_reward at tick 43: name 'cells_to_relieve' is not defined
Traceback (most recent call last):
  File "/home/user/DisasterAI/DisasterAI_Model.py", line 1315, in process_reward
    for cell in cells_to_relieve:
                ^^^^^^^^^^^^^^^^
NameError: name 'cells_to_relieve' is not defined
ERROR in Agent H_6 process_reward at tick 43: name 'cells_to_relieve' is not defined
Traceback (most recent call last):
  File "/home/user/DisasterAI/DisasterAI_Model.py", line 1315, in process_reward
    for cell in cells_to_relieve:
                ^^^^^^^^^^^^^^^^
NameError: name 'cells_to_relieve' is not defined
ERROR in Agent H_23 process_reward at tick 43: name 'cells_to_relieve' is not defined
Traceback (most recent call last):
  File "/home/user/DisasterAI/DisasterAI_Model.py", line 1315, in process_reward
    for cell in cells_to_relieve:
                ^^^^^^^^^^^^^^^^
NameError: name 'cells_to_relieve' is not defined
ERROR in Agent H_34 process_reward at tick 43: name 'cells_to_relieve' is not defined
Traceback (most recent call last):
  File "/home/user/DisasterAI/DisasterAI_Model.py", line 1315, in process_reward
    for cell in cells_to_relieve:
                ^^^^^^^^^^^^^^^^
NameError: name 'cells_to_relieve' is not defined
ERROR in Agent H_7 process_reward at tick 44: name 'cells_to_relieve' is not defined
Traceback (most recent call last):
  File "/home/user/DisasterAI/DisasterAI_Model.py", line 1315, in process_reward
    for cell in cells_to_relieve:
                ^^^^^^^^^^^^^^^^
NameError: name 'cells_to_relieve' is not defined
ERROR in Agent H_11 process_reward at tick 44: name 'cells_to_relieve' is not defined
Traceback (most recent call last):
  File "/home/user/DisasterAI/DisasterAI_Model.py", line 1315, in process_reward
    for cell in cells_to_relieve:
                ^^^^^^^^^^^^^^^^
NameError: name 'cells_to_relieve' is not defined
ERROR in Agent H_13 process_reward at tick 44: name 'cells_to_relieve' is not defined
Traceback (most recent call last):
  File "/home/user/DisasterAI/DisasterAI_Model.py", line 1315, in process_reward
    for cell in cells_to_relieve:
                ^^^^^^^^^^^^^^^^
NameError: name 'cells_to_relieve' is not defined
ERROR in Agent H_23 process_reward at tick 44: name 'cells_to_relieve' is not defined
Traceback (most recent call last):
  File "/home/user/DisasterAI/DisasterAI_Model.py", line 1315, in process_reward
    for cell in cells_to_relieve:
                ^^^^^^^^^^^^^^^^
NameError: name 'cells_to_relieve' is not defined
ERROR in Agent H_34 process_reward at tick 44: name 'cells_to_relieve' is not defined
Traceback (most recent call last):
  File "/home/user/DisasterAI/DisasterAI_Model.py", line 1315, in process_reward
    for cell in cells_to_relieve:
                ^^^^^^^^^^^^^^^^
NameError: name 'cells_to_relieve' is not defined
ERROR in Agent H_17 process_reward at tick 44: name 'cells_to_relieve' is not defined
Traceback (most recent call last):
  File "/home/user/DisasterAI/DisasterAI_Model.py", line 1315, in process_reward
    for cell in cells_to_relieve:
                ^^^^^^^^^^^^^^^^
NameError: name 'cells_to_relieve' is not defined
ERROR in Agent H_38 process_reward at tick 44: name 'cells_to_relieve' is not defined
Traceback (most recent call last):
  File "/home/user/DisasterAI/DisasterAI_Model.py", line 1315, in process_reward
    for cell in cells_to_relieve:
                ^^^^^^^^^^^^^^^^
NameError: name 'cells_to_relieve' is not defined
ERROR in Agent H_28 process_reward at tick 44: name 'cells_to_relieve' is not defined
Traceback (most recent call last):
  File "/home/user/DisasterAI/DisasterAI_Model.py", line 1315, in process_reward
    for cell in cells_to_relieve:
                ^^^^^^^^^^^^^^^^
NameError: name 'cells_to_relieve' is not defined
ERROR in Agent H_45 process_reward at tick 44: name 'cells_to_relieve' is not defined
Traceback (most recent call last):
  File "/home/user/DisasterAI/DisasterAI_Model.py", line 1315, in process_reward
    for cell in cells_to_relieve:
                ^^^^^^^^^^^^^^^^
NameError: name 'cells_to_relieve' is not defined
ERROR in Agent H_41 process_reward at tick 44: name 'cells_to_relieve' is not defined
Traceback (most recent call last):
  File "/home/user/DisasterAI/DisasterAI_Model.py", line 1315, in process_reward
    for cell in cells_to_relieve:
                ^^^^^^^^^^^^^^^^
NameError: name 'cells_to_relieve' is not defined
ERROR in Agent H_37 process_reward at tick 44: name 'cells_to_relieve' is not defined
Traceback (most recent call last):
  File "/home/user/DisasterAI/DisasterAI_Model.py", line 1315, in process_reward
    for cell in cells_to_relieve:
                ^^^^^^^^^^^^^^^^
NameError: name 'cells_to_relieve' is not defined
ERROR in Agent H_43 process_reward at tick 44: name 'cells_to_relieve' is not defined
Traceback (most recent call last):
  File "/home/user/DisasterAI/DisasterAI_Model.py", line 1315, in process_reward
    for cell in cells_to_relieve:
                ^^^^^^^^^^^^^^^^
NameError: name 'cells_to_relieve' is not defined
ERROR in Agent H_40 process_reward at tick 44: name 'cells_to_relieve' is not defined
Traceback (most recent call last):
  File "/home/user/DisasterAI/DisasterAI_Model.py", line 1315, in process_reward
    for cell in cells_to_relieve:
                ^^^^^^^^^^^^^^^^
NameError: name 'cells_to_relieve' is not defined
ERROR in Agent H_10 process_reward at tick 44: name 'cells_to_relieve' is not defined
Traceback (most recent call last):
  File "/home/user/DisasterAI/DisasterAI_Model.py", line 1315, in process_reward
    for cell in cells_to_relieve:
                ^^^^^^^^^^^^^^^^
NameError: name 'cells_to_relieve' is not defined
ERROR in Agent H_32 process_reward at tick 44: name 'cells_to_relieve' is not defined
Traceback (most recent call last):
  File "/home/user/DisasterAI/DisasterAI_Model.py", line 1315, in process_reward
    for cell in cells_to_relieve:
                ^^^^^^^^^^^^^^^^
NameError: name 'cells_to_relieve' is not defined
ERROR in Agent H_19 process_reward at tick 44: name 'cells_to_relieve' is not defined
Traceback (most recent call last):
  File "/home/user/DisasterAI/DisasterAI_Model.py", line 1315, in process_reward
    for cell in cells_to_relieve:
                ^^^^^^^^^^^^^^^^
NameError: name 'cells_to_relieve' is not defined
ERROR in Agent H_42 process_reward at tick 44: name 'cells_to_relieve' is not defined
Traceback (most recent call last):
  File "/home/user/DisasterAI/DisasterAI_Model.py", line 1315, in process_reward
    for cell in cells_to_relieve:
                ^^^^^^^^^^^^^^^^
NameError: name 'cells_to_relieve' is not defined
ERROR in Agent H_26 process_reward at tick 44: name 'cells_to_relieve' is not defined
Traceback (most recent call last):
  File "/home/user/DisasterAI/DisasterAI_Model.py", line 1315, in process_reward
    for cell in cells_to_relieve:
                ^^^^^^^^^^^^^^^^
NameError: name 'cells_to_relieve' is not defined
ERROR in Agent H_14 process_reward at tick 44: name 'cells_to_relieve' is not defined
Traceback (most recent call last):
  File "/home/user/DisasterAI/DisasterAI_Model.py", line 1315, in process_reward
    for cell in cells_to_relieve:
                ^^^^^^^^^^^^^^^^
NameError: name 'cells_to_relieve' is not defined
ERROR in Agent H_30 process_reward at tick 44: name 'cells_to_relieve' is not defined
Traceback (most recent call last):
  File "/home/user/DisasterAI/DisasterAI_Model.py", line 1315, in process_reward
    for cell in cells_to_relieve:
                ^^^^^^^^^^^^^^^^
NameError: name 'cells_to_relieve' is not defined
ERROR in Agent H_35 process_reward at tick 44: name 'cells_to_relieve' is not defined
Traceback (most recent call last):
  File "/home/user/DisasterAI/DisasterAI_Model.py", line 1315, in process_reward
    for cell in cells_to_relieve:
                ^^^^^^^^^^^^^^^^
NameError: name 'cells_to_relieve' is not defined
ERROR in Agent H_29 process_reward at tick 44: name 'cells_to_relieve' is not defined
Traceback (most recent call last):
  File "/home/user/DisasterAI/DisasterAI_Model.py", line 1315, in process_reward
    for cell in cells_to_relieve:
                ^^^^^^^^^^^^^^^^
NameError: name 'cells_to_relieve' is not defined
ERROR in Agent H_0 process_reward at tick 44: name 'cells_to_relieve' is not defined
Traceback (most recent call last):
  File "/home/user/DisasterAI/DisasterAI_Model.py", line 1315, in process_reward
    for cell in cells_to_relieve:
                ^^^^^^^^^^^^^^^^
NameError: name 'cells_to_relieve' is not defined
ERROR in Agent H_6 process_reward at tick 44: name 'cells_to_relieve' is not defined
Traceback (most recent call last):
  File "/home/user/DisasterAI/DisasterAI_Model.py", line 1315, in process_reward
    for cell in cells_to_relieve:
                ^^^^^^^^^^^^^^^^
NameError: name 'cells_to_relieve' is not defined
ERROR in Agent H_4 process_reward at tick 44: name 'cells_to_relieve' is not defined
Traceback (most recent call last):
  File "/home/user/DisasterAI/DisasterAI_Model.py", line 1315, in process_reward
    for cell in cells_to_relieve:
                ^^^^^^^^^^^^^^^^
NameError: name 'cells_to_relieve' is not defined
ERROR in Agent H_15 process_reward at tick 44: name 'cells_to_relieve' is not defined
Traceback (most recent call last):
  File "/home/user/DisasterAI/DisasterAI_Model.py", line 1315, in process_reward
    for cell in cells_to_relieve:
                ^^^^^^^^^^^^^^^^
NameError: name 'cells_to_relieve' is not defined
ERROR in Agent H_25 process_reward at tick 44: name 'cells_to_relieve' is not defined
Traceback (most recent call last):
  File "/home/user/DisasterAI/DisasterAI_Model.py", line 1315, in process_reward
    for cell in cells_to_relieve:
                ^^^^^^^^^^^^^^^^
NameError: name 'cells_to_relieve' is not defined
ERROR in Agent H_2 process_reward at tick 44: name 'cells_to_relieve' is not defined
Traceback (most recent call last):
  File "/home/user/DisasterAI/DisasterAI_Model.py", line 1315, in process_reward
    for cell in cells_to_relieve:
                ^^^^^^^^^^^^^^^^
NameError: name 'cells_to_relieve' is not defined
ERROR in Agent H_18 process_reward at tick 44: name 'cells_to_relieve' is not defined
Traceback (most recent call last):
  File "/home/user/DisasterAI/DisasterAI_Model.py", line 1315, in process_reward
    for cell in cells_to_relieve:
                ^^^^^^^^^^^^^^^^
NameError: name 'cells_to_relieve' is not defined
ERROR in Agent H_22 process_reward at tick 44: name 'cells_to_relieve' is not defined
Traceback (most recent call last):
  File "/home/user/DisasterAI/DisasterAI_Model.py", line 1315, in process_reward
    for cell in cells_to_relieve:
                ^^^^^^^^^^^^^^^^
NameError: name 'cells_to_relieve' is not defined
ERROR in Agent H_20 process_reward at tick 44: name 'cells_to_relieve' is not defined
Traceback (most recent call last):
  File "/home/user/DisasterAI/DisasterAI_Model.py", line 1315, in process_reward
    for cell in cells_to_relieve:
                ^^^^^^^^^^^^^^^^
NameError: name 'cells_to_relieve' is not defined
ERROR in Agent H_21 process_reward at tick 44: name 'cells_to_relieve' is not defined
Traceback (most recent call last):
  File "/home/user/DisasterAI/DisasterAI_Model.py", line 1315, in process_reward
    for cell in cells_to_relieve:
                ^^^^^^^^^^^^^^^^
NameError: name 'cells_to_relieve' is not defined
ERROR in Agent H_9 process_reward at tick 44: name 'cells_to_relieve' is not defined
Traceback (most recent call last):
  File "/home/user/DisasterAI/DisasterAI_Model.py", line 1315, in process_reward
    for cell in cells_to_relieve:
                ^^^^^^^^^^^^^^^^
NameError: name 'cells_to_relieve' is not defined
ERROR in Agent H_5 process_reward at tick 44: name 'cells_to_relieve' is not defined
Traceback (most recent call last):
  File "/home/user/DisasterAI/DisasterAI_Model.py", line 1315, in process_reward
    for cell in cells_to_relieve:
                ^^^^^^^^^^^^^^^^
NameError: name 'cells_to_relieve' is not defined
ERROR in Agent H_8 process_reward at tick 44: name 'cells_to_relieve' is not defined
Traceback (most recent call last):
  File "/home/user/DisasterAI/DisasterAI_Model.py", line 1315, in process_reward
    for cell in cells_to_relieve:
                ^^^^^^^^^^^^^^^^
NameError: name 'cells_to_relieve' is not defined
ERROR in Agent H_47 process_reward at tick 44: name 'cells_to_relieve' is not defined
Traceback (most recent call last):
  File "/home/user/DisasterAI/DisasterAI_Model.py", line 1315, in process_reward
    for cell in cells_to_relieve:
                ^^^^^^^^^^^^^^^^
NameError: name 'cells_to_relieve' is not defined
ERROR in Agent H_27 process_reward at tick 44: name 'cells_to_relieve' is not defined
Traceback (most recent call last):
  File "/home/user/DisasterAI/DisasterAI_Model.py", line 1315, in process_reward
    for cell in cells_to_relieve:
                ^^^^^^^^^^^^^^^^
NameError: name 'cells_to_relieve' is not defined
ERROR in Agent H_24 process_reward at tick 45: name 'cells_to_relieve' is not defined
Traceback (most recent call last):
  File "/home/user/DisasterAI/DisasterAI_Model.py", line 1315, in process_reward
    for cell in cells_to_relieve:
                ^^^^^^^^^^^^^^^^
NameError: name 'cells_to_relieve' is not defined
ERROR in Agent H_49 process_reward at tick 45: name 'cells_to_relieve' is not defined
Traceback (most recent call last):
  File "/home/user/DisasterAI/DisasterAI_Model.py", line 1315, in process_reward
    for cell in cells_to_relieve:
                ^^^^^^^^^^^^^^^^
NameError: name 'cells_to_relieve' is not defined
ERROR in Agent H_22 process_reward at tick 45: name 'cells_to_relieve' is not defined
Traceback (most recent call last):
  File "/home/user/DisasterAI/DisasterAI_Model.py", line 1315, in process_reward
    for cell in cells_to_relieve:
                ^^^^^^^^^^^^^^^^
NameError: name 'cells_to_relieve' is not defined
ERROR in Agent H_48 process_reward at tick 45: name 'cells_to_relieve' is not defined
Traceback (most recent call last):
  File "/home/user/DisasterAI/DisasterAI_Model.py", line 1315, in process_reward
    for cell in cells_to_relieve:
                ^^^^^^^^^^^^^^^^
NameError: name 'cells_to_relieve' is not defined
ERROR in Agent H_14 process_reward at tick 45: name 'cells_to_relieve' is not defined
Traceback (most recent call last):
  File "/home/user/DisasterAI/DisasterAI_Model.py", line 1315, in process_reward
    for cell in cells_to_relieve:
                ^^^^^^^^^^^^^^^^
NameError: name 'cells_to_relieve' is not defined
ERROR in Agent H_5 process_reward at tick 45: name 'cells_to_relieve' is not defined
Traceback (most recent call last):
  File "/home/user/DisasterAI/DisasterAI_Model.py", line 1315, in process_reward
    for cell in cells_to_relieve:
                ^^^^^^^^^^^^^^^^
NameError: name 'cells_to_relieve' is not defined
ERROR in Agent H_46 process_reward at tick 45: name 'cells_to_relieve' is not defined
Traceback (most recent call last):
  File "/home/user/DisasterAI/DisasterAI_Model.py", line 1315, in process_reward
    for cell in cells_to_relieve:
                ^^^^^^^^^^^^^^^^
NameError: name 'cells_to_relieve' is not defined
ERROR in Agent H_31 process_reward at tick 45: name 'cells_to_relieve' is not defined
Traceback (most recent call last):
  File "/home/user/DisasterAI/DisasterAI_Model.py", line 1315, in process_reward
    for cell in cells_to_relieve:
                ^^^^^^^^^^^^^^^^
NameError: name 'cells_to_relieve' is not defined
ERROR in Agent H_11 process_reward at tick 45: name 'cells_to_relieve' is not defined
Traceback (most recent call last):
  File "/home/user/DisasterAI/DisasterAI_Model.py", line 1315, in process_reward
    for cell in cells_to_relieve:
                ^^^^^^^^^^^^^^^^
NameError: name 'cells_to_relieve' is not defined
ERROR in Agent H_45 process_reward at tick 45: name 'cells_to_relieve' is not defined
Traceback (most recent call last):
  File "/home/user/DisasterAI/DisasterAI_Model.py", line 1315, in process_reward
    for cell in cells_to_relieve:
                ^^^^^^^^^^^^^^^^
NameError: name 'cells_to_relieve' is not defined
ERROR in Agent H_21 process_reward at tick 45: name 'cells_to_relieve' is not defined
Traceback (most recent call last):
  File "/home/user/DisasterAI/DisasterAI_Model.py", line 1315, in process_reward
    for cell in cells_to_relieve:
                ^^^^^^^^^^^^^^^^
NameError: name 'cells_to_relieve' is not defined
ERROR in Agent H_39 process_reward at tick 45: name 'cells_to_relieve' is not defined
Traceback (most recent call last):
  File "/home/user/DisasterAI/DisasterAI_Model.py", line 1315, in process_reward
    for cell in cells_to_relieve:
                ^^^^^^^^^^^^^^^^
NameError: name 'cells_to_relieve' is not defined
ERROR in Agent H_37 process_reward at tick 45: name 'cells_to_relieve' is not defined
Traceback (most recent call last):
  File "/home/user/DisasterAI/DisasterAI_Model.py", line 1315, in process_reward
    for cell in cells_to_relieve:
                ^^^^^^^^^^^^^^^^
NameError: name 'cells_to_relieve' is not defined
ERROR in Agent H_18 process_reward at tick 45: name 'cells_to_relieve' is not defined
Traceback (most recent call last):
  File "/home/user/DisasterAI/DisasterAI_Model.py", line 1315, in process_reward
    for cell in cells_to_relieve:
                ^^^^^^^^^^^^^^^^
NameError: name 'cells_to_relieve' is not defined
ERROR in Agent H_3 process_reward at tick 45: name 'cells_to_relieve' is not defined
Traceback (most recent call last):
  File "/home/user/DisasterAI/DisasterAI_Model.py", line 1315, in process_reward
    for cell in cells_to_relieve:
                ^^^^^^^^^^^^^^^^
NameError: name 'cells_to_relieve' is not defined
ERROR in Agent H_33 process_reward at tick 45: name 'cells_to_relieve' is not defined
Traceback (most recent call last):
  File "/home/user/DisasterAI/DisasterAI_Model.py", line 1315, in process_reward
    for cell in cells_to_relieve:
                ^^^^^^^^^^^^^^^^
NameError: name 'cells_to_relieve' is not defined
ERROR in Agent H_1 process_reward at tick 45: name 'cells_to_relieve' is not defined
Traceback (most recent call last):
  File "/home/user/DisasterAI/DisasterAI_Model.py", line 1315, in process_reward
    for cell in cells_to_relieve:
                ^^^^^^^^^^^^^^^^
NameError: name 'cells_to_relieve' is not defined
ERROR in Agent H_47 process_reward at tick 45: name 'cells_to_relieve' is not defined
Traceback (most recent call last):
  File "/home/user/DisasterAI/DisasterAI_Model.py", line 1315, in process_reward
    for cell in cells_to_relieve:
                ^^^^^^^^^^^^^^^^
NameError: name 'cells_to_relieve' is not defined
ERROR in Agent H_6 process_reward at tick 45: name 'cells_to_relieve' is not defined
Traceback (most recent call last):
  File "/home/user/DisasterAI/DisasterAI_Model.py", line 1315, in process_reward
    for cell in cells_to_relieve:
                ^^^^^^^^^^^^^^^^
NameError: name 'cells_to_relieve' is not defined
ERROR in Agent H_36 process_reward at tick 45: name 'cells_to_relieve' is not defined
Traceback (most recent call last):
  File "/home/user/DisasterAI/DisasterAI_Model.py", line 1315, in process_reward
    for cell in cells_to_relieve:
                ^^^^^^^^^^^^^^^^
NameError: name 'cells_to_relieve' is not defined
ERROR in Agent H_10 process_reward at tick 45: name 'cells_to_relieve' is not defined
Traceback (most recent call last):
  File "/home/user/DisasterAI/DisasterAI_Model.py", line 1315, in process_reward
    for cell in cells_to_relieve:
                ^^^^^^^^^^^^^^^^
NameError: name 'cells_to_relieve' is not defined
ERROR in Agent H_9 process_reward at tick 45: name 'cells_to_relieve' is not defined
Traceback (most recent call last):
  File "/home/user/DisasterAI/DisasterAI_Model.py", line 1315, in process_reward
    for cell in cells_to_relieve:
                ^^^^^^^^^^^^^^^^
NameError: name 'cells_to_relieve' is not defined
ERROR in Agent H_12 process_reward at tick 45: name 'cells_to_relieve' is not defined
Traceback (most recent call last):
  File "/home/user/DisasterAI/DisasterAI_Model.py", line 1315, in process_reward
    for cell in cells_to_relieve:
                ^^^^^^^^^^^^^^^^
NameError: name 'cells_to_relieve' is not defined
ERROR in Agent H_43 process_reward at tick 45: name 'cells_to_relieve' is not defined
Traceback (most recent call last):
  File "/home/user/DisasterAI/DisasterAI_Model.py", line 1315, in process_reward
    for cell in cells_to_relieve:
                ^^^^^^^^^^^^^^^^
NameError: name 'cells_to_relieve' is not defined
ERROR in Agent H_25 process_reward at tick 45: name 'cells_to_relieve' is not defined
Traceback (most recent call last):
  File "/home/user/DisasterAI/DisasterAI_Model.py", line 1315, in process_reward
    for cell in cells_to_relieve:
                ^^^^^^^^^^^^^^^^
NameError: name 'cells_to_relieve' is not defined
ERROR in Agent H_32 process_reward at tick 45: name 'cells_to_relieve' is not defined
Traceback (most recent call last):
  File "/home/user/DisasterAI/DisasterAI_Model.py", line 1315, in process_reward
    for cell in cells_to_relieve:
                ^^^^^^^^^^^^^^^^
NameError: name 'cells_to_relieve' is not defined
ERROR in Agent H_8 process_reward at tick 45: name 'cells_to_relieve' is not defined
Traceback (most recent call last):
  File "/home/user/DisasterAI/DisasterAI_Model.py", line 1315, in process_reward
    for cell in cells_to_relieve:
                ^^^^^^^^^^^^^^^^
NameError: name 'cells_to_relieve' is not defined
ERROR in Agent H_23 process_reward at tick 45: name 'cells_to_relieve' is not defined
Traceback (most recent call last):
  File "/home/user/DisasterAI/DisasterAI_Model.py", line 1315, in process_reward
    for cell in cells_to_relieve:
                ^^^^^^^^^^^^^^^^
NameError: name 'cells_to_relieve' is not defined
ERROR in Agent H_4 process_reward at tick 45: name 'cells_to_relieve' is not defined
Traceback (most recent call last):
  File "/home/user/DisasterAI/DisasterAI_Model.py", line 1315, in process_reward
    for cell in cells_to_relieve:
                ^^^^^^^^^^^^^^^^
NameError: name 'cells_to_relieve' is not defined
ERROR in Agent H_26 process_reward at tick 45: name 'cells_to_relieve' is not defined
Traceback (most recent call last):
  File "/home/user/DisasterAI/DisasterAI_Model.py", line 1315, in process_reward
    for cell in cells_to_relieve:
                ^^^^^^^^^^^^^^^^
NameError: name 'cells_to_relieve' is not defined
ERROR in Agent H_29 process_reward at tick 45: name 'cells_to_relieve' is not defined
Traceback (most recent call last):
  File "/home/user/DisasterAI/DisasterAI_Model.py", line 1315, in process_reward
    for cell in cells_to_relieve:
                ^^^^^^^^^^^^^^^^
NameError: name 'cells_to_relieve' is not defined
ERROR in Agent H_16 process_reward at tick 45: name 'cells_to_relieve' is not defined
Traceback (most recent call last):
  File "/home/user/DisasterAI/DisasterAI_Model.py", line 1315, in process_reward
    for cell in cells_to_relieve:
                ^^^^^^^^^^^^^^^^
NameError: name 'cells_to_relieve' is not defined
ERROR in Agent H_30 process_reward at tick 45: name 'cells_to_relieve' is not defined
Traceback (most recent call last):
  File "/home/user/DisasterAI/DisasterAI_Model.py", line 1315, in process_reward
    for cell in cells_to_relieve:
                ^^^^^^^^^^^^^^^^
NameError: name 'cells_to_relieve' is not defined
ERROR in Agent H_38 process_reward at tick 45: name 'cells_to_relieve' is not defined
Traceback (most recent call last):
  File "/home/user/DisasterAI/DisasterAI_Model.py", line 1315, in process_reward
    for cell in cells_to_relieve:
                ^^^^^^^^^^^^^^^^
NameError: name 'cells_to_relieve' is not defined
ERROR in Agent H_42 process_reward at tick 45: name 'cells_to_relieve' is not defined
Traceback (most recent call last):
  File "/home/user/DisasterAI/DisasterAI_Model.py", line 1315, in process_reward
    for cell in cells_to_relieve:
                ^^^^^^^^^^^^^^^^
NameError: name 'cells_to_relieve' is not defined
ERROR in Agent H_34 process_reward at tick 45: name 'cells_to_relieve' is not defined
Traceback (most recent call last):
  File "/home/user/DisasterAI/DisasterAI_Model.py", line 1315, in process_reward
    for cell in cells_to_relieve:
                ^^^^^^^^^^^^^^^^
NameError: name 'cells_to_relieve' is not defined

DEBUG: Starting AECI variance calculation at tick 45
  Found 0/50 AI-reliant agents
  Global belief variance: 0.0594
  WARNING: Invalid global variance (0.0593713975) or no AI-reliant agents
  Returning AECI variance tuple: (45, 0.0)
  Current aeci_variance_data length: 45
  Last 3 entries: [(43, 0.0), (44, 0.0), (45, 0.0)]
ERROR in Agent H_9 process_reward at tick 46: name 'cells_to_relieve' is not defined
Traceback (most recent call last):
  File "/home/user/DisasterAI/DisasterAI_Model.py", line 1315, in process_reward
    for cell in cells_to_relieve:
                ^^^^^^^^^^^^^^^^
NameError: name 'cells_to_relieve' is not defined
ERROR in Agent H_5 process_reward at tick 46: name 'cells_to_relieve' is not defined
Traceback (most recent call last):
  File "/home/user/DisasterAI/DisasterAI_Model.py", line 1315, in process_reward
    for cell in cells_to_relieve:
                ^^^^^^^^^^^^^^^^
NameError: name 'cells_to_relieve' is not defined
ERROR in Agent H_43 process_reward at tick 46: name 'cells_to_relieve' is not defined
Traceback (most recent call last):
  File "/home/user/DisasterAI/DisasterAI_Model.py", line 1315, in process_reward
    for cell in cells_to_relieve:
                ^^^^^^^^^^^^^^^^
NameError: name 'cells_to_relieve' is not defined
ERROR in Agent H_21 process_reward at tick 46: name 'cells_to_relieve' is not defined
Traceback (most recent call last):
  File "/home/user/DisasterAI/DisasterAI_Model.py", line 1315, in process_reward
    for cell in cells_to_relieve:
                ^^^^^^^^^^^^^^^^
NameError: name 'cells_to_relieve' is not defined
ERROR in Agent H_27 process_reward at tick 46: name 'cells_to_relieve' is not defined
Traceback (most recent call last):
  File "/home/user/DisasterAI/DisasterAI_Model.py", line 1315, in process_reward
    for cell in cells_to_relieve:
                ^^^^^^^^^^^^^^^^
NameError: name 'cells_to_relieve' is not defined
ERROR in Agent H_33 process_reward at tick 46: name 'cells_to_relieve' is not defined
Traceback (most recent call last):
  File "/home/user/DisasterAI/DisasterAI_Model.py", line 1315, in process_reward
    for cell in cells_to_relieve:
                ^^^^^^^^^^^^^^^^
NameError: name 'cells_to_relieve' is not defined
ERROR in Agent H_26 process_reward at tick 46: name 'cells_to_relieve' is not defined
Traceback (most recent call last):
  File "/home/user/DisasterAI/DisasterAI_Model.py", line 1315, in process_reward
    for cell in cells_to_relieve:
                ^^^^^^^^^^^^^^^^
NameError: name 'cells_to_relieve' is not defined
ERROR in Agent H_12 process_reward at tick 46: name 'cells_to_relieve' is not defined
Traceback (most recent call last):
  File "/home/user/DisasterAI/DisasterAI_Model.py", line 1315, in process_reward
    for cell in cells_to_relieve:
                ^^^^^^^^^^^^^^^^
NameError: name 'cells_to_relieve' is not defined
ERROR in Agent H_40 process_reward at tick 46: name 'cells_to_relieve' is not defined
Traceback (most recent call last):
  File "/home/user/DisasterAI/DisasterAI_Model.py", line 1315, in process_reward
    for cell in cells_to_relieve:
                ^^^^^^^^^^^^^^^^
NameError: name 'cells_to_relieve' is not defined
ERROR in Agent H_30 process_reward at tick 46: name 'cells_to_relieve' is not defined
Traceback (most recent call last):
  File "/home/user/DisasterAI/DisasterAI_Model.py", line 1315, in process_reward
    for cell in cells_to_relieve:
                ^^^^^^^^^^^^^^^^
NameError: name 'cells_to_relieve' is not defined
ERROR in Agent H_18 process_reward at tick 46: name 'cells_to_relieve' is not defined
Traceback (most recent call last):
  File "/home/user/DisasterAI/DisasterAI_Model.py", line 1315, in process_reward
    for cell in cells_to_relieve:
                ^^^^^^^^^^^^^^^^
NameError: name 'cells_to_relieve' is not defined
ERROR in Agent H_31 process_reward at tick 46: name 'cells_to_relieve' is not defined
Traceback (most recent call last):
  File "/home/user/DisasterAI/DisasterAI_Model.py", line 1315, in process_reward
    for cell in cells_to_relieve:
                ^^^^^^^^^^^^^^^^
NameError: name 'cells_to_relieve' is not defined
ERROR in Agent H_22 process_reward at tick 46: name 'cells_to_relieve' is not defined
Traceback (most recent call last):
  File "/home/user/DisasterAI/DisasterAI_Model.py", line 1315, in process_reward
    for cell in cells_to_relieve:
                ^^^^^^^^^^^^^^^^
NameError: name 'cells_to_relieve' is not defined
ERROR in Agent H_10 process_reward at tick 46: name 'cells_to_relieve' is not defined
Traceback (most recent call last):
  File "/home/user/DisasterAI/DisasterAI_Model.py", line 1315, in process_reward
    for cell in cells_to_relieve:
                ^^^^^^^^^^^^^^^^
NameError: name 'cells_to_relieve' is not defined
ERROR in Agent H_0 process_reward at tick 46: name 'cells_to_relieve' is not defined
Traceback (most recent call last):
  File "/home/user/DisasterAI/DisasterAI_Model.py", line 1315, in process_reward
    for cell in cells_to_relieve:
                ^^^^^^^^^^^^^^^^
NameError: name 'cells_to_relieve' is not defined
ERROR in Agent H_47 process_reward at tick 46: name 'cells_to_relieve' is not defined
Traceback (most recent call last):
  File "/home/user/DisasterAI/DisasterAI_Model.py", line 1315, in process_reward
    for cell in cells_to_relieve:
                ^^^^^^^^^^^^^^^^
NameError: name 'cells_to_relieve' is not defined
ERROR in Agent H_25 process_reward at tick 46: name 'cells_to_relieve' is not defined
Traceback (most recent call last):
  File "/home/user/DisasterAI/DisasterAI_Model.py", line 1315, in process_reward
    for cell in cells_to_relieve:
                ^^^^^^^^^^^^^^^^
NameError: name 'cells_to_relieve' is not defined
ERROR in Agent H_41 process_reward at tick 46: name 'cells_to_relieve' is not defined
Traceback (most recent call last):
  File "/home/user/DisasterAI/DisasterAI_Model.py", line 1315, in process_reward
    for cell in cells_to_relieve:
                ^^^^^^^^^^^^^^^^
NameError: name 'cells_to_relieve' is not defined
ERROR in Agent H_17 process_reward at tick 46: name 'cells_to_relieve' is not defined
Traceback (most recent call last):
  File "/home/user/DisasterAI/DisasterAI_Model.py", line 1315, in process_reward
    for cell in cells_to_relieve:
                ^^^^^^^^^^^^^^^^
NameError: name 'cells_to_relieve' is not defined
ERROR in Agent H_37 process_reward at tick 46: name 'cells_to_relieve' is not defined
Traceback (most recent call last):
  File "/home/user/DisasterAI/DisasterAI_Model.py", line 1315, in process_reward
    for cell in cells_to_relieve:
                ^^^^^^^^^^^^^^^^
NameError: name 'cells_to_relieve' is not defined
ERROR in Agent H_1 process_reward at tick 46: name 'cells_to_relieve' is not defined
Traceback (most recent call last):
  File "/home/user/DisasterAI/DisasterAI_Model.py", line 1315, in process_reward
    for cell in cells_to_relieve:
                ^^^^^^^^^^^^^^^^
NameError: name 'cells_to_relieve' is not defined
ERROR in Agent H_29 process_reward at tick 46: name 'cells_to_relieve' is not defined
Traceback (most recent call last):
  File "/home/user/DisasterAI/DisasterAI_Model.py", line 1315, in process_reward
    for cell in cells_to_relieve:
                ^^^^^^^^^^^^^^^^
NameError: name 'cells_to_relieve' is not defined
ERROR in Agent H_24 process_reward at tick 46: name 'cells_to_relieve' is not defined
Traceback (most recent call last):
  File "/home/user/DisasterAI/DisasterAI_Model.py", line 1315, in process_reward
    for cell in cells_to_relieve:
                ^^^^^^^^^^^^^^^^
NameError: name 'cells_to_relieve' is not defined
ERROR in Agent H_23 process_reward at tick 46: name 'cells_to_relieve' is not defined
Traceback (most recent call last):
  File "/home/user/DisasterAI/DisasterAI_Model.py", line 1315, in process_reward
    for cell in cells_to_relieve:
                ^^^^^^^^^^^^^^^^
NameError: name 'cells_to_relieve' is not defined
ERROR in Agent H_32 process_reward at tick 46: name 'cells_to_relieve' is not defined
Traceback (most recent call last):
  File "/home/user/DisasterAI/DisasterAI_Model.py", line 1315, in process_reward
    for cell in cells_to_relieve:
                ^^^^^^^^^^^^^^^^
NameError: name 'cells_to_relieve' is not defined
ERROR in Agent H_6 process_reward at tick 46: name 'cells_to_relieve' is not defined
Traceback (most recent call last):
  File "/home/user/DisasterAI/DisasterAI_Model.py", line 1315, in process_reward
    for cell in cells_to_relieve:
                ^^^^^^^^^^^^^^^^
NameError: name 'cells_to_relieve' is not defined
ERROR in Agent H_4 process_reward at tick 46: name 'cells_to_relieve' is not defined
Traceback (most recent call last):
  File "/home/user/DisasterAI/DisasterAI_Model.py", line 1315, in process_reward
    for cell in cells_to_relieve:
                ^^^^^^^^^^^^^^^^
NameError: name 'cells_to_relieve' is not defined
ERROR in Agent H_44 process_reward at tick 46: name 'cells_to_relieve' is not defined
Traceback (most recent call last):
  File "/home/user/DisasterAI/DisasterAI_Model.py", line 1315, in process_reward
    for cell in cells_to_relieve:
                ^^^^^^^^^^^^^^^^
NameError: name 'cells_to_relieve' is not defined
ERROR in Agent H_35 process_reward at tick 46: name 'cells_to_relieve' is not defined
Traceback (most recent call last):
  File "/home/user/DisasterAI/DisasterAI_Model.py", line 1315, in process_reward
    for cell in cells_to_relieve:
                ^^^^^^^^^^^^^^^^
NameError: name 'cells_to_relieve' is not defined
ERROR in Agent H_48 process_reward at tick 46: name 'cells_to_relieve' is not defined
Traceback (most recent call last):
  File "/home/user/DisasterAI/DisasterAI_Model.py", line 1315, in process_reward
    for cell in cells_to_relieve:
                ^^^^^^^^^^^^^^^^
NameError: name 'cells_to_relieve' is not defined
ERROR in Agent H_8 process_reward at tick 46: name 'cells_to_relieve' is not defined
Traceback (most recent call last):
  File "/home/user/DisasterAI/DisasterAI_Model.py", line 1315, in process_reward
    for cell in cells_to_relieve:
                ^^^^^^^^^^^^^^^^
NameError: name 'cells_to_relieve' is not defined
ERROR in Agent H_2 process_reward at tick 46: name 'cells_to_relieve' is not defined
Traceback (most recent call last):
  File "/home/user/DisasterAI/DisasterAI_Model.py", line 1315, in process_reward
    for cell in cells_to_relieve:
                ^^^^^^^^^^^^^^^^
NameError: name 'cells_to_relieve' is not defined
ERROR in Agent H_42 process_reward at tick 46: name 'cells_to_relieve' is not defined
Traceback (most recent call last):
  File "/home/user/DisasterAI/DisasterAI_Model.py", line 1315, in process_reward
    for cell in cells_to_relieve:
                ^^^^^^^^^^^^^^^^
NameError: name 'cells_to_relieve' is not defined
ERROR in Agent H_20 process_reward at tick 47: name 'cells_to_relieve' is not defined
Traceback (most recent call last):
  File "/home/user/DisasterAI/DisasterAI_Model.py", line 1315, in process_reward
    for cell in cells_to_relieve:
                ^^^^^^^^^^^^^^^^
NameError: name 'cells_to_relieve' is not defined
ERROR in Agent H_48 process_reward at tick 47: name 'cells_to_relieve' is not defined
Traceback (most recent call last):
  File "/home/user/DisasterAI/DisasterAI_Model.py", line 1315, in process_reward
    for cell in cells_to_relieve:
                ^^^^^^^^^^^^^^^^
NameError: name 'cells_to_relieve' is not defined
ERROR in Agent H_19 process_reward at tick 47: name 'cells_to_relieve' is not defined
Traceback (most recent call last):
  File "/home/user/DisasterAI/DisasterAI_Model.py", line 1315, in process_reward
    for cell in cells_to_relieve:
                ^^^^^^^^^^^^^^^^
NameError: name 'cells_to_relieve' is not defined
ERROR in Agent H_40 process_reward at tick 47: name 'cells_to_relieve' is not defined
Traceback (most recent call last):
  File "/home/user/DisasterAI/DisasterAI_Model.py", line 1315, in process_reward
    for cell in cells_to_relieve:
                ^^^^^^^^^^^^^^^^
NameError: name 'cells_to_relieve' is not defined
ERROR in Agent H_16 process_reward at tick 47: name 'cells_to_relieve' is not defined
Traceback (most recent call last):
  File "/home/user/DisasterAI/DisasterAI_Model.py", line 1315, in process_reward
    for cell in cells_to_relieve:
                ^^^^^^^^^^^^^^^^
NameError: name 'cells_to_relieve' is not defined
ERROR in Agent H_35 process_reward at tick 47: name 'cells_to_relieve' is not defined
Traceback (most recent call last):
  File "/home/user/DisasterAI/DisasterAI_Model.py", line 1315, in process_reward
    for cell in cells_to_relieve:
                ^^^^^^^^^^^^^^^^
NameError: name 'cells_to_relieve' is not defined
ERROR in Agent H_34 process_reward at tick 47: name 'cells_to_relieve' is not defined
Traceback (most recent call last):
  File "/home/user/DisasterAI/DisasterAI_Model.py", line 1315, in process_reward
    for cell in cells_to_relieve:
                ^^^^^^^^^^^^^^^^
NameError: name 'cells_to_relieve' is not defined
ERROR in Agent H_33 process_reward at tick 47: name 'cells_to_relieve' is not defined
Traceback (most recent call last):
  File "/home/user/DisasterAI/DisasterAI_Model.py", line 1315, in process_reward
    for cell in cells_to_relieve:
                ^^^^^^^^^^^^^^^^
NameError: name 'cells_to_relieve' is not defined
ERROR in Agent H_38 process_reward at tick 47: name 'cells_to_relieve' is not defined
Traceback (most recent call last):
  File "/home/user/DisasterAI/DisasterAI_Model.py", line 1315, in process_reward
    for cell in cells_to_relieve:
                ^^^^^^^^^^^^^^^^
NameError: name 'cells_to_relieve' is not defined
ERROR in Agent H_4 process_reward at tick 47: name 'cells_to_relieve' is not defined
Traceback (most recent call last):
  File "/home/user/DisasterAI/DisasterAI_Model.py", line 1315, in process_reward
    for cell in cells_to_relieve:
                ^^^^^^^^^^^^^^^^
NameError: name 'cells_to_relieve' is not defined
ERROR in Agent H_45 process_reward at tick 47: name 'cells_to_relieve' is not defined
Traceback (most recent call last):
  File "/home/user/DisasterAI/DisasterAI_Model.py", line 1315, in process_reward
    for cell in cells_to_relieve:
                ^^^^^^^^^^^^^^^^
NameError: name 'cells_to_relieve' is not defined
ERROR in Agent H_17 process_reward at tick 47: name 'cells_to_relieve' is not defined
Traceback (most recent call last):
  File "/home/user/DisasterAI/DisasterAI_Model.py", line 1315, in process_reward
    for cell in cells_to_relieve:
                ^^^^^^^^^^^^^^^^
NameError: name 'cells_to_relieve' is not defined
ERROR in Agent H_2 process_reward at tick 47: name 'cells_to_relieve' is not defined
Traceback (most recent call last):
  File "/home/user/DisasterAI/DisasterAI_Model.py", line 1315, in process_reward
    for cell in cells_to_relieve:
                ^^^^^^^^^^^^^^^^
NameError: name 'cells_to_relieve' is not defined
ERROR in Agent H_6 process_reward at tick 47: name 'cells_to_relieve' is not defined
Traceback (most recent call last):
  File "/home/user/DisasterAI/DisasterAI_Model.py", line 1315, in process_reward
    for cell in cells_to_relieve:
                ^^^^^^^^^^^^^^^^
NameError: name 'cells_to_relieve' is not defined
ERROR in Agent H_39 process_reward at tick 47: name 'cells_to_relieve' is not defined
Traceback (most recent call last):
  File "/home/user/DisasterAI/DisasterAI_Model.py", line 1315, in process_reward
    for cell in cells_to_relieve:
                ^^^^^^^^^^^^^^^^
NameError: name 'cells_to_relieve' is not defined
ERROR in Agent H_47 process_reward at tick 47: name 'cells_to_relieve' is not defined
Traceback (most recent call last):
  File "/home/user/DisasterAI/DisasterAI_Model.py", line 1315, in process_reward
    for cell in cells_to_relieve:
                ^^^^^^^^^^^^^^^^
NameError: name 'cells_to_relieve' is not defined
ERROR in Agent H_13 process_reward at tick 47: name 'cells_to_relieve' is not defined
Traceback (most recent call last):
  File "/home/user/DisasterAI/DisasterAI_Model.py", line 1315, in process_reward
    for cell in cells_to_relieve:
                ^^^^^^^^^^^^^^^^
NameError: name 'cells_to_relieve' is not defined
ERROR in Agent H_26 process_reward at tick 47: name 'cells_to_relieve' is not defined
Traceback (most recent call last):
  File "/home/user/DisasterAI/DisasterAI_Model.py", line 1315, in process_reward
    for cell in cells_to_relieve:
                ^^^^^^^^^^^^^^^^
NameError: name 'cells_to_relieve' is not defined
ERROR in Agent H_5 process_reward at tick 47: name 'cells_to_relieve' is not defined
Traceback (most recent call last):
  File "/home/user/DisasterAI/DisasterAI_Model.py", line 1315, in process_reward
    for cell in cells_to_relieve:
                ^^^^^^^^^^^^^^^^
NameError: name 'cells_to_relieve' is not defined
ERROR in Agent H_3 process_reward at tick 47: name 'cells_to_relieve' is not defined
Traceback (most recent call last):
  File "/home/user/DisasterAI/DisasterAI_Model.py", line 1315, in process_reward
    for cell in cells_to_relieve:
                ^^^^^^^^^^^^^^^^
NameError: name 'cells_to_relieve' is not defined
ERROR in Agent H_8 process_reward at tick 47: name 'cells_to_relieve' is not defined
Traceback (most recent call last):
  File "/home/user/DisasterAI/DisasterAI_Model.py", line 1315, in process_reward
    for cell in cells_to_relieve:
                ^^^^^^^^^^^^^^^^
NameError: name 'cells_to_relieve' is not defined
ERROR in Agent H_15 process_reward at tick 47: name 'cells_to_relieve' is not defined
Traceback (most recent call last):
  File "/home/user/DisasterAI/DisasterAI_Model.py", line 1315, in process_reward
    for cell in cells_to_relieve:
                ^^^^^^^^^^^^^^^^
NameError: name 'cells_to_relieve' is not defined
ERROR in Agent H_28 process_reward at tick 47: name 'cells_to_relieve' is not defined
Traceback (most recent call last):
  File "/home/user/DisasterAI/DisasterAI_Model.py", line 1315, in process_reward
    for cell in cells_to_relieve:
                ^^^^^^^^^^^^^^^^
NameError: name 'cells_to_relieve' is not defined
ERROR in Agent H_7 process_reward at tick 47: name 'cells_to_relieve' is not defined
Traceback (most recent call last):
  File "/home/user/DisasterAI/DisasterAI_Model.py", line 1315, in process_reward
    for cell in cells_to_relieve:
                ^^^^^^^^^^^^^^^^
NameError: name 'cells_to_relieve' is not defined
ERROR in Agent H_14 process_reward at tick 47: name 'cells_to_relieve' is not defined
Traceback (most recent call last):
  File "/home/user/DisasterAI/DisasterAI_Model.py", line 1315, in process_reward
    for cell in cells_to_relieve:
                ^^^^^^^^^^^^^^^^
NameError: name 'cells_to_relieve' is not defined
ERROR in Agent H_31 process_reward at tick 47: name 'cells_to_relieve' is not defined
Traceback (most recent call last):
  File "/home/user/DisasterAI/DisasterAI_Model.py", line 1315, in process_reward
    for cell in cells_to_relieve:
                ^^^^^^^^^^^^^^^^
NameError: name 'cells_to_relieve' is not defined
ERROR in Agent H_11 process_reward at tick 47: name 'cells_to_relieve' is not defined
Traceback (most recent call last):
  File "/home/user/DisasterAI/DisasterAI_Model.py", line 1315, in process_reward
    for cell in cells_to_relieve:
                ^^^^^^^^^^^^^^^^
NameError: name 'cells_to_relieve' is not defined
ERROR in Agent H_25 process_reward at tick 47: name 'cells_to_relieve' is not defined
Traceback (most recent call last):
  File "/home/user/DisasterAI/DisasterAI_Model.py", line 1315, in process_reward
    for cell in cells_to_relieve:
                ^^^^^^^^^^^^^^^^
NameError: name 'cells_to_relieve' is not defined
ERROR in Agent H_29 process_reward at tick 47: name 'cells_to_relieve' is not defined
Traceback (most recent call last):
  File "/home/user/DisasterAI/DisasterAI_Model.py", line 1315, in process_reward
    for cell in cells_to_relieve:
                ^^^^^^^^^^^^^^^^
NameError: name 'cells_to_relieve' is not defined
ERROR in Agent H_46 process_reward at tick 47: name 'cells_to_relieve' is not defined
Traceback (most recent call last):
  File "/home/user/DisasterAI/DisasterAI_Model.py", line 1315, in process_reward
    for cell in cells_to_relieve:
                ^^^^^^^^^^^^^^^^
NameError: name 'cells_to_relieve' is not defined
ERROR in Agent H_1 process_reward at tick 48: name 'cells_to_relieve' is not defined
Traceback (most recent call last):
  File "/home/user/DisasterAI/DisasterAI_Model.py", line 1315, in process_reward
    for cell in cells_to_relieve:
                ^^^^^^^^^^^^^^^^
NameError: name 'cells_to_relieve' is not defined
ERROR in Agent H_27 process_reward at tick 48: name 'cells_to_relieve' is not defined
Traceback (most recent call last):
  File "/home/user/DisasterAI/DisasterAI_Model.py", line 1315, in process_reward
    for cell in cells_to_relieve:
                ^^^^^^^^^^^^^^^^
NameError: name 'cells_to_relieve' is not defined
ERROR in Agent H_49 process_reward at tick 48: name 'cells_to_relieve' is not defined
Traceback (most recent call last):
  File "/home/user/DisasterAI/DisasterAI_Model.py", line 1315, in process_reward
    for cell in cells_to_relieve:
                ^^^^^^^^^^^^^^^^
NameError: name 'cells_to_relieve' is not defined
ERROR in Agent H_35 process_reward at tick 48: name 'cells_to_relieve' is not defined
Traceback (most recent call last):
  File "/home/user/DisasterAI/DisasterAI_Model.py", line 1315, in process_reward
    for cell in cells_to_relieve:
                ^^^^^^^^^^^^^^^^
NameError: name 'cells_to_relieve' is not defined
ERROR in Agent H_40 process_reward at tick 48: name 'cells_to_relieve' is not defined
Traceback (most recent call last):
  File "/home/user/DisasterAI/DisasterAI_Model.py", line 1315, in process_reward
    for cell in cells_to_relieve:
                ^^^^^^^^^^^^^^^^
NameError: name 'cells_to_relieve' is not defined
ERROR in Agent H_45 process_reward at tick 48: name 'cells_to_relieve' is not defined
Traceback (most recent call last):
  File "/home/user/DisasterAI/DisasterAI_Model.py", line 1315, in process_reward
    for cell in cells_to_relieve:
                ^^^^^^^^^^^^^^^^
NameError: name 'cells_to_relieve' is not defined
ERROR in Agent H_44 process_reward at tick 48: name 'cells_to_relieve' is not defined
Traceback (most recent call last):
  File "/home/user/DisasterAI/DisasterAI_Model.py", line 1315, in process_reward
    for cell in cells_to_relieve:
                ^^^^^^^^^^^^^^^^
NameError: name 'cells_to_relieve' is not defined
ERROR in Agent H_0 process_reward at tick 48: name 'cells_to_relieve' is not defined
Traceback (most recent call last):
  File "/home/user/DisasterAI/DisasterAI_Model.py", line 1315, in process_reward
    for cell in cells_to_relieve:
                ^^^^^^^^^^^^^^^^
NameError: name 'cells_to_relieve' is not defined
ERROR in Agent H_15 process_reward at tick 48: name 'cells_to_relieve' is not defined
Traceback (most recent call last):
  File "/home/user/DisasterAI/DisasterAI_Model.py", line 1315, in process_reward
    for cell in cells_to_relieve:
                ^^^^^^^^^^^^^^^^
NameError: name 'cells_to_relieve' is not defined
ERROR in Agent H_48 process_reward at tick 48: name 'cells_to_relieve' is not defined
Traceback (most recent call last):
  File "/home/user/DisasterAI/DisasterAI_Model.py", line 1315, in process_reward
    for cell in cells_to_relieve:
                ^^^^^^^^^^^^^^^^
NameError: name 'cells_to_relieve' is not defined
ERROR in Agent H_43 process_reward at tick 48: name 'cells_to_relieve' is not defined
Traceback (most recent call last):
  File "/home/user/DisasterAI/DisasterAI_Model.py", line 1315, in process_reward
    for cell in cells_to_relieve:
                ^^^^^^^^^^^^^^^^
NameError: name 'cells_to_relieve' is not defined
ERROR in Agent H_21 process_reward at tick 48: name 'cells_to_relieve' is not defined
Traceback (most recent call last):
  File "/home/user/DisasterAI/DisasterAI_Model.py", line 1315, in process_reward
    for cell in cells_to_relieve:
                ^^^^^^^^^^^^^^^^
NameError: name 'cells_to_relieve' is not defined
ERROR in Agent H_36 process_reward at tick 48: name 'cells_to_relieve' is not defined
Traceback (most recent call last):
  File "/home/user/DisasterAI/DisasterAI_Model.py", line 1315, in process_reward
    for cell in cells_to_relieve:
                ^^^^^^^^^^^^^^^^
NameError: name 'cells_to_relieve' is not defined
ERROR in Agent H_37 process_reward at tick 48: name 'cells_to_relieve' is not defined
Traceback (most recent call last):
  File "/home/user/DisasterAI/DisasterAI_Model.py", line 1315, in process_reward
    for cell in cells_to_relieve:
                ^^^^^^^^^^^^^^^^
NameError: name 'cells_to_relieve' is not defined
ERROR in Agent H_46 process_reward at tick 48: name 'cells_to_relieve' is not defined
Traceback (most recent call last):
  File "/home/user/DisasterAI/DisasterAI_Model.py", line 1315, in process_reward
    for cell in cells_to_relieve:
                ^^^^^^^^^^^^^^^^
NameError: name 'cells_to_relieve' is not defined
ERROR in Agent H_34 process_reward at tick 48: name 'cells_to_relieve' is not defined
Traceback (most recent call last):
  File "/home/user/DisasterAI/DisasterAI_Model.py", line 1315, in process_reward
    for cell in cells_to_relieve:
                ^^^^^^^^^^^^^^^^
NameError: name 'cells_to_relieve' is not defined
ERROR in Agent H_6 process_reward at tick 48: name 'cells_to_relieve' is not defined
Traceback (most recent call last):
  File "/home/user/DisasterAI/DisasterAI_Model.py", line 1315, in process_reward
    for cell in cells_to_relieve:
                ^^^^^^^^^^^^^^^^
NameError: name 'cells_to_relieve' is not defined
ERROR in Agent H_18 process_reward at tick 48: name 'cells_to_relieve' is not defined
Traceback (most recent call last):
  File "/home/user/DisasterAI/DisasterAI_Model.py", line 1315, in process_reward
    for cell in cells_to_relieve:
                ^^^^^^^^^^^^^^^^
NameError: name 'cells_to_relieve' is not defined
ERROR in Agent H_11 process_reward at tick 48: name 'cells_to_relieve' is not defined
Traceback (most recent call last):
  File "/home/user/DisasterAI/DisasterAI_Model.py", line 1315, in process_reward
    for cell in cells_to_relieve:
                ^^^^^^^^^^^^^^^^
NameError: name 'cells_to_relieve' is not defined
ERROR in Agent H_38 process_reward at tick 48: name 'cells_to_relieve' is not defined
Traceback (most recent call last):
  File "/home/user/DisasterAI/DisasterAI_Model.py", line 1315, in process_reward
    for cell in cells_to_relieve:
                ^^^^^^^^^^^^^^^^
NameError: name 'cells_to_relieve' is not defined
ERROR in Agent H_28 process_reward at tick 48: name 'cells_to_relieve' is not defined
Traceback (most recent call last):
  File "/home/user/DisasterAI/DisasterAI_Model.py", line 1315, in process_reward
    for cell in cells_to_relieve:
                ^^^^^^^^^^^^^^^^
NameError: name 'cells_to_relieve' is not defined
ERROR in Agent H_30 process_reward at tick 48: name 'cells_to_relieve' is not defined
Traceback (most recent call last):
  File "/home/user/DisasterAI/DisasterAI_Model.py", line 1315, in process_reward
    for cell in cells_to_relieve:
                ^^^^^^^^^^^^^^^^
NameError: name 'cells_to_relieve' is not defined
ERROR in Agent H_33 process_reward at tick 48: name 'cells_to_relieve' is not defined
Traceback (most recent call last):
  File "/home/user/DisasterAI/DisasterAI_Model.py", line 1315, in process_reward
    for cell in cells_to_relieve:
                ^^^^^^^^^^^^^^^^
NameError: name 'cells_to_relieve' is not defined
ERROR in Agent H_20 process_reward at tick 48: name 'cells_to_relieve' is not defined
Traceback (most recent call last):
  File "/home/user/DisasterAI/DisasterAI_Model.py", line 1315, in process_reward
    for cell in cells_to_relieve:
                ^^^^^^^^^^^^^^^^
NameError: name 'cells_to_relieve' is not defined
ERROR in Agent H_29 process_reward at tick 48: name 'cells_to_relieve' is not defined
Traceback (most recent call last):
  File "/home/user/DisasterAI/DisasterAI_Model.py", line 1315, in process_reward
    for cell in cells_to_relieve:
                ^^^^^^^^^^^^^^^^
NameError: name 'cells_to_relieve' is not defined
ERROR in Agent H_19 process_reward at tick 48: name 'cells_to_relieve' is not defined
Traceback (most recent call last):
  File "/home/user/DisasterAI/DisasterAI_Model.py", line 1315, in process_reward
    for cell in cells_to_relieve:
                ^^^^^^^^^^^^^^^^
NameError: name 'cells_to_relieve' is not defined
ERROR in Agent H_31 process_reward at tick 48: name 'cells_to_relieve' is not defined
Traceback (most recent call last):
  File "/home/user/DisasterAI/DisasterAI_Model.py", line 1315, in process_reward
    for cell in cells_to_relieve:
                ^^^^^^^^^^^^^^^^
NameError: name 'cells_to_relieve' is not defined
ERROR in Agent H_24 process_reward at tick 48: name 'cells_to_relieve' is not defined
Traceback (most recent call last):
  File "/home/user/DisasterAI/DisasterAI_Model.py", line 1315, in process_reward
    for cell in cells_to_relieve:
                ^^^^^^^^^^^^^^^^
NameError: name 'cells_to_relieve' is not defined
ERROR in Agent H_4 process_reward at tick 48: name 'cells_to_relieve' is not defined
Traceback (most recent call last):
  File "/home/user/DisasterAI/DisasterAI_Model.py", line 1315, in process_reward
    for cell in cells_to_relieve:
                ^^^^^^^^^^^^^^^^
NameError: name 'cells_to_relieve' is not defined
ERROR in Agent H_26 process_reward at tick 48: name 'cells_to_relieve' is not defined
Traceback (most recent call last):
  File "/home/user/DisasterAI/DisasterAI_Model.py", line 1315, in process_reward
    for cell in cells_to_relieve:
                ^^^^^^^^^^^^^^^^
NameError: name 'cells_to_relieve' is not defined
ERROR in Agent H_16 process_reward at tick 48: name 'cells_to_relieve' is not defined
Traceback (most recent call last):
  File "/home/user/DisasterAI/DisasterAI_Model.py", line 1315, in process_reward
    for cell in cells_to_relieve:
                ^^^^^^^^^^^^^^^^
NameError: name 'cells_to_relieve' is not defined
ERROR in Agent H_32 process_reward at tick 48: name 'cells_to_relieve' is not defined
Traceback (most recent call last):
  File "/home/user/DisasterAI/DisasterAI_Model.py", line 1315, in process_reward
    for cell in cells_to_relieve:
                ^^^^^^^^^^^^^^^^
NameError: name 'cells_to_relieve' is not defined
ERROR in Agent H_13 process_reward at tick 48: name 'cells_to_relieve' is not defined
Traceback (most recent call last):
  File "/home/user/DisasterAI/DisasterAI_Model.py", line 1315, in process_reward
    for cell in cells_to_relieve:
                ^^^^^^^^^^^^^^^^
NameError: name 'cells_to_relieve' is not defined
ERROR in Agent H_14 process_reward at tick 48: name 'cells_to_relieve' is not defined
Traceback (most recent call last):
  File "/home/user/DisasterAI/DisasterAI_Model.py", line 1315, in process_reward
    for cell in cells_to_relieve:
                ^^^^^^^^^^^^^^^^
NameError: name 'cells_to_relieve' is not defined
ERROR in Agent H_12 process_reward at tick 48: name 'cells_to_relieve' is not defined
Traceback (most recent call last):
  File "/home/user/DisasterAI/DisasterAI_Model.py", line 1315, in process_reward
    for cell in cells_to_relieve:
                ^^^^^^^^^^^^^^^^
NameError: name 'cells_to_relieve' is not defined
ERROR in Agent H_7 process_reward at tick 48: name 'cells_to_relieve' is not defined
Traceback (most recent call last):
  File "/home/user/DisasterAI/DisasterAI_Model.py", line 1315, in process_reward
    for cell in cells_to_relieve:
                ^^^^^^^^^^^^^^^^
NameError: name 'cells_to_relieve' is not defined
ERROR in Agent H_20 process_reward at tick 49: name 'cells_to_relieve' is not defined
Traceback (most recent call last):
  File "/home/user/DisasterAI/DisasterAI_Model.py", line 1315, in process_reward
    for cell in cells_to_relieve:
                ^^^^^^^^^^^^^^^^
NameError: name 'cells_to_relieve' is not defined
ERROR in Agent H_26 process_reward at tick 49: name 'cells_to_relieve' is not defined
Traceback (most recent call last):
  File "/home/user/DisasterAI/DisasterAI_Model.py", line 1315, in process_reward
    for cell in cells_to_relieve:
                ^^^^^^^^^^^^^^^^
NameError: name 'cells_to_relieve' is not defined
ERROR in Agent H_8 process_reward at tick 49: name 'cells_to_relieve' is not defined
Traceback (most recent call last):
  File "/home/user/DisasterAI/DisasterAI_Model.py", line 1315, in process_reward
    for cell in cells_to_relieve:
                ^^^^^^^^^^^^^^^^
NameError: name 'cells_to_relieve' is not defined
ERROR in Agent H_42 process_reward at tick 49: name 'cells_to_relieve' is not defined
Traceback (most recent call last):
  File "/home/user/DisasterAI/DisasterAI_Model.py", line 1315, in process_reward
    for cell in cells_to_relieve:
                ^^^^^^^^^^^^^^^^
NameError: name 'cells_to_relieve' is not defined
ERROR in Agent H_10 process_reward at tick 49: name 'cells_to_relieve' is not defined
Traceback (most recent call last):
  File "/home/user/DisasterAI/DisasterAI_Model.py", line 1315, in process_reward
    for cell in cells_to_relieve:
                ^^^^^^^^^^^^^^^^
NameError: name 'cells_to_relieve' is not defined
ERROR in Agent H_43 process_reward at tick 49: name 'cells_to_relieve' is not defined
Traceback (most recent call last):
  File "/home/user/DisasterAI/DisasterAI_Model.py", line 1315, in process_reward
    for cell in cells_to_relieve:
                ^^^^^^^^^^^^^^^^
NameError: name 'cells_to_relieve' is not defined
ERROR in Agent H_29 process_reward at tick 49: name 'cells_to_relieve' is not defined
Traceback (most recent call last):
  File "/home/user/DisasterAI/DisasterAI_Model.py", line 1315, in process_reward
    for cell in cells_to_relieve:
                ^^^^^^^^^^^^^^^^
NameError: name 'cells_to_relieve' is not defined
ERROR in Agent H_25 process_reward at tick 49: name 'cells_to_relieve' is not defined
Traceback (most recent call last):
  File "/home/user/DisasterAI/DisasterAI_Model.py", line 1315, in process_reward
    for cell in cells_to_relieve:
                ^^^^^^^^^^^^^^^^
NameError: name 'cells_to_relieve' is not defined
ERROR in Agent H_12 process_reward at tick 49: name 'cells_to_relieve' is not defined
Traceback (most recent call last):
  File "/home/user/DisasterAI/DisasterAI_Model.py", line 1315, in process_reward
    for cell in cells_to_relieve:
                ^^^^^^^^^^^^^^^^
NameError: name 'cells_to_relieve' is not defined
ERROR in Agent H_39 process_reward at tick 49: name 'cells_to_relieve' is not defined
Traceback (most recent call last):
  File "/home/user/DisasterAI/DisasterAI_Model.py", line 1315, in process_reward
    for cell in cells_to_relieve:
                ^^^^^^^^^^^^^^^^
NameError: name 'cells_to_relieve' is not defined
ERROR in Agent H_31 process_reward at tick 49: name 'cells_to_relieve' is not defined
Traceback (most recent call last):
  File "/home/user/DisasterAI/DisasterAI_Model.py", line 1315, in process_reward
    for cell in cells_to_relieve:
                ^^^^^^^^^^^^^^^^
NameError: name 'cells_to_relieve' is not defined
ERROR in Agent H_23 process_reward at tick 49: name 'cells_to_relieve' is not defined
Traceback (most recent call last):
  File "/home/user/DisasterAI/DisasterAI_Model.py", line 1315, in process_reward
    for cell in cells_to_relieve:
                ^^^^^^^^^^^^^^^^
NameError: name 'cells_to_relieve' is not defined
ERROR in Agent H_13 process_reward at tick 49: name 'cells_to_relieve' is not defined
Traceback (most recent call last):
  File "/home/user/DisasterAI/DisasterAI_Model.py", line 1315, in process_reward
    for cell in cells_to_relieve:
                ^^^^^^^^^^^^^^^^
NameError: name 'cells_to_relieve' is not defined
ERROR in Agent H_37 process_reward at tick 49: name 'cells_to_relieve' is not defined
Traceback (most recent call last):
  File "/home/user/DisasterAI/DisasterAI_Model.py", line 1315, in process_reward
    for cell in cells_to_relieve:
                ^^^^^^^^^^^^^^^^
NameError: name 'cells_to_relieve' is not defined
ERROR in Agent H_32 process_reward at tick 49: name 'cells_to_relieve' is not defined
Traceback (most recent call last):
  File "/home/user/DisasterAI/DisasterAI_Model.py", line 1315, in process_reward
    for cell in cells_to_relieve:
                ^^^^^^^^^^^^^^^^
NameError: name 'cells_to_relieve' is not defined
ERROR in Agent H_47 process_reward at tick 49: name 'cells_to_relieve' is not defined
Traceback (most recent call last):
  File "/home/user/DisasterAI/DisasterAI_Model.py", line 1315, in process_reward
    for cell in cells_to_relieve:
                ^^^^^^^^^^^^^^^^
NameError: name 'cells_to_relieve' is not defined
ERROR in Agent H_19 process_reward at tick 49: name 'cells_to_relieve' is not defined
Traceback (most recent call last):
  File "/home/user/DisasterAI/DisasterAI_Model.py", line 1315, in process_reward
    for cell in cells_to_relieve:
                ^^^^^^^^^^^^^^^^
NameError: name 'cells_to_relieve' is not defined
ERROR in Agent H_21 process_reward at tick 49: name 'cells_to_relieve' is not defined
Traceback (most recent call last):
  File "/home/user/DisasterAI/DisasterAI_Model.py", line 1315, in process_reward
    for cell in cells_to_relieve:
                ^^^^^^^^^^^^^^^^
NameError: name 'cells_to_relieve' is not defined
ERROR in Agent H_27 process_reward at tick 49: name 'cells_to_relieve' is not defined
Traceback (most recent call last):
  File "/home/user/DisasterAI/DisasterAI_Model.py", line 1315, in process_reward
    for cell in cells_to_relieve:
                ^^^^^^^^^^^^^^^^
NameError: name 'cells_to_relieve' is not defined
ERROR in Agent H_36 process_reward at tick 49: name 'cells_to_relieve' is not defined
Traceback (most recent call last):
  File "/home/user/DisasterAI/DisasterAI_Model.py", line 1315, in process_reward
    for cell in cells_to_relieve:
                ^^^^^^^^^^^^^^^^
NameError: name 'cells_to_relieve' is not defined
ERROR in Agent H_48 process_reward at tick 49: name 'cells_to_relieve' is not defined
Traceback (most recent call last):
  File "/home/user/DisasterAI/DisasterAI_Model.py", line 1315, in process_reward
    for cell in cells_to_relieve:
                ^^^^^^^^^^^^^^^^
NameError: name 'cells_to_relieve' is not defined
ERROR in Agent H_11 process_reward at tick 49: name 'cells_to_relieve' is not defined
Traceback (most recent call last):
  File "/home/user/DisasterAI/DisasterAI_Model.py", line 1315, in process_reward
    for cell in cells_to_relieve:
                ^^^^^^^^^^^^^^^^
NameError: name 'cells_to_relieve' is not defined
ERROR in Agent H_24 process_reward at tick 49: name 'cells_to_relieve' is not defined
Traceback (most recent call last):
  File "/home/user/DisasterAI/DisasterAI_Model.py", line 1315, in process_reward
    for cell in cells_to_relieve:
                ^^^^^^^^^^^^^^^^
NameError: name 'cells_to_relieve' is not defined
ERROR in Agent H_3 process_reward at tick 49: name 'cells_to_relieve' is not defined
Traceback (most recent call last):
  File "/home/user/DisasterAI/DisasterAI_Model.py", line 1315, in process_reward
    for cell in cells_to_relieve:
                ^^^^^^^^^^^^^^^^
NameError: name 'cells_to_relieve' is not defined
ERROR in Agent H_40 process_reward at tick 49: name 'cells_to_relieve' is not defined
Traceback (most recent call last):
  File "/home/user/DisasterAI/DisasterAI_Model.py", line 1315, in process_reward
    for cell in cells_to_relieve:
                ^^^^^^^^^^^^^^^^
NameError: name 'cells_to_relieve' is not defined
ERROR in Agent H_15 process_reward at tick 49: name 'cells_to_relieve' is not defined
Traceback (most recent call last):
  File "/home/user/DisasterAI/DisasterAI_Model.py", line 1315, in process_reward
    for cell in cells_to_relieve:
                ^^^^^^^^^^^^^^^^
NameError: name 'cells_to_relieve' is not defined
ERROR in Agent H_7 process_reward at tick 49: name 'cells_to_relieve' is not defined
Traceback (most recent call last):
  File "/home/user/DisasterAI/DisasterAI_Model.py", line 1315, in process_reward
    for cell in cells_to_relieve:
                ^^^^^^^^^^^^^^^^
NameError: name 'cells_to_relieve' is not defined
ERROR in Agent H_41 process_reward at tick 49: name 'cells_to_relieve' is not defined
Traceback (most recent call last):
  File "/home/user/DisasterAI/DisasterAI_Model.py", line 1315, in process_reward
    for cell in cells_to_relieve:
                ^^^^^^^^^^^^^^^^
NameError: name 'cells_to_relieve' is not defined
ERROR in Agent H_2 process_reward at tick 49: name 'cells_to_relieve' is not defined
Traceback (most recent call last):
  File "/home/user/DisasterAI/DisasterAI_Model.py", line 1315, in process_reward
    for cell in cells_to_relieve:
                ^^^^^^^^^^^^^^^^
NameError: name 'cells_to_relieve' is not defined
ERROR in Agent H_23 process_reward at tick 50: name 'cells_to_relieve' is not defined
Traceback (most recent call last):
  File "/home/user/DisasterAI/DisasterAI_Model.py", line 1315, in process_reward
    for cell in cells_to_relieve:
                ^^^^^^^^^^^^^^^^
NameError: name 'cells_to_relieve' is not defined
ERROR in Agent H_4 process_reward at tick 50: name 'cells_to_relieve' is not defined
Traceback (most recent call last):
  File "/home/user/DisasterAI/DisasterAI_Model.py", line 1315, in process_reward
    for cell in cells_to_relieve:
                ^^^^^^^^^^^^^^^^
NameError: name 'cells_to_relieve' is not defined
ERROR in Agent H_29 process_reward at tick 50: name 'cells_to_relieve' is not defined
Traceback (most recent call last):
  File "/home/user/DisasterAI/DisasterAI_Model.py", line 1315, in process_reward
    for cell in cells_to_relieve:
                ^^^^^^^^^^^^^^^^
NameError: name 'cells_to_relieve' is not defined
ERROR in Agent H_44 process_reward at tick 50: name 'cells_to_relieve' is not defined
Traceback (most recent call last):
  File "/home/user/DisasterAI/DisasterAI_Model.py", line 1315, in process_reward
    for cell in cells_to_relieve:
                ^^^^^^^^^^^^^^^^
NameError: name 'cells_to_relieve' is not defined
ERROR in Agent H_30 process_reward at tick 50: name 'cells_to_relieve' is not defined
Traceback (most recent call last):
  File "/home/user/DisasterAI/DisasterAI_Model.py", line 1315, in process_reward
    for cell in cells_to_relieve:
                ^^^^^^^^^^^^^^^^
NameError: name 'cells_to_relieve' is not defined
ERROR in Agent H_43 process_reward at tick 50: name 'cells_to_relieve' is not defined
Traceback (most recent call last):
  File "/home/user/DisasterAI/DisasterAI_Model.py", line 1315, in process_reward
    for cell in cells_to_relieve:
                ^^^^^^^^^^^^^^^^
NameError: name 'cells_to_relieve' is not defined
ERROR in Agent H_28 process_reward at tick 50: name 'cells_to_relieve' is not defined
Traceback (most recent call last):
  File "/home/user/DisasterAI/DisasterAI_Model.py", line 1315, in process_reward
    for cell in cells_to_relieve:
                ^^^^^^^^^^^^^^^^
NameError: name 'cells_to_relieve' is not defined
ERROR in Agent H_40 process_reward at tick 50: name 'cells_to_relieve' is not defined
Traceback (most recent call last):
  File "/home/user/DisasterAI/DisasterAI_Model.py", line 1315, in process_reward
    for cell in cells_to_relieve:
                ^^^^^^^^^^^^^^^^
NameError: name 'cells_to_relieve' is not defined
ERROR in Agent H_39 process_reward at tick 50: name 'cells_to_relieve' is not defined
Traceback (most recent call last):
  File "/home/user/DisasterAI/DisasterAI_Model.py", line 1315, in process_reward
    for cell in cells_to_relieve:
                ^^^^^^^^^^^^^^^^
NameError: name 'cells_to_relieve' is not defined
ERROR in Agent H_42 process_reward at tick 50: name 'cells_to_relieve' is not defined
Traceback (most recent call last):
  File "/home/user/DisasterAI/DisasterAI_Model.py", line 1315, in process_reward
    for cell in cells_to_relieve:
                ^^^^^^^^^^^^^^^^
NameError: name 'cells_to_relieve' is not defined
ERROR in Agent H_33 process_reward at tick 50: name 'cells_to_relieve' is not defined
Traceback (most recent call last):
  File "/home/user/DisasterAI/DisasterAI_Model.py", line 1315, in process_reward
    for cell in cells_to_relieve:
                ^^^^^^^^^^^^^^^^
NameError: name 'cells_to_relieve' is not defined
ERROR in Agent H_3 process_reward at tick 50: name 'cells_to_relieve' is not defined
Traceback (most recent call last):
  File "/home/user/DisasterAI/DisasterAI_Model.py", line 1315, in process_reward
    for cell in cells_to_relieve:
                ^^^^^^^^^^^^^^^^
NameError: name 'cells_to_relieve' is not defined
ERROR in Agent H_9 process_reward at tick 50: name 'cells_to_relieve' is not defined
Traceback (most recent call last):
  File "/home/user/DisasterAI/DisasterAI_Model.py", line 1315, in process_reward
    for cell in cells_to_relieve:
                ^^^^^^^^^^^^^^^^
NameError: name 'cells_to_relieve' is not defined
ERROR in Agent H_49 process_reward at tick 50: name 'cells_to_relieve' is not defined
Traceback (most recent call last):
  File "/home/user/DisasterAI/DisasterAI_Model.py", line 1315, in process_reward
    for cell in cells_to_relieve:
                ^^^^^^^^^^^^^^^^
NameError: name 'cells_to_relieve' is not defined
ERROR in Agent H_36 process_reward at tick 50: name 'cells_to_relieve' is not defined
Traceback (most recent call last):
  File "/home/user/DisasterAI/DisasterAI_Model.py", line 1315, in process_reward
    for cell in cells_to_relieve:
                ^^^^^^^^^^^^^^^^
NameError: name 'cells_to_relieve' is not defined
ERROR in Agent H_11 process_reward at tick 50: name 'cells_to_relieve' is not defined
Traceback (most recent call last):
  File "/home/user/DisasterAI/DisasterAI_Model.py", line 1315, in process_reward
    for cell in cells_to_relieve:
                ^^^^^^^^^^^^^^^^
NameError: name 'cells_to_relieve' is not defined
ERROR in Agent H_24 process_reward at tick 50: name 'cells_to_relieve' is not defined
Traceback (most recent call last):
  File "/home/user/DisasterAI/DisasterAI_Model.py", line 1315, in process_reward
    for cell in cells_to_relieve:
                ^^^^^^^^^^^^^^^^
NameError: name 'cells_to_relieve' is not defined
ERROR in Agent H_20 process_reward at tick 50: name 'cells_to_relieve' is not defined
Traceback (most recent call last):
  File "/home/user/DisasterAI/DisasterAI_Model.py", line 1315, in process_reward
    for cell in cells_to_relieve:
                ^^^^^^^^^^^^^^^^
NameError: name 'cells_to_relieve' is not defined
ERROR in Agent H_25 process_reward at tick 50: name 'cells_to_relieve' is not defined
Traceback (most recent call last):
  File "/home/user/DisasterAI/DisasterAI_Model.py", line 1315, in process_reward
    for cell in cells_to_relieve:
                ^^^^^^^^^^^^^^^^
NameError: name 'cells_to_relieve' is not defined
ERROR in Agent H_14 process_reward at tick 50: name 'cells_to_relieve' is not defined
Traceback (most recent call last):
  File "/home/user/DisasterAI/DisasterAI_Model.py", line 1315, in process_reward
    for cell in cells_to_relieve:
                ^^^^^^^^^^^^^^^^
NameError: name 'cells_to_relieve' is not defined
ERROR in Agent H_15 process_reward at tick 50: name 'cells_to_relieve' is not defined
Traceback (most recent call last):
  File "/home/user/DisasterAI/DisasterAI_Model.py", line 1315, in process_reward
    for cell in cells_to_relieve:
                ^^^^^^^^^^^^^^^^
NameError: name 'cells_to_relieve' is not defined
ERROR in Agent H_13 process_reward at tick 50: name 'cells_to_relieve' is not defined
Traceback (most recent call last):
  File "/home/user/DisasterAI/DisasterAI_Model.py", line 1315, in process_reward
    for cell in cells_to_relieve:
                ^^^^^^^^^^^^^^^^
NameError: name 'cells_to_relieve' is not defined
ERROR in Agent H_41 process_reward at tick 50: name 'cells_to_relieve' is not defined
Traceback (most recent call last):
  File "/home/user/DisasterAI/DisasterAI_Model.py", line 1315, in process_reward
    for cell in cells_to_relieve:
                ^^^^^^^^^^^^^^^^
NameError: name 'cells_to_relieve' is not defined
ERROR in Agent H_1 process_reward at tick 50: name 'cells_to_relieve' is not defined
Traceback (most recent call last):
  File "/home/user/DisasterAI/DisasterAI_Model.py", line 1315, in process_reward
    for cell in cells_to_relieve:
                ^^^^^^^^^^^^^^^^
NameError: name 'cells_to_relieve' is not defined
ERROR in Agent H_2 process_reward at tick 50: name 'cells_to_relieve' is not defined
Traceback (most recent call last):
  File "/home/user/DisasterAI/DisasterAI_Model.py", line 1315, in process_reward
    for cell in cells_to_relieve:
                ^^^^^^^^^^^^^^^^
NameError: name 'cells_to_relieve' is not defined
ERROR in Agent H_6 process_reward at tick 50: name 'cells_to_relieve' is not defined
Traceback (most recent call last):
  File "/home/user/DisasterAI/DisasterAI_Model.py", line 1315, in process_reward
    for cell in cells_to_relieve:
                ^^^^^^^^^^^^^^^^
NameError: name 'cells_to_relieve' is not defined
ERROR in Agent H_38 process_reward at tick 50: name 'cells_to_relieve' is not defined
Traceback (most recent call last):
  File "/home/user/DisasterAI/DisasterAI_Model.py", line 1315, in process_reward
    for cell in cells_to_relieve:
                ^^^^^^^^^^^^^^^^
NameError: name 'cells_to_relieve' is not defined
ERROR in Agent H_19 process_reward at tick 50: name 'cells_to_relieve' is not defined
Traceback (most recent call last):
  File "/home/user/DisasterAI/DisasterAI_Model.py", line 1315, in process_reward
    for cell in cells_to_relieve:
                ^^^^^^^^^^^^^^^^
NameError: name 'cells_to_relieve' is not defined
ERROR in Agent H_47 process_reward at tick 50: name 'cells_to_relieve' is not defined
Traceback (most recent call last):
  File "/home/user/DisasterAI/DisasterAI_Model.py", line 1315, in process_reward
    for cell in cells_to_relieve:
                ^^^^^^^^^^^^^^^^
NameError: name 'cells_to_relieve' is not defined

DEBUG: Starting AECI variance calculation at tick 50
  Found 0/50 AI-reliant agents
  Global belief variance: 0.0618
  WARNING: Invalid global variance (0.061834360000000005) or no AI-reliant agents
  Returning AECI variance tuple: (50, 0.0)
  Current aeci_variance_data length: 50
  Last 3 entries: [(48, 0.0), (49, 0.0), (50, 0.0)]

--- Retainment Diagnostics at Tick 50 ---
Agent H_0 (exploitative) retainment stats:
  accepted_human: 5, accepted_friend: 5, accepted_ai: 0
  retain_aeci: 0.00, retain_seci: 1.00
Agent H_1 (exploitative) retainment stats:
  accepted_human: 0, accepted_friend: 0, accepted_ai: 0
  No acceptances recorded
Agent H_2 (exploitative) retainment stats:
  accepted_human: 44, accepted_friend: 44, accepted_ai: 0
  retain_aeci: 0.00, retain_seci: 1.00
Tick 50:
  Exploratory avg trust in A_0: 0.726
  Exploitative avg trust in A_0: 0.780
ERROR in Agent H_14 process_reward at tick 51: name 'cells_to_relieve' is not defined
Traceback (most recent call last):
  File "/home/user/DisasterAI/DisasterAI_Model.py", line 1315, in process_reward
    for cell in cells_to_relieve:
                ^^^^^^^^^^^^^^^^
NameError: name 'cells_to_relieve' is not defined
ERROR in Agent H_26 process_reward at tick 51: name 'cells_to_relieve' is not defined
Traceback (most recent call last):
  File "/home/user/DisasterAI/DisasterAI_Model.py", line 1315, in process_reward
    for cell in cells_to_relieve:
                ^^^^^^^^^^^^^^^^
NameError: name 'cells_to_relieve' is not defined
ERROR in Agent H_11 process_reward at tick 51: name 'cells_to_relieve' is not defined
Traceback (most recent call last):
  File "/home/user/DisasterAI/DisasterAI_Model.py", line 1315, in process_reward
    for cell in cells_to_relieve:
                ^^^^^^^^^^^^^^^^
NameError: name 'cells_to_relieve' is not defined
ERROR in Agent H_10 process_reward at tick 51: name 'cells_to_relieve' is not defined
Traceback (most recent call last):
  File "/home/user/DisasterAI/DisasterAI_Model.py", line 1315, in process_reward
    for cell in cells_to_relieve:
                ^^^^^^^^^^^^^^^^
NameError: name 'cells_to_relieve' is not defined
ERROR in Agent H_4 process_reward at tick 51: name 'cells_to_relieve' is not defined
Traceback (most recent call last):
  File "/home/user/DisasterAI/DisasterAI_Model.py", line 1315, in process_reward
    for cell in cells_to_relieve:
                ^^^^^^^^^^^^^^^^
NameError: name 'cells_to_relieve' is not defined
ERROR in Agent H_3 process_reward at tick 51: name 'cells_to_relieve' is not defined
Traceback (most recent call last):
  File "/home/user/DisasterAI/DisasterAI_Model.py", line 1315, in process_reward
    for cell in cells_to_relieve:
                ^^^^^^^^^^^^^^^^
NameError: name 'cells_to_relieve' is not defined
ERROR in Agent H_33 process_reward at tick 51: name 'cells_to_relieve' is not defined
Traceback (most recent call last):
  File "/home/user/DisasterAI/DisasterAI_Model.py", line 1315, in process_reward
    for cell in cells_to_relieve:
                ^^^^^^^^^^^^^^^^
NameError: name 'cells_to_relieve' is not defined
ERROR in Agent H_34 process_reward at tick 51: name 'cells_to_relieve' is not defined
Traceback (most recent call last):
  File "/home/user/DisasterAI/DisasterAI_Model.py", line 1315, in process_reward
    for cell in cells_to_relieve:
                ^^^^^^^^^^^^^^^^
NameError: name 'cells_to_relieve' is not defined
ERROR in Agent H_40 process_reward at tick 51: name 'cells_to_relieve' is not defined
Traceback (most recent call last):
  File "/home/user/DisasterAI/DisasterAI_Model.py", line 1315, in process_reward
    for cell in cells_to_relieve:
                ^^^^^^^^^^^^^^^^
NameError: name 'cells_to_relieve' is not defined
ERROR in Agent H_25 process_reward at tick 51: name 'cells_to_relieve' is not defined
Traceback (most recent call last):
  File "/home/user/DisasterAI/DisasterAI_Model.py", line 1315, in process_reward
    for cell in cells_to_relieve:
                ^^^^^^^^^^^^^^^^
NameError: name 'cells_to_relieve' is not defined
ERROR in Agent H_30 process_reward at tick 51: name 'cells_to_relieve' is not defined
Traceback (most recent call last):
  File "/home/user/DisasterAI/DisasterAI_Model.py", line 1315, in process_reward
    for cell in cells_to_relieve:
                ^^^^^^^^^^^^^^^^
NameError: name 'cells_to_relieve' is not defined
ERROR in Agent H_45 process_reward at tick 51: name 'cells_to_relieve' is not defined
Traceback (most recent call last):
  File "/home/user/DisasterAI/DisasterAI_Model.py", line 1315, in process_reward
    for cell in cells_to_relieve:
                ^^^^^^^^^^^^^^^^
NameError: name 'cells_to_relieve' is not defined
ERROR in Agent H_29 process_reward at tick 51: name 'cells_to_relieve' is not defined
Traceback (most recent call last):
  File "/home/user/DisasterAI/DisasterAI_Model.py", line 1315, in process_reward
    for cell in cells_to_relieve:
                ^^^^^^^^^^^^^^^^
NameError: name 'cells_to_relieve' is not defined
ERROR in Agent H_19 process_reward at tick 51: name 'cells_to_relieve' is not defined
Traceback (most recent call last):
  File "/home/user/DisasterAI/DisasterAI_Model.py", line 1315, in process_reward
    for cell in cells_to_relieve:
                ^^^^^^^^^^^^^^^^
NameError: name 'cells_to_relieve' is not defined
ERROR in Agent H_17 process_reward at tick 51: name 'cells_to_relieve' is not defined
Traceback (most recent call last):
  File "/home/user/DisasterAI/DisasterAI_Model.py", line 1315, in process_reward
    for cell in cells_to_relieve:
                ^^^^^^^^^^^^^^^^
NameError: name 'cells_to_relieve' is not defined
ERROR in Agent H_20 process_reward at tick 51: name 'cells_to_relieve' is not defined
Traceback (most recent call last):
  File "/home/user/DisasterAI/DisasterAI_Model.py", line 1315, in process_reward
    for cell in cells_to_relieve:
                ^^^^^^^^^^^^^^^^
NameError: name 'cells_to_relieve' is not defined
ERROR in Agent H_47 process_reward at tick 51: name 'cells_to_relieve' is not defined
Traceback (most recent call last):
  File "/home/user/DisasterAI/DisasterAI_Model.py", line 1315, in process_reward
    for cell in cells_to_relieve:
                ^^^^^^^^^^^^^^^^
NameError: name 'cells_to_relieve' is not defined
ERROR in Agent H_31 process_reward at tick 51: name 'cells_to_relieve' is not defined
Traceback (most recent call last):
  File "/home/user/DisasterAI/DisasterAI_Model.py", line 1315, in process_reward
    for cell in cells_to_relieve:
                ^^^^^^^^^^^^^^^^
NameError: name 'cells_to_relieve' is not defined
ERROR in Agent H_49 process_reward at tick 51: name 'cells_to_relieve' is not defined
Traceback (most recent call last):
  File "/home/user/DisasterAI/DisasterAI_Model.py", line 1315, in process_reward
    for cell in cells_to_relieve:
                ^^^^^^^^^^^^^^^^
NameError: name 'cells_to_relieve' is not defined
ERROR in Agent H_13 process_reward at tick 51: name 'cells_to_relieve' is not defined
Traceback (most recent call last):
  File "/home/user/DisasterAI/DisasterAI_Model.py", line 1315, in process_reward
    for cell in cells_to_relieve:
                ^^^^^^^^^^^^^^^^
NameError: name 'cells_to_relieve' is not defined
ERROR in Agent H_36 process_reward at tick 51: name 'cells_to_relieve' is not defined
Traceback (most recent call last):
  File "/home/user/DisasterAI/DisasterAI_Model.py", line 1315, in process_reward
    for cell in cells_to_relieve:
                ^^^^^^^^^^^^^^^^
NameError: name 'cells_to_relieve' is not defined
ERROR in Agent H_0 process_reward at tick 51: name 'cells_to_relieve' is not defined
Traceback (most recent call last):
  File "/home/user/DisasterAI/DisasterAI_Model.py", line 1315, in process_reward
    for cell in cells_to_relieve:
                ^^^^^^^^^^^^^^^^
NameError: name 'cells_to_relieve' is not defined
ERROR in Agent H_18 process_reward at tick 51: name 'cells_to_relieve' is not defined
Traceback (most recent call last):
  File "/home/user/DisasterAI/DisasterAI_Model.py", line 1315, in process_reward
    for cell in cells_to_relieve:
                ^^^^^^^^^^^^^^^^
NameError: name 'cells_to_relieve' is not defined
ERROR in Agent H_39 process_reward at tick 51: name 'cells_to_relieve' is not defined
Traceback (most recent call last):
  File "/home/user/DisasterAI/DisasterAI_Model.py", line 1315, in process_reward
    for cell in cells_to_relieve:
                ^^^^^^^^^^^^^^^^
NameError: name 'cells_to_relieve' is not defined
ERROR in Agent H_7 process_reward at tick 51: name 'cells_to_relieve' is not defined
Traceback (most recent call last):
  File "/home/user/DisasterAI/DisasterAI_Model.py", line 1315, in process_reward
    for cell in cells_to_relieve:
                ^^^^^^^^^^^^^^^^
NameError: name 'cells_to_relieve' is not defined
ERROR in Agent H_28 process_reward at tick 51: name 'cells_to_relieve' is not defined
Traceback (most recent call last):
  File "/home/user/DisasterAI/DisasterAI_Model.py", line 1315, in process_reward
    for cell in cells_to_relieve:
                ^^^^^^^^^^^^^^^^
NameError: name 'cells_to_relieve' is not defined
ERROR in Agent H_23 process_reward at tick 51: name 'cells_to_relieve' is not defined
Traceback (most recent call last):
  File "/home/user/DisasterAI/DisasterAI_Model.py", line 1315, in process_reward
    for cell in cells_to_relieve:
                ^^^^^^^^^^^^^^^^
NameError: name 'cells_to_relieve' is not defined
ERROR in Agent H_9 process_reward at tick 51: name 'cells_to_relieve' is not defined
Traceback (most recent call last):
  File "/home/user/DisasterAI/DisasterAI_Model.py", line 1315, in process_reward
    for cell in cells_to_relieve:
                ^^^^^^^^^^^^^^^^
NameError: name 'cells_to_relieve' is not defined
ERROR in Agent H_46 process_reward at tick 51: name 'cells_to_relieve' is not defined
Traceback (most recent call last):
  File "/home/user/DisasterAI/DisasterAI_Model.py", line 1315, in process_reward
    for cell in cells_to_relieve:
                ^^^^^^^^^^^^^^^^
NameError: name 'cells_to_relieve' is not defined
ERROR in Agent H_37 process_reward at tick 51: name 'cells_to_relieve' is not defined
Traceback (most recent call last):
  File "/home/user/DisasterAI/DisasterAI_Model.py", line 1315, in process_reward
    for cell in cells_to_relieve:
                ^^^^^^^^^^^^^^^^
NameError: name 'cells_to_relieve' is not defined
ERROR in Agent H_43 process_reward at tick 51: name 'cells_to_relieve' is not defined
Traceback (most recent call last):
  File "/home/user/DisasterAI/DisasterAI_Model.py", line 1315, in process_reward
    for cell in cells_to_relieve:
                ^^^^^^^^^^^^^^^^
NameError: name 'cells_to_relieve' is not defined
ERROR in Agent H_16 process_reward at tick 51: name 'cells_to_relieve' is not defined
Traceback (most recent call last):
  File "/home/user/DisasterAI/DisasterAI_Model.py", line 1315, in process_reward
    for cell in cells_to_relieve:
                ^^^^^^^^^^^^^^^^
NameError: name 'cells_to_relieve' is not defined
ERROR in Agent H_1 process_reward at tick 52: name 'cells_to_relieve' is not defined
Traceback (most recent call last):
  File "/home/user/DisasterAI/DisasterAI_Model.py", line 1315, in process_reward
    for cell in cells_to_relieve:
                ^^^^^^^^^^^^^^^^
NameError: name 'cells_to_relieve' is not defined
ERROR in Agent H_26 process_reward at tick 52: name 'cells_to_relieve' is not defined
Traceback (most recent call last):
  File "/home/user/DisasterAI/DisasterAI_Model.py", line 1315, in process_reward
    for cell in cells_to_relieve:
                ^^^^^^^^^^^^^^^^
NameError: name 'cells_to_relieve' is not defined
ERROR in Agent H_48 process_reward at tick 52: name 'cells_to_relieve' is not defined
Traceback (most recent call last):
  File "/home/user/DisasterAI/DisasterAI_Model.py", line 1315, in process_reward
    for cell in cells_to_relieve:
                ^^^^^^^^^^^^^^^^
NameError: name 'cells_to_relieve' is not defined
ERROR in Agent H_32 process_reward at tick 52: name 'cells_to_relieve' is not defined
Traceback (most recent call last):
  File "/home/user/DisasterAI/DisasterAI_Model.py", line 1315, in process_reward
    for cell in cells_to_relieve:
                ^^^^^^^^^^^^^^^^
NameError: name 'cells_to_relieve' is not defined
ERROR in Agent H_10 process_reward at tick 52: name 'cells_to_relieve' is not defined
Traceback (most recent call last):
  File "/home/user/DisasterAI/DisasterAI_Model.py", line 1315, in process_reward
    for cell in cells_to_relieve:
                ^^^^^^^^^^^^^^^^
NameError: name 'cells_to_relieve' is not defined
ERROR in Agent H_7 process_reward at tick 52: name 'cells_to_relieve' is not defined
Traceback (most recent call last):
  File "/home/user/DisasterAI/DisasterAI_Model.py", line 1315, in process_reward
    for cell in cells_to_relieve:
                ^^^^^^^^^^^^^^^^
NameError: name 'cells_to_relieve' is not defined
ERROR in Agent H_42 process_reward at tick 52: name 'cells_to_relieve' is not defined
Traceback (most recent call last):
  File "/home/user/DisasterAI/DisasterAI_Model.py", line 1315, in process_reward
    for cell in cells_to_relieve:
                ^^^^^^^^^^^^^^^^
NameError: name 'cells_to_relieve' is not defined
ERROR in Agent H_41 process_reward at tick 52: name 'cells_to_relieve' is not defined
Traceback (most recent call last):
  File "/home/user/DisasterAI/DisasterAI_Model.py", line 1315, in process_reward
    for cell in cells_to_relieve:
                ^^^^^^^^^^^^^^^^
NameError: name 'cells_to_relieve' is not defined
ERROR in Agent H_23 process_reward at tick 52: name 'cells_to_relieve' is not defined
Traceback (most recent call last):
  File "/home/user/DisasterAI/DisasterAI_Model.py", line 1315, in process_reward
    for cell in cells_to_relieve:
                ^^^^^^^^^^^^^^^^
NameError: name 'cells_to_relieve' is not defined
ERROR in Agent H_40 process_reward at tick 52: name 'cells_to_relieve' is not defined
Traceback (most recent call last):
  File "/home/user/DisasterAI/DisasterAI_Model.py", line 1315, in process_reward
    for cell in cells_to_relieve:
                ^^^^^^^^^^^^^^^^
NameError: name 'cells_to_relieve' is not defined
ERROR in Agent H_31 process_reward at tick 52: name 'cells_to_relieve' is not defined
Traceback (most recent call last):
  File "/home/user/DisasterAI/DisasterAI_Model.py", line 1315, in process_reward
    for cell in cells_to_relieve:
                ^^^^^^^^^^^^^^^^
NameError: name 'cells_to_relieve' is not defined
ERROR in Agent H_44 process_reward at tick 52: name 'cells_to_relieve' is not defined
Traceback (most recent call last):
  File "/home/user/DisasterAI/DisasterAI_Model.py", line 1315, in process_reward
    for cell in cells_to_relieve:
                ^^^^^^^^^^^^^^^^
NameError: name 'cells_to_relieve' is not defined
ERROR in Agent H_38 process_reward at tick 52: name 'cells_to_relieve' is not defined
Traceback (most recent call last):
  File "/home/user/DisasterAI/DisasterAI_Model.py", line 1315, in process_reward
    for cell in cells_to_relieve:
                ^^^^^^^^^^^^^^^^
NameError: name 'cells_to_relieve' is not defined
ERROR in Agent H_28 process_reward at tick 52: name 'cells_to_relieve' is not defined
Traceback (most recent call last):
  File "/home/user/DisasterAI/DisasterAI_Model.py", line 1315, in process_reward
    for cell in cells_to_relieve:
                ^^^^^^^^^^^^^^^^
NameError: name 'cells_to_relieve' is not defined
ERROR in Agent H_16 process_reward at tick 52: name 'cells_to_relieve' is not defined
Traceback (most recent call last):
  File "/home/user/DisasterAI/DisasterAI_Model.py", line 1315, in process_reward
    for cell in cells_to_relieve:
                ^^^^^^^^^^^^^^^^
NameError: name 'cells_to_relieve' is not defined
ERROR in Agent H_5 process_reward at tick 52: name 'cells_to_relieve' is not defined
Traceback (most recent call last):
  File "/home/user/DisasterAI/DisasterAI_Model.py", line 1315, in process_reward
    for cell in cells_to_relieve:
                ^^^^^^^^^^^^^^^^
NameError: name 'cells_to_relieve' is not defined
ERROR in Agent H_3 process_reward at tick 52: name 'cells_to_relieve' is not defined
Traceback (most recent call last):
  File "/home/user/DisasterAI/DisasterAI_Model.py", line 1315, in process_reward
    for cell in cells_to_relieve:
                ^^^^^^^^^^^^^^^^
NameError: name 'cells_to_relieve' is not defined
ERROR in Agent H_49 process_reward at tick 52: name 'cells_to_relieve' is not defined
Traceback (most recent call last):
  File "/home/user/DisasterAI/DisasterAI_Model.py", line 1315, in process_reward
    for cell in cells_to_relieve:
                ^^^^^^^^^^^^^^^^
NameError: name 'cells_to_relieve' is not defined
ERROR in Agent H_33 process_reward at tick 52: name 'cells_to_relieve' is not defined
Traceback (most recent call last):
  File "/home/user/DisasterAI/DisasterAI_Model.py", line 1315, in process_reward
    for cell in cells_to_relieve:
                ^^^^^^^^^^^^^^^^
NameError: name 'cells_to_relieve' is not defined
ERROR in Agent H_24 process_reward at tick 52: name 'cells_to_relieve' is not defined
Traceback (most recent call last):
  File "/home/user/DisasterAI/DisasterAI_Model.py", line 1315, in process_reward
    for cell in cells_to_relieve:
                ^^^^^^^^^^^^^^^^
NameError: name 'cells_to_relieve' is not defined
ERROR in Agent H_36 process_reward at tick 52: name 'cells_to_relieve' is not defined
Traceback (most recent call last):
  File "/home/user/DisasterAI/DisasterAI_Model.py", line 1315, in process_reward
    for cell in cells_to_relieve:
                ^^^^^^^^^^^^^^^^
NameError: name 'cells_to_relieve' is not defined
ERROR in Agent H_17 process_reward at tick 52: name 'cells_to_relieve' is not defined
Traceback (most recent call last):
  File "/home/user/DisasterAI/DisasterAI_Model.py", line 1315, in process_reward
    for cell in cells_to_relieve:
                ^^^^^^^^^^^^^^^^
NameError: name 'cells_to_relieve' is not defined
ERROR in Agent H_6 process_reward at tick 52: name 'cells_to_relieve' is not defined
Traceback (most recent call last):
  File "/home/user/DisasterAI/DisasterAI_Model.py", line 1315, in process_reward
    for cell in cells_to_relieve:
                ^^^^^^^^^^^^^^^^
NameError: name 'cells_to_relieve' is not defined
ERROR in Agent H_18 process_reward at tick 52: name 'cells_to_relieve' is not defined
Traceback (most recent call last):
  File "/home/user/DisasterAI/DisasterAI_Model.py", line 1315, in process_reward
    for cell in cells_to_relieve:
                ^^^^^^^^^^^^^^^^
NameError: name 'cells_to_relieve' is not defined
ERROR in Agent H_9 process_reward at tick 52: name 'cells_to_relieve' is not defined
Traceback (most recent call last):
  File "/home/user/DisasterAI/DisasterAI_Model.py", line 1315, in process_reward
    for cell in cells_to_relieve:
                ^^^^^^^^^^^^^^^^
NameError: name 'cells_to_relieve' is not defined
ERROR in Agent H_12 process_reward at tick 52: name 'cells_to_relieve' is not defined
Traceback (most recent call last):
  File "/home/user/DisasterAI/DisasterAI_Model.py", line 1315, in process_reward
    for cell in cells_to_relieve:
                ^^^^^^^^^^^^^^^^
NameError: name 'cells_to_relieve' is not defined
ERROR in Agent H_30 process_reward at tick 52: name 'cells_to_relieve' is not defined
Traceback (most recent call last):
  File "/home/user/DisasterAI/DisasterAI_Model.py", line 1315, in process_reward
    for cell in cells_to_relieve:
                ^^^^^^^^^^^^^^^^
NameError: name 'cells_to_relieve' is not defined
ERROR in Agent H_45 process_reward at tick 52: name 'cells_to_relieve' is not defined
Traceback (most recent call last):
  File "/home/user/DisasterAI/DisasterAI_Model.py", line 1315, in process_reward
    for cell in cells_to_relieve:
                ^^^^^^^^^^^^^^^^
NameError: name 'cells_to_relieve' is not defined
ERROR in Agent H_21 process_reward at tick 52: name 'cells_to_relieve' is not defined
Traceback (most recent call last):
  File "/home/user/DisasterAI/DisasterAI_Model.py", line 1315, in process_reward
    for cell in cells_to_relieve:
                ^^^^^^^^^^^^^^^^
NameError: name 'cells_to_relieve' is not defined
ERROR in Agent H_2 process_reward at tick 52: name 'cells_to_relieve' is not defined
Traceback (most recent call last):
  File "/home/user/DisasterAI/DisasterAI_Model.py", line 1315, in process_reward
    for cell in cells_to_relieve:
                ^^^^^^^^^^^^^^^^
NameError: name 'cells_to_relieve' is not defined
ERROR in Agent H_13 process_reward at tick 52: name 'cells_to_relieve' is not defined
Traceback (most recent call last):
  File "/home/user/DisasterAI/DisasterAI_Model.py", line 1315, in process_reward
    for cell in cells_to_relieve:
                ^^^^^^^^^^^^^^^^
NameError: name 'cells_to_relieve' is not defined
ERROR in Agent H_37 process_reward at tick 52: name 'cells_to_relieve' is not defined
Traceback (most recent call last):
  File "/home/user/DisasterAI/DisasterAI_Model.py", line 1315, in process_reward
    for cell in cells_to_relieve:
                ^^^^^^^^^^^^^^^^
NameError: name 'cells_to_relieve' is not defined
ERROR in Agent H_19 process_reward at tick 52: name 'cells_to_relieve' is not defined
Traceback (most recent call last):
  File "/home/user/DisasterAI/DisasterAI_Model.py", line 1315, in process_reward
    for cell in cells_to_relieve:
                ^^^^^^^^^^^^^^^^
NameError: name 'cells_to_relieve' is not defined
ERROR in Agent H_43 process_reward at tick 52: name 'cells_to_relieve' is not defined
Traceback (most recent call last):
  File "/home/user/DisasterAI/DisasterAI_Model.py", line 1315, in process_reward
    for cell in cells_to_relieve:
                ^^^^^^^^^^^^^^^^
NameError: name 'cells_to_relieve' is not defined
ERROR in Agent H_15 process_reward at tick 52: name 'cells_to_relieve' is not defined
Traceback (most recent call last):
  File "/home/user/DisasterAI/DisasterAI_Model.py", line 1315, in process_reward
    for cell in cells_to_relieve:
                ^^^^^^^^^^^^^^^^
NameError: name 'cells_to_relieve' is not defined
ERROR in Agent H_19 process_reward at tick 53: name 'cells_to_relieve' is not defined
Traceback (most recent call last):
  File "/home/user/DisasterAI/DisasterAI_Model.py", line 1315, in process_reward
    for cell in cells_to_relieve:
                ^^^^^^^^^^^^^^^^
NameError: name 'cells_to_relieve' is not defined
ERROR in Agent H_36 process_reward at tick 53: name 'cells_to_relieve' is not defined
Traceback (most recent call last):
  File "/home/user/DisasterAI/DisasterAI_Model.py", line 1315, in process_reward
    for cell in cells_to_relieve:
                ^^^^^^^^^^^^^^^^
NameError: name 'cells_to_relieve' is not defined
ERROR in Agent H_22 process_reward at tick 53: name 'cells_to_relieve' is not defined
Traceback (most recent call last):
  File "/home/user/DisasterAI/DisasterAI_Model.py", line 1315, in process_reward
    for cell in cells_to_relieve:
                ^^^^^^^^^^^^^^^^
NameError: name 'cells_to_relieve' is not defined
ERROR in Agent H_29 process_reward at tick 53: name 'cells_to_relieve' is not defined
Traceback (most recent call last):
  File "/home/user/DisasterAI/DisasterAI_Model.py", line 1315, in process_reward
    for cell in cells_to_relieve:
                ^^^^^^^^^^^^^^^^
NameError: name 'cells_to_relieve' is not defined
ERROR in Agent H_16 process_reward at tick 53: name 'cells_to_relieve' is not defined
Traceback (most recent call last):
  File "/home/user/DisasterAI/DisasterAI_Model.py", line 1315, in process_reward
    for cell in cells_to_relieve:
                ^^^^^^^^^^^^^^^^
NameError: name 'cells_to_relieve' is not defined
ERROR in Agent H_49 process_reward at tick 53: name 'cells_to_relieve' is not defined
Traceback (most recent call last):
  File "/home/user/DisasterAI/DisasterAI_Model.py", line 1315, in process_reward
    for cell in cells_to_relieve:
                ^^^^^^^^^^^^^^^^
NameError: name 'cells_to_relieve' is not defined
ERROR in Agent H_21 process_reward at tick 53: name 'cells_to_relieve' is not defined
Traceback (most recent call last):
  File "/home/user/DisasterAI/DisasterAI_Model.py", line 1315, in process_reward
    for cell in cells_to_relieve:
                ^^^^^^^^^^^^^^^^
NameError: name 'cells_to_relieve' is not defined
ERROR in Agent H_32 process_reward at tick 53: name 'cells_to_relieve' is not defined
Traceback (most recent call last):
  File "/home/user/DisasterAI/DisasterAI_Model.py", line 1315, in process_reward
    for cell in cells_to_relieve:
                ^^^^^^^^^^^^^^^^
NameError: name 'cells_to_relieve' is not defined
ERROR in Agent H_30 process_reward at tick 53: name 'cells_to_relieve' is not defined
Traceback (most recent call last):
  File "/home/user/DisasterAI/DisasterAI_Model.py", line 1315, in process_reward
    for cell in cells_to_relieve:
                ^^^^^^^^^^^^^^^^
NameError: name 'cells_to_relieve' is not defined
ERROR in Agent H_9 process_reward at tick 53: name 'cells_to_relieve' is not defined
Traceback (most recent call last):
  File "/home/user/DisasterAI/DisasterAI_Model.py", line 1315, in process_reward
    for cell in cells_to_relieve:
                ^^^^^^^^^^^^^^^^
NameError: name 'cells_to_relieve' is not defined
ERROR in Agent H_12 process_reward at tick 53: name 'cells_to_relieve' is not defined
Traceback (most recent call last):
  File "/home/user/DisasterAI/DisasterAI_Model.py", line 1315, in process_reward
    for cell in cells_to_relieve:
                ^^^^^^^^^^^^^^^^
NameError: name 'cells_to_relieve' is not defined
ERROR in Agent H_27 process_reward at tick 53: name 'cells_to_relieve' is not defined
Traceback (most recent call last):
  File "/home/user/DisasterAI/DisasterAI_Model.py", line 1315, in process_reward
    for cell in cells_to_relieve:
                ^^^^^^^^^^^^^^^^
NameError: name 'cells_to_relieve' is not defined
ERROR in Agent H_14 process_reward at tick 53: name 'cells_to_relieve' is not defined
Traceback (most recent call last):
  File "/home/user/DisasterAI/DisasterAI_Model.py", line 1315, in process_reward
    for cell in cells_to_relieve:
                ^^^^^^^^^^^^^^^^
NameError: name 'cells_to_relieve' is not defined
ERROR in Agent H_42 process_reward at tick 53: name 'cells_to_relieve' is not defined
Traceback (most recent call last):
  File "/home/user/DisasterAI/DisasterAI_Model.py", line 1315, in process_reward
    for cell in cells_to_relieve:
                ^^^^^^^^^^^^^^^^
NameError: name 'cells_to_relieve' is not defined
ERROR in Agent H_2 process_reward at tick 53: name 'cells_to_relieve' is not defined
Traceback (most recent call last):
  File "/home/user/DisasterAI/DisasterAI_Model.py", line 1315, in process_reward
    for cell in cells_to_relieve:
                ^^^^^^^^^^^^^^^^
NameError: name 'cells_to_relieve' is not defined
ERROR in Agent H_3 process_reward at tick 53: name 'cells_to_relieve' is not defined
Traceback (most recent call last):
  File "/home/user/DisasterAI/DisasterAI_Model.py", line 1315, in process_reward
    for cell in cells_to_relieve:
                ^^^^^^^^^^^^^^^^
NameError: name 'cells_to_relieve' is not defined
ERROR in Agent H_44 process_reward at tick 53: name 'cells_to_relieve' is not defined
Traceback (most recent call last):
  File "/home/user/DisasterAI/DisasterAI_Model.py", line 1315, in process_reward
    for cell in cells_to_relieve:
                ^^^^^^^^^^^^^^^^
NameError: name 'cells_to_relieve' is not defined
ERROR in Agent H_10 process_reward at tick 53: name 'cells_to_relieve' is not defined
Traceback (most recent call last):
  File "/home/user/DisasterAI/DisasterAI_Model.py", line 1315, in process_reward
    for cell in cells_to_relieve:
                ^^^^^^^^^^^^^^^^
NameError: name 'cells_to_relieve' is not defined
ERROR in Agent H_41 process_reward at tick 53: name 'cells_to_relieve' is not defined
Traceback (most recent call last):
  File "/home/user/DisasterAI/DisasterAI_Model.py", line 1315, in process_reward
    for cell in cells_to_relieve:
                ^^^^^^^^^^^^^^^^
NameError: name 'cells_to_relieve' is not defined
ERROR in Agent H_4 process_reward at tick 53: name 'cells_to_relieve' is not defined
Traceback (most recent call last):
  File "/home/user/DisasterAI/DisasterAI_Model.py", line 1315, in process_reward
    for cell in cells_to_relieve:
                ^^^^^^^^^^^^^^^^
NameError: name 'cells_to_relieve' is not defined
ERROR in Agent H_8 process_reward at tick 53: name 'cells_to_relieve' is not defined
Traceback (most recent call last):
  File "/home/user/DisasterAI/DisasterAI_Model.py", line 1315, in process_reward
    for cell in cells_to_relieve:
                ^^^^^^^^^^^^^^^^
NameError: name 'cells_to_relieve' is not defined
ERROR in Agent H_38 process_reward at tick 53: name 'cells_to_relieve' is not defined
Traceback (most recent call last):
  File "/home/user/DisasterAI/DisasterAI_Model.py", line 1315, in process_reward
    for cell in cells_to_relieve:
                ^^^^^^^^^^^^^^^^
NameError: name 'cells_to_relieve' is not defined
ERROR in Agent H_39 process_reward at tick 53: name 'cells_to_relieve' is not defined
Traceback (most recent call last):
  File "/home/user/DisasterAI/DisasterAI_Model.py", line 1315, in process_reward
    for cell in cells_to_relieve:
                ^^^^^^^^^^^^^^^^
NameError: name 'cells_to_relieve' is not defined
ERROR in Agent H_6 process_reward at tick 53: name 'cells_to_relieve' is not defined
Traceback (most recent call last):
  File "/home/user/DisasterAI/DisasterAI_Model.py", line 1315, in process_reward
    for cell in cells_to_relieve:
                ^^^^^^^^^^^^^^^^
NameError: name 'cells_to_relieve' is not defined
ERROR in Agent H_7 process_reward at tick 53: name 'cells_to_relieve' is not defined
Traceback (most recent call last):
  File "/home/user/DisasterAI/DisasterAI_Model.py", line 1315, in process_reward
    for cell in cells_to_relieve:
                ^^^^^^^^^^^^^^^^
NameError: name 'cells_to_relieve' is not defined
ERROR in Agent H_5 process_reward at tick 53: name 'cells_to_relieve' is not defined
Traceback (most recent call last):
  File "/home/user/DisasterAI/DisasterAI_Model.py", line 1315, in process_reward
    for cell in cells_to_relieve:
                ^^^^^^^^^^^^^^^^
NameError: name 'cells_to_relieve' is not defined
ERROR in Agent H_48 process_reward at tick 53: name 'cells_to_relieve' is not defined
Traceback (most recent call last):
  File "/home/user/DisasterAI/DisasterAI_Model.py", line 1315, in process_reward
    for cell in cells_to_relieve:
                ^^^^^^^^^^^^^^^^
NameError: name 'cells_to_relieve' is not defined
ERROR in Agent H_37 process_reward at tick 53: name 'cells_to_relieve' is not defined
Traceback (most recent call last):
  File "/home/user/DisasterAI/DisasterAI_Model.py", line 1315, in process_reward
    for cell in cells_to_relieve:
                ^^^^^^^^^^^^^^^^
NameError: name 'cells_to_relieve' is not defined
ERROR in Agent H_31 process_reward at tick 53: name 'cells_to_relieve' is not defined
Traceback (most recent call last):
  File "/home/user/DisasterAI/DisasterAI_Model.py", line 1315, in process_reward
    for cell in cells_to_relieve:
                ^^^^^^^^^^^^^^^^
NameError: name 'cells_to_relieve' is not defined
ERROR in Agent H_15 process_reward at tick 53: name 'cells_to_relieve' is not defined
Traceback (most recent call last):
  File "/home/user/DisasterAI/DisasterAI_Model.py", line 1315, in process_reward
    for cell in cells_to_relieve:
                ^^^^^^^^^^^^^^^^
NameError: name 'cells_to_relieve' is not defined
ERROR in Agent H_24 process_reward at tick 53: name 'cells_to_relieve' is not defined
Traceback (most recent call last):
  File "/home/user/DisasterAI/DisasterAI_Model.py", line 1315, in process_reward
    for cell in cells_to_relieve:
                ^^^^^^^^^^^^^^^^
NameError: name 'cells_to_relieve' is not defined
ERROR in Agent H_25 process_reward at tick 53: name 'cells_to_relieve' is not defined
Traceback (most recent call last):
  File "/home/user/DisasterAI/DisasterAI_Model.py", line 1315, in process_reward
    for cell in cells_to_relieve:
                ^^^^^^^^^^^^^^^^
NameError: name 'cells_to_relieve' is not defined
ERROR in Agent H_11 process_reward at tick 53: name 'cells_to_relieve' is not defined
Traceback (most recent call last):
  File "/home/user/DisasterAI/DisasterAI_Model.py", line 1315, in process_reward
    for cell in cells_to_relieve:
                ^^^^^^^^^^^^^^^^
NameError: name 'cells_to_relieve' is not defined
ERROR in Agent H_33 process_reward at tick 53: name 'cells_to_relieve' is not defined
Traceback (most recent call last):
  File "/home/user/DisasterAI/DisasterAI_Model.py", line 1315, in process_reward
    for cell in cells_to_relieve:
                ^^^^^^^^^^^^^^^^
NameError: name 'cells_to_relieve' is not defined
ERROR in Agent H_20 process_reward at tick 53: name 'cells_to_relieve' is not defined
Traceback (most recent call last):
  File "/home/user/DisasterAI/DisasterAI_Model.py", line 1315, in process_reward
    for cell in cells_to_relieve:
                ^^^^^^^^^^^^^^^^
NameError: name 'cells_to_relieve' is not defined
ERROR in Agent H_35 process_reward at tick 53: name 'cells_to_relieve' is not defined
Traceback (most recent call last):
  File "/home/user/DisasterAI/DisasterAI_Model.py", line 1315, in process_reward
    for cell in cells_to_relieve:
                ^^^^^^^^^^^^^^^^
NameError: name 'cells_to_relieve' is not defined
ERROR in Agent H_35 process_reward at tick 54: name 'cells_to_relieve' is not defined
Traceback (most recent call last):
  File "/home/user/DisasterAI/DisasterAI_Model.py", line 1315, in process_reward
    for cell in cells_to_relieve:
                ^^^^^^^^^^^^^^^^
NameError: name 'cells_to_relieve' is not defined
ERROR in Agent H_12 process_reward at tick 54: name 'cells_to_relieve' is not defined
Traceback (most recent call last):
  File "/home/user/DisasterAI/DisasterAI_Model.py", line 1315, in process_reward
    for cell in cells_to_relieve:
                ^^^^^^^^^^^^^^^^
NameError: name 'cells_to_relieve' is not defined
ERROR in Agent H_15 process_reward at tick 54: name 'cells_to_relieve' is not defined
Traceback (most recent call last):
  File "/home/user/DisasterAI/DisasterAI_Model.py", line 1315, in process_reward
    for cell in cells_to_relieve:
                ^^^^^^^^^^^^^^^^
NameError: name 'cells_to_relieve' is not defined
ERROR in Agent H_42 process_reward at tick 54: name 'cells_to_relieve' is not defined
Traceback (most recent call last):
  File "/home/user/DisasterAI/DisasterAI_Model.py", line 1315, in process_reward
    for cell in cells_to_relieve:
                ^^^^^^^^^^^^^^^^
NameError: name 'cells_to_relieve' is not defined
ERROR in Agent H_9 process_reward at tick 54: name 'cells_to_relieve' is not defined
Traceback (most recent call last):
  File "/home/user/DisasterAI/DisasterAI_Model.py", line 1315, in process_reward
    for cell in cells_to_relieve:
                ^^^^^^^^^^^^^^^^
NameError: name 'cells_to_relieve' is not defined
ERROR in Agent H_34 process_reward at tick 54: name 'cells_to_relieve' is not defined
Traceback (most recent call last):
  File "/home/user/DisasterAI/DisasterAI_Model.py", line 1315, in process_reward
    for cell in cells_to_relieve:
                ^^^^^^^^^^^^^^^^
NameError: name 'cells_to_relieve' is not defined
ERROR in Agent H_33 process_reward at tick 54: name 'cells_to_relieve' is not defined
Traceback (most recent call last):
  File "/home/user/DisasterAI/DisasterAI_Model.py", line 1315, in process_reward
    for cell in cells_to_relieve:
                ^^^^^^^^^^^^^^^^
NameError: name 'cells_to_relieve' is not defined
ERROR in Agent H_17 process_reward at tick 54: name 'cells_to_relieve' is not defined
Traceback (most recent call last):
  File "/home/user/DisasterAI/DisasterAI_Model.py", line 1315, in process_reward
    for cell in cells_to_relieve:
                ^^^^^^^^^^^^^^^^
NameError: name 'cells_to_relieve' is not defined
ERROR in Agent H_41 process_reward at tick 54: name 'cells_to_relieve' is not defined
Traceback (most recent call last):
  File "/home/user/DisasterAI/DisasterAI_Model.py", line 1315, in process_reward
    for cell in cells_to_relieve:
                ^^^^^^^^^^^^^^^^
NameError: name 'cells_to_relieve' is not defined
ERROR in Agent H_1 process_reward at tick 54: name 'cells_to_relieve' is not defined
Traceback (most recent call last):
  File "/home/user/DisasterAI/DisasterAI_Model.py", line 1315, in process_reward
    for cell in cells_to_relieve:
                ^^^^^^^^^^^^^^^^
NameError: name 'cells_to_relieve' is not defined
ERROR in Agent H_5 process_reward at tick 54: name 'cells_to_relieve' is not defined
Traceback (most recent call last):
  File "/home/user/DisasterAI/DisasterAI_Model.py", line 1315, in process_reward
    for cell in cells_to_relieve:
                ^^^^^^^^^^^^^^^^
NameError: name 'cells_to_relieve' is not defined
ERROR in Agent H_30 process_reward at tick 54: name 'cells_to_relieve' is not defined
Traceback (most recent call last):
  File "/home/user/DisasterAI/DisasterAI_Model.py", line 1315, in process_reward
    for cell in cells_to_relieve:
                ^^^^^^^^^^^^^^^^
NameError: name 'cells_to_relieve' is not defined
ERROR in Agent H_46 process_reward at tick 54: name 'cells_to_relieve' is not defined
Traceback (most recent call last):
  File "/home/user/DisasterAI/DisasterAI_Model.py", line 1315, in process_reward
    for cell in cells_to_relieve:
                ^^^^^^^^^^^^^^^^
NameError: name 'cells_to_relieve' is not defined
ERROR in Agent H_37 process_reward at tick 54: name 'cells_to_relieve' is not defined
Traceback (most recent call last):
  File "/home/user/DisasterAI/DisasterAI_Model.py", line 1315, in process_reward
    for cell in cells_to_relieve:
                ^^^^^^^^^^^^^^^^
NameError: name 'cells_to_relieve' is not defined
ERROR in Agent H_49 process_reward at tick 54: name 'cells_to_relieve' is not defined
Traceback (most recent call last):
  File "/home/user/DisasterAI/DisasterAI_Model.py", line 1315, in process_reward
    for cell in cells_to_relieve:
                ^^^^^^^^^^^^^^^^
NameError: name 'cells_to_relieve' is not defined
ERROR in Agent H_13 process_reward at tick 54: name 'cells_to_relieve' is not defined
Traceback (most recent call last):
  File "/home/user/DisasterAI/DisasterAI_Model.py", line 1315, in process_reward
    for cell in cells_to_relieve:
                ^^^^^^^^^^^^^^^^
NameError: name 'cells_to_relieve' is not defined
ERROR in Agent H_44 process_reward at tick 54: name 'cells_to_relieve' is not defined
Traceback (most recent call last):
  File "/home/user/DisasterAI/DisasterAI_Model.py", line 1315, in process_reward
    for cell in cells_to_relieve:
                ^^^^^^^^^^^^^^^^
NameError: name 'cells_to_relieve' is not defined
ERROR in Agent H_28 process_reward at tick 54: name 'cells_to_relieve' is not defined
Traceback (most recent call last):
  File "/home/user/DisasterAI/DisasterAI_Model.py", line 1315, in process_reward
    for cell in cells_to_relieve:
                ^^^^^^^^^^^^^^^^
NameError: name 'cells_to_relieve' is not defined
ERROR in Agent H_14 process_reward at tick 54: name 'cells_to_relieve' is not defined
Traceback (most recent call last):
  File "/home/user/DisasterAI/DisasterAI_Model.py", line 1315, in process_reward
    for cell in cells_to_relieve:
                ^^^^^^^^^^^^^^^^
NameError: name 'cells_to_relieve' is not defined
ERROR in Agent H_29 process_reward at tick 54: name 'cells_to_relieve' is not defined
Traceback (most recent call last):
  File "/home/user/DisasterAI/DisasterAI_Model.py", line 1315, in process_reward
    for cell in cells_to_relieve:
                ^^^^^^^^^^^^^^^^
NameError: name 'cells_to_relieve' is not defined
ERROR in Agent H_21 process_reward at tick 54: name 'cells_to_relieve' is not defined
Traceback (most recent call last):
  File "/home/user/DisasterAI/DisasterAI_Model.py", line 1315, in process_reward
    for cell in cells_to_relieve:
                ^^^^^^^^^^^^^^^^
NameError: name 'cells_to_relieve' is not defined
ERROR in Agent H_39 process_reward at tick 54: name 'cells_to_relieve' is not defined
Traceback (most recent call last):
  File "/home/user/DisasterAI/DisasterAI_Model.py", line 1315, in process_reward
    for cell in cells_to_relieve:
                ^^^^^^^^^^^^^^^^
NameError: name 'cells_to_relieve' is not defined
ERROR in Agent H_16 process_reward at tick 54: name 'cells_to_relieve' is not defined
Traceback (most recent call last):
  File "/home/user/DisasterAI/DisasterAI_Model.py", line 1315, in process_reward
    for cell in cells_to_relieve:
                ^^^^^^^^^^^^^^^^
NameError: name 'cells_to_relieve' is not defined
ERROR in Agent H_24 process_reward at tick 54: name 'cells_to_relieve' is not defined
Traceback (most recent call last):
  File "/home/user/DisasterAI/DisasterAI_Model.py", line 1315, in process_reward
    for cell in cells_to_relieve:
                ^^^^^^^^^^^^^^^^
NameError: name 'cells_to_relieve' is not defined
ERROR in Agent H_10 process_reward at tick 54: name 'cells_to_relieve' is not defined
Traceback (most recent call last):
  File "/home/user/DisasterAI/DisasterAI_Model.py", line 1315, in process_reward
    for cell in cells_to_relieve:
                ^^^^^^^^^^^^^^^^
NameError: name 'cells_to_relieve' is not defined
ERROR in Agent H_36 process_reward at tick 54: name 'cells_to_relieve' is not defined
Traceback (most recent call last):
  File "/home/user/DisasterAI/DisasterAI_Model.py", line 1315, in process_reward
    for cell in cells_to_relieve:
                ^^^^^^^^^^^^^^^^
NameError: name 'cells_to_relieve' is not defined
ERROR in Agent H_4 process_reward at tick 54: name 'cells_to_relieve' is not defined
Traceback (most recent call last):
  File "/home/user/DisasterAI/DisasterAI_Model.py", line 1315, in process_reward
    for cell in cells_to_relieve:
                ^^^^^^^^^^^^^^^^
NameError: name 'cells_to_relieve' is not defined
ERROR in Agent H_47 process_reward at tick 54: name 'cells_to_relieve' is not defined
Traceback (most recent call last):
  File "/home/user/DisasterAI/DisasterAI_Model.py", line 1315, in process_reward
    for cell in cells_to_relieve:
                ^^^^^^^^^^^^^^^^
NameError: name 'cells_to_relieve' is not defined
ERROR in Agent H_11 process_reward at tick 54: name 'cells_to_relieve' is not defined
Traceback (most recent call last):
  File "/home/user/DisasterAI/DisasterAI_Model.py", line 1315, in process_reward
    for cell in cells_to_relieve:
                ^^^^^^^^^^^^^^^^
NameError: name 'cells_to_relieve' is not defined
ERROR in Agent H_7 process_reward at tick 54: name 'cells_to_relieve' is not defined
Traceback (most recent call last):
  File "/home/user/DisasterAI/DisasterAI_Model.py", line 1315, in process_reward
    for cell in cells_to_relieve:
                ^^^^^^^^^^^^^^^^
NameError: name 'cells_to_relieve' is not defined
ERROR in Agent H_22 process_reward at tick 54: name 'cells_to_relieve' is not defined
Traceback (most recent call last):
  File "/home/user/DisasterAI/DisasterAI_Model.py", line 1315, in process_reward
    for cell in cells_to_relieve:
                ^^^^^^^^^^^^^^^^
NameError: name 'cells_to_relieve' is not defined
ERROR in Agent H_32 process_reward at tick 54: name 'cells_to_relieve' is not defined
Traceback (most recent call last):
  File "/home/user/DisasterAI/DisasterAI_Model.py", line 1315, in process_reward
    for cell in cells_to_relieve:
                ^^^^^^^^^^^^^^^^
NameError: name 'cells_to_relieve' is not defined
ERROR in Agent H_43 process_reward at tick 54: name 'cells_to_relieve' is not defined
Traceback (most recent call last):
  File "/home/user/DisasterAI/DisasterAI_Model.py", line 1315, in process_reward
    for cell in cells_to_relieve:
                ^^^^^^^^^^^^^^^^
NameError: name 'cells_to_relieve' is not defined
ERROR in Agent H_20 process_reward at tick 55: name 'cells_to_relieve' is not defined
Traceback (most recent call last):
  File "/home/user/DisasterAI/DisasterAI_Model.py", line 1315, in process_reward
    for cell in cells_to_relieve:
                ^^^^^^^^^^^^^^^^
NameError: name 'cells_to_relieve' is not defined
ERROR in Agent H_24 process_reward at tick 55: name 'cells_to_relieve' is not defined
Traceback (most recent call last):
  File "/home/user/DisasterAI/DisasterAI_Model.py", line 1315, in process_reward
    for cell in cells_to_relieve:
                ^^^^^^^^^^^^^^^^
NameError: name 'cells_to_relieve' is not defined
ERROR in Agent H_12 process_reward at tick 55: name 'cells_to_relieve' is not defined
Traceback (most recent call last):
  File "/home/user/DisasterAI/DisasterAI_Model.py", line 1315, in process_reward
    for cell in cells_to_relieve:
                ^^^^^^^^^^^^^^^^
NameError: name 'cells_to_relieve' is not defined
ERROR in Agent H_13 process_reward at tick 55: name 'cells_to_relieve' is not defined
Traceback (most recent call last):
  File "/home/user/DisasterAI/DisasterAI_Model.py", line 1315, in process_reward
    for cell in cells_to_relieve:
                ^^^^^^^^^^^^^^^^
NameError: name 'cells_to_relieve' is not defined
ERROR in Agent H_22 process_reward at tick 55: name 'cells_to_relieve' is not defined
Traceback (most recent call last):
  File "/home/user/DisasterAI/DisasterAI_Model.py", line 1315, in process_reward
    for cell in cells_to_relieve:
                ^^^^^^^^^^^^^^^^
NameError: name 'cells_to_relieve' is not defined
ERROR in Agent H_46 process_reward at tick 55: name 'cells_to_relieve' is not defined
Traceback (most recent call last):
  File "/home/user/DisasterAI/DisasterAI_Model.py", line 1315, in process_reward
    for cell in cells_to_relieve:
                ^^^^^^^^^^^^^^^^
NameError: name 'cells_to_relieve' is not defined
ERROR in Agent H_7 process_reward at tick 55: name 'cells_to_relieve' is not defined
Traceback (most recent call last):
  File "/home/user/DisasterAI/DisasterAI_Model.py", line 1315, in process_reward
    for cell in cells_to_relieve:
                ^^^^^^^^^^^^^^^^
NameError: name 'cells_to_relieve' is not defined
ERROR in Agent H_9 process_reward at tick 55: name 'cells_to_relieve' is not defined
Traceback (most recent call last):
  File "/home/user/DisasterAI/DisasterAI_Model.py", line 1315, in process_reward
    for cell in cells_to_relieve:
                ^^^^^^^^^^^^^^^^
NameError: name 'cells_to_relieve' is not defined
ERROR in Agent H_45 process_reward at tick 55: name 'cells_to_relieve' is not defined
Traceback (most recent call last):
  File "/home/user/DisasterAI/DisasterAI_Model.py", line 1315, in process_reward
    for cell in cells_to_relieve:
                ^^^^^^^^^^^^^^^^
NameError: name 'cells_to_relieve' is not defined
ERROR in Agent H_17 process_reward at tick 55: name 'cells_to_relieve' is not defined
Traceback (most recent call last):
  File "/home/user/DisasterAI/DisasterAI_Model.py", line 1315, in process_reward
    for cell in cells_to_relieve:
                ^^^^^^^^^^^^^^^^
NameError: name 'cells_to_relieve' is not defined
ERROR in Agent H_31 process_reward at tick 55: name 'cells_to_relieve' is not defined
Traceback (most recent call last):
  File "/home/user/DisasterAI/DisasterAI_Model.py", line 1315, in process_reward
    for cell in cells_to_relieve:
                ^^^^^^^^^^^^^^^^
NameError: name 'cells_to_relieve' is not defined
ERROR in Agent H_41 process_reward at tick 55: name 'cells_to_relieve' is not defined
Traceback (most recent call last):
  File "/home/user/DisasterAI/DisasterAI_Model.py", line 1315, in process_reward
    for cell in cells_to_relieve:
                ^^^^^^^^^^^^^^^^
NameError: name 'cells_to_relieve' is not defined
ERROR in Agent H_25 process_reward at tick 55: name 'cells_to_relieve' is not defined
Traceback (most recent call last):
  File "/home/user/DisasterAI/DisasterAI_Model.py", line 1315, in process_reward
    for cell in cells_to_relieve:
                ^^^^^^^^^^^^^^^^
NameError: name 'cells_to_relieve' is not defined
ERROR in Agent H_48 process_reward at tick 55: name 'cells_to_relieve' is not defined
Traceback (most recent call last):
  File "/home/user/DisasterAI/DisasterAI_Model.py", line 1315, in process_reward
    for cell in cells_to_relieve:
                ^^^^^^^^^^^^^^^^
NameError: name 'cells_to_relieve' is not defined
ERROR in Agent H_49 process_reward at tick 55: name 'cells_to_relieve' is not defined
Traceback (most recent call last):
  File "/home/user/DisasterAI/DisasterAI_Model.py", line 1315, in process_reward
    for cell in cells_to_relieve:
                ^^^^^^^^^^^^^^^^
NameError: name 'cells_to_relieve' is not defined
ERROR in Agent H_3 process_reward at tick 55: name 'cells_to_relieve' is not defined
Traceback (most recent call last):
  File "/home/user/DisasterAI/DisasterAI_Model.py", line 1315, in process_reward
    for cell in cells_to_relieve:
                ^^^^^^^^^^^^^^^^
NameError: name 'cells_to_relieve' is not defined
ERROR in Agent H_5 process_reward at tick 55: name 'cells_to_relieve' is not defined
Traceback (most recent call last):
  File "/home/user/DisasterAI/DisasterAI_Model.py", line 1315, in process_reward
    for cell in cells_to_relieve:
                ^^^^^^^^^^^^^^^^
NameError: name 'cells_to_relieve' is not defined
ERROR in Agent H_4 process_reward at tick 55: name 'cells_to_relieve' is not defined
Traceback (most recent call last):
  File "/home/user/DisasterAI/DisasterAI_Model.py", line 1315, in process_reward
    for cell in cells_to_relieve:
                ^^^^^^^^^^^^^^^^
NameError: name 'cells_to_relieve' is not defined
ERROR in Agent H_18 process_reward at tick 55: name 'cells_to_relieve' is not defined
Traceback (most recent call last):
  File "/home/user/DisasterAI/DisasterAI_Model.py", line 1315, in process_reward
    for cell in cells_to_relieve:
                ^^^^^^^^^^^^^^^^
NameError: name 'cells_to_relieve' is not defined
ERROR in Agent H_38 process_reward at tick 55: name 'cells_to_relieve' is not defined
Traceback (most recent call last):
  File "/home/user/DisasterAI/DisasterAI_Model.py", line 1315, in process_reward
    for cell in cells_to_relieve:
                ^^^^^^^^^^^^^^^^
NameError: name 'cells_to_relieve' is not defined
ERROR in Agent H_39 process_reward at tick 55: name 'cells_to_relieve' is not defined
Traceback (most recent call last):
  File "/home/user/DisasterAI/DisasterAI_Model.py", line 1315, in process_reward
    for cell in cells_to_relieve:
                ^^^^^^^^^^^^^^^^
NameError: name 'cells_to_relieve' is not defined
ERROR in Agent H_11 process_reward at tick 55: name 'cells_to_relieve' is not defined
Traceback (most recent call last):
  File "/home/user/DisasterAI/DisasterAI_Model.py", line 1315, in process_reward
    for cell in cells_to_relieve:
                ^^^^^^^^^^^^^^^^
NameError: name 'cells_to_relieve' is not defined
ERROR in Agent H_2 process_reward at tick 55: name 'cells_to_relieve' is not defined
Traceback (most recent call last):
  File "/home/user/DisasterAI/DisasterAI_Model.py", line 1315, in process_reward
    for cell in cells_to_relieve:
                ^^^^^^^^^^^^^^^^
NameError: name 'cells_to_relieve' is not defined
ERROR in Agent H_26 process_reward at tick 55: name 'cells_to_relieve' is not defined
Traceback (most recent call last):
  File "/home/user/DisasterAI/DisasterAI_Model.py", line 1315, in process_reward
    for cell in cells_to_relieve:
                ^^^^^^^^^^^^^^^^
NameError: name 'cells_to_relieve' is not defined
ERROR in Agent H_42 process_reward at tick 55: name 'cells_to_relieve' is not defined
Traceback (most recent call last):
  File "/home/user/DisasterAI/DisasterAI_Model.py", line 1315, in process_reward
    for cell in cells_to_relieve:
                ^^^^^^^^^^^^^^^^
NameError: name 'cells_to_relieve' is not defined
ERROR in Agent H_34 process_reward at tick 55: name 'cells_to_relieve' is not defined
Traceback (most recent call last):
  File "/home/user/DisasterAI/DisasterAI_Model.py", line 1315, in process_reward
    for cell in cells_to_relieve:
                ^^^^^^^^^^^^^^^^
NameError: name 'cells_to_relieve' is not defined
ERROR in Agent H_36 process_reward at tick 55: name 'cells_to_relieve' is not defined
Traceback (most recent call last):
  File "/home/user/DisasterAI/DisasterAI_Model.py", line 1315, in process_reward
    for cell in cells_to_relieve:
                ^^^^^^^^^^^^^^^^
NameError: name 'cells_to_relieve' is not defined
ERROR in Agent H_1 process_reward at tick 55: name 'cells_to_relieve' is not defined
Traceback (most recent call last):
  File "/home/user/DisasterAI/DisasterAI_Model.py", line 1315, in process_reward
    for cell in cells_to_relieve:
                ^^^^^^^^^^^^^^^^
NameError: name 'cells_to_relieve' is not defined
ERROR in Agent H_0 process_reward at tick 55: name 'cells_to_relieve' is not defined
Traceback (most recent call last):
  File "/home/user/DisasterAI/DisasterAI_Model.py", line 1315, in process_reward
    for cell in cells_to_relieve:
                ^^^^^^^^^^^^^^^^
NameError: name 'cells_to_relieve' is not defined

DEBUG: Starting AECI variance calculation at tick 55
  Found 0/50 AI-reliant agents
  Global belief variance: 0.0543
  WARNING: Invalid global variance (0.054324000000000004) or no AI-reliant agents
  Returning AECI variance tuple: (55, 0.0)
  Current aeci_variance_data length: 55
  Last 3 entries: [(53, 0.0), (54, 0.0), (55, 0.0)]
ERROR in Agent H_34 process_reward at tick 56: name 'cells_to_relieve' is not defined
Traceback (most recent call last):
  File "/home/user/DisasterAI/DisasterAI_Model.py", line 1315, in process_reward
    for cell in cells_to_relieve:
                ^^^^^^^^^^^^^^^^
NameError: name 'cells_to_relieve' is not defined
ERROR in Agent H_0 process_reward at tick 56: name 'cells_to_relieve' is not defined
Traceback (most recent call last):
  File "/home/user/DisasterAI/DisasterAI_Model.py", line 1315, in process_reward
    for cell in cells_to_relieve:
                ^^^^^^^^^^^^^^^^
NameError: name 'cells_to_relieve' is not defined
ERROR in Agent H_32 process_reward at tick 56: name 'cells_to_relieve' is not defined
Traceback (most recent call last):
  File "/home/user/DisasterAI/DisasterAI_Model.py", line 1315, in process_reward
    for cell in cells_to_relieve:
                ^^^^^^^^^^^^^^^^
NameError: name 'cells_to_relieve' is not defined
ERROR in Agent H_27 process_reward at tick 56: name 'cells_to_relieve' is not defined
Traceback (most recent call last):
  File "/home/user/DisasterAI/DisasterAI_Model.py", line 1315, in process_reward
    for cell in cells_to_relieve:
                ^^^^^^^^^^^^^^^^
NameError: name 'cells_to_relieve' is not defined
ERROR in Agent H_5 process_reward at tick 56: name 'cells_to_relieve' is not defined
Traceback (most recent call last):
  File "/home/user/DisasterAI/DisasterAI_Model.py", line 1315, in process_reward
    for cell in cells_to_relieve:
                ^^^^^^^^^^^^^^^^
NameError: name 'cells_to_relieve' is not defined
ERROR in Agent H_7 process_reward at tick 56: name 'cells_to_relieve' is not defined
Traceback (most recent call last):
  File "/home/user/DisasterAI/DisasterAI_Model.py", line 1315, in process_reward
    for cell in cells_to_relieve:
                ^^^^^^^^^^^^^^^^
NameError: name 'cells_to_relieve' is not defined
ERROR in Agent H_12 process_reward at tick 56: name 'cells_to_relieve' is not defined
Traceback (most recent call last):
  File "/home/user/DisasterAI/DisasterAI_Model.py", line 1315, in process_reward
    for cell in cells_to_relieve:
                ^^^^^^^^^^^^^^^^
NameError: name 'cells_to_relieve' is not defined
ERROR in Agent H_48 process_reward at tick 56: name 'cells_to_relieve' is not defined
Traceback (most recent call last):
  File "/home/user/DisasterAI/DisasterAI_Model.py", line 1315, in process_reward
    for cell in cells_to_relieve:
                ^^^^^^^^^^^^^^^^
NameError: name 'cells_to_relieve' is not defined
ERROR in Agent H_44 process_reward at tick 56: name 'cells_to_relieve' is not defined
Traceback (most recent call last):
  File "/home/user/DisasterAI/DisasterAI_Model.py", line 1315, in process_reward
    for cell in cells_to_relieve:
                ^^^^^^^^^^^^^^^^
NameError: name 'cells_to_relieve' is not defined
ERROR in Agent H_26 process_reward at tick 56: name 'cells_to_relieve' is not defined
Traceback (most recent call last):
  File "/home/user/DisasterAI/DisasterAI_Model.py", line 1315, in process_reward
    for cell in cells_to_relieve:
                ^^^^^^^^^^^^^^^^
NameError: name 'cells_to_relieve' is not defined
ERROR in Agent H_40 process_reward at tick 56: name 'cells_to_relieve' is not defined
Traceback (most recent call last):
  File "/home/user/DisasterAI/DisasterAI_Model.py", line 1315, in process_reward
    for cell in cells_to_relieve:
                ^^^^^^^^^^^^^^^^
NameError: name 'cells_to_relieve' is not defined
ERROR in Agent H_16 process_reward at tick 56: name 'cells_to_relieve' is not defined
Traceback (most recent call last):
  File "/home/user/DisasterAI/DisasterAI_Model.py", line 1315, in process_reward
    for cell in cells_to_relieve:
                ^^^^^^^^^^^^^^^^
NameError: name 'cells_to_relieve' is not defined
ERROR in Agent H_19 process_reward at tick 56: name 'cells_to_relieve' is not defined
Traceback (most recent call last):
  File "/home/user/DisasterAI/DisasterAI_Model.py", line 1315, in process_reward
    for cell in cells_to_relieve:
                ^^^^^^^^^^^^^^^^
NameError: name 'cells_to_relieve' is not defined
ERROR in Agent H_2 process_reward at tick 56: name 'cells_to_relieve' is not defined
Traceback (most recent call last):
  File "/home/user/DisasterAI/DisasterAI_Model.py", line 1315, in process_reward
    for cell in cells_to_relieve:
                ^^^^^^^^^^^^^^^^
NameError: name 'cells_to_relieve' is not defined
ERROR in Agent H_8 process_reward at tick 56: name 'cells_to_relieve' is not defined
Traceback (most recent call last):
  File "/home/user/DisasterAI/DisasterAI_Model.py", line 1315, in process_reward
    for cell in cells_to_relieve:
                ^^^^^^^^^^^^^^^^
NameError: name 'cells_to_relieve' is not defined
ERROR in Agent H_43 process_reward at tick 56: name 'cells_to_relieve' is not defined
Traceback (most recent call last):
  File "/home/user/DisasterAI/DisasterAI_Model.py", line 1315, in process_reward
    for cell in cells_to_relieve:
                ^^^^^^^^^^^^^^^^
NameError: name 'cells_to_relieve' is not defined
ERROR in Agent H_29 process_reward at tick 56: name 'cells_to_relieve' is not defined
Traceback (most recent call last):
  File "/home/user/DisasterAI/DisasterAI_Model.py", line 1315, in process_reward
    for cell in cells_to_relieve:
                ^^^^^^^^^^^^^^^^
NameError: name 'cells_to_relieve' is not defined
ERROR in Agent H_15 process_reward at tick 56: name 'cells_to_relieve' is not defined
Traceback (most recent call last):
  File "/home/user/DisasterAI/DisasterAI_Model.py", line 1315, in process_reward
    for cell in cells_to_relieve:
                ^^^^^^^^^^^^^^^^
NameError: name 'cells_to_relieve' is not defined
ERROR in Agent H_36 process_reward at tick 56: name 'cells_to_relieve' is not defined
Traceback (most recent call last):
  File "/home/user/DisasterAI/DisasterAI_Model.py", line 1315, in process_reward
    for cell in cells_to_relieve:
                ^^^^^^^^^^^^^^^^
NameError: name 'cells_to_relieve' is not defined
ERROR in Agent H_33 process_reward at tick 56: name 'cells_to_relieve' is not defined
Traceback (most recent call last):
  File "/home/user/DisasterAI/DisasterAI_Model.py", line 1315, in process_reward
    for cell in cells_to_relieve:
                ^^^^^^^^^^^^^^^^
NameError: name 'cells_to_relieve' is not defined
ERROR in Agent H_6 process_reward at tick 56: name 'cells_to_relieve' is not defined
Traceback (most recent call last):
  File "/home/user/DisasterAI/DisasterAI_Model.py", line 1315, in process_reward
    for cell in cells_to_relieve:
                ^^^^^^^^^^^^^^^^
NameError: name 'cells_to_relieve' is not defined
ERROR in Agent H_18 process_reward at tick 56: name 'cells_to_relieve' is not defined
Traceback (most recent call last):
  File "/home/user/DisasterAI/DisasterAI_Model.py", line 1315, in process_reward
    for cell in cells_to_relieve:
                ^^^^^^^^^^^^^^^^
NameError: name 'cells_to_relieve' is not defined
ERROR in Agent H_3 process_reward at tick 56: name 'cells_to_relieve' is not defined
Traceback (most recent call last):
  File "/home/user/DisasterAI/DisasterAI_Model.py", line 1315, in process_reward
    for cell in cells_to_relieve:
                ^^^^^^^^^^^^^^^^
NameError: name 'cells_to_relieve' is not defined
ERROR in Agent H_41 process_reward at tick 56: name 'cells_to_relieve' is not defined
Traceback (most recent call last):
  File "/home/user/DisasterAI/DisasterAI_Model.py", line 1315, in process_reward
    for cell in cells_to_relieve:
                ^^^^^^^^^^^^^^^^
NameError: name 'cells_to_relieve' is not defined
ERROR in Agent H_31 process_reward at tick 56: name 'cells_to_relieve' is not defined
Traceback (most recent call last):
  File "/home/user/DisasterAI/DisasterAI_Model.py", line 1315, in process_reward
    for cell in cells_to_relieve:
                ^^^^^^^^^^^^^^^^
NameError: name 'cells_to_relieve' is not defined
ERROR in Agent H_39 process_reward at tick 56: name 'cells_to_relieve' is not defined
Traceback (most recent call last):
  File "/home/user/DisasterAI/DisasterAI_Model.py", line 1315, in process_reward
    for cell in cells_to_relieve:
                ^^^^^^^^^^^^^^^^
NameError: name 'cells_to_relieve' is not defined
ERROR in Agent H_20 process_reward at tick 56: name 'cells_to_relieve' is not defined
Traceback (most recent call last):
  File "/home/user/DisasterAI/DisasterAI_Model.py", line 1315, in process_reward
    for cell in cells_to_relieve:
                ^^^^^^^^^^^^^^^^
NameError: name 'cells_to_relieve' is not defined
ERROR in Agent H_1 process_reward at tick 56: name 'cells_to_relieve' is not defined
Traceback (most recent call last):
  File "/home/user/DisasterAI/DisasterAI_Model.py", line 1315, in process_reward
    for cell in cells_to_relieve:
                ^^^^^^^^^^^^^^^^
NameError: name 'cells_to_relieve' is not defined
ERROR in Agent H_38 process_reward at tick 56: name 'cells_to_relieve' is not defined
Traceback (most recent call last):
  File "/home/user/DisasterAI/DisasterAI_Model.py", line 1315, in process_reward
    for cell in cells_to_relieve:
                ^^^^^^^^^^^^^^^^
NameError: name 'cells_to_relieve' is not defined
ERROR in Agent H_17 process_reward at tick 56: name 'cells_to_relieve' is not defined
Traceback (most recent call last):
  File "/home/user/DisasterAI/DisasterAI_Model.py", line 1315, in process_reward
    for cell in cells_to_relieve:
                ^^^^^^^^^^^^^^^^
NameError: name 'cells_to_relieve' is not defined
ERROR in Agent H_10 process_reward at tick 56: name 'cells_to_relieve' is not defined
Traceback (most recent call last):
  File "/home/user/DisasterAI/DisasterAI_Model.py", line 1315, in process_reward
    for cell in cells_to_relieve:
                ^^^^^^^^^^^^^^^^
NameError: name 'cells_to_relieve' is not defined
ERROR in Agent H_14 process_reward at tick 56: name 'cells_to_relieve' is not defined
Traceback (most recent call last):
  File "/home/user/DisasterAI/DisasterAI_Model.py", line 1315, in process_reward
    for cell in cells_to_relieve:
                ^^^^^^^^^^^^^^^^
NameError: name 'cells_to_relieve' is not defined
ERROR in Agent H_37 process_reward at tick 56: name 'cells_to_relieve' is not defined
Traceback (most recent call last):
  File "/home/user/DisasterAI/DisasterAI_Model.py", line 1315, in process_reward
    for cell in cells_to_relieve:
                ^^^^^^^^^^^^^^^^
NameError: name 'cells_to_relieve' is not defined
ERROR in Agent H_11 process_reward at tick 56: name 'cells_to_relieve' is not defined
Traceback (most recent call last):
  File "/home/user/DisasterAI/DisasterAI_Model.py", line 1315, in process_reward
    for cell in cells_to_relieve:
                ^^^^^^^^^^^^^^^^
NameError: name 'cells_to_relieve' is not defined
ERROR in Agent H_22 process_reward at tick 56: name 'cells_to_relieve' is not defined
Traceback (most recent call last):
  File "/home/user/DisasterAI/DisasterAI_Model.py", line 1315, in process_reward
    for cell in cells_to_relieve:
                ^^^^^^^^^^^^^^^^
NameError: name 'cells_to_relieve' is not defined
ERROR in Agent H_24 process_reward at tick 56: name 'cells_to_relieve' is not defined
Traceback (most recent call last):
  File "/home/user/DisasterAI/DisasterAI_Model.py", line 1315, in process_reward
    for cell in cells_to_relieve:
                ^^^^^^^^^^^^^^^^
NameError: name 'cells_to_relieve' is not defined
ERROR in Agent H_43 process_reward at tick 57: name 'cells_to_relieve' is not defined
Traceback (most recent call last):
  File "/home/user/DisasterAI/DisasterAI_Model.py", line 1315, in process_reward
    for cell in cells_to_relieve:
                ^^^^^^^^^^^^^^^^
NameError: name 'cells_to_relieve' is not defined
ERROR in Agent H_35 process_reward at tick 57: name 'cells_to_relieve' is not defined
Traceback (most recent call last):
  File "/home/user/DisasterAI/DisasterAI_Model.py", line 1315, in process_reward
    for cell in cells_to_relieve:
                ^^^^^^^^^^^^^^^^
NameError: name 'cells_to_relieve' is not defined
ERROR in Agent H_6 process_reward at tick 57: name 'cells_to_relieve' is not defined
Traceback (most recent call last):
  File "/home/user/DisasterAI/DisasterAI_Model.py", line 1315, in process_reward
    for cell in cells_to_relieve:
                ^^^^^^^^^^^^^^^^
NameError: name 'cells_to_relieve' is not defined
ERROR in Agent H_31 process_reward at tick 57: name 'cells_to_relieve' is not defined
Traceback (most recent call last):
  File "/home/user/DisasterAI/DisasterAI_Model.py", line 1315, in process_reward
    for cell in cells_to_relieve:
                ^^^^^^^^^^^^^^^^
NameError: name 'cells_to_relieve' is not defined
ERROR in Agent H_3 process_reward at tick 57: name 'cells_to_relieve' is not defined
Traceback (most recent call last):
  File "/home/user/DisasterAI/DisasterAI_Model.py", line 1315, in process_reward
    for cell in cells_to_relieve:
                ^^^^^^^^^^^^^^^^
NameError: name 'cells_to_relieve' is not defined
ERROR in Agent H_42 process_reward at tick 57: name 'cells_to_relieve' is not defined
Traceback (most recent call last):
  File "/home/user/DisasterAI/DisasterAI_Model.py", line 1315, in process_reward
    for cell in cells_to_relieve:
                ^^^^^^^^^^^^^^^^
NameError: name 'cells_to_relieve' is not defined
ERROR in Agent H_11 process_reward at tick 57: name 'cells_to_relieve' is not defined
Traceback (most recent call last):
  File "/home/user/DisasterAI/DisasterAI_Model.py", line 1315, in process_reward
    for cell in cells_to_relieve:
                ^^^^^^^^^^^^^^^^
NameError: name 'cells_to_relieve' is not defined
ERROR in Agent H_1 process_reward at tick 57: name 'cells_to_relieve' is not defined
Traceback (most recent call last):
  File "/home/user/DisasterAI/DisasterAI_Model.py", line 1315, in process_reward
    for cell in cells_to_relieve:
                ^^^^^^^^^^^^^^^^
NameError: name 'cells_to_relieve' is not defined
ERROR in Agent H_44 process_reward at tick 57: name 'cells_to_relieve' is not defined
Traceback (most recent call last):
  File "/home/user/DisasterAI/DisasterAI_Model.py", line 1315, in process_reward
    for cell in cells_to_relieve:
                ^^^^^^^^^^^^^^^^
NameError: name 'cells_to_relieve' is not defined
ERROR in Agent H_2 process_reward at tick 57: name 'cells_to_relieve' is not defined
Traceback (most recent call last):
  File "/home/user/DisasterAI/DisasterAI_Model.py", line 1315, in process_reward
    for cell in cells_to_relieve:
                ^^^^^^^^^^^^^^^^
NameError: name 'cells_to_relieve' is not defined
ERROR in Agent H_37 process_reward at tick 57: name 'cells_to_relieve' is not defined
Traceback (most recent call last):
  File "/home/user/DisasterAI/DisasterAI_Model.py", line 1315, in process_reward
    for cell in cells_to_relieve:
                ^^^^^^^^^^^^^^^^
NameError: name 'cells_to_relieve' is not defined
ERROR in Agent H_30 process_reward at tick 57: name 'cells_to_relieve' is not defined
Traceback (most recent call last):
  File "/home/user/DisasterAI/DisasterAI_Model.py", line 1315, in process_reward
    for cell in cells_to_relieve:
                ^^^^^^^^^^^^^^^^
NameError: name 'cells_to_relieve' is not defined
ERROR in Agent H_24 process_reward at tick 57: name 'cells_to_relieve' is not defined
Traceback (most recent call last):
  File "/home/user/DisasterAI/DisasterAI_Model.py", line 1315, in process_reward
    for cell in cells_to_relieve:
                ^^^^^^^^^^^^^^^^
NameError: name 'cells_to_relieve' is not defined
ERROR in Agent H_18 process_reward at tick 57: name 'cells_to_relieve' is not defined
Traceback (most recent call last):
  File "/home/user/DisasterAI/DisasterAI_Model.py", line 1315, in process_reward
    for cell in cells_to_relieve:
                ^^^^^^^^^^^^^^^^
NameError: name 'cells_to_relieve' is not defined
ERROR in Agent H_16 process_reward at tick 57: name 'cells_to_relieve' is not defined
Traceback (most recent call last):
  File "/home/user/DisasterAI/DisasterAI_Model.py", line 1315, in process_reward
    for cell in cells_to_relieve:
                ^^^^^^^^^^^^^^^^
NameError: name 'cells_to_relieve' is not defined
ERROR in Agent H_29 process_reward at tick 57: name 'cells_to_relieve' is not defined
Traceback (most recent call last):
  File "/home/user/DisasterAI/DisasterAI_Model.py", line 1315, in process_reward
    for cell in cells_to_relieve:
                ^^^^^^^^^^^^^^^^
NameError: name 'cells_to_relieve' is not defined
ERROR in Agent H_40 process_reward at tick 57: name 'cells_to_relieve' is not defined
Traceback (most recent call last):
  File "/home/user/DisasterAI/DisasterAI_Model.py", line 1315, in process_reward
    for cell in cells_to_relieve:
                ^^^^^^^^^^^^^^^^
NameError: name 'cells_to_relieve' is not defined
ERROR in Agent H_26 process_reward at tick 57: name 'cells_to_relieve' is not defined
Traceback (most recent call last):
  File "/home/user/DisasterAI/DisasterAI_Model.py", line 1315, in process_reward
    for cell in cells_to_relieve:
                ^^^^^^^^^^^^^^^^
NameError: name 'cells_to_relieve' is not defined
ERROR in Agent H_32 process_reward at tick 57: name 'cells_to_relieve' is not defined
Traceback (most recent call last):
  File "/home/user/DisasterAI/DisasterAI_Model.py", line 1315, in process_reward
    for cell in cells_to_relieve:
                ^^^^^^^^^^^^^^^^
NameError: name 'cells_to_relieve' is not defined
ERROR in Agent H_19 process_reward at tick 57: name 'cells_to_relieve' is not defined
Traceback (most recent call last):
  File "/home/user/DisasterAI/DisasterAI_Model.py", line 1315, in process_reward
    for cell in cells_to_relieve:
                ^^^^^^^^^^^^^^^^
NameError: name 'cells_to_relieve' is not defined
ERROR in Agent H_8 process_reward at tick 57: name 'cells_to_relieve' is not defined
Traceback (most recent call last):
  File "/home/user/DisasterAI/DisasterAI_Model.py", line 1315, in process_reward
    for cell in cells_to_relieve:
                ^^^^^^^^^^^^^^^^
NameError: name 'cells_to_relieve' is not defined
ERROR in Agent H_15 process_reward at tick 57: name 'cells_to_relieve' is not defined
Traceback (most recent call last):
  File "/home/user/DisasterAI/DisasterAI_Model.py", line 1315, in process_reward
    for cell in cells_to_relieve:
                ^^^^^^^^^^^^^^^^
NameError: name 'cells_to_relieve' is not defined
ERROR in Agent H_17 process_reward at tick 57: name 'cells_to_relieve' is not defined
Traceback (most recent call last):
  File "/home/user/DisasterAI/DisasterAI_Model.py", line 1315, in process_reward
    for cell in cells_to_relieve:
                ^^^^^^^^^^^^^^^^
NameError: name 'cells_to_relieve' is not defined
ERROR in Agent H_27 process_reward at tick 57: name 'cells_to_relieve' is not defined
Traceback (most recent call last):
  File "/home/user/DisasterAI/DisasterAI_Model.py", line 1315, in process_reward
    for cell in cells_to_relieve:
                ^^^^^^^^^^^^^^^^
NameError: name 'cells_to_relieve' is not defined
ERROR in Agent H_5 process_reward at tick 57: name 'cells_to_relieve' is not defined
Traceback (most recent call last):
  File "/home/user/DisasterAI/DisasterAI_Model.py", line 1315, in process_reward
    for cell in cells_to_relieve:
                ^^^^^^^^^^^^^^^^
NameError: name 'cells_to_relieve' is not defined
ERROR in Agent H_9 process_reward at tick 57: name 'cells_to_relieve' is not defined
Traceback (most recent call last):
  File "/home/user/DisasterAI/DisasterAI_Model.py", line 1315, in process_reward
    for cell in cells_to_relieve:
                ^^^^^^^^^^^^^^^^
NameError: name 'cells_to_relieve' is not defined
ERROR in Agent H_21 process_reward at tick 57: name 'cells_to_relieve' is not defined
Traceback (most recent call last):
  File "/home/user/DisasterAI/DisasterAI_Model.py", line 1315, in process_reward
    for cell in cells_to_relieve:
                ^^^^^^^^^^^^^^^^
NameError: name 'cells_to_relieve' is not defined
ERROR in Agent H_7 process_reward at tick 57: name 'cells_to_relieve' is not defined
Traceback (most recent call last):
  File "/home/user/DisasterAI/DisasterAI_Model.py", line 1315, in process_reward
    for cell in cells_to_relieve:
                ^^^^^^^^^^^^^^^^
NameError: name 'cells_to_relieve' is not defined
ERROR in Agent H_36 process_reward at tick 57: name 'cells_to_relieve' is not defined
Traceback (most recent call last):
  File "/home/user/DisasterAI/DisasterAI_Model.py", line 1315, in process_reward
    for cell in cells_to_relieve:
                ^^^^^^^^^^^^^^^^
NameError: name 'cells_to_relieve' is not defined
ERROR in Agent H_25 process_reward at tick 57: name 'cells_to_relieve' is not defined
Traceback (most recent call last):
  File "/home/user/DisasterAI/DisasterAI_Model.py", line 1315, in process_reward
    for cell in cells_to_relieve:
                ^^^^^^^^^^^^^^^^
NameError: name 'cells_to_relieve' is not defined
ERROR in Agent H_34 process_reward at tick 57: name 'cells_to_relieve' is not defined
Traceback (most recent call last):
  File "/home/user/DisasterAI/DisasterAI_Model.py", line 1315, in process_reward
    for cell in cells_to_relieve:
                ^^^^^^^^^^^^^^^^
NameError: name 'cells_to_relieve' is not defined
ERROR in Agent H_38 process_reward at tick 57: name 'cells_to_relieve' is not defined
Traceback (most recent call last):
  File "/home/user/DisasterAI/DisasterAI_Model.py", line 1315, in process_reward
    for cell in cells_to_relieve:
                ^^^^^^^^^^^^^^^^
NameError: name 'cells_to_relieve' is not defined
ERROR in Agent H_12 process_reward at tick 57: name 'cells_to_relieve' is not defined
Traceback (most recent call last):
  File "/home/user/DisasterAI/DisasterAI_Model.py", line 1315, in process_reward
    for cell in cells_to_relieve:
                ^^^^^^^^^^^^^^^^
NameError: name 'cells_to_relieve' is not defined
ERROR in Agent H_23 process_reward at tick 57: name 'cells_to_relieve' is not defined
Traceback (most recent call last):
  File "/home/user/DisasterAI/DisasterAI_Model.py", line 1315, in process_reward
    for cell in cells_to_relieve:
                ^^^^^^^^^^^^^^^^
NameError: name 'cells_to_relieve' is not defined
ERROR in Agent H_47 process_reward at tick 58: name 'cells_to_relieve' is not defined
Traceback (most recent call last):
  File "/home/user/DisasterAI/DisasterAI_Model.py", line 1315, in process_reward
    for cell in cells_to_relieve:
                ^^^^^^^^^^^^^^^^
NameError: name 'cells_to_relieve' is not defined
ERROR in Agent H_30 process_reward at tick 58: name 'cells_to_relieve' is not defined
Traceback (most recent call last):
  File "/home/user/DisasterAI/DisasterAI_Model.py", line 1315, in process_reward
    for cell in cells_to_relieve:
                ^^^^^^^^^^^^^^^^
NameError: name 'cells_to_relieve' is not defined
ERROR in Agent H_33 process_reward at tick 58: name 'cells_to_relieve' is not defined
Traceback (most recent call last):
  File "/home/user/DisasterAI/DisasterAI_Model.py", line 1315, in process_reward
    for cell in cells_to_relieve:
                ^^^^^^^^^^^^^^^^
NameError: name 'cells_to_relieve' is not defined
ERROR in Agent H_6 process_reward at tick 58: name 'cells_to_relieve' is not defined
Traceback (most recent call last):
  File "/home/user/DisasterAI/DisasterAI_Model.py", line 1315, in process_reward
    for cell in cells_to_relieve:
                ^^^^^^^^^^^^^^^^
NameError: name 'cells_to_relieve' is not defined
ERROR in Agent H_44 process_reward at tick 58: name 'cells_to_relieve' is not defined
Traceback (most recent call last):
  File "/home/user/DisasterAI/DisasterAI_Model.py", line 1315, in process_reward
    for cell in cells_to_relieve:
                ^^^^^^^^^^^^^^^^
NameError: name 'cells_to_relieve' is not defined
ERROR in Agent H_14 process_reward at tick 58: name 'cells_to_relieve' is not defined
Traceback (most recent call last):
  File "/home/user/DisasterAI/DisasterAI_Model.py", line 1315, in process_reward
    for cell in cells_to_relieve:
                ^^^^^^^^^^^^^^^^
NameError: name 'cells_to_relieve' is not defined
ERROR in Agent H_3 process_reward at tick 58: name 'cells_to_relieve' is not defined
Traceback (most recent call last):
  File "/home/user/DisasterAI/DisasterAI_Model.py", line 1315, in process_reward
    for cell in cells_to_relieve:
                ^^^^^^^^^^^^^^^^
NameError: name 'cells_to_relieve' is not defined
ERROR in Agent H_36 process_reward at tick 58: name 'cells_to_relieve' is not defined
Traceback (most recent call last):
  File "/home/user/DisasterAI/DisasterAI_Model.py", line 1315, in process_reward
    for cell in cells_to_relieve:
                ^^^^^^^^^^^^^^^^
NameError: name 'cells_to_relieve' is not defined
ERROR in Agent H_25 process_reward at tick 58: name 'cells_to_relieve' is not defined
Traceback (most recent call last):
  File "/home/user/DisasterAI/DisasterAI_Model.py", line 1315, in process_reward
    for cell in cells_to_relieve:
                ^^^^^^^^^^^^^^^^
NameError: name 'cells_to_relieve' is not defined
ERROR in Agent H_13 process_reward at tick 58: name 'cells_to_relieve' is not defined
Traceback (most recent call last):
  File "/home/user/DisasterAI/DisasterAI_Model.py", line 1315, in process_reward
    for cell in cells_to_relieve:
                ^^^^^^^^^^^^^^^^
NameError: name 'cells_to_relieve' is not defined
ERROR in Agent H_19 process_reward at tick 58: name 'cells_to_relieve' is not defined
Traceback (most recent call last):
  File "/home/user/DisasterAI/DisasterAI_Model.py", line 1315, in process_reward
    for cell in cells_to_relieve:
                ^^^^^^^^^^^^^^^^
NameError: name 'cells_to_relieve' is not defined
ERROR in Agent H_34 process_reward at tick 58: name 'cells_to_relieve' is not defined
Traceback (most recent call last):
  File "/home/user/DisasterAI/DisasterAI_Model.py", line 1315, in process_reward
    for cell in cells_to_relieve:
                ^^^^^^^^^^^^^^^^
NameError: name 'cells_to_relieve' is not defined
ERROR in Agent H_17 process_reward at tick 58: name 'cells_to_relieve' is not defined
Traceback (most recent call last):
  File "/home/user/DisasterAI/DisasterAI_Model.py", line 1315, in process_reward
    for cell in cells_to_relieve:
                ^^^^^^^^^^^^^^^^
NameError: name 'cells_to_relieve' is not defined
ERROR in Agent H_31 process_reward at tick 58: name 'cells_to_relieve' is not defined
Traceback (most recent call last):
  File "/home/user/DisasterAI/DisasterAI_Model.py", line 1315, in process_reward
    for cell in cells_to_relieve:
                ^^^^^^^^^^^^^^^^
NameError: name 'cells_to_relieve' is not defined
ERROR in Agent H_18 process_reward at tick 58: name 'cells_to_relieve' is not defined
Traceback (most recent call last):
  File "/home/user/DisasterAI/DisasterAI_Model.py", line 1315, in process_reward
    for cell in cells_to_relieve:
                ^^^^^^^^^^^^^^^^
NameError: name 'cells_to_relieve' is not defined
ERROR in Agent H_35 process_reward at tick 58: name 'cells_to_relieve' is not defined
Traceback (most recent call last):
  File "/home/user/DisasterAI/DisasterAI_Model.py", line 1315, in process_reward
    for cell in cells_to_relieve:
                ^^^^^^^^^^^^^^^^
NameError: name 'cells_to_relieve' is not defined
ERROR in Agent H_26 process_reward at tick 58: name 'cells_to_relieve' is not defined
Traceback (most recent call last):
  File "/home/user/DisasterAI/DisasterAI_Model.py", line 1315, in process_reward
    for cell in cells_to_relieve:
                ^^^^^^^^^^^^^^^^
NameError: name 'cells_to_relieve' is not defined
ERROR in Agent H_0 process_reward at tick 58: name 'cells_to_relieve' is not defined
Traceback (most recent call last):
  File "/home/user/DisasterAI/DisasterAI_Model.py", line 1315, in process_reward
    for cell in cells_to_relieve:
                ^^^^^^^^^^^^^^^^
NameError: name 'cells_to_relieve' is not defined
ERROR in Agent H_8 process_reward at tick 58: name 'cells_to_relieve' is not defined
Traceback (most recent call last):
  File "/home/user/DisasterAI/DisasterAI_Model.py", line 1315, in process_reward
    for cell in cells_to_relieve:
                ^^^^^^^^^^^^^^^^
NameError: name 'cells_to_relieve' is not defined
ERROR in Agent H_24 process_reward at tick 58: name 'cells_to_relieve' is not defined
Traceback (most recent call last):
  File "/home/user/DisasterAI/DisasterAI_Model.py", line 1315, in process_reward
    for cell in cells_to_relieve:
                ^^^^^^^^^^^^^^^^
NameError: name 'cells_to_relieve' is not defined
ERROR in Agent H_23 process_reward at tick 58: name 'cells_to_relieve' is not defined
Traceback (most recent call last):
  File "/home/user/DisasterAI/DisasterAI_Model.py", line 1315, in process_reward
    for cell in cells_to_relieve:
                ^^^^^^^^^^^^^^^^
NameError: name 'cells_to_relieve' is not defined
ERROR in Agent H_39 process_reward at tick 58: name 'cells_to_relieve' is not defined
Traceback (most recent call last):
  File "/home/user/DisasterAI/DisasterAI_Model.py", line 1315, in process_reward
    for cell in cells_to_relieve:
                ^^^^^^^^^^^^^^^^
NameError: name 'cells_to_relieve' is not defined
ERROR in Agent H_48 process_reward at tick 58: name 'cells_to_relieve' is not defined
Traceback (most recent call last):
  File "/home/user/DisasterAI/DisasterAI_Model.py", line 1315, in process_reward
    for cell in cells_to_relieve:
                ^^^^^^^^^^^^^^^^
NameError: name 'cells_to_relieve' is not defined
ERROR in Agent H_45 process_reward at tick 58: name 'cells_to_relieve' is not defined
Traceback (most recent call last):
  File "/home/user/DisasterAI/DisasterAI_Model.py", line 1315, in process_reward
    for cell in cells_to_relieve:
                ^^^^^^^^^^^^^^^^
NameError: name 'cells_to_relieve' is not defined
ERROR in Agent H_16 process_reward at tick 58: name 'cells_to_relieve' is not defined
Traceback (most recent call last):
  File "/home/user/DisasterAI/DisasterAI_Model.py", line 1315, in process_reward
    for cell in cells_to_relieve:
                ^^^^^^^^^^^^^^^^
NameError: name 'cells_to_relieve' is not defined
ERROR in Agent H_15 process_reward at tick 59: name 'cells_to_relieve' is not defined
Traceback (most recent call last):
  File "/home/user/DisasterAI/DisasterAI_Model.py", line 1315, in process_reward
    for cell in cells_to_relieve:
                ^^^^^^^^^^^^^^^^
NameError: name 'cells_to_relieve' is not defined
ERROR in Agent H_45 process_reward at tick 59: name 'cells_to_relieve' is not defined
Traceback (most recent call last):
  File "/home/user/DisasterAI/DisasterAI_Model.py", line 1315, in process_reward
    for cell in cells_to_relieve:
                ^^^^^^^^^^^^^^^^
NameError: name 'cells_to_relieve' is not defined
ERROR in Agent H_20 process_reward at tick 59: name 'cells_to_relieve' is not defined
Traceback (most recent call last):
  File "/home/user/DisasterAI/DisasterAI_Model.py", line 1315, in process_reward
    for cell in cells_to_relieve:
                ^^^^^^^^^^^^^^^^
NameError: name 'cells_to_relieve' is not defined
ERROR in Agent H_18 process_reward at tick 59: name 'cells_to_relieve' is not defined
Traceback (most recent call last):
  File "/home/user/DisasterAI/DisasterAI_Model.py", line 1315, in process_reward
    for cell in cells_to_relieve:
                ^^^^^^^^^^^^^^^^
NameError: name 'cells_to_relieve' is not defined
ERROR in Agent H_32 process_reward at tick 59: name 'cells_to_relieve' is not defined
Traceback (most recent call last):
  File "/home/user/DisasterAI/DisasterAI_Model.py", line 1315, in process_reward
    for cell in cells_to_relieve:
                ^^^^^^^^^^^^^^^^
NameError: name 'cells_to_relieve' is not defined
ERROR in Agent H_1 process_reward at tick 59: name 'cells_to_relieve' is not defined
Traceback (most recent call last):
  File "/home/user/DisasterAI/DisasterAI_Model.py", line 1315, in process_reward
    for cell in cells_to_relieve:
                ^^^^^^^^^^^^^^^^
NameError: name 'cells_to_relieve' is not defined
ERROR in Agent H_34 process_reward at tick 59: name 'cells_to_relieve' is not defined
Traceback (most recent call last):
  File "/home/user/DisasterAI/DisasterAI_Model.py", line 1315, in process_reward
    for cell in cells_to_relieve:
                ^^^^^^^^^^^^^^^^
NameError: name 'cells_to_relieve' is not defined
ERROR in Agent H_44 process_reward at tick 59: name 'cells_to_relieve' is not defined
Traceback (most recent call last):
  File "/home/user/DisasterAI/DisasterAI_Model.py", line 1315, in process_reward
    for cell in cells_to_relieve:
                ^^^^^^^^^^^^^^^^
NameError: name 'cells_to_relieve' is not defined
ERROR in Agent H_8 process_reward at tick 59: name 'cells_to_relieve' is not defined
Traceback (most recent call last):
  File "/home/user/DisasterAI/DisasterAI_Model.py", line 1315, in process_reward
    for cell in cells_to_relieve:
                ^^^^^^^^^^^^^^^^
NameError: name 'cells_to_relieve' is not defined
ERROR in Agent H_33 process_reward at tick 59: name 'cells_to_relieve' is not defined
Traceback (most recent call last):
  File "/home/user/DisasterAI/DisasterAI_Model.py", line 1315, in process_reward
    for cell in cells_to_relieve:
                ^^^^^^^^^^^^^^^^
NameError: name 'cells_to_relieve' is not defined
ERROR in Agent H_43 process_reward at tick 59: name 'cells_to_relieve' is not defined
Traceback (most recent call last):
  File "/home/user/DisasterAI/DisasterAI_Model.py", line 1315, in process_reward
    for cell in cells_to_relieve:
                ^^^^^^^^^^^^^^^^
NameError: name 'cells_to_relieve' is not defined
ERROR in Agent H_14 process_reward at tick 59: name 'cells_to_relieve' is not defined
Traceback (most recent call last):
  File "/home/user/DisasterAI/DisasterAI_Model.py", line 1315, in process_reward
    for cell in cells_to_relieve:
                ^^^^^^^^^^^^^^^^
NameError: name 'cells_to_relieve' is not defined
ERROR in Agent H_21 process_reward at tick 59: name 'cells_to_relieve' is not defined
Traceback (most recent call last):
  File "/home/user/DisasterAI/DisasterAI_Model.py", line 1315, in process_reward
    for cell in cells_to_relieve:
                ^^^^^^^^^^^^^^^^
NameError: name 'cells_to_relieve' is not defined
ERROR in Agent H_4 process_reward at tick 59: name 'cells_to_relieve' is not defined
Traceback (most recent call last):
  File "/home/user/DisasterAI/DisasterAI_Model.py", line 1315, in process_reward
    for cell in cells_to_relieve:
                ^^^^^^^^^^^^^^^^
NameError: name 'cells_to_relieve' is not defined
ERROR in Agent H_19 process_reward at tick 59: name 'cells_to_relieve' is not defined
Traceback (most recent call last):
  File "/home/user/DisasterAI/DisasterAI_Model.py", line 1315, in process_reward
    for cell in cells_to_relieve:
                ^^^^^^^^^^^^^^^^
NameError: name 'cells_to_relieve' is not defined
ERROR in Agent H_28 process_reward at tick 59: name 'cells_to_relieve' is not defined
Traceback (most recent call last):
  File "/home/user/DisasterAI/DisasterAI_Model.py", line 1315, in process_reward
    for cell in cells_to_relieve:
                ^^^^^^^^^^^^^^^^
NameError: name 'cells_to_relieve' is not defined
ERROR in Agent H_48 process_reward at tick 59: name 'cells_to_relieve' is not defined
Traceback (most recent call last):
  File "/home/user/DisasterAI/DisasterAI_Model.py", line 1315, in process_reward
    for cell in cells_to_relieve:
                ^^^^^^^^^^^^^^^^
NameError: name 'cells_to_relieve' is not defined
ERROR in Agent H_40 process_reward at tick 59: name 'cells_to_relieve' is not defined
Traceback (most recent call last):
  File "/home/user/DisasterAI/DisasterAI_Model.py", line 1315, in process_reward
    for cell in cells_to_relieve:
                ^^^^^^^^^^^^^^^^
NameError: name 'cells_to_relieve' is not defined
ERROR in Agent H_25 process_reward at tick 59: name 'cells_to_relieve' is not defined
Traceback (most recent call last):
  File "/home/user/DisasterAI/DisasterAI_Model.py", line 1315, in process_reward
    for cell in cells_to_relieve:
                ^^^^^^^^^^^^^^^^
NameError: name 'cells_to_relieve' is not defined
ERROR in Agent H_23 process_reward at tick 59: name 'cells_to_relieve' is not defined
Traceback (most recent call last):
  File "/home/user/DisasterAI/DisasterAI_Model.py", line 1315, in process_reward
    for cell in cells_to_relieve:
                ^^^^^^^^^^^^^^^^
NameError: name 'cells_to_relieve' is not defined
ERROR in Agent H_9 process_reward at tick 59: name 'cells_to_relieve' is not defined
Traceback (most recent call last):
  File "/home/user/DisasterAI/DisasterAI_Model.py", line 1315, in process_reward
    for cell in cells_to_relieve:
                ^^^^^^^^^^^^^^^^
NameError: name 'cells_to_relieve' is not defined
ERROR in Agent H_42 process_reward at tick 59: name 'cells_to_relieve' is not defined
Traceback (most recent call last):
  File "/home/user/DisasterAI/DisasterAI_Model.py", line 1315, in process_reward
    for cell in cells_to_relieve:
                ^^^^^^^^^^^^^^^^
NameError: name 'cells_to_relieve' is not defined
ERROR in Agent H_24 process_reward at tick 59: name 'cells_to_relieve' is not defined
Traceback (most recent call last):
  File "/home/user/DisasterAI/DisasterAI_Model.py", line 1315, in process_reward
    for cell in cells_to_relieve:
                ^^^^^^^^^^^^^^^^
NameError: name 'cells_to_relieve' is not defined
ERROR in Agent H_6 process_reward at tick 59: name 'cells_to_relieve' is not defined
Traceback (most recent call last):
  File "/home/user/DisasterAI/DisasterAI_Model.py", line 1315, in process_reward
    for cell in cells_to_relieve:
                ^^^^^^^^^^^^^^^^
NameError: name 'cells_to_relieve' is not defined
ERROR in Agent H_10 process_reward at tick 59: name 'cells_to_relieve' is not defined
Traceback (most recent call last):
  File "/home/user/DisasterAI/DisasterAI_Model.py", line 1315, in process_reward
    for cell in cells_to_relieve:
                ^^^^^^^^^^^^^^^^
NameError: name 'cells_to_relieve' is not defined
ERROR in Agent H_35 process_reward at tick 59: name 'cells_to_relieve' is not defined
Traceback (most recent call last):
  File "/home/user/DisasterAI/DisasterAI_Model.py", line 1315, in process_reward
    for cell in cells_to_relieve:
                ^^^^^^^^^^^^^^^^
NameError: name 'cells_to_relieve' is not defined
ERROR in Agent H_49 process_reward at tick 59: name 'cells_to_relieve' is not defined
Traceback (most recent call last):
  File "/home/user/DisasterAI/DisasterAI_Model.py", line 1315, in process_reward
    for cell in cells_to_relieve:
                ^^^^^^^^^^^^^^^^
NameError: name 'cells_to_relieve' is not defined
ERROR in Agent H_30 process_reward at tick 59: name 'cells_to_relieve' is not defined
Traceback (most recent call last):
  File "/home/user/DisasterAI/DisasterAI_Model.py", line 1315, in process_reward
    for cell in cells_to_relieve:
                ^^^^^^^^^^^^^^^^
NameError: name 'cells_to_relieve' is not defined
ERROR in Agent H_41 process_reward at tick 59: name 'cells_to_relieve' is not defined
Traceback (most recent call last):
  File "/home/user/DisasterAI/DisasterAI_Model.py", line 1315, in process_reward
    for cell in cells_to_relieve:
                ^^^^^^^^^^^^^^^^
NameError: name 'cells_to_relieve' is not defined
ERROR in Agent H_29 process_reward at tick 59: name 'cells_to_relieve' is not defined
Traceback (most recent call last):
  File "/home/user/DisasterAI/DisasterAI_Model.py", line 1315, in process_reward
    for cell in cells_to_relieve:
                ^^^^^^^^^^^^^^^^
NameError: name 'cells_to_relieve' is not defined
ERROR in Agent H_46 process_reward at tick 59: name 'cells_to_relieve' is not defined
Traceback (most recent call last):
  File "/home/user/DisasterAI/DisasterAI_Model.py", line 1315, in process_reward
    for cell in cells_to_relieve:
                ^^^^^^^^^^^^^^^^
NameError: name 'cells_to_relieve' is not defined
ERROR in Agent H_19 process_reward at tick 60: name 'cells_to_relieve' is not defined
Traceback (most recent call last):
  File "/home/user/DisasterAI/DisasterAI_Model.py", line 1315, in process_reward
    for cell in cells_to_relieve:
                ^^^^^^^^^^^^^^^^
NameError: name 'cells_to_relieve' is not defined
ERROR in Agent H_42 process_reward at tick 60: name 'cells_to_relieve' is not defined
Traceback (most recent call last):
  File "/home/user/DisasterAI/DisasterAI_Model.py", line 1315, in process_reward
    for cell in cells_to_relieve:
                ^^^^^^^^^^^^^^^^
NameError: name 'cells_to_relieve' is not defined
ERROR in Agent H_14 process_reward at tick 60: name 'cells_to_relieve' is not defined
Traceback (most recent call last):
  File "/home/user/DisasterAI/DisasterAI_Model.py", line 1315, in process_reward
    for cell in cells_to_relieve:
                ^^^^^^^^^^^^^^^^
NameError: name 'cells_to_relieve' is not defined
ERROR in Agent H_27 process_reward at tick 60: name 'cells_to_relieve' is not defined
Traceback (most recent call last):
  File "/home/user/DisasterAI/DisasterAI_Model.py", line 1315, in process_reward
    for cell in cells_to_relieve:
                ^^^^^^^^^^^^^^^^
NameError: name 'cells_to_relieve' is not defined
ERROR in Agent H_7 process_reward at tick 60: name 'cells_to_relieve' is not defined
Traceback (most recent call last):
  File "/home/user/DisasterAI/DisasterAI_Model.py", line 1315, in process_reward
    for cell in cells_to_relieve:
                ^^^^^^^^^^^^^^^^
NameError: name 'cells_to_relieve' is not defined
ERROR in Agent H_24 process_reward at tick 60: name 'cells_to_relieve' is not defined
Traceback (most recent call last):
  File "/home/user/DisasterAI/DisasterAI_Model.py", line 1315, in process_reward
    for cell in cells_to_relieve:
                ^^^^^^^^^^^^^^^^
NameError: name 'cells_to_relieve' is not defined
ERROR in Agent H_41 process_reward at tick 60: name 'cells_to_relieve' is not defined
Traceback (most recent call last):
  File "/home/user/DisasterAI/DisasterAI_Model.py", line 1315, in process_reward
    for cell in cells_to_relieve:
                ^^^^^^^^^^^^^^^^
NameError: name 'cells_to_relieve' is not defined
ERROR in Agent H_17 process_reward at tick 60: name 'cells_to_relieve' is not defined
Traceback (most recent call last):
  File "/home/user/DisasterAI/DisasterAI_Model.py", line 1315, in process_reward
    for cell in cells_to_relieve:
                ^^^^^^^^^^^^^^^^
NameError: name 'cells_to_relieve' is not defined
ERROR in Agent H_36 process_reward at tick 60: name 'cells_to_relieve' is not defined
Traceback (most recent call last):
  File "/home/user/DisasterAI/DisasterAI_Model.py", line 1315, in process_reward
    for cell in cells_to_relieve:
                ^^^^^^^^^^^^^^^^
NameError: name 'cells_to_relieve' is not defined
ERROR in Agent H_0 process_reward at tick 60: name 'cells_to_relieve' is not defined
Traceback (most recent call last):
  File "/home/user/DisasterAI/DisasterAI_Model.py", line 1315, in process_reward
    for cell in cells_to_relieve:
                ^^^^^^^^^^^^^^^^
NameError: name 'cells_to_relieve' is not defined
ERROR in Agent H_34 process_reward at tick 60: name 'cells_to_relieve' is not defined
Traceback (most recent call last):
  File "/home/user/DisasterAI/DisasterAI_Model.py", line 1315, in process_reward
    for cell in cells_to_relieve:
                ^^^^^^^^^^^^^^^^
NameError: name 'cells_to_relieve' is not defined
ERROR in Agent H_13 process_reward at tick 60: name 'cells_to_relieve' is not defined
Traceback (most recent call last):
  File "/home/user/DisasterAI/DisasterAI_Model.py", line 1315, in process_reward
    for cell in cells_to_relieve:
                ^^^^^^^^^^^^^^^^
NameError: name 'cells_to_relieve' is not defined
ERROR in Agent H_43 process_reward at tick 60: name 'cells_to_relieve' is not defined
Traceback (most recent call last):
  File "/home/user/DisasterAI/DisasterAI_Model.py", line 1315, in process_reward
    for cell in cells_to_relieve:
                ^^^^^^^^^^^^^^^^
NameError: name 'cells_to_relieve' is not defined
ERROR in Agent H_25 process_reward at tick 60: name 'cells_to_relieve' is not defined
Traceback (most recent call last):
  File "/home/user/DisasterAI/DisasterAI_Model.py", line 1315, in process_reward
    for cell in cells_to_relieve:
                ^^^^^^^^^^^^^^^^
NameError: name 'cells_to_relieve' is not defined
ERROR in Agent H_10 process_reward at tick 60: name 'cells_to_relieve' is not defined
Traceback (most recent call last):
  File "/home/user/DisasterAI/DisasterAI_Model.py", line 1315, in process_reward
    for cell in cells_to_relieve:
                ^^^^^^^^^^^^^^^^
NameError: name 'cells_to_relieve' is not defined
ERROR in Agent H_47 process_reward at tick 60: name 'cells_to_relieve' is not defined
Traceback (most recent call last):
  File "/home/user/DisasterAI/DisasterAI_Model.py", line 1315, in process_reward
    for cell in cells_to_relieve:
                ^^^^^^^^^^^^^^^^
NameError: name 'cells_to_relieve' is not defined
ERROR in Agent H_38 process_reward at tick 60: name 'cells_to_relieve' is not defined
Traceback (most recent call last):
  File "/home/user/DisasterAI/DisasterAI_Model.py", line 1315, in process_reward
    for cell in cells_to_relieve:
                ^^^^^^^^^^^^^^^^
NameError: name 'cells_to_relieve' is not defined
ERROR in Agent H_37 process_reward at tick 60: name 'cells_to_relieve' is not defined
Traceback (most recent call last):
  File "/home/user/DisasterAI/DisasterAI_Model.py", line 1315, in process_reward
    for cell in cells_to_relieve:
                ^^^^^^^^^^^^^^^^
NameError: name 'cells_to_relieve' is not defined
ERROR in Agent H_48 process_reward at tick 60: name 'cells_to_relieve' is not defined
Traceback (most recent call last):
  File "/home/user/DisasterAI/DisasterAI_Model.py", line 1315, in process_reward
    for cell in cells_to_relieve:
                ^^^^^^^^^^^^^^^^
NameError: name 'cells_to_relieve' is not defined
ERROR in Agent H_22 process_reward at tick 60: name 'cells_to_relieve' is not defined
Traceback (most recent call last):
  File "/home/user/DisasterAI/DisasterAI_Model.py", line 1315, in process_reward
    for cell in cells_to_relieve:
                ^^^^^^^^^^^^^^^^
NameError: name 'cells_to_relieve' is not defined
ERROR in Agent H_4 process_reward at tick 60: name 'cells_to_relieve' is not defined
Traceback (most recent call last):
  File "/home/user/DisasterAI/DisasterAI_Model.py", line 1315, in process_reward
    for cell in cells_to_relieve:
                ^^^^^^^^^^^^^^^^
NameError: name 'cells_to_relieve' is not defined
ERROR in Agent H_8 process_reward at tick 60: name 'cells_to_relieve' is not defined
Traceback (most recent call last):
  File "/home/user/DisasterAI/DisasterAI_Model.py", line 1315, in process_reward
    for cell in cells_to_relieve:
                ^^^^^^^^^^^^^^^^
NameError: name 'cells_to_relieve' is not defined
ERROR in Agent H_32 process_reward at tick 60: name 'cells_to_relieve' is not defined
Traceback (most recent call last):
  File "/home/user/DisasterAI/DisasterAI_Model.py", line 1315, in process_reward
    for cell in cells_to_relieve:
                ^^^^^^^^^^^^^^^^
NameError: name 'cells_to_relieve' is not defined
ERROR in Agent H_21 process_reward at tick 60: name 'cells_to_relieve' is not defined
Traceback (most recent call last):
  File "/home/user/DisasterAI/DisasterAI_Model.py", line 1315, in process_reward
    for cell in cells_to_relieve:
                ^^^^^^^^^^^^^^^^
NameError: name 'cells_to_relieve' is not defined
ERROR in Agent H_31 process_reward at tick 60: name 'cells_to_relieve' is not defined
Traceback (most recent call last):
  File "/home/user/DisasterAI/DisasterAI_Model.py", line 1315, in process_reward
    for cell in cells_to_relieve:
                ^^^^^^^^^^^^^^^^
NameError: name 'cells_to_relieve' is not defined
ERROR in Agent H_6 process_reward at tick 60: name 'cells_to_relieve' is not defined
Traceback (most recent call last):
  File "/home/user/DisasterAI/DisasterAI_Model.py", line 1315, in process_reward
    for cell in cells_to_relieve:
                ^^^^^^^^^^^^^^^^
NameError: name 'cells_to_relieve' is not defined
ERROR in Agent H_23 process_reward at tick 60: name 'cells_to_relieve' is not defined
Traceback (most recent call last):
  File "/home/user/DisasterAI/DisasterAI_Model.py", line 1315, in process_reward
    for cell in cells_to_relieve:
                ^^^^^^^^^^^^^^^^
NameError: name 'cells_to_relieve' is not defined
ERROR in Agent H_45 process_reward at tick 60: name 'cells_to_relieve' is not defined
Traceback (most recent call last):
  File "/home/user/DisasterAI/DisasterAI_Model.py", line 1315, in process_reward
    for cell in cells_to_relieve:
                ^^^^^^^^^^^^^^^^
NameError: name 'cells_to_relieve' is not defined
ERROR in Agent H_5 process_reward at tick 60: name 'cells_to_relieve' is not defined
Traceback (most recent call last):
  File "/home/user/DisasterAI/DisasterAI_Model.py", line 1315, in process_reward
    for cell in cells_to_relieve:
                ^^^^^^^^^^^^^^^^
NameError: name 'cells_to_relieve' is not defined
ERROR in Agent H_46 process_reward at tick 60: name 'cells_to_relieve' is not defined
Traceback (most recent call last):
  File "/home/user/DisasterAI/DisasterAI_Model.py", line 1315, in process_reward
    for cell in cells_to_relieve:
                ^^^^^^^^^^^^^^^^
NameError: name 'cells_to_relieve' is not defined
ERROR in Agent H_33 process_reward at tick 60: name 'cells_to_relieve' is not defined
Traceback (most recent call last):
  File "/home/user/DisasterAI/DisasterAI_Model.py", line 1315, in process_reward
    for cell in cells_to_relieve:
                ^^^^^^^^^^^^^^^^
NameError: name 'cells_to_relieve' is not defined
ERROR in Agent H_2 process_reward at tick 60: name 'cells_to_relieve' is not defined
Traceback (most recent call last):
  File "/home/user/DisasterAI/DisasterAI_Model.py", line 1315, in process_reward
    for cell in cells_to_relieve:
                ^^^^^^^^^^^^^^^^
NameError: name 'cells_to_relieve' is not defined
ERROR in Agent H_26 process_reward at tick 60: name 'cells_to_relieve' is not defined
Traceback (most recent call last):
  File "/home/user/DisasterAI/DisasterAI_Model.py", line 1315, in process_reward
    for cell in cells_to_relieve:
                ^^^^^^^^^^^^^^^^
NameError: name 'cells_to_relieve' is not defined
ERROR in Agent H_18 process_reward at tick 60: name 'cells_to_relieve' is not defined
Traceback (most recent call last):
  File "/home/user/DisasterAI/DisasterAI_Model.py", line 1315, in process_reward
    for cell in cells_to_relieve:
                ^^^^^^^^^^^^^^^^
NameError: name 'cells_to_relieve' is not defined
ERROR in Agent H_12 process_reward at tick 60: name 'cells_to_relieve' is not defined
Traceback (most recent call last):
  File "/home/user/DisasterAI/DisasterAI_Model.py", line 1315, in process_reward
    for cell in cells_to_relieve:
                ^^^^^^^^^^^^^^^^
NameError: name 'cells_to_relieve' is not defined

DEBUG: Starting AECI variance calculation at tick 60
  Found 0/50 AI-reliant agents
  Global belief variance: 0.0540
  WARNING: Invalid global variance (0.05403830999999999) or no AI-reliant agents
  Returning AECI variance tuple: (60, 0.0)
  Current aeci_variance_data length: 60
  Last 3 entries: [(58, 0.0), (59, 0.0), (60, 0.0)]

--- Retainment Diagnostics at Tick 60 ---
Agent H_0 (exploitative) retainment stats:
  accepted_human: 0, accepted_friend: 0, accepted_ai: 0
  No acceptances recorded
Agent H_1 (exploitative) retainment stats:
  accepted_human: 13, accepted_friend: 13, accepted_ai: 0
  retain_aeci: 0.00, retain_seci: 1.00
Agent H_2 (exploitative) retainment stats:
  accepted_human: 30, accepted_friend: 30, accepted_ai: 5
  retain_aeci: 0.14, retain_seci: 0.86
ERROR in Agent H_41 process_reward at tick 61: name 'cells_to_relieve' is not defined
Traceback (most recent call last):
  File "/home/user/DisasterAI/DisasterAI_Model.py", line 1315, in process_reward
    for cell in cells_to_relieve:
                ^^^^^^^^^^^^^^^^
NameError: name 'cells_to_relieve' is not defined
ERROR in Agent H_2 process_reward at tick 61: name 'cells_to_relieve' is not defined
Traceback (most recent call last):
  File "/home/user/DisasterAI/DisasterAI_Model.py", line 1315, in process_reward
    for cell in cells_to_relieve:
                ^^^^^^^^^^^^^^^^
NameError: name 'cells_to_relieve' is not defined
ERROR in Agent H_3 process_reward at tick 61: name 'cells_to_relieve' is not defined
Traceback (most recent call last):
  File "/home/user/DisasterAI/DisasterAI_Model.py", line 1315, in process_reward
    for cell in cells_to_relieve:
                ^^^^^^^^^^^^^^^^
NameError: name 'cells_to_relieve' is not defined
ERROR in Agent H_28 process_reward at tick 61: name 'cells_to_relieve' is not defined
Traceback (most recent call last):
  File "/home/user/DisasterAI/DisasterAI_Model.py", line 1315, in process_reward
    for cell in cells_to_relieve:
                ^^^^^^^^^^^^^^^^
NameError: name 'cells_to_relieve' is not defined
ERROR in Agent H_13 process_reward at tick 61: name 'cells_to_relieve' is not defined
Traceback (most recent call last):
  File "/home/user/DisasterAI/DisasterAI_Model.py", line 1315, in process_reward
    for cell in cells_to_relieve:
                ^^^^^^^^^^^^^^^^
NameError: name 'cells_to_relieve' is not defined
ERROR in Agent H_44 process_reward at tick 61: name 'cells_to_relieve' is not defined
Traceback (most recent call last):
  File "/home/user/DisasterAI/DisasterAI_Model.py", line 1315, in process_reward
    for cell in cells_to_relieve:
                ^^^^^^^^^^^^^^^^
NameError: name 'cells_to_relieve' is not defined
ERROR in Agent H_43 process_reward at tick 61: name 'cells_to_relieve' is not defined
Traceback (most recent call last):
  File "/home/user/DisasterAI/DisasterAI_Model.py", line 1315, in process_reward
    for cell in cells_to_relieve:
                ^^^^^^^^^^^^^^^^
NameError: name 'cells_to_relieve' is not defined
ERROR in Agent H_45 process_reward at tick 61: name 'cells_to_relieve' is not defined
Traceback (most recent call last):
  File "/home/user/DisasterAI/DisasterAI_Model.py", line 1315, in process_reward
    for cell in cells_to_relieve:
                ^^^^^^^^^^^^^^^^
NameError: name 'cells_to_relieve' is not defined
ERROR in Agent H_20 process_reward at tick 61: name 'cells_to_relieve' is not defined
Traceback (most recent call last):
  File "/home/user/DisasterAI/DisasterAI_Model.py", line 1315, in process_reward
    for cell in cells_to_relieve:
                ^^^^^^^^^^^^^^^^
NameError: name 'cells_to_relieve' is not defined
ERROR in Agent H_47 process_reward at tick 61: name 'cells_to_relieve' is not defined
Traceback (most recent call last):
  File "/home/user/DisasterAI/DisasterAI_Model.py", line 1315, in process_reward
    for cell in cells_to_relieve:
                ^^^^^^^^^^^^^^^^
NameError: name 'cells_to_relieve' is not defined
ERROR in Agent H_39 process_reward at tick 61: name 'cells_to_relieve' is not defined
Traceback (most recent call last):
  File "/home/user/DisasterAI/DisasterAI_Model.py", line 1315, in process_reward
    for cell in cells_to_relieve:
                ^^^^^^^^^^^^^^^^
NameError: name 'cells_to_relieve' is not defined
ERROR in Agent H_34 process_reward at tick 61: name 'cells_to_relieve' is not defined
Traceback (most recent call last):
  File "/home/user/DisasterAI/DisasterAI_Model.py", line 1315, in process_reward
    for cell in cells_to_relieve:
                ^^^^^^^^^^^^^^^^
NameError: name 'cells_to_relieve' is not defined
ERROR in Agent H_23 process_reward at tick 61: name 'cells_to_relieve' is not defined
Traceback (most recent call last):
  File "/home/user/DisasterAI/DisasterAI_Model.py", line 1315, in process_reward
    for cell in cells_to_relieve:
                ^^^^^^^^^^^^^^^^
NameError: name 'cells_to_relieve' is not defined
ERROR in Agent H_5 process_reward at tick 61: name 'cells_to_relieve' is not defined
Traceback (most recent call last):
  File "/home/user/DisasterAI/DisasterAI_Model.py", line 1315, in process_reward
    for cell in cells_to_relieve:
                ^^^^^^^^^^^^^^^^
NameError: name 'cells_to_relieve' is not defined
ERROR in Agent H_24 process_reward at tick 61: name 'cells_to_relieve' is not defined
Traceback (most recent call last):
  File "/home/user/DisasterAI/DisasterAI_Model.py", line 1315, in process_reward
    for cell in cells_to_relieve:
                ^^^^^^^^^^^^^^^^
NameError: name 'cells_to_relieve' is not defined
ERROR in Agent H_11 process_reward at tick 61: name 'cells_to_relieve' is not defined
Traceback (most recent call last):
  File "/home/user/DisasterAI/DisasterAI_Model.py", line 1315, in process_reward
    for cell in cells_to_relieve:
                ^^^^^^^^^^^^^^^^
NameError: name 'cells_to_relieve' is not defined
ERROR in Agent H_35 process_reward at tick 61: name 'cells_to_relieve' is not defined
Traceback (most recent call last):
  File "/home/user/DisasterAI/DisasterAI_Model.py", line 1315, in process_reward
    for cell in cells_to_relieve:
                ^^^^^^^^^^^^^^^^
NameError: name 'cells_to_relieve' is not defined
ERROR in Agent H_18 process_reward at tick 61: name 'cells_to_relieve' is not defined
Traceback (most recent call last):
  File "/home/user/DisasterAI/DisasterAI_Model.py", line 1315, in process_reward
    for cell in cells_to_relieve:
                ^^^^^^^^^^^^^^^^
NameError: name 'cells_to_relieve' is not defined
ERROR in Agent H_1 process_reward at tick 61: name 'cells_to_relieve' is not defined
Traceback (most recent call last):
  File "/home/user/DisasterAI/DisasterAI_Model.py", line 1315, in process_reward
    for cell in cells_to_relieve:
                ^^^^^^^^^^^^^^^^
NameError: name 'cells_to_relieve' is not defined
ERROR in Agent H_42 process_reward at tick 61: name 'cells_to_relieve' is not defined
Traceback (most recent call last):
  File "/home/user/DisasterAI/DisasterAI_Model.py", line 1315, in process_reward
    for cell in cells_to_relieve:
                ^^^^^^^^^^^^^^^^
NameError: name 'cells_to_relieve' is not defined
ERROR in Agent H_4 process_reward at tick 61: name 'cells_to_relieve' is not defined
Traceback (most recent call last):
  File "/home/user/DisasterAI/DisasterAI_Model.py", line 1315, in process_reward
    for cell in cells_to_relieve:
                ^^^^^^^^^^^^^^^^
NameError: name 'cells_to_relieve' is not defined
ERROR in Agent H_49 process_reward at tick 61: name 'cells_to_relieve' is not defined
Traceback (most recent call last):
  File "/home/user/DisasterAI/DisasterAI_Model.py", line 1315, in process_reward
    for cell in cells_to_relieve:
                ^^^^^^^^^^^^^^^^
NameError: name 'cells_to_relieve' is not defined
ERROR in Agent H_31 process_reward at tick 61: name 'cells_to_relieve' is not defined
Traceback (most recent call last):
  File "/home/user/DisasterAI/DisasterAI_Model.py", line 1315, in process_reward
    for cell in cells_to_relieve:
                ^^^^^^^^^^^^^^^^
NameError: name 'cells_to_relieve' is not defined
ERROR in Agent H_14 process_reward at tick 61: name 'cells_to_relieve' is not defined
Traceback (most recent call last):
  File "/home/user/DisasterAI/DisasterAI_Model.py", line 1315, in process_reward
    for cell in cells_to_relieve:
                ^^^^^^^^^^^^^^^^
NameError: name 'cells_to_relieve' is not defined
ERROR in Agent H_0 process_reward at tick 61: name 'cells_to_relieve' is not defined
Traceback (most recent call last):
  File "/home/user/DisasterAI/DisasterAI_Model.py", line 1315, in process_reward
    for cell in cells_to_relieve:
                ^^^^^^^^^^^^^^^^
NameError: name 'cells_to_relieve' is not defined
ERROR in Agent H_15 process_reward at tick 61: name 'cells_to_relieve' is not defined
Traceback (most recent call last):
  File "/home/user/DisasterAI/DisasterAI_Model.py", line 1315, in process_reward
    for cell in cells_to_relieve:
                ^^^^^^^^^^^^^^^^
NameError: name 'cells_to_relieve' is not defined
ERROR in Agent H_33 process_reward at tick 61: name 'cells_to_relieve' is not defined
Traceback (most recent call last):
  File "/home/user/DisasterAI/DisasterAI_Model.py", line 1315, in process_reward
    for cell in cells_to_relieve:
                ^^^^^^^^^^^^^^^^
NameError: name 'cells_to_relieve' is not defined
ERROR in Agent H_27 process_reward at tick 61: name 'cells_to_relieve' is not defined
Traceback (most recent call last):
  File "/home/user/DisasterAI/DisasterAI_Model.py", line 1315, in process_reward
    for cell in cells_to_relieve:
                ^^^^^^^^^^^^^^^^
NameError: name 'cells_to_relieve' is not defined
ERROR in Agent H_26 process_reward at tick 61: name 'cells_to_relieve' is not defined
Traceback (most recent call last):
  File "/home/user/DisasterAI/DisasterAI_Model.py", line 1315, in process_reward
    for cell in cells_to_relieve:
                ^^^^^^^^^^^^^^^^
NameError: name 'cells_to_relieve' is not defined
ERROR in Agent H_9 process_reward at tick 61: name 'cells_to_relieve' is not defined
Traceback (most recent call last):
  File "/home/user/DisasterAI/DisasterAI_Model.py", line 1315, in process_reward
    for cell in cells_to_relieve:
                ^^^^^^^^^^^^^^^^
NameError: name 'cells_to_relieve' is not defined
ERROR in Agent H_37 process_reward at tick 61: name 'cells_to_relieve' is not defined
Traceback (most recent call last):
  File "/home/user/DisasterAI/DisasterAI_Model.py", line 1315, in process_reward
    for cell in cells_to_relieve:
                ^^^^^^^^^^^^^^^^
NameError: name 'cells_to_relieve' is not defined
ERROR in Agent H_38 process_reward at tick 61: name 'cells_to_relieve' is not defined
Traceback (most recent call last):
  File "/home/user/DisasterAI/DisasterAI_Model.py", line 1315, in process_reward
    for cell in cells_to_relieve:
                ^^^^^^^^^^^^^^^^
NameError: name 'cells_to_relieve' is not defined
ERROR in Agent H_17 process_reward at tick 61: name 'cells_to_relieve' is not defined
Traceback (most recent call last):
  File "/home/user/DisasterAI/DisasterAI_Model.py", line 1315, in process_reward
    for cell in cells_to_relieve:
                ^^^^^^^^^^^^^^^^
NameError: name 'cells_to_relieve' is not defined
ERROR in Agent H_12 process_reward at tick 61: name 'cells_to_relieve' is not defined
Traceback (most recent call last):
  File "/home/user/DisasterAI/DisasterAI_Model.py", line 1315, in process_reward
    for cell in cells_to_relieve:
                ^^^^^^^^^^^^^^^^
NameError: name 'cells_to_relieve' is not defined
ERROR in Agent H_36 process_reward at tick 61: name 'cells_to_relieve' is not defined
Traceback (most recent call last):
  File "/home/user/DisasterAI/DisasterAI_Model.py", line 1315, in process_reward
    for cell in cells_to_relieve:
                ^^^^^^^^^^^^^^^^
NameError: name 'cells_to_relieve' is not defined
ERROR in Agent H_29 process_reward at tick 61: name 'cells_to_relieve' is not defined
Traceback (most recent call last):
  File "/home/user/DisasterAI/DisasterAI_Model.py", line 1315, in process_reward
    for cell in cells_to_relieve:
                ^^^^^^^^^^^^^^^^
NameError: name 'cells_to_relieve' is not defined
ERROR in Agent H_43 process_reward at tick 62: name 'cells_to_relieve' is not defined
Traceback (most recent call last):
  File "/home/user/DisasterAI/DisasterAI_Model.py", line 1315, in process_reward
    for cell in cells_to_relieve:
                ^^^^^^^^^^^^^^^^
NameError: name 'cells_to_relieve' is not defined
ERROR in Agent H_35 process_reward at tick 62: name 'cells_to_relieve' is not defined
Traceback (most recent call last):
  File "/home/user/DisasterAI/DisasterAI_Model.py", line 1315, in process_reward
    for cell in cells_to_relieve:
                ^^^^^^^^^^^^^^^^
NameError: name 'cells_to_relieve' is not defined
ERROR in Agent H_37 process_reward at tick 62: name 'cells_to_relieve' is not defined
Traceback (most recent call last):
  File "/home/user/DisasterAI/DisasterAI_Model.py", line 1315, in process_reward
    for cell in cells_to_relieve:
                ^^^^^^^^^^^^^^^^
NameError: name 'cells_to_relieve' is not defined
ERROR in Agent H_45 process_reward at tick 62: name 'cells_to_relieve' is not defined
Traceback (most recent call last):
  File "/home/user/DisasterAI/DisasterAI_Model.py", line 1315, in process_reward
    for cell in cells_to_relieve:
                ^^^^^^^^^^^^^^^^
NameError: name 'cells_to_relieve' is not defined
ERROR in Agent H_44 process_reward at tick 62: name 'cells_to_relieve' is not defined
Traceback (most recent call last):
  File "/home/user/DisasterAI/DisasterAI_Model.py", line 1315, in process_reward
    for cell in cells_to_relieve:
                ^^^^^^^^^^^^^^^^
NameError: name 'cells_to_relieve' is not defined
ERROR in Agent H_2 process_reward at tick 62: name 'cells_to_relieve' is not defined
Traceback (most recent call last):
  File "/home/user/DisasterAI/DisasterAI_Model.py", line 1315, in process_reward
    for cell in cells_to_relieve:
                ^^^^^^^^^^^^^^^^
NameError: name 'cells_to_relieve' is not defined
ERROR in Agent H_6 process_reward at tick 62: name 'cells_to_relieve' is not defined
Traceback (most recent call last):
  File "/home/user/DisasterAI/DisasterAI_Model.py", line 1315, in process_reward
    for cell in cells_to_relieve:
                ^^^^^^^^^^^^^^^^
NameError: name 'cells_to_relieve' is not defined
ERROR in Agent H_33 process_reward at tick 62: name 'cells_to_relieve' is not defined
Traceback (most recent call last):
  File "/home/user/DisasterAI/DisasterAI_Model.py", line 1315, in process_reward
    for cell in cells_to_relieve:
                ^^^^^^^^^^^^^^^^
NameError: name 'cells_to_relieve' is not defined
ERROR in Agent H_17 process_reward at tick 62: name 'cells_to_relieve' is not defined
Traceback (most recent call last):
  File "/home/user/DisasterAI/DisasterAI_Model.py", line 1315, in process_reward
    for cell in cells_to_relieve:
                ^^^^^^^^^^^^^^^^
NameError: name 'cells_to_relieve' is not defined
ERROR in Agent H_26 process_reward at tick 62: name 'cells_to_relieve' is not defined
Traceback (most recent call last):
  File "/home/user/DisasterAI/DisasterAI_Model.py", line 1315, in process_reward
    for cell in cells_to_relieve:
                ^^^^^^^^^^^^^^^^
NameError: name 'cells_to_relieve' is not defined
ERROR in Agent H_7 process_reward at tick 62: name 'cells_to_relieve' is not defined
Traceback (most recent call last):
  File "/home/user/DisasterAI/DisasterAI_Model.py", line 1315, in process_reward
    for cell in cells_to_relieve:
                ^^^^^^^^^^^^^^^^
NameError: name 'cells_to_relieve' is not defined
ERROR in Agent H_36 process_reward at tick 62: name 'cells_to_relieve' is not defined
Traceback (most recent call last):
  File "/home/user/DisasterAI/DisasterAI_Model.py", line 1315, in process_reward
    for cell in cells_to_relieve:
                ^^^^^^^^^^^^^^^^
NameError: name 'cells_to_relieve' is not defined
ERROR in Agent H_42 process_reward at tick 62: name 'cells_to_relieve' is not defined
Traceback (most recent call last):
  File "/home/user/DisasterAI/DisasterAI_Model.py", line 1315, in process_reward
    for cell in cells_to_relieve:
                ^^^^^^^^^^^^^^^^
NameError: name 'cells_to_relieve' is not defined
ERROR in Agent H_10 process_reward at tick 62: name 'cells_to_relieve' is not defined
Traceback (most recent call last):
  File "/home/user/DisasterAI/DisasterAI_Model.py", line 1315, in process_reward
    for cell in cells_to_relieve:
                ^^^^^^^^^^^^^^^^
NameError: name 'cells_to_relieve' is not defined
ERROR in Agent H_30 process_reward at tick 62: name 'cells_to_relieve' is not defined
Traceback (most recent call last):
  File "/home/user/DisasterAI/DisasterAI_Model.py", line 1315, in process_reward
    for cell in cells_to_relieve:
                ^^^^^^^^^^^^^^^^
NameError: name 'cells_to_relieve' is not defined
ERROR in Agent H_23 process_reward at tick 62: name 'cells_to_relieve' is not defined
Traceback (most recent call last):
  File "/home/user/DisasterAI/DisasterAI_Model.py", line 1315, in process_reward
    for cell in cells_to_relieve:
                ^^^^^^^^^^^^^^^^
NameError: name 'cells_to_relieve' is not defined
ERROR in Agent H_40 process_reward at tick 62: name 'cells_to_relieve' is not defined
Traceback (most recent call last):
  File "/home/user/DisasterAI/DisasterAI_Model.py", line 1315, in process_reward
    for cell in cells_to_relieve:
                ^^^^^^^^^^^^^^^^
NameError: name 'cells_to_relieve' is not defined
ERROR in Agent H_22 process_reward at tick 62: name 'cells_to_relieve' is not defined
Traceback (most recent call last):
  File "/home/user/DisasterAI/DisasterAI_Model.py", line 1315, in process_reward
    for cell in cells_to_relieve:
                ^^^^^^^^^^^^^^^^
NameError: name 'cells_to_relieve' is not defined
ERROR in Agent H_27 process_reward at tick 62: name 'cells_to_relieve' is not defined
Traceback (most recent call last):
  File "/home/user/DisasterAI/DisasterAI_Model.py", line 1315, in process_reward
    for cell in cells_to_relieve:
                ^^^^^^^^^^^^^^^^
NameError: name 'cells_to_relieve' is not defined
ERROR in Agent H_28 process_reward at tick 62: name 'cells_to_relieve' is not defined
Traceback (most recent call last):
  File "/home/user/DisasterAI/DisasterAI_Model.py", line 1315, in process_reward
    for cell in cells_to_relieve:
                ^^^^^^^^^^^^^^^^
NameError: name 'cells_to_relieve' is not defined
ERROR in Agent H_9 process_reward at tick 62: name 'cells_to_relieve' is not defined
Traceback (most recent call last):
  File "/home/user/DisasterAI/DisasterAI_Model.py", line 1315, in process_reward
    for cell in cells_to_relieve:
                ^^^^^^^^^^^^^^^^
NameError: name 'cells_to_relieve' is not defined
ERROR in Agent H_24 process_reward at tick 62: name 'cells_to_relieve' is not defined
Traceback (most recent call last):
  File "/home/user/DisasterAI/DisasterAI_Model.py", line 1315, in process_reward
    for cell in cells_to_relieve:
                ^^^^^^^^^^^^^^^^
NameError: name 'cells_to_relieve' is not defined
ERROR in Agent H_48 process_reward at tick 62: name 'cells_to_relieve' is not defined
Traceback (most recent call last):
  File "/home/user/DisasterAI/DisasterAI_Model.py", line 1315, in process_reward
    for cell in cells_to_relieve:
                ^^^^^^^^^^^^^^^^
NameError: name 'cells_to_relieve' is not defined
ERROR in Agent H_4 process_reward at tick 62: name 'cells_to_relieve' is not defined
Traceback (most recent call last):
  File "/home/user/DisasterAI/DisasterAI_Model.py", line 1315, in process_reward
    for cell in cells_to_relieve:
                ^^^^^^^^^^^^^^^^
NameError: name 'cells_to_relieve' is not defined
ERROR in Agent H_12 process_reward at tick 62: name 'cells_to_relieve' is not defined
Traceback (most recent call last):
  File "/home/user/DisasterAI/DisasterAI_Model.py", line 1315, in process_reward
    for cell in cells_to_relieve:
                ^^^^^^^^^^^^^^^^
NameError: name 'cells_to_relieve' is not defined
ERROR in Agent H_49 process_reward at tick 62: name 'cells_to_relieve' is not defined
Traceback (most recent call last):
  File "/home/user/DisasterAI/DisasterAI_Model.py", line 1315, in process_reward
    for cell in cells_to_relieve:
                ^^^^^^^^^^^^^^^^
NameError: name 'cells_to_relieve' is not defined
ERROR in Agent H_24 process_reward at tick 63: name 'cells_to_relieve' is not defined
Traceback (most recent call last):
  File "/home/user/DisasterAI/DisasterAI_Model.py", line 1315, in process_reward
    for cell in cells_to_relieve:
                ^^^^^^^^^^^^^^^^
NameError: name 'cells_to_relieve' is not defined
ERROR in Agent H_41 process_reward at tick 63: name 'cells_to_relieve' is not defined
Traceback (most recent call last):
  File "/home/user/DisasterAI/DisasterAI_Model.py", line 1315, in process_reward
    for cell in cells_to_relieve:
                ^^^^^^^^^^^^^^^^
NameError: name 'cells_to_relieve' is not defined
ERROR in Agent H_28 process_reward at tick 63: name 'cells_to_relieve' is not defined
Traceback (most recent call last):
  File "/home/user/DisasterAI/DisasterAI_Model.py", line 1315, in process_reward
    for cell in cells_to_relieve:
                ^^^^^^^^^^^^^^^^
NameError: name 'cells_to_relieve' is not defined
ERROR in Agent H_22 process_reward at tick 63: name 'cells_to_relieve' is not defined
Traceback (most recent call last):
  File "/home/user/DisasterAI/DisasterAI_Model.py", line 1315, in process_reward
    for cell in cells_to_relieve:
                ^^^^^^^^^^^^^^^^
NameError: name 'cells_to_relieve' is not defined
ERROR in Agent H_39 process_reward at tick 63: name 'cells_to_relieve' is not defined
Traceback (most recent call last):
  File "/home/user/DisasterAI/DisasterAI_Model.py", line 1315, in process_reward
    for cell in cells_to_relieve:
                ^^^^^^^^^^^^^^^^
NameError: name 'cells_to_relieve' is not defined
ERROR in Agent H_43 process_reward at tick 63: name 'cells_to_relieve' is not defined
Traceback (most recent call last):
  File "/home/user/DisasterAI/DisasterAI_Model.py", line 1315, in process_reward
    for cell in cells_to_relieve:
                ^^^^^^^^^^^^^^^^
NameError: name 'cells_to_relieve' is not defined
ERROR in Agent H_33 process_reward at tick 63: name 'cells_to_relieve' is not defined
Traceback (most recent call last):
  File "/home/user/DisasterAI/DisasterAI_Model.py", line 1315, in process_reward
    for cell in cells_to_relieve:
                ^^^^^^^^^^^^^^^^
NameError: name 'cells_to_relieve' is not defined
ERROR in Agent H_8 process_reward at tick 63: name 'cells_to_relieve' is not defined
Traceback (most recent call last):
  File "/home/user/DisasterAI/DisasterAI_Model.py", line 1315, in process_reward
    for cell in cells_to_relieve:
                ^^^^^^^^^^^^^^^^
NameError: name 'cells_to_relieve' is not defined
ERROR in Agent H_18 process_reward at tick 63: name 'cells_to_relieve' is not defined
Traceback (most recent call last):
  File "/home/user/DisasterAI/DisasterAI_Model.py", line 1315, in process_reward
    for cell in cells_to_relieve:
                ^^^^^^^^^^^^^^^^
NameError: name 'cells_to_relieve' is not defined
ERROR in Agent H_3 process_reward at tick 63: name 'cells_to_relieve' is not defined
Traceback (most recent call last):
  File "/home/user/DisasterAI/DisasterAI_Model.py", line 1315, in process_reward
    for cell in cells_to_relieve:
                ^^^^^^^^^^^^^^^^
NameError: name 'cells_to_relieve' is not defined
ERROR in Agent H_11 process_reward at tick 63: name 'cells_to_relieve' is not defined
Traceback (most recent call last):
  File "/home/user/DisasterAI/DisasterAI_Model.py", line 1315, in process_reward
    for cell in cells_to_relieve:
                ^^^^^^^^^^^^^^^^
NameError: name 'cells_to_relieve' is not defined
ERROR in Agent H_34 process_reward at tick 63: name 'cells_to_relieve' is not defined
Traceback (most recent call last):
  File "/home/user/DisasterAI/DisasterAI_Model.py", line 1315, in process_reward
    for cell in cells_to_relieve:
                ^^^^^^^^^^^^^^^^
NameError: name 'cells_to_relieve' is not defined
ERROR in Agent H_45 process_reward at tick 63: name 'cells_to_relieve' is not defined
Traceback (most recent call last):
  File "/home/user/DisasterAI/DisasterAI_Model.py", line 1315, in process_reward
    for cell in cells_to_relieve:
                ^^^^^^^^^^^^^^^^
NameError: name 'cells_to_relieve' is not defined
ERROR in Agent H_37 process_reward at tick 63: name 'cells_to_relieve' is not defined
Traceback (most recent call last):
  File "/home/user/DisasterAI/DisasterAI_Model.py", line 1315, in process_reward
    for cell in cells_to_relieve:
                ^^^^^^^^^^^^^^^^
NameError: name 'cells_to_relieve' is not defined
ERROR in Agent H_9 process_reward at tick 63: name 'cells_to_relieve' is not defined
Traceback (most recent call last):
  File "/home/user/DisasterAI/DisasterAI_Model.py", line 1315, in process_reward
    for cell in cells_to_relieve:
                ^^^^^^^^^^^^^^^^
NameError: name 'cells_to_relieve' is not defined
ERROR in Agent H_21 process_reward at tick 63: name 'cells_to_relieve' is not defined
Traceback (most recent call last):
  File "/home/user/DisasterAI/DisasterAI_Model.py", line 1315, in process_reward
    for cell in cells_to_relieve:
                ^^^^^^^^^^^^^^^^
NameError: name 'cells_to_relieve' is not defined
ERROR in Agent H_13 process_reward at tick 63: name 'cells_to_relieve' is not defined
Traceback (most recent call last):
  File "/home/user/DisasterAI/DisasterAI_Model.py", line 1315, in process_reward
    for cell in cells_to_relieve:
                ^^^^^^^^^^^^^^^^
NameError: name 'cells_to_relieve' is not defined
ERROR in Agent H_7 process_reward at tick 63: name 'cells_to_relieve' is not defined
Traceback (most recent call last):
  File "/home/user/DisasterAI/DisasterAI_Model.py", line 1315, in process_reward
    for cell in cells_to_relieve:
                ^^^^^^^^^^^^^^^^
NameError: name 'cells_to_relieve' is not defined
ERROR in Agent H_49 process_reward at tick 63: name 'cells_to_relieve' is not defined
Traceback (most recent call last):
  File "/home/user/DisasterAI/DisasterAI_Model.py", line 1315, in process_reward
    for cell in cells_to_relieve:
                ^^^^^^^^^^^^^^^^
NameError: name 'cells_to_relieve' is not defined
ERROR in Agent H_40 process_reward at tick 63: name 'cells_to_relieve' is not defined
Traceback (most recent call last):
  File "/home/user/DisasterAI/DisasterAI_Model.py", line 1315, in process_reward
    for cell in cells_to_relieve:
                ^^^^^^^^^^^^^^^^
NameError: name 'cells_to_relieve' is not defined
ERROR in Agent H_30 process_reward at tick 63: name 'cells_to_relieve' is not defined
Traceback (most recent call last):
  File "/home/user/DisasterAI/DisasterAI_Model.py", line 1315, in process_reward
    for cell in cells_to_relieve:
                ^^^^^^^^^^^^^^^^
NameError: name 'cells_to_relieve' is not defined
ERROR in Agent H_6 process_reward at tick 63: name 'cells_to_relieve' is not defined
Traceback (most recent call last):
  File "/home/user/DisasterAI/DisasterAI_Model.py", line 1315, in process_reward
    for cell in cells_to_relieve:
                ^^^^^^^^^^^^^^^^
NameError: name 'cells_to_relieve' is not defined
ERROR in Agent H_46 process_reward at tick 63: name 'cells_to_relieve' is not defined
Traceback (most recent call last):
  File "/home/user/DisasterAI/DisasterAI_Model.py", line 1315, in process_reward
    for cell in cells_to_relieve:
                ^^^^^^^^^^^^^^^^
NameError: name 'cells_to_relieve' is not defined
ERROR in Agent H_25 process_reward at tick 63: name 'cells_to_relieve' is not defined
Traceback (most recent call last):
  File "/home/user/DisasterAI/DisasterAI_Model.py", line 1315, in process_reward
    for cell in cells_to_relieve:
                ^^^^^^^^^^^^^^^^
NameError: name 'cells_to_relieve' is not defined
ERROR in Agent H_48 process_reward at tick 63: name 'cells_to_relieve' is not defined
Traceback (most recent call last):
  File "/home/user/DisasterAI/DisasterAI_Model.py", line 1315, in process_reward
    for cell in cells_to_relieve:
                ^^^^^^^^^^^^^^^^
NameError: name 'cells_to_relieve' is not defined
ERROR in Agent H_32 process_reward at tick 63: name 'cells_to_relieve' is not defined
Traceback (most recent call last):
  File "/home/user/DisasterAI/DisasterAI_Model.py", line 1315, in process_reward
    for cell in cells_to_relieve:
                ^^^^^^^^^^^^^^^^
NameError: name 'cells_to_relieve' is not defined
ERROR in Agent H_17 process_reward at tick 63: name 'cells_to_relieve' is not defined
Traceback (most recent call last):
  File "/home/user/DisasterAI/DisasterAI_Model.py", line 1315, in process_reward
    for cell in cells_to_relieve:
                ^^^^^^^^^^^^^^^^
NameError: name 'cells_to_relieve' is not defined
ERROR in Agent H_36 process_reward at tick 63: name 'cells_to_relieve' is not defined
Traceback (most recent call last):
  File "/home/user/DisasterAI/DisasterAI_Model.py", line 1315, in process_reward
    for cell in cells_to_relieve:
                ^^^^^^^^^^^^^^^^
NameError: name 'cells_to_relieve' is not defined
ERROR in Agent H_4 process_reward at tick 63: name 'cells_to_relieve' is not defined
Traceback (most recent call last):
  File "/home/user/DisasterAI/DisasterAI_Model.py", line 1315, in process_reward
    for cell in cells_to_relieve:
                ^^^^^^^^^^^^^^^^
NameError: name 'cells_to_relieve' is not defined
ERROR in Agent H_16 process_reward at tick 63: name 'cells_to_relieve' is not defined
Traceback (most recent call last):
  File "/home/user/DisasterAI/DisasterAI_Model.py", line 1315, in process_reward
    for cell in cells_to_relieve:
                ^^^^^^^^^^^^^^^^
NameError: name 'cells_to_relieve' is not defined
ERROR in Agent H_19 process_reward at tick 63: name 'cells_to_relieve' is not defined
Traceback (most recent call last):
  File "/home/user/DisasterAI/DisasterAI_Model.py", line 1315, in process_reward
    for cell in cells_to_relieve:
                ^^^^^^^^^^^^^^^^
NameError: name 'cells_to_relieve' is not defined
ERROR in Agent H_23 process_reward at tick 63: name 'cells_to_relieve' is not defined
Traceback (most recent call last):
  File "/home/user/DisasterAI/DisasterAI_Model.py", line 1315, in process_reward
    for cell in cells_to_relieve:
                ^^^^^^^^^^^^^^^^
NameError: name 'cells_to_relieve' is not defined
ERROR in Agent H_44 process_reward at tick 63: name 'cells_to_relieve' is not defined
Traceback (most recent call last):
  File "/home/user/DisasterAI/DisasterAI_Model.py", line 1315, in process_reward
    for cell in cells_to_relieve:
                ^^^^^^^^^^^^^^^^
NameError: name 'cells_to_relieve' is not defined
ERROR in Agent H_12 process_reward at tick 63: name 'cells_to_relieve' is not defined
Traceback (most recent call last):
  File "/home/user/DisasterAI/DisasterAI_Model.py", line 1315, in process_reward
    for cell in cells_to_relieve:
                ^^^^^^^^^^^^^^^^
NameError: name 'cells_to_relieve' is not defined
ERROR in Agent H_15 process_reward at tick 63: name 'cells_to_relieve' is not defined
Traceback (most recent call last):
  File "/home/user/DisasterAI/DisasterAI_Model.py", line 1315, in process_reward
    for cell in cells_to_relieve:
                ^^^^^^^^^^^^^^^^
NameError: name 'cells_to_relieve' is not defined
ERROR in Agent H_0 process_reward at tick 63: name 'cells_to_relieve' is not defined
Traceback (most recent call last):
  File "/home/user/DisasterAI/DisasterAI_Model.py", line 1315, in process_reward
    for cell in cells_to_relieve:
                ^^^^^^^^^^^^^^^^
NameError: name 'cells_to_relieve' is not defined
ERROR in Agent H_26 process_reward at tick 63: name 'cells_to_relieve' is not defined
Traceback (most recent call last):
  File "/home/user/DisasterAI/DisasterAI_Model.py", line 1315, in process_reward
    for cell in cells_to_relieve:
                ^^^^^^^^^^^^^^^^
NameError: name 'cells_to_relieve' is not defined
ERROR in Agent H_1 process_reward at tick 63: name 'cells_to_relieve' is not defined
Traceback (most recent call last):
  File "/home/user/DisasterAI/DisasterAI_Model.py", line 1315, in process_reward
    for cell in cells_to_relieve:
                ^^^^^^^^^^^^^^^^
NameError: name 'cells_to_relieve' is not defined
ERROR in Agent H_27 process_reward at tick 63: name 'cells_to_relieve' is not defined
Traceback (most recent call last):
  File "/home/user/DisasterAI/DisasterAI_Model.py", line 1315, in process_reward
    for cell in cells_to_relieve:
                ^^^^^^^^^^^^^^^^
NameError: name 'cells_to_relieve' is not defined
ERROR in Agent H_29 process_reward at tick 63: name 'cells_to_relieve' is not defined
Traceback (most recent call last):
  File "/home/user/DisasterAI/DisasterAI_Model.py", line 1315, in process_reward
    for cell in cells_to_relieve:
                ^^^^^^^^^^^^^^^^
NameError: name 'cells_to_relieve' is not defined
ERROR in Agent H_47 process_reward at tick 63: name 'cells_to_relieve' is not defined
Traceback (most recent call last):
  File "/home/user/DisasterAI/DisasterAI_Model.py", line 1315, in process_reward
    for cell in cells_to_relieve:
                ^^^^^^^^^^^^^^^^
NameError: name 'cells_to_relieve' is not defined
ERROR in Agent H_35 process_reward at tick 63: name 'cells_to_relieve' is not defined
Traceback (most recent call last):
  File "/home/user/DisasterAI/DisasterAI_Model.py", line 1315, in process_reward
    for cell in cells_to_relieve:
                ^^^^^^^^^^^^^^^^
NameError: name 'cells_to_relieve' is not defined
ERROR in Agent H_38 process_reward at tick 63: name 'cells_to_relieve' is not defined
Traceback (most recent call last):
  File "/home/user/DisasterAI/DisasterAI_Model.py", line 1315, in process_reward
    for cell in cells_to_relieve:
                ^^^^^^^^^^^^^^^^
NameError: name 'cells_to_relieve' is not defined
ERROR in Agent H_11 process_reward at tick 64: name 'cells_to_relieve' is not defined
Traceback (most recent call last):
  File "/home/user/DisasterAI/DisasterAI_Model.py", line 1315, in process_reward
    for cell in cells_to_relieve:
                ^^^^^^^^^^^^^^^^
NameError: name 'cells_to_relieve' is not defined
ERROR in Agent H_36 process_reward at tick 64: name 'cells_to_relieve' is not defined
Traceback (most recent call last):
  File "/home/user/DisasterAI/DisasterAI_Model.py", line 1315, in process_reward
    for cell in cells_to_relieve:
                ^^^^^^^^^^^^^^^^
NameError: name 'cells_to_relieve' is not defined
ERROR in Agent H_22 process_reward at tick 64: name 'cells_to_relieve' is not defined
Traceback (most recent call last):
  File "/home/user/DisasterAI/DisasterAI_Model.py", line 1315, in process_reward
    for cell in cells_to_relieve:
                ^^^^^^^^^^^^^^^^
NameError: name 'cells_to_relieve' is not defined
ERROR in Agent H_6 process_reward at tick 64: name 'cells_to_relieve' is not defined
Traceback (most recent call last):
  File "/home/user/DisasterAI/DisasterAI_Model.py", line 1315, in process_reward
    for cell in cells_to_relieve:
                ^^^^^^^^^^^^^^^^
NameError: name 'cells_to_relieve' is not defined
ERROR in Agent H_25 process_reward at tick 64: name 'cells_to_relieve' is not defined
Traceback (most recent call last):
  File "/home/user/DisasterAI/DisasterAI_Model.py", line 1315, in process_reward
    for cell in cells_to_relieve:
                ^^^^^^^^^^^^^^^^
NameError: name 'cells_to_relieve' is not defined
ERROR in Agent H_1 process_reward at tick 64: name 'cells_to_relieve' is not defined
Traceback (most recent call last):
  File "/home/user/DisasterAI/DisasterAI_Model.py", line 1315, in process_reward
    for cell in cells_to_relieve:
                ^^^^^^^^^^^^^^^^
NameError: name 'cells_to_relieve' is not defined
ERROR in Agent H_13 process_reward at tick 64: name 'cells_to_relieve' is not defined
Traceback (most recent call last):
  File "/home/user/DisasterAI/DisasterAI_Model.py", line 1315, in process_reward
    for cell in cells_to_relieve:
                ^^^^^^^^^^^^^^^^
NameError: name 'cells_to_relieve' is not defined
ERROR in Agent H_48 process_reward at tick 64: name 'cells_to_relieve' is not defined
Traceback (most recent call last):
  File "/home/user/DisasterAI/DisasterAI_Model.py", line 1315, in process_reward
    for cell in cells_to_relieve:
                ^^^^^^^^^^^^^^^^
NameError: name 'cells_to_relieve' is not defined
ERROR in Agent H_0 process_reward at tick 64: name 'cells_to_relieve' is not defined
Traceback (most recent call last):
  File "/home/user/DisasterAI/DisasterAI_Model.py", line 1315, in process_reward
    for cell in cells_to_relieve:
                ^^^^^^^^^^^^^^^^
NameError: name 'cells_to_relieve' is not defined
ERROR in Agent H_21 process_reward at tick 64: name 'cells_to_relieve' is not defined
Traceback (most recent call last):
  File "/home/user/DisasterAI/DisasterAI_Model.py", line 1315, in process_reward
    for cell in cells_to_relieve:
                ^^^^^^^^^^^^^^^^
NameError: name 'cells_to_relieve' is not defined
ERROR in Agent H_7 process_reward at tick 64: name 'cells_to_relieve' is not defined
Traceback (most recent call last):
  File "/home/user/DisasterAI/DisasterAI_Model.py", line 1315, in process_reward
    for cell in cells_to_relieve:
                ^^^^^^^^^^^^^^^^
NameError: name 'cells_to_relieve' is not defined
ERROR in Agent H_5 process_reward at tick 64: name 'cells_to_relieve' is not defined
Traceback (most recent call last):
  File "/home/user/DisasterAI/DisasterAI_Model.py", line 1315, in process_reward
    for cell in cells_to_relieve:
                ^^^^^^^^^^^^^^^^
NameError: name 'cells_to_relieve' is not defined
ERROR in Agent H_37 process_reward at tick 64: name 'cells_to_relieve' is not defined
Traceback (most recent call last):
  File "/home/user/DisasterAI/DisasterAI_Model.py", line 1315, in process_reward
    for cell in cells_to_relieve:
                ^^^^^^^^^^^^^^^^
NameError: name 'cells_to_relieve' is not defined
ERROR in Agent H_46 process_reward at tick 64: name 'cells_to_relieve' is not defined
Traceback (most recent call last):
  File "/home/user/DisasterAI/DisasterAI_Model.py", line 1315, in process_reward
    for cell in cells_to_relieve:
                ^^^^^^^^^^^^^^^^
NameError: name 'cells_to_relieve' is not defined
ERROR in Agent H_42 process_reward at tick 64: name 'cells_to_relieve' is not defined
Traceback (most recent call last):
  File "/home/user/DisasterAI/DisasterAI_Model.py", line 1315, in process_reward
    for cell in cells_to_relieve:
                ^^^^^^^^^^^^^^^^
NameError: name 'cells_to_relieve' is not defined
ERROR in Agent H_16 process_reward at tick 64: name 'cells_to_relieve' is not defined
Traceback (most recent call last):
  File "/home/user/DisasterAI/DisasterAI_Model.py", line 1315, in process_reward
    for cell in cells_to_relieve:
                ^^^^^^^^^^^^^^^^
NameError: name 'cells_to_relieve' is not defined
ERROR in Agent H_30 process_reward at tick 64: name 'cells_to_relieve' is not defined
Traceback (most recent call last):
  File "/home/user/DisasterAI/DisasterAI_Model.py", line 1315, in process_reward
    for cell in cells_to_relieve:
                ^^^^^^^^^^^^^^^^
NameError: name 'cells_to_relieve' is not defined
ERROR in Agent H_15 process_reward at tick 64: name 'cells_to_relieve' is not defined
Traceback (most recent call last):
  File "/home/user/DisasterAI/DisasterAI_Model.py", line 1315, in process_reward
    for cell in cells_to_relieve:
                ^^^^^^^^^^^^^^^^
NameError: name 'cells_to_relieve' is not defined
ERROR in Agent H_23 process_reward at tick 64: name 'cells_to_relieve' is not defined
Traceback (most recent call last):
  File "/home/user/DisasterAI/DisasterAI_Model.py", line 1315, in process_reward
    for cell in cells_to_relieve:
                ^^^^^^^^^^^^^^^^
NameError: name 'cells_to_relieve' is not defined
ERROR in Agent H_39 process_reward at tick 64: name 'cells_to_relieve' is not defined
Traceback (most recent call last):
  File "/home/user/DisasterAI/DisasterAI_Model.py", line 1315, in process_reward
    for cell in cells_to_relieve:
                ^^^^^^^^^^^^^^^^
NameError: name 'cells_to_relieve' is not defined
ERROR in Agent H_8 process_reward at tick 64: name 'cells_to_relieve' is not defined
Traceback (most recent call last):
  File "/home/user/DisasterAI/DisasterAI_Model.py", line 1315, in process_reward
    for cell in cells_to_relieve:
                ^^^^^^^^^^^^^^^^
NameError: name 'cells_to_relieve' is not defined
ERROR in Agent H_45 process_reward at tick 64: name 'cells_to_relieve' is not defined
Traceback (most recent call last):
  File "/home/user/DisasterAI/DisasterAI_Model.py", line 1315, in process_reward
    for cell in cells_to_relieve:
                ^^^^^^^^^^^^^^^^
NameError: name 'cells_to_relieve' is not defined
ERROR in Agent H_27 process_reward at tick 64: name 'cells_to_relieve' is not defined
Traceback (most recent call last):
  File "/home/user/DisasterAI/DisasterAI_Model.py", line 1315, in process_reward
    for cell in cells_to_relieve:
                ^^^^^^^^^^^^^^^^
NameError: name 'cells_to_relieve' is not defined
ERROR in Agent H_10 process_reward at tick 64: name 'cells_to_relieve' is not defined
Traceback (most recent call last):
  File "/home/user/DisasterAI/DisasterAI_Model.py", line 1315, in process_reward
    for cell in cells_to_relieve:
                ^^^^^^^^^^^^^^^^
NameError: name 'cells_to_relieve' is not defined
ERROR in Agent H_20 process_reward at tick 64: name 'cells_to_relieve' is not defined
Traceback (most recent call last):
  File "/home/user/DisasterAI/DisasterAI_Model.py", line 1315, in process_reward
    for cell in cells_to_relieve:
                ^^^^^^^^^^^^^^^^
NameError: name 'cells_to_relieve' is not defined
ERROR in Agent H_44 process_reward at tick 64: name 'cells_to_relieve' is not defined
Traceback (most recent call last):
  File "/home/user/DisasterAI/DisasterAI_Model.py", line 1315, in process_reward
    for cell in cells_to_relieve:
                ^^^^^^^^^^^^^^^^
NameError: name 'cells_to_relieve' is not defined
ERROR in Agent H_14 process_reward at tick 64: name 'cells_to_relieve' is not defined
Traceback (most recent call last):
  File "/home/user/DisasterAI/DisasterAI_Model.py", line 1315, in process_reward
    for cell in cells_to_relieve:
                ^^^^^^^^^^^^^^^^
NameError: name 'cells_to_relieve' is not defined
ERROR in Agent H_9 process_reward at tick 64: name 'cells_to_relieve' is not defined
Traceback (most recent call last):
  File "/home/user/DisasterAI/DisasterAI_Model.py", line 1315, in process_reward
    for cell in cells_to_relieve:
                ^^^^^^^^^^^^^^^^
NameError: name 'cells_to_relieve' is not defined
ERROR in Agent H_41 process_reward at tick 64: name 'cells_to_relieve' is not defined
Traceback (most recent call last):
  File "/home/user/DisasterAI/DisasterAI_Model.py", line 1315, in process_reward
    for cell in cells_to_relieve:
                ^^^^^^^^^^^^^^^^
NameError: name 'cells_to_relieve' is not defined
ERROR in Agent H_32 process_reward at tick 64: name 'cells_to_relieve' is not defined
Traceback (most recent call last):
  File "/home/user/DisasterAI/DisasterAI_Model.py", line 1315, in process_reward
    for cell in cells_to_relieve:
                ^^^^^^^^^^^^^^^^
NameError: name 'cells_to_relieve' is not defined
ERROR in Agent H_40 process_reward at tick 64: name 'cells_to_relieve' is not defined
Traceback (most recent call last):
  File "/home/user/DisasterAI/DisasterAI_Model.py", line 1315, in process_reward
    for cell in cells_to_relieve:
                ^^^^^^^^^^^^^^^^
NameError: name 'cells_to_relieve' is not defined
ERROR in Agent H_19 process_reward at tick 64: name 'cells_to_relieve' is not defined
Traceback (most recent call last):
  File "/home/user/DisasterAI/DisasterAI_Model.py", line 1315, in process_reward
    for cell in cells_to_relieve:
                ^^^^^^^^^^^^^^^^
NameError: name 'cells_to_relieve' is not defined
ERROR in Agent H_49 process_reward at tick 65: name 'cells_to_relieve' is not defined
Traceback (most recent call last):
  File "/home/user/DisasterAI/DisasterAI_Model.py", line 1315, in process_reward
    for cell in cells_to_relieve:
                ^^^^^^^^^^^^^^^^
NameError: name 'cells_to_relieve' is not defined
ERROR in Agent H_42 process_reward at tick 65: name 'cells_to_relieve' is not defined
Traceback (most recent call last):
  File "/home/user/DisasterAI/DisasterAI_Model.py", line 1315, in process_reward
    for cell in cells_to_relieve:
                ^^^^^^^^^^^^^^^^
NameError: name 'cells_to_relieve' is not defined
ERROR in Agent H_20 process_reward at tick 65: name 'cells_to_relieve' is not defined
Traceback (most recent call last):
  File "/home/user/DisasterAI/DisasterAI_Model.py", line 1315, in process_reward
    for cell in cells_to_relieve:
                ^^^^^^^^^^^^^^^^
NameError: name 'cells_to_relieve' is not defined
ERROR in Agent H_29 process_reward at tick 65: name 'cells_to_relieve' is not defined
Traceback (most recent call last):
  File "/home/user/DisasterAI/DisasterAI_Model.py", line 1315, in process_reward
    for cell in cells_to_relieve:
                ^^^^^^^^^^^^^^^^
NameError: name 'cells_to_relieve' is not defined
ERROR in Agent H_26 process_reward at tick 65: name 'cells_to_relieve' is not defined
Traceback (most recent call last):
  File "/home/user/DisasterAI/DisasterAI_Model.py", line 1315, in process_reward
    for cell in cells_to_relieve:
                ^^^^^^^^^^^^^^^^
NameError: name 'cells_to_relieve' is not defined
ERROR in Agent H_19 process_reward at tick 65: name 'cells_to_relieve' is not defined
Traceback (most recent call last):
  File "/home/user/DisasterAI/DisasterAI_Model.py", line 1315, in process_reward
    for cell in cells_to_relieve:
                ^^^^^^^^^^^^^^^^
NameError: name 'cells_to_relieve' is not defined
ERROR in Agent H_9 process_reward at tick 65: name 'cells_to_relieve' is not defined
Traceback (most recent call last):
  File "/home/user/DisasterAI/DisasterAI_Model.py", line 1315, in process_reward
    for cell in cells_to_relieve:
                ^^^^^^^^^^^^^^^^
NameError: name 'cells_to_relieve' is not defined
ERROR in Agent H_1 process_reward at tick 65: name 'cells_to_relieve' is not defined
Traceback (most recent call last):
  File "/home/user/DisasterAI/DisasterAI_Model.py", line 1315, in process_reward
    for cell in cells_to_relieve:
                ^^^^^^^^^^^^^^^^
NameError: name 'cells_to_relieve' is not defined
ERROR in Agent H_28 process_reward at tick 65: name 'cells_to_relieve' is not defined
Traceback (most recent call last):
  File "/home/user/DisasterAI/DisasterAI_Model.py", line 1315, in process_reward
    for cell in cells_to_relieve:
                ^^^^^^^^^^^^^^^^
NameError: name 'cells_to_relieve' is not defined
ERROR in Agent H_33 process_reward at tick 65: name 'cells_to_relieve' is not defined
Traceback (most recent call last):
  File "/home/user/DisasterAI/DisasterAI_Model.py", line 1315, in process_reward
    for cell in cells_to_relieve:
                ^^^^^^^^^^^^^^^^
NameError: name 'cells_to_relieve' is not defined
ERROR in Agent H_48 process_reward at tick 65: name 'cells_to_relieve' is not defined
Traceback (most recent call last):
  File "/home/user/DisasterAI/DisasterAI_Model.py", line 1315, in process_reward
    for cell in cells_to_relieve:
                ^^^^^^^^^^^^^^^^
NameError: name 'cells_to_relieve' is not defined
ERROR in Agent H_5 process_reward at tick 65: name 'cells_to_relieve' is not defined
Traceback (most recent call last):
  File "/home/user/DisasterAI/DisasterAI_Model.py", line 1315, in process_reward
    for cell in cells_to_relieve:
                ^^^^^^^^^^^^^^^^
NameError: name 'cells_to_relieve' is not defined
ERROR in Agent H_11 process_reward at tick 65: name 'cells_to_relieve' is not defined
Traceback (most recent call last):
  File "/home/user/DisasterAI/DisasterAI_Model.py", line 1315, in process_reward
    for cell in cells_to_relieve:
                ^^^^^^^^^^^^^^^^
NameError: name 'cells_to_relieve' is not defined
ERROR in Agent H_41 process_reward at tick 65: name 'cells_to_relieve' is not defined
Traceback (most recent call last):
  File "/home/user/DisasterAI/DisasterAI_Model.py", line 1315, in process_reward
    for cell in cells_to_relieve:
                ^^^^^^^^^^^^^^^^
NameError: name 'cells_to_relieve' is not defined
ERROR in Agent H_12 process_reward at tick 65: name 'cells_to_relieve' is not defined
Traceback (most recent call last):
  File "/home/user/DisasterAI/DisasterAI_Model.py", line 1315, in process_reward
    for cell in cells_to_relieve:
                ^^^^^^^^^^^^^^^^
NameError: name 'cells_to_relieve' is not defined
ERROR in Agent H_38 process_reward at tick 65: name 'cells_to_relieve' is not defined
Traceback (most recent call last):
  File "/home/user/DisasterAI/DisasterAI_Model.py", line 1315, in process_reward
    for cell in cells_to_relieve:
                ^^^^^^^^^^^^^^^^
NameError: name 'cells_to_relieve' is not defined
ERROR in Agent H_35 process_reward at tick 65: name 'cells_to_relieve' is not defined
Traceback (most recent call last):
  File "/home/user/DisasterAI/DisasterAI_Model.py", line 1315, in process_reward
    for cell in cells_to_relieve:
                ^^^^^^^^^^^^^^^^
NameError: name 'cells_to_relieve' is not defined
ERROR in Agent H_18 process_reward at tick 65: name 'cells_to_relieve' is not defined
Traceback (most recent call last):
  File "/home/user/DisasterAI/DisasterAI_Model.py", line 1315, in process_reward
    for cell in cells_to_relieve:
                ^^^^^^^^^^^^^^^^
NameError: name 'cells_to_relieve' is not defined
ERROR in Agent H_3 process_reward at tick 65: name 'cells_to_relieve' is not defined
Traceback (most recent call last):
  File "/home/user/DisasterAI/DisasterAI_Model.py", line 1315, in process_reward
    for cell in cells_to_relieve:
                ^^^^^^^^^^^^^^^^
NameError: name 'cells_to_relieve' is not defined
ERROR in Agent H_16 process_reward at tick 65: name 'cells_to_relieve' is not defined
Traceback (most recent call last):
  File "/home/user/DisasterAI/DisasterAI_Model.py", line 1315, in process_reward
    for cell in cells_to_relieve:
                ^^^^^^^^^^^^^^^^
NameError: name 'cells_to_relieve' is not defined
ERROR in Agent H_25 process_reward at tick 65: name 'cells_to_relieve' is not defined
Traceback (most recent call last):
  File "/home/user/DisasterAI/DisasterAI_Model.py", line 1315, in process_reward
    for cell in cells_to_relieve:
                ^^^^^^^^^^^^^^^^
NameError: name 'cells_to_relieve' is not defined
ERROR in Agent H_15 process_reward at tick 65: name 'cells_to_relieve' is not defined
Traceback (most recent call last):
  File "/home/user/DisasterAI/DisasterAI_Model.py", line 1315, in process_reward
    for cell in cells_to_relieve:
                ^^^^^^^^^^^^^^^^
NameError: name 'cells_to_relieve' is not defined
ERROR in Agent H_8 process_reward at tick 65: name 'cells_to_relieve' is not defined
Traceback (most recent call last):
  File "/home/user/DisasterAI/DisasterAI_Model.py", line 1315, in process_reward
    for cell in cells_to_relieve:
                ^^^^^^^^^^^^^^^^
NameError: name 'cells_to_relieve' is not defined
ERROR in Agent H_30 process_reward at tick 65: name 'cells_to_relieve' is not defined
Traceback (most recent call last):
  File "/home/user/DisasterAI/DisasterAI_Model.py", line 1315, in process_reward
    for cell in cells_to_relieve:
                ^^^^^^^^^^^^^^^^
NameError: name 'cells_to_relieve' is not defined
ERROR in Agent H_14 process_reward at tick 65: name 'cells_to_relieve' is not defined
Traceback (most recent call last):
  File "/home/user/DisasterAI/DisasterAI_Model.py", line 1315, in process_reward
    for cell in cells_to_relieve:
                ^^^^^^^^^^^^^^^^
NameError: name 'cells_to_relieve' is not defined
ERROR in Agent H_47 process_reward at tick 65: name 'cells_to_relieve' is not defined
Traceback (most recent call last):
  File "/home/user/DisasterAI/DisasterAI_Model.py", line 1315, in process_reward
    for cell in cells_to_relieve:
                ^^^^^^^^^^^^^^^^
NameError: name 'cells_to_relieve' is not defined
ERROR in Agent H_10 process_reward at tick 65: name 'cells_to_relieve' is not defined
Traceback (most recent call last):
  File "/home/user/DisasterAI/DisasterAI_Model.py", line 1315, in process_reward
    for cell in cells_to_relieve:
                ^^^^^^^^^^^^^^^^
NameError: name 'cells_to_relieve' is not defined
ERROR in Agent H_22 process_reward at tick 65: name 'cells_to_relieve' is not defined
Traceback (most recent call last):
  File "/home/user/DisasterAI/DisasterAI_Model.py", line 1315, in process_reward
    for cell in cells_to_relieve:
                ^^^^^^^^^^^^^^^^
NameError: name 'cells_to_relieve' is not defined
ERROR in Agent H_46 process_reward at tick 65: name 'cells_to_relieve' is not defined
Traceback (most recent call last):
  File "/home/user/DisasterAI/DisasterAI_Model.py", line 1315, in process_reward
    for cell in cells_to_relieve:
                ^^^^^^^^^^^^^^^^
NameError: name 'cells_to_relieve' is not defined
ERROR in Agent H_0 process_reward at tick 65: name 'cells_to_relieve' is not defined
Traceback (most recent call last):
  File "/home/user/DisasterAI/DisasterAI_Model.py", line 1315, in process_reward
    for cell in cells_to_relieve:
                ^^^^^^^^^^^^^^^^
NameError: name 'cells_to_relieve' is not defined
ERROR in Agent H_31 process_reward at tick 65: name 'cells_to_relieve' is not defined
Traceback (most recent call last):
  File "/home/user/DisasterAI/DisasterAI_Model.py", line 1315, in process_reward
    for cell in cells_to_relieve:
                ^^^^^^^^^^^^^^^^
NameError: name 'cells_to_relieve' is not defined

DEBUG: Starting AECI variance calculation at tick 65
  Found 0/50 AI-reliant agents
  Global belief variance: 0.0519
  WARNING: Invalid global variance (0.0518549375) or no AI-reliant agents
  Returning AECI variance tuple: (65, 0.0)
  Current aeci_variance_data length: 65
  Last 3 entries: [(63, 0.0), (64, 0.0), (65, 0.0)]
ERROR in Agent H_32 process_reward at tick 66: name 'cells_to_relieve' is not defined
Traceback (most recent call last):
  File "/home/user/DisasterAI/DisasterAI_Model.py", line 1315, in process_reward
    for cell in cells_to_relieve:
                ^^^^^^^^^^^^^^^^
NameError: name 'cells_to_relieve' is not defined
ERROR in Agent H_20 process_reward at tick 66: name 'cells_to_relieve' is not defined
Traceback (most recent call last):
  File "/home/user/DisasterAI/DisasterAI_Model.py", line 1315, in process_reward
    for cell in cells_to_relieve:
                ^^^^^^^^^^^^^^^^
NameError: name 'cells_to_relieve' is not defined
ERROR in Agent H_18 process_reward at tick 66: name 'cells_to_relieve' is not defined
Traceback (most recent call last):
  File "/home/user/DisasterAI/DisasterAI_Model.py", line 1315, in process_reward
    for cell in cells_to_relieve:
                ^^^^^^^^^^^^^^^^
NameError: name 'cells_to_relieve' is not defined
ERROR in Agent H_14 process_reward at tick 66: name 'cells_to_relieve' is not defined
Traceback (most recent call last):
  File "/home/user/DisasterAI/DisasterAI_Model.py", line 1315, in process_reward
    for cell in cells_to_relieve:
                ^^^^^^^^^^^^^^^^
NameError: name 'cells_to_relieve' is not defined
ERROR in Agent H_46 process_reward at tick 66: name 'cells_to_relieve' is not defined
Traceback (most recent call last):
  File "/home/user/DisasterAI/DisasterAI_Model.py", line 1315, in process_reward
    for cell in cells_to_relieve:
                ^^^^^^^^^^^^^^^^
NameError: name 'cells_to_relieve' is not defined
ERROR in Agent H_10 process_reward at tick 66: name 'cells_to_relieve' is not defined
Traceback (most recent call last):
  File "/home/user/DisasterAI/DisasterAI_Model.py", line 1315, in process_reward
    for cell in cells_to_relieve:
                ^^^^^^^^^^^^^^^^
NameError: name 'cells_to_relieve' is not defined
ERROR in Agent H_23 process_reward at tick 66: name 'cells_to_relieve' is not defined
Traceback (most recent call last):
  File "/home/user/DisasterAI/DisasterAI_Model.py", line 1315, in process_reward
    for cell in cells_to_relieve:
                ^^^^^^^^^^^^^^^^
NameError: name 'cells_to_relieve' is not defined
ERROR in Agent H_16 process_reward at tick 66: name 'cells_to_relieve' is not defined
Traceback (most recent call last):
  File "/home/user/DisasterAI/DisasterAI_Model.py", line 1315, in process_reward
    for cell in cells_to_relieve:
                ^^^^^^^^^^^^^^^^
NameError: name 'cells_to_relieve' is not defined
ERROR in Agent H_6 process_reward at tick 66: name 'cells_to_relieve' is not defined
Traceback (most recent call last):
  File "/home/user/DisasterAI/DisasterAI_Model.py", line 1315, in process_reward
    for cell in cells_to_relieve:
                ^^^^^^^^^^^^^^^^
NameError: name 'cells_to_relieve' is not defined
ERROR in Agent H_33 process_reward at tick 66: name 'cells_to_relieve' is not defined
Traceback (most recent call last):
  File "/home/user/DisasterAI/DisasterAI_Model.py", line 1315, in process_reward
    for cell in cells_to_relieve:
                ^^^^^^^^^^^^^^^^
NameError: name 'cells_to_relieve' is not defined
ERROR in Agent H_7 process_reward at tick 66: name 'cells_to_relieve' is not defined
Traceback (most recent call last):
  File "/home/user/DisasterAI/DisasterAI_Model.py", line 1315, in process_reward
    for cell in cells_to_relieve:
                ^^^^^^^^^^^^^^^^
NameError: name 'cells_to_relieve' is not defined
ERROR in Agent H_29 process_reward at tick 66: name 'cells_to_relieve' is not defined
Traceback (most recent call last):
  File "/home/user/DisasterAI/DisasterAI_Model.py", line 1315, in process_reward
    for cell in cells_to_relieve:
                ^^^^^^^^^^^^^^^^
NameError: name 'cells_to_relieve' is not defined
ERROR in Agent H_44 process_reward at tick 66: name 'cells_to_relieve' is not defined
Traceback (most recent call last):
  File "/home/user/DisasterAI/DisasterAI_Model.py", line 1315, in process_reward
    for cell in cells_to_relieve:
                ^^^^^^^^^^^^^^^^
NameError: name 'cells_to_relieve' is not defined
ERROR in Agent H_40 process_reward at tick 66: name 'cells_to_relieve' is not defined
Traceback (most recent call last):
  File "/home/user/DisasterAI/DisasterAI_Model.py", line 1315, in process_reward
    for cell in cells_to_relieve:
                ^^^^^^^^^^^^^^^^
NameError: name 'cells_to_relieve' is not defined
ERROR in Agent H_39 process_reward at tick 66: name 'cells_to_relieve' is not defined
Traceback (most recent call last):
  File "/home/user/DisasterAI/DisasterAI_Model.py", line 1315, in process_reward
    for cell in cells_to_relieve:
                ^^^^^^^^^^^^^^^^
NameError: name 'cells_to_relieve' is not defined
ERROR in Agent H_25 process_reward at tick 66: name 'cells_to_relieve' is not defined
Traceback (most recent call last):
  File "/home/user/DisasterAI/DisasterAI_Model.py", line 1315, in process_reward
    for cell in cells_to_relieve:
                ^^^^^^^^^^^^^^^^
NameError: name 'cells_to_relieve' is not defined
ERROR in Agent H_0 process_reward at tick 66: name 'cells_to_relieve' is not defined
Traceback (most recent call last):
  File "/home/user/DisasterAI/DisasterAI_Model.py", line 1315, in process_reward
    for cell in cells_to_relieve:
                ^^^^^^^^^^^^^^^^
NameError: name 'cells_to_relieve' is not defined
ERROR in Agent H_9 process_reward at tick 66: name 'cells_to_relieve' is not defined
Traceback (most recent call last):
  File "/home/user/DisasterAI/DisasterAI_Model.py", line 1315, in process_reward
    for cell in cells_to_relieve:
                ^^^^^^^^^^^^^^^^
NameError: name 'cells_to_relieve' is not defined
ERROR in Agent H_35 process_reward at tick 66: name 'cells_to_relieve' is not defined
Traceback (most recent call last):
  File "/home/user/DisasterAI/DisasterAI_Model.py", line 1315, in process_reward
    for cell in cells_to_relieve:
                ^^^^^^^^^^^^^^^^
NameError: name 'cells_to_relieve' is not defined
ERROR in Agent H_45 process_reward at tick 66: name 'cells_to_relieve' is not defined
Traceback (most recent call last):
  File "/home/user/DisasterAI/DisasterAI_Model.py", line 1315, in process_reward
    for cell in cells_to_relieve:
                ^^^^^^^^^^^^^^^^
NameError: name 'cells_to_relieve' is not defined
ERROR in Agent H_38 process_reward at tick 66: name 'cells_to_relieve' is not defined
Traceback (most recent call last):
  File "/home/user/DisasterAI/DisasterAI_Model.py", line 1315, in process_reward
    for cell in cells_to_relieve:
                ^^^^^^^^^^^^^^^^
NameError: name 'cells_to_relieve' is not defined
ERROR in Agent H_27 process_reward at tick 66: name 'cells_to_relieve' is not defined
Traceback (most recent call last):
  File "/home/user/DisasterAI/DisasterAI_Model.py", line 1315, in process_reward
    for cell in cells_to_relieve:
                ^^^^^^^^^^^^^^^^
NameError: name 'cells_to_relieve' is not defined
ERROR in Agent H_12 process_reward at tick 66: name 'cells_to_relieve' is not defined
Traceback (most recent call last):
  File "/home/user/DisasterAI/DisasterAI_Model.py", line 1315, in process_reward
    for cell in cells_to_relieve:
                ^^^^^^^^^^^^^^^^
NameError: name 'cells_to_relieve' is not defined
ERROR in Agent H_3 process_reward at tick 66: name 'cells_to_relieve' is not defined
Traceback (most recent call last):
  File "/home/user/DisasterAI/DisasterAI_Model.py", line 1315, in process_reward
    for cell in cells_to_relieve:
                ^^^^^^^^^^^^^^^^
NameError: name 'cells_to_relieve' is not defined
ERROR in Agent H_36 process_reward at tick 66: name 'cells_to_relieve' is not defined
Traceback (most recent call last):
  File "/home/user/DisasterAI/DisasterAI_Model.py", line 1315, in process_reward
    for cell in cells_to_relieve:
                ^^^^^^^^^^^^^^^^
NameError: name 'cells_to_relieve' is not defined
ERROR in Agent H_19 process_reward at tick 66: name 'cells_to_relieve' is not defined
Traceback (most recent call last):
  File "/home/user/DisasterAI/DisasterAI_Model.py", line 1315, in process_reward
    for cell in cells_to_relieve:
                ^^^^^^^^^^^^^^^^
NameError: name 'cells_to_relieve' is not defined
ERROR in Agent H_11 process_reward at tick 66: name 'cells_to_relieve' is not defined
Traceback (most recent call last):
  File "/home/user/DisasterAI/DisasterAI_Model.py", line 1315, in process_reward
    for cell in cells_to_relieve:
                ^^^^^^^^^^^^^^^^
NameError: name 'cells_to_relieve' is not defined
ERROR in Agent H_2 process_reward at tick 66: name 'cells_to_relieve' is not defined
Traceback (most recent call last):
  File "/home/user/DisasterAI/DisasterAI_Model.py", line 1315, in process_reward
    for cell in cells_to_relieve:
                ^^^^^^^^^^^^^^^^
NameError: name 'cells_to_relieve' is not defined
ERROR in Agent H_47 process_reward at tick 66: name 'cells_to_relieve' is not defined
Traceback (most recent call last):
  File "/home/user/DisasterAI/DisasterAI_Model.py", line 1315, in process_reward
    for cell in cells_to_relieve:
                ^^^^^^^^^^^^^^^^
NameError: name 'cells_to_relieve' is not defined
ERROR in Agent H_42 process_reward at tick 66: name 'cells_to_relieve' is not defined
Traceback (most recent call last):
  File "/home/user/DisasterAI/DisasterAI_Model.py", line 1315, in process_reward
    for cell in cells_to_relieve:
                ^^^^^^^^^^^^^^^^
NameError: name 'cells_to_relieve' is not defined
ERROR in Agent H_37 process_reward at tick 66: name 'cells_to_relieve' is not defined
Traceback (most recent call last):
  File "/home/user/DisasterAI/DisasterAI_Model.py", line 1315, in process_reward
    for cell in cells_to_relieve:
                ^^^^^^^^^^^^^^^^
NameError: name 'cells_to_relieve' is not defined
ERROR in Agent H_1 process_reward at tick 66: name 'cells_to_relieve' is not defined
Traceback (most recent call last):
  File "/home/user/DisasterAI/DisasterAI_Model.py", line 1315, in process_reward
    for cell in cells_to_relieve:
                ^^^^^^^^^^^^^^^^
NameError: name 'cells_to_relieve' is not defined
ERROR in Agent H_31 process_reward at tick 66: name 'cells_to_relieve' is not defined
Traceback (most recent call last):
  File "/home/user/DisasterAI/DisasterAI_Model.py", line 1315, in process_reward
    for cell in cells_to_relieve:
                ^^^^^^^^^^^^^^^^
NameError: name 'cells_to_relieve' is not defined
ERROR in Agent H_43 process_reward at tick 66: name 'cells_to_relieve' is not defined
Traceback (most recent call last):
  File "/home/user/DisasterAI/DisasterAI_Model.py", line 1315, in process_reward
    for cell in cells_to_relieve:
                ^^^^^^^^^^^^^^^^
NameError: name 'cells_to_relieve' is not defined
ERROR in Agent H_13 process_reward at tick 67: name 'cells_to_relieve' is not defined
Traceback (most recent call last):
  File "/home/user/DisasterAI/DisasterAI_Model.py", line 1315, in process_reward
    for cell in cells_to_relieve:
                ^^^^^^^^^^^^^^^^
NameError: name 'cells_to_relieve' is not defined
ERROR in Agent H_24 process_reward at tick 67: name 'cells_to_relieve' is not defined
Traceback (most recent call last):
  File "/home/user/DisasterAI/DisasterAI_Model.py", line 1315, in process_reward
    for cell in cells_to_relieve:
                ^^^^^^^^^^^^^^^^
NameError: name 'cells_to_relieve' is not defined
ERROR in Agent H_10 process_reward at tick 67: name 'cells_to_relieve' is not defined
Traceback (most recent call last):
  File "/home/user/DisasterAI/DisasterAI_Model.py", line 1315, in process_reward
    for cell in cells_to_relieve:
                ^^^^^^^^^^^^^^^^
NameError: name 'cells_to_relieve' is not defined
ERROR in Agent H_45 process_reward at tick 67: name 'cells_to_relieve' is not defined
Traceback (most recent call last):
  File "/home/user/DisasterAI/DisasterAI_Model.py", line 1315, in process_reward
    for cell in cells_to_relieve:
                ^^^^^^^^^^^^^^^^
NameError: name 'cells_to_relieve' is not defined
ERROR in Agent H_2 process_reward at tick 67: name 'cells_to_relieve' is not defined
Traceback (most recent call last):
  File "/home/user/DisasterAI/DisasterAI_Model.py", line 1315, in process_reward
    for cell in cells_to_relieve:
                ^^^^^^^^^^^^^^^^
NameError: name 'cells_to_relieve' is not defined
ERROR in Agent H_6 process_reward at tick 67: name 'cells_to_relieve' is not defined
Traceback (most recent call last):
  File "/home/user/DisasterAI/DisasterAI_Model.py", line 1315, in process_reward
    for cell in cells_to_relieve:
                ^^^^^^^^^^^^^^^^
NameError: name 'cells_to_relieve' is not defined
ERROR in Agent H_26 process_reward at tick 67: name 'cells_to_relieve' is not defined
Traceback (most recent call last):
  File "/home/user/DisasterAI/DisasterAI_Model.py", line 1315, in process_reward
    for cell in cells_to_relieve:
                ^^^^^^^^^^^^^^^^
NameError: name 'cells_to_relieve' is not defined
ERROR in Agent H_44 process_reward at tick 67: name 'cells_to_relieve' is not defined
Traceback (most recent call last):
  File "/home/user/DisasterAI/DisasterAI_Model.py", line 1315, in process_reward
    for cell in cells_to_relieve:
                ^^^^^^^^^^^^^^^^
NameError: name 'cells_to_relieve' is not defined
ERROR in Agent H_38 process_reward at tick 67: name 'cells_to_relieve' is not defined
Traceback (most recent call last):
  File "/home/user/DisasterAI/DisasterAI_Model.py", line 1315, in process_reward
    for cell in cells_to_relieve:
                ^^^^^^^^^^^^^^^^
NameError: name 'cells_to_relieve' is not defined
ERROR in Agent H_16 process_reward at tick 67: name 'cells_to_relieve' is not defined
Traceback (most recent call last):
  File "/home/user/DisasterAI/DisasterAI_Model.py", line 1315, in process_reward
    for cell in cells_to_relieve:
                ^^^^^^^^^^^^^^^^
NameError: name 'cells_to_relieve' is not defined
ERROR in Agent H_25 process_reward at tick 67: name 'cells_to_relieve' is not defined
Traceback (most recent call last):
  File "/home/user/DisasterAI/DisasterAI_Model.py", line 1315, in process_reward
    for cell in cells_to_relieve:
                ^^^^^^^^^^^^^^^^
NameError: name 'cells_to_relieve' is not defined
ERROR in Agent H_43 process_reward at tick 67: name 'cells_to_relieve' is not defined
Traceback (most recent call last):
  File "/home/user/DisasterAI/DisasterAI_Model.py", line 1315, in process_reward
    for cell in cells_to_relieve:
                ^^^^^^^^^^^^^^^^
NameError: name 'cells_to_relieve' is not defined
ERROR in Agent H_42 process_reward at tick 67: name 'cells_to_relieve' is not defined
Traceback (most recent call last):
  File "/home/user/DisasterAI/DisasterAI_Model.py", line 1315, in process_reward
    for cell in cells_to_relieve:
                ^^^^^^^^^^^^^^^^
NameError: name 'cells_to_relieve' is not defined
ERROR in Agent H_41 process_reward at tick 67: name 'cells_to_relieve' is not defined
Traceback (most recent call last):
  File "/home/user/DisasterAI/DisasterAI_Model.py", line 1315, in process_reward
    for cell in cells_to_relieve:
                ^^^^^^^^^^^^^^^^
NameError: name 'cells_to_relieve' is not defined
ERROR in Agent H_11 process_reward at tick 67: name 'cells_to_relieve' is not defined
Traceback (most recent call last):
  File "/home/user/DisasterAI/DisasterAI_Model.py", line 1315, in process_reward
    for cell in cells_to_relieve:
                ^^^^^^^^^^^^^^^^
NameError: name 'cells_to_relieve' is not defined
ERROR in Agent H_32 process_reward at tick 67: name 'cells_to_relieve' is not defined
Traceback (most recent call last):
  File "/home/user/DisasterAI/DisasterAI_Model.py", line 1315, in process_reward
    for cell in cells_to_relieve:
                ^^^^^^^^^^^^^^^^
NameError: name 'cells_to_relieve' is not defined
ERROR in Agent H_7 process_reward at tick 67: name 'cells_to_relieve' is not defined
Traceback (most recent call last):
  File "/home/user/DisasterAI/DisasterAI_Model.py", line 1315, in process_reward
    for cell in cells_to_relieve:
                ^^^^^^^^^^^^^^^^
NameError: name 'cells_to_relieve' is not defined
ERROR in Agent H_29 process_reward at tick 67: name 'cells_to_relieve' is not defined
Traceback (most recent call last):
  File "/home/user/DisasterAI/DisasterAI_Model.py", line 1315, in process_reward
    for cell in cells_to_relieve:
                ^^^^^^^^^^^^^^^^
NameError: name 'cells_to_relieve' is not defined
ERROR in Agent H_47 process_reward at tick 67: name 'cells_to_relieve' is not defined
Traceback (most recent call last):
  File "/home/user/DisasterAI/DisasterAI_Model.py", line 1315, in process_reward
    for cell in cells_to_relieve:
                ^^^^^^^^^^^^^^^^
NameError: name 'cells_to_relieve' is not defined
ERROR in Agent H_12 process_reward at tick 67: name 'cells_to_relieve' is not defined
Traceback (most recent call last):
  File "/home/user/DisasterAI/DisasterAI_Model.py", line 1315, in process_reward
    for cell in cells_to_relieve:
                ^^^^^^^^^^^^^^^^
NameError: name 'cells_to_relieve' is not defined
ERROR in Agent H_17 process_reward at tick 67: name 'cells_to_relieve' is not defined
Traceback (most recent call last):
  File "/home/user/DisasterAI/DisasterAI_Model.py", line 1315, in process_reward
    for cell in cells_to_relieve:
                ^^^^^^^^^^^^^^^^
NameError: name 'cells_to_relieve' is not defined
ERROR in Agent H_19 process_reward at tick 67: name 'cells_to_relieve' is not defined
Traceback (most recent call last):
  File "/home/user/DisasterAI/DisasterAI_Model.py", line 1315, in process_reward
    for cell in cells_to_relieve:
                ^^^^^^^^^^^^^^^^
NameError: name 'cells_to_relieve' is not defined
ERROR in Agent H_5 process_reward at tick 67: name 'cells_to_relieve' is not defined
Traceback (most recent call last):
  File "/home/user/DisasterAI/DisasterAI_Model.py", line 1315, in process_reward
    for cell in cells_to_relieve:
                ^^^^^^^^^^^^^^^^
NameError: name 'cells_to_relieve' is not defined
ERROR in Agent H_39 process_reward at tick 67: name 'cells_to_relieve' is not defined
Traceback (most recent call last):
  File "/home/user/DisasterAI/DisasterAI_Model.py", line 1315, in process_reward
    for cell in cells_to_relieve:
                ^^^^^^^^^^^^^^^^
NameError: name 'cells_to_relieve' is not defined
ERROR in Agent H_21 process_reward at tick 67: name 'cells_to_relieve' is not defined
Traceback (most recent call last):
  File "/home/user/DisasterAI/DisasterAI_Model.py", line 1315, in process_reward
    for cell in cells_to_relieve:
                ^^^^^^^^^^^^^^^^
NameError: name 'cells_to_relieve' is not defined
ERROR in Agent H_49 process_reward at tick 67: name 'cells_to_relieve' is not defined
Traceback (most recent call last):
  File "/home/user/DisasterAI/DisasterAI_Model.py", line 1315, in process_reward
    for cell in cells_to_relieve:
                ^^^^^^^^^^^^^^^^
NameError: name 'cells_to_relieve' is not defined
ERROR in Agent H_31 process_reward at tick 67: name 'cells_to_relieve' is not defined
Traceback (most recent call last):
  File "/home/user/DisasterAI/DisasterAI_Model.py", line 1315, in process_reward
    for cell in cells_to_relieve:
                ^^^^^^^^^^^^^^^^
NameError: name 'cells_to_relieve' is not defined
ERROR in Agent H_15 process_reward at tick 67: name 'cells_to_relieve' is not defined
Traceback (most recent call last):
  File "/home/user/DisasterAI/DisasterAI_Model.py", line 1315, in process_reward
    for cell in cells_to_relieve:
                ^^^^^^^^^^^^^^^^
NameError: name 'cells_to_relieve' is not defined
ERROR in Agent H_30 process_reward at tick 67: name 'cells_to_relieve' is not defined
Traceback (most recent call last):
  File "/home/user/DisasterAI/DisasterAI_Model.py", line 1315, in process_reward
    for cell in cells_to_relieve:
                ^^^^^^^^^^^^^^^^
NameError: name 'cells_to_relieve' is not defined
ERROR in Agent H_27 process_reward at tick 67: name 'cells_to_relieve' is not defined
Traceback (most recent call last):
  File "/home/user/DisasterAI/DisasterAI_Model.py", line 1315, in process_reward
    for cell in cells_to_relieve:
                ^^^^^^^^^^^^^^^^
NameError: name 'cells_to_relieve' is not defined
ERROR in Agent H_23 process_reward at tick 67: name 'cells_to_relieve' is not defined
Traceback (most recent call last):
  File "/home/user/DisasterAI/DisasterAI_Model.py", line 1315, in process_reward
    for cell in cells_to_relieve:
                ^^^^^^^^^^^^^^^^
NameError: name 'cells_to_relieve' is not defined
ERROR in Agent H_0 process_reward at tick 67: name 'cells_to_relieve' is not defined
Traceback (most recent call last):
  File "/home/user/DisasterAI/DisasterAI_Model.py", line 1315, in process_reward
    for cell in cells_to_relieve:
                ^^^^^^^^^^^^^^^^
NameError: name 'cells_to_relieve' is not defined
ERROR in Agent H_14 process_reward at tick 67: name 'cells_to_relieve' is not defined
Traceback (most recent call last):
  File "/home/user/DisasterAI/DisasterAI_Model.py", line 1315, in process_reward
    for cell in cells_to_relieve:
                ^^^^^^^^^^^^^^^^
NameError: name 'cells_to_relieve' is not defined
ERROR in Agent H_22 process_reward at tick 67: name 'cells_to_relieve' is not defined
Traceback (most recent call last):
  File "/home/user/DisasterAI/DisasterAI_Model.py", line 1315, in process_reward
    for cell in cells_to_relieve:
                ^^^^^^^^^^^^^^^^
NameError: name 'cells_to_relieve' is not defined
ERROR in Agent H_1 process_reward at tick 67: name 'cells_to_relieve' is not defined
Traceback (most recent call last):
  File "/home/user/DisasterAI/DisasterAI_Model.py", line 1315, in process_reward
    for cell in cells_to_relieve:
                ^^^^^^^^^^^^^^^^
NameError: name 'cells_to_relieve' is not defined
ERROR in Agent H_21 process_reward at tick 68: name 'cells_to_relieve' is not defined
Traceback (most recent call last):
  File "/home/user/DisasterAI/DisasterAI_Model.py", line 1315, in process_reward
    for cell in cells_to_relieve:
                ^^^^^^^^^^^^^^^^
NameError: name 'cells_to_relieve' is not defined
ERROR in Agent H_43 process_reward at tick 68: name 'cells_to_relieve' is not defined
Traceback (most recent call last):
  File "/home/user/DisasterAI/DisasterAI_Model.py", line 1315, in process_reward
    for cell in cells_to_relieve:
                ^^^^^^^^^^^^^^^^
NameError: name 'cells_to_relieve' is not defined
ERROR in Agent H_40 process_reward at tick 68: name 'cells_to_relieve' is not defined
Traceback (most recent call last):
  File "/home/user/DisasterAI/DisasterAI_Model.py", line 1315, in process_reward
    for cell in cells_to_relieve:
                ^^^^^^^^^^^^^^^^
NameError: name 'cells_to_relieve' is not defined
ERROR in Agent H_14 process_reward at tick 68: name 'cells_to_relieve' is not defined
Traceback (most recent call last):
  File "/home/user/DisasterAI/DisasterAI_Model.py", line 1315, in process_reward
    for cell in cells_to_relieve:
                ^^^^^^^^^^^^^^^^
NameError: name 'cells_to_relieve' is not defined
ERROR in Agent H_38 process_reward at tick 68: name 'cells_to_relieve' is not defined
Traceback (most recent call last):
  File "/home/user/DisasterAI/DisasterAI_Model.py", line 1315, in process_reward
    for cell in cells_to_relieve:
                ^^^^^^^^^^^^^^^^
NameError: name 'cells_to_relieve' is not defined
ERROR in Agent H_47 process_reward at tick 68: name 'cells_to_relieve' is not defined
Traceback (most recent call last):
  File "/home/user/DisasterAI/DisasterAI_Model.py", line 1315, in process_reward
    for cell in cells_to_relieve:
                ^^^^^^^^^^^^^^^^
NameError: name 'cells_to_relieve' is not defined
ERROR in Agent H_16 process_reward at tick 68: name 'cells_to_relieve' is not defined
Traceback (most recent call last):
  File "/home/user/DisasterAI/DisasterAI_Model.py", line 1315, in process_reward
    for cell in cells_to_relieve:
                ^^^^^^^^^^^^^^^^
NameError: name 'cells_to_relieve' is not defined
ERROR in Agent H_9 process_reward at tick 68: name 'cells_to_relieve' is not defined
Traceback (most recent call last):
  File "/home/user/DisasterAI/DisasterAI_Model.py", line 1315, in process_reward
    for cell in cells_to_relieve:
                ^^^^^^^^^^^^^^^^
NameError: name 'cells_to_relieve' is not defined
ERROR in Agent H_45 process_reward at tick 68: name 'cells_to_relieve' is not defined
Traceback (most recent call last):
  File "/home/user/DisasterAI/DisasterAI_Model.py", line 1315, in process_reward
    for cell in cells_to_relieve:
                ^^^^^^^^^^^^^^^^
NameError: name 'cells_to_relieve' is not defined
ERROR in Agent H_35 process_reward at tick 68: name 'cells_to_relieve' is not defined
Traceback (most recent call last):
  File "/home/user/DisasterAI/DisasterAI_Model.py", line 1315, in process_reward
    for cell in cells_to_relieve:
                ^^^^^^^^^^^^^^^^
NameError: name 'cells_to_relieve' is not defined
ERROR in Agent H_6 process_reward at tick 68: name 'cells_to_relieve' is not defined
Traceback (most recent call last):
  File "/home/user/DisasterAI/DisasterAI_Model.py", line 1315, in process_reward
    for cell in cells_to_relieve:
                ^^^^^^^^^^^^^^^^
NameError: name 'cells_to_relieve' is not defined
ERROR in Agent H_8 process_reward at tick 68: name 'cells_to_relieve' is not defined
Traceback (most recent call last):
  File "/home/user/DisasterAI/DisasterAI_Model.py", line 1315, in process_reward
    for cell in cells_to_relieve:
                ^^^^^^^^^^^^^^^^
NameError: name 'cells_to_relieve' is not defined
ERROR in Agent H_19 process_reward at tick 68: name 'cells_to_relieve' is not defined
Traceback (most recent call last):
  File "/home/user/DisasterAI/DisasterAI_Model.py", line 1315, in process_reward
    for cell in cells_to_relieve:
                ^^^^^^^^^^^^^^^^
NameError: name 'cells_to_relieve' is not defined
ERROR in Agent H_10 process_reward at tick 68: name 'cells_to_relieve' is not defined
Traceback (most recent call last):
  File "/home/user/DisasterAI/DisasterAI_Model.py", line 1315, in process_reward
    for cell in cells_to_relieve:
                ^^^^^^^^^^^^^^^^
NameError: name 'cells_to_relieve' is not defined
ERROR in Agent H_44 process_reward at tick 68: name 'cells_to_relieve' is not defined
Traceback (most recent call last):
  File "/home/user/DisasterAI/DisasterAI_Model.py", line 1315, in process_reward
    for cell in cells_to_relieve:
                ^^^^^^^^^^^^^^^^
NameError: name 'cells_to_relieve' is not defined
ERROR in Agent H_36 process_reward at tick 68: name 'cells_to_relieve' is not defined
Traceback (most recent call last):
  File "/home/user/DisasterAI/DisasterAI_Model.py", line 1315, in process_reward
    for cell in cells_to_relieve:
                ^^^^^^^^^^^^^^^^
NameError: name 'cells_to_relieve' is not defined
ERROR in Agent H_49 process_reward at tick 68: name 'cells_to_relieve' is not defined
Traceback (most recent call last):
  File "/home/user/DisasterAI/DisasterAI_Model.py", line 1315, in process_reward
    for cell in cells_to_relieve:
                ^^^^^^^^^^^^^^^^
NameError: name 'cells_to_relieve' is not defined
ERROR in Agent H_5 process_reward at tick 68: name 'cells_to_relieve' is not defined
Traceback (most recent call last):
  File "/home/user/DisasterAI/DisasterAI_Model.py", line 1315, in process_reward
    for cell in cells_to_relieve:
                ^^^^^^^^^^^^^^^^
NameError: name 'cells_to_relieve' is not defined
ERROR in Agent H_2 process_reward at tick 68: name 'cells_to_relieve' is not defined
Traceback (most recent call last):
  File "/home/user/DisasterAI/DisasterAI_Model.py", line 1315, in process_reward
    for cell in cells_to_relieve:
                ^^^^^^^^^^^^^^^^
NameError: name 'cells_to_relieve' is not defined
ERROR in Agent H_31 process_reward at tick 68: name 'cells_to_relieve' is not defined
Traceback (most recent call last):
  File "/home/user/DisasterAI/DisasterAI_Model.py", line 1315, in process_reward
    for cell in cells_to_relieve:
                ^^^^^^^^^^^^^^^^
NameError: name 'cells_to_relieve' is not defined
ERROR in Agent H_13 process_reward at tick 68: name 'cells_to_relieve' is not defined
Traceback (most recent call last):
  File "/home/user/DisasterAI/DisasterAI_Model.py", line 1315, in process_reward
    for cell in cells_to_relieve:
                ^^^^^^^^^^^^^^^^
NameError: name 'cells_to_relieve' is not defined
ERROR in Agent H_20 process_reward at tick 68: name 'cells_to_relieve' is not defined
Traceback (most recent call last):
  File "/home/user/DisasterAI/DisasterAI_Model.py", line 1315, in process_reward
    for cell in cells_to_relieve:
                ^^^^^^^^^^^^^^^^
NameError: name 'cells_to_relieve' is not defined
ERROR in Agent H_26 process_reward at tick 68: name 'cells_to_relieve' is not defined
Traceback (most recent call last):
  File "/home/user/DisasterAI/DisasterAI_Model.py", line 1315, in process_reward
    for cell in cells_to_relieve:
                ^^^^^^^^^^^^^^^^
NameError: name 'cells_to_relieve' is not defined
ERROR in Agent H_28 process_reward at tick 68: name 'cells_to_relieve' is not defined
Traceback (most recent call last):
  File "/home/user/DisasterAI/DisasterAI_Model.py", line 1315, in process_reward
    for cell in cells_to_relieve:
                ^^^^^^^^^^^^^^^^
NameError: name 'cells_to_relieve' is not defined
ERROR in Agent H_46 process_reward at tick 68: name 'cells_to_relieve' is not defined
Traceback (most recent call last):
  File "/home/user/DisasterAI/DisasterAI_Model.py", line 1315, in process_reward
    for cell in cells_to_relieve:
                ^^^^^^^^^^^^^^^^
NameError: name 'cells_to_relieve' is not defined
ERROR in Agent H_24 process_reward at tick 68: name 'cells_to_relieve' is not defined
Traceback (most recent call last):
  File "/home/user/DisasterAI/DisasterAI_Model.py", line 1315, in process_reward
    for cell in cells_to_relieve:
                ^^^^^^^^^^^^^^^^
NameError: name 'cells_to_relieve' is not defined
ERROR in Agent H_34 process_reward at tick 68: name 'cells_to_relieve' is not defined
Traceback (most recent call last):
  File "/home/user/DisasterAI/DisasterAI_Model.py", line 1315, in process_reward
    for cell in cells_to_relieve:
                ^^^^^^^^^^^^^^^^
NameError: name 'cells_to_relieve' is not defined
ERROR in Agent H_3 process_reward at tick 68: name 'cells_to_relieve' is not defined
Traceback (most recent call last):
  File "/home/user/DisasterAI/DisasterAI_Model.py", line 1315, in process_reward
    for cell in cells_to_relieve:
                ^^^^^^^^^^^^^^^^
NameError: name 'cells_to_relieve' is not defined
ERROR in Agent H_12 process_reward at tick 68: name 'cells_to_relieve' is not defined
Traceback (most recent call last):
  File "/home/user/DisasterAI/DisasterAI_Model.py", line 1315, in process_reward
    for cell in cells_to_relieve:
                ^^^^^^^^^^^^^^^^
NameError: name 'cells_to_relieve' is not defined
ERROR in Agent H_27 process_reward at tick 68: name 'cells_to_relieve' is not defined
Traceback (most recent call last):
  File "/home/user/DisasterAI/DisasterAI_Model.py", line 1315, in process_reward
    for cell in cells_to_relieve:
                ^^^^^^^^^^^^^^^^
NameError: name 'cells_to_relieve' is not defined
ERROR in Agent H_7 process_reward at tick 68: name 'cells_to_relieve' is not defined
Traceback (most recent call last):
  File "/home/user/DisasterAI/DisasterAI_Model.py", line 1315, in process_reward
    for cell in cells_to_relieve:
                ^^^^^^^^^^^^^^^^
NameError: name 'cells_to_relieve' is not defined
ERROR in Agent H_15 process_reward at tick 68: name 'cells_to_relieve' is not defined
Traceback (most recent call last):
  File "/home/user/DisasterAI/DisasterAI_Model.py", line 1315, in process_reward
    for cell in cells_to_relieve:
                ^^^^^^^^^^^^^^^^
NameError: name 'cells_to_relieve' is not defined
ERROR in Agent H_27 process_reward at tick 69: name 'cells_to_relieve' is not defined
Traceback (most recent call last):
  File "/home/user/DisasterAI/DisasterAI_Model.py", line 1315, in process_reward
    for cell in cells_to_relieve:
                ^^^^^^^^^^^^^^^^
NameError: name 'cells_to_relieve' is not defined
ERROR in Agent H_22 process_reward at tick 69: name 'cells_to_relieve' is not defined
Traceback (most recent call last):
  File "/home/user/DisasterAI/DisasterAI_Model.py", line 1315, in process_reward
    for cell in cells_to_relieve:
                ^^^^^^^^^^^^^^^^
NameError: name 'cells_to_relieve' is not defined
ERROR in Agent H_2 process_reward at tick 69: name 'cells_to_relieve' is not defined
Traceback (most recent call last):
  File "/home/user/DisasterAI/DisasterAI_Model.py", line 1315, in process_reward
    for cell in cells_to_relieve:
                ^^^^^^^^^^^^^^^^
NameError: name 'cells_to_relieve' is not defined
ERROR in Agent H_20 process_reward at tick 69: name 'cells_to_relieve' is not defined
Traceback (most recent call last):
  File "/home/user/DisasterAI/DisasterAI_Model.py", line 1315, in process_reward
    for cell in cells_to_relieve:
                ^^^^^^^^^^^^^^^^
NameError: name 'cells_to_relieve' is not defined
ERROR in Agent H_13 process_reward at tick 69: name 'cells_to_relieve' is not defined
Traceback (most recent call last):
  File "/home/user/DisasterAI/DisasterAI_Model.py", line 1315, in process_reward
    for cell in cells_to_relieve:
                ^^^^^^^^^^^^^^^^
NameError: name 'cells_to_relieve' is not defined
ERROR in Agent H_12 process_reward at tick 69: name 'cells_to_relieve' is not defined
Traceback (most recent call last):
  File "/home/user/DisasterAI/DisasterAI_Model.py", line 1315, in process_reward
    for cell in cells_to_relieve:
                ^^^^^^^^^^^^^^^^
NameError: name 'cells_to_relieve' is not defined
ERROR in Agent H_4 process_reward at tick 69: name 'cells_to_relieve' is not defined
Traceback (most recent call last):
  File "/home/user/DisasterAI/DisasterAI_Model.py", line 1315, in process_reward
    for cell in cells_to_relieve:
                ^^^^^^^^^^^^^^^^
NameError: name 'cells_to_relieve' is not defined
ERROR in Agent H_16 process_reward at tick 69: name 'cells_to_relieve' is not defined
Traceback (most recent call last):
  File "/home/user/DisasterAI/DisasterAI_Model.py", line 1315, in process_reward
    for cell in cells_to_relieve:
                ^^^^^^^^^^^^^^^^
NameError: name 'cells_to_relieve' is not defined
ERROR in Agent H_1 process_reward at tick 69: name 'cells_to_relieve' is not defined
Traceback (most recent call last):
  File "/home/user/DisasterAI/DisasterAI_Model.py", line 1315, in process_reward
    for cell in cells_to_relieve:
                ^^^^^^^^^^^^^^^^
NameError: name 'cells_to_relieve' is not defined
ERROR in Agent H_29 process_reward at tick 69: name 'cells_to_relieve' is not defined
Traceback (most recent call last):
  File "/home/user/DisasterAI/DisasterAI_Model.py", line 1315, in process_reward
    for cell in cells_to_relieve:
                ^^^^^^^^^^^^^^^^
NameError: name 'cells_to_relieve' is not defined
ERROR in Agent H_41 process_reward at tick 69: name 'cells_to_relieve' is not defined
Traceback (most recent call last):
  File "/home/user/DisasterAI/DisasterAI_Model.py", line 1315, in process_reward
    for cell in cells_to_relieve:
                ^^^^^^^^^^^^^^^^
NameError: name 'cells_to_relieve' is not defined
ERROR in Agent H_31 process_reward at tick 69: name 'cells_to_relieve' is not defined
Traceback (most recent call last):
  File "/home/user/DisasterAI/DisasterAI_Model.py", line 1315, in process_reward
    for cell in cells_to_relieve:
                ^^^^^^^^^^^^^^^^
NameError: name 'cells_to_relieve' is not defined
ERROR in Agent H_19 process_reward at tick 69: name 'cells_to_relieve' is not defined
Traceback (most recent call last):
  File "/home/user/DisasterAI/DisasterAI_Model.py", line 1315, in process_reward
    for cell in cells_to_relieve:
                ^^^^^^^^^^^^^^^^
NameError: name 'cells_to_relieve' is not defined
ERROR in Agent H_9 process_reward at tick 69: name 'cells_to_relieve' is not defined
Traceback (most recent call last):
  File "/home/user/DisasterAI/DisasterAI_Model.py", line 1315, in process_reward
    for cell in cells_to_relieve:
                ^^^^^^^^^^^^^^^^
NameError: name 'cells_to_relieve' is not defined
ERROR in Agent H_17 process_reward at tick 69: name 'cells_to_relieve' is not defined
Traceback (most recent call last):
  File "/home/user/DisasterAI/DisasterAI_Model.py", line 1315, in process_reward
    for cell in cells_to_relieve:
                ^^^^^^^^^^^^^^^^
NameError: name 'cells_to_relieve' is not defined
ERROR in Agent H_23 process_reward at tick 69: name 'cells_to_relieve' is not defined
Traceback (most recent call last):
  File "/home/user/DisasterAI/DisasterAI_Model.py", line 1315, in process_reward
    for cell in cells_to_relieve:
                ^^^^^^^^^^^^^^^^
NameError: name 'cells_to_relieve' is not defined
ERROR in Agent H_47 process_reward at tick 69: name 'cells_to_relieve' is not defined
Traceback (most recent call last):
  File "/home/user/DisasterAI/DisasterAI_Model.py", line 1315, in process_reward
    for cell in cells_to_relieve:
                ^^^^^^^^^^^^^^^^
NameError: name 'cells_to_relieve' is not defined
ERROR in Agent H_18 process_reward at tick 69: name 'cells_to_relieve' is not defined
Traceback (most recent call last):
  File "/home/user/DisasterAI/DisasterAI_Model.py", line 1315, in process_reward
    for cell in cells_to_relieve:
                ^^^^^^^^^^^^^^^^
NameError: name 'cells_to_relieve' is not defined
ERROR in Agent H_35 process_reward at tick 69: name 'cells_to_relieve' is not defined
Traceback (most recent call last):
  File "/home/user/DisasterAI/DisasterAI_Model.py", line 1315, in process_reward
    for cell in cells_to_relieve:
                ^^^^^^^^^^^^^^^^
NameError: name 'cells_to_relieve' is not defined
ERROR in Agent H_44 process_reward at tick 69: name 'cells_to_relieve' is not defined
Traceback (most recent call last):
  File "/home/user/DisasterAI/DisasterAI_Model.py", line 1315, in process_reward
    for cell in cells_to_relieve:
                ^^^^^^^^^^^^^^^^
NameError: name 'cells_to_relieve' is not defined
ERROR in Agent H_39 process_reward at tick 69: name 'cells_to_relieve' is not defined
Traceback (most recent call last):
  File "/home/user/DisasterAI/DisasterAI_Model.py", line 1315, in process_reward
    for cell in cells_to_relieve:
                ^^^^^^^^^^^^^^^^
NameError: name 'cells_to_relieve' is not defined
ERROR in Agent H_34 process_reward at tick 69: name 'cells_to_relieve' is not defined
Traceback (most recent call last):
  File "/home/user/DisasterAI/DisasterAI_Model.py", line 1315, in process_reward
    for cell in cells_to_relieve:
                ^^^^^^^^^^^^^^^^
NameError: name 'cells_to_relieve' is not defined
ERROR in Agent H_0 process_reward at tick 69: name 'cells_to_relieve' is not defined
Traceback (most recent call last):
  File "/home/user/DisasterAI/DisasterAI_Model.py", line 1315, in process_reward
    for cell in cells_to_relieve:
                ^^^^^^^^^^^^^^^^
NameError: name 'cells_to_relieve' is not defined
ERROR in Agent H_36 process_reward at tick 69: name 'cells_to_relieve' is not defined
Traceback (most recent call last):
  File "/home/user/DisasterAI/DisasterAI_Model.py", line 1315, in process_reward
    for cell in cells_to_relieve:
                ^^^^^^^^^^^^^^^^
NameError: name 'cells_to_relieve' is not defined
ERROR in Agent H_11 process_reward at tick 69: name 'cells_to_relieve' is not defined
Traceback (most recent call last):
  File "/home/user/DisasterAI/DisasterAI_Model.py", line 1315, in process_reward
    for cell in cells_to_relieve:
                ^^^^^^^^^^^^^^^^
NameError: name 'cells_to_relieve' is not defined
ERROR in Agent H_37 process_reward at tick 69: name 'cells_to_relieve' is not defined
Traceback (most recent call last):
  File "/home/user/DisasterAI/DisasterAI_Model.py", line 1315, in process_reward
    for cell in cells_to_relieve:
                ^^^^^^^^^^^^^^^^
NameError: name 'cells_to_relieve' is not defined
ERROR in Agent H_28 process_reward at tick 69: name 'cells_to_relieve' is not defined
Traceback (most recent call last):
  File "/home/user/DisasterAI/DisasterAI_Model.py", line 1315, in process_reward
    for cell in cells_to_relieve:
                ^^^^^^^^^^^^^^^^
NameError: name 'cells_to_relieve' is not defined
ERROR in Agent H_15 process_reward at tick 69: name 'cells_to_relieve' is not defined
Traceback (most recent call last):
  File "/home/user/DisasterAI/DisasterAI_Model.py", line 1315, in process_reward
    for cell in cells_to_relieve:
                ^^^^^^^^^^^^^^^^
NameError: name 'cells_to_relieve' is not defined
ERROR in Agent H_10 process_reward at tick 69: name 'cells_to_relieve' is not defined
Traceback (most recent call last):
  File "/home/user/DisasterAI/DisasterAI_Model.py", line 1315, in process_reward
    for cell in cells_to_relieve:
                ^^^^^^^^^^^^^^^^
NameError: name 'cells_to_relieve' is not defined
ERROR in Agent H_30 process_reward at tick 69: name 'cells_to_relieve' is not defined
Traceback (most recent call last):
  File "/home/user/DisasterAI/DisasterAI_Model.py", line 1315, in process_reward
    for cell in cells_to_relieve:
                ^^^^^^^^^^^^^^^^
NameError: name 'cells_to_relieve' is not defined
ERROR in Agent H_48 process_reward at tick 69: name 'cells_to_relieve' is not defined
Traceback (most recent call last):
  File "/home/user/DisasterAI/DisasterAI_Model.py", line 1315, in process_reward
    for cell in cells_to_relieve:
                ^^^^^^^^^^^^^^^^
NameError: name 'cells_to_relieve' is not defined
ERROR in Agent H_5 process_reward at tick 69: name 'cells_to_relieve' is not defined
Traceback (most recent call last):
  File "/home/user/DisasterAI/DisasterAI_Model.py", line 1315, in process_reward
    for cell in cells_to_relieve:
                ^^^^^^^^^^^^^^^^
NameError: name 'cells_to_relieve' is not defined
ERROR in Agent H_21 process_reward at tick 69: name 'cells_to_relieve' is not defined
Traceback (most recent call last):
  File "/home/user/DisasterAI/DisasterAI_Model.py", line 1315, in process_reward
    for cell in cells_to_relieve:
                ^^^^^^^^^^^^^^^^
NameError: name 'cells_to_relieve' is not defined
ERROR in Agent H_28 process_reward at tick 70: name 'cells_to_relieve' is not defined
Traceback (most recent call last):
  File "/home/user/DisasterAI/DisasterAI_Model.py", line 1315, in process_reward
    for cell in cells_to_relieve:
                ^^^^^^^^^^^^^^^^
NameError: name 'cells_to_relieve' is not defined
ERROR in Agent H_29 process_reward at tick 70: name 'cells_to_relieve' is not defined
Traceback (most recent call last):
  File "/home/user/DisasterAI/DisasterAI_Model.py", line 1315, in process_reward
    for cell in cells_to_relieve:
                ^^^^^^^^^^^^^^^^
NameError: name 'cells_to_relieve' is not defined
ERROR in Agent H_41 process_reward at tick 70: name 'cells_to_relieve' is not defined
Traceback (most recent call last):
  File "/home/user/DisasterAI/DisasterAI_Model.py", line 1315, in process_reward
    for cell in cells_to_relieve:
                ^^^^^^^^^^^^^^^^
NameError: name 'cells_to_relieve' is not defined
ERROR in Agent H_44 process_reward at tick 70: name 'cells_to_relieve' is not defined
Traceback (most recent call last):
  File "/home/user/DisasterAI/DisasterAI_Model.py", line 1315, in process_reward
    for cell in cells_to_relieve:
                ^^^^^^^^^^^^^^^^
NameError: name 'cells_to_relieve' is not defined
ERROR in Agent H_35 process_reward at tick 70: name 'cells_to_relieve' is not defined
Traceback (most recent call last):
  File "/home/user/DisasterAI/DisasterAI_Model.py", line 1315, in process_reward
    for cell in cells_to_relieve:
                ^^^^^^^^^^^^^^^^
NameError: name 'cells_to_relieve' is not defined
ERROR in Agent H_17 process_reward at tick 70: name 'cells_to_relieve' is not defined
Traceback (most recent call last):
  File "/home/user/DisasterAI/DisasterAI_Model.py", line 1315, in process_reward
    for cell in cells_to_relieve:
                ^^^^^^^^^^^^^^^^
NameError: name 'cells_to_relieve' is not defined
ERROR in Agent H_40 process_reward at tick 70: name 'cells_to_relieve' is not defined
Traceback (most recent call last):
  File "/home/user/DisasterAI/DisasterAI_Model.py", line 1315, in process_reward
    for cell in cells_to_relieve:
                ^^^^^^^^^^^^^^^^
NameError: name 'cells_to_relieve' is not defined
ERROR in Agent H_0 process_reward at tick 70: name 'cells_to_relieve' is not defined
Traceback (most recent call last):
  File "/home/user/DisasterAI/DisasterAI_Model.py", line 1315, in process_reward
    for cell in cells_to_relieve:
                ^^^^^^^^^^^^^^^^
NameError: name 'cells_to_relieve' is not defined
ERROR in Agent H_5 process_reward at tick 70: name 'cells_to_relieve' is not defined
Traceback (most recent call last):
  File "/home/user/DisasterAI/DisasterAI_Model.py", line 1315, in process_reward
    for cell in cells_to_relieve:
                ^^^^^^^^^^^^^^^^
NameError: name 'cells_to_relieve' is not defined
ERROR in Agent H_45 process_reward at tick 70: name 'cells_to_relieve' is not defined
Traceback (most recent call last):
  File "/home/user/DisasterAI/DisasterAI_Model.py", line 1315, in process_reward
    for cell in cells_to_relieve:
                ^^^^^^^^^^^^^^^^
NameError: name 'cells_to_relieve' is not defined
ERROR in Agent H_42 process_reward at tick 70: name 'cells_to_relieve' is not defined
Traceback (most recent call last):
  File "/home/user/DisasterAI/DisasterAI_Model.py", line 1315, in process_reward
    for cell in cells_to_relieve:
                ^^^^^^^^^^^^^^^^
NameError: name 'cells_to_relieve' is not defined
ERROR in Agent H_32 process_reward at tick 70: name 'cells_to_relieve' is not defined
Traceback (most recent call last):
  File "/home/user/DisasterAI/DisasterAI_Model.py", line 1315, in process_reward
    for cell in cells_to_relieve:
                ^^^^^^^^^^^^^^^^
NameError: name 'cells_to_relieve' is not defined
ERROR in Agent H_34 process_reward at tick 70: name 'cells_to_relieve' is not defined
Traceback (most recent call last):
  File "/home/user/DisasterAI/DisasterAI_Model.py", line 1315, in process_reward
    for cell in cells_to_relieve:
                ^^^^^^^^^^^^^^^^
NameError: name 'cells_to_relieve' is not defined
ERROR in Agent H_46 process_reward at tick 70: name 'cells_to_relieve' is not defined
Traceback (most recent call last):
  File "/home/user/DisasterAI/DisasterAI_Model.py", line 1315, in process_reward
    for cell in cells_to_relieve:
                ^^^^^^^^^^^^^^^^
NameError: name 'cells_to_relieve' is not defined
ERROR in Agent H_12 process_reward at tick 70: name 'cells_to_relieve' is not defined
Traceback (most recent call last):
  File "/home/user/DisasterAI/DisasterAI_Model.py", line 1315, in process_reward
    for cell in cells_to_relieve:
                ^^^^^^^^^^^^^^^^
NameError: name 'cells_to_relieve' is not defined
ERROR in Agent H_18 process_reward at tick 70: name 'cells_to_relieve' is not defined
Traceback (most recent call last):
  File "/home/user/DisasterAI/DisasterAI_Model.py", line 1315, in process_reward
    for cell in cells_to_relieve:
                ^^^^^^^^^^^^^^^^
NameError: name 'cells_to_relieve' is not defined
ERROR in Agent H_27 process_reward at tick 70: name 'cells_to_relieve' is not defined
Traceback (most recent call last):
  File "/home/user/DisasterAI/DisasterAI_Model.py", line 1315, in process_reward
    for cell in cells_to_relieve:
                ^^^^^^^^^^^^^^^^
NameError: name 'cells_to_relieve' is not defined
ERROR in Agent H_48 process_reward at tick 70: name 'cells_to_relieve' is not defined
Traceback (most recent call last):
  File "/home/user/DisasterAI/DisasterAI_Model.py", line 1315, in process_reward
    for cell in cells_to_relieve:
                ^^^^^^^^^^^^^^^^
NameError: name 'cells_to_relieve' is not defined
ERROR in Agent H_22 process_reward at tick 70: name 'cells_to_relieve' is not defined
Traceback (most recent call last):
  File "/home/user/DisasterAI/DisasterAI_Model.py", line 1315, in process_reward
    for cell in cells_to_relieve:
                ^^^^^^^^^^^^^^^^
NameError: name 'cells_to_relieve' is not defined
ERROR in Agent H_13 process_reward at tick 70: name 'cells_to_relieve' is not defined
Traceback (most recent call last):
  File "/home/user/DisasterAI/DisasterAI_Model.py", line 1315, in process_reward
    for cell in cells_to_relieve:
                ^^^^^^^^^^^^^^^^
NameError: name 'cells_to_relieve' is not defined
ERROR in Agent H_24 process_reward at tick 70: name 'cells_to_relieve' is not defined
Traceback (most recent call last):
  File "/home/user/DisasterAI/DisasterAI_Model.py", line 1315, in process_reward
    for cell in cells_to_relieve:
                ^^^^^^^^^^^^^^^^
NameError: name 'cells_to_relieve' is not defined
ERROR in Agent H_15 process_reward at tick 70: name 'cells_to_relieve' is not defined
Traceback (most recent call last):
  File "/home/user/DisasterAI/DisasterAI_Model.py", line 1315, in process_reward
    for cell in cells_to_relieve:
                ^^^^^^^^^^^^^^^^
NameError: name 'cells_to_relieve' is not defined
ERROR in Agent H_20 process_reward at tick 70: name 'cells_to_relieve' is not defined
Traceback (most recent call last):
  File "/home/user/DisasterAI/DisasterAI_Model.py", line 1315, in process_reward
    for cell in cells_to_relieve:
                ^^^^^^^^^^^^^^^^
NameError: name 'cells_to_relieve' is not defined
ERROR in Agent H_37 process_reward at tick 70: name 'cells_to_relieve' is not defined
Traceback (most recent call last):
  File "/home/user/DisasterAI/DisasterAI_Model.py", line 1315, in process_reward
    for cell in cells_to_relieve:
                ^^^^^^^^^^^^^^^^
NameError: name 'cells_to_relieve' is not defined
ERROR in Agent H_39 process_reward at tick 70: name 'cells_to_relieve' is not defined
Traceback (most recent call last):
  File "/home/user/DisasterAI/DisasterAI_Model.py", line 1315, in process_reward
    for cell in cells_to_relieve:
                ^^^^^^^^^^^^^^^^
NameError: name 'cells_to_relieve' is not defined
ERROR in Agent H_4 process_reward at tick 70: name 'cells_to_relieve' is not defined
Traceback (most recent call last):
  File "/home/user/DisasterAI/DisasterAI_Model.py", line 1315, in process_reward
    for cell in cells_to_relieve:
                ^^^^^^^^^^^^^^^^
NameError: name 'cells_to_relieve' is not defined
ERROR in Agent H_23 process_reward at tick 70: name 'cells_to_relieve' is not defined
Traceback (most recent call last):
  File "/home/user/DisasterAI/DisasterAI_Model.py", line 1315, in process_reward
    for cell in cells_to_relieve:
                ^^^^^^^^^^^^^^^^
NameError: name 'cells_to_relieve' is not defined
ERROR in Agent H_2 process_reward at tick 70: name 'cells_to_relieve' is not defined
Traceback (most recent call last):
  File "/home/user/DisasterAI/DisasterAI_Model.py", line 1315, in process_reward
    for cell in cells_to_relieve:
                ^^^^^^^^^^^^^^^^
NameError: name 'cells_to_relieve' is not defined
ERROR in Agent H_31 process_reward at tick 70: name 'cells_to_relieve' is not defined
Traceback (most recent call last):
  File "/home/user/DisasterAI/DisasterAI_Model.py", line 1315, in process_reward
    for cell in cells_to_relieve:
                ^^^^^^^^^^^^^^^^
NameError: name 'cells_to_relieve' is not defined
ERROR in Agent H_10 process_reward at tick 70: name 'cells_to_relieve' is not defined
Traceback (most recent call last):
  File "/home/user/DisasterAI/DisasterAI_Model.py", line 1315, in process_reward
    for cell in cells_to_relieve:
                ^^^^^^^^^^^^^^^^
NameError: name 'cells_to_relieve' is not defined
ERROR in Agent H_3 process_reward at tick 70: name 'cells_to_relieve' is not defined
Traceback (most recent call last):
  File "/home/user/DisasterAI/DisasterAI_Model.py", line 1315, in process_reward
    for cell in cells_to_relieve:
                ^^^^^^^^^^^^^^^^
NameError: name 'cells_to_relieve' is not defined
ERROR in Agent H_49 process_reward at tick 70: name 'cells_to_relieve' is not defined
Traceback (most recent call last):
  File "/home/user/DisasterAI/DisasterAI_Model.py", line 1315, in process_reward
    for cell in cells_to_relieve:
                ^^^^^^^^^^^^^^^^
NameError: name 'cells_to_relieve' is not defined
ERROR in Agent H_8 process_reward at tick 70: name 'cells_to_relieve' is not defined
Traceback (most recent call last):
  File "/home/user/DisasterAI/DisasterAI_Model.py", line 1315, in process_reward
    for cell in cells_to_relieve:
                ^^^^^^^^^^^^^^^^
NameError: name 'cells_to_relieve' is not defined
ERROR in Agent H_14 process_reward at tick 70: name 'cells_to_relieve' is not defined
Traceback (most recent call last):
  File "/home/user/DisasterAI/DisasterAI_Model.py", line 1315, in process_reward
    for cell in cells_to_relieve:
                ^^^^^^^^^^^^^^^^
NameError: name 'cells_to_relieve' is not defined
ERROR in Agent H_38 process_reward at tick 70: name 'cells_to_relieve' is not defined
Traceback (most recent call last):
  File "/home/user/DisasterAI/DisasterAI_Model.py", line 1315, in process_reward
    for cell in cells_to_relieve:
                ^^^^^^^^^^^^^^^^
NameError: name 'cells_to_relieve' is not defined

DEBUG: Starting AECI variance calculation at tick 70
  Found 0/50 AI-reliant agents
  Global belief variance: 0.0516
  WARNING: Invalid global variance (0.051585597500000004) or no AI-reliant agents
  Returning AECI variance tuple: (70, 0.0)
  Current aeci_variance_data length: 70
  Last 3 entries: [(68, 0.0), (69, 0.0), (70, 0.0)]

--- Retainment Diagnostics at Tick 70 ---
Agent H_0 (exploitative) retainment stats:
  accepted_human: 0, accepted_friend: 0, accepted_ai: 0
  No acceptances recorded
Agent H_1 (exploitative) retainment stats:
  accepted_human: 0, accepted_friend: 0, accepted_ai: 0
  No acceptances recorded
Agent H_2 (exploitative) retainment stats:
  accepted_human: 30, accepted_friend: 30, accepted_ai: 14
  retain_aeci: 0.32, retain_seci: 0.68
ERROR in Agent H_45 process_reward at tick 71: name 'cells_to_relieve' is not defined
Traceback (most recent call last):
  File "/home/user/DisasterAI/DisasterAI_Model.py", line 1315, in process_reward
    for cell in cells_to_relieve:
                ^^^^^^^^^^^^^^^^
NameError: name 'cells_to_relieve' is not defined
ERROR in Agent H_20 process_reward at tick 71: name 'cells_to_relieve' is not defined
Traceback (most recent call last):
  File "/home/user/DisasterAI/DisasterAI_Model.py", line 1315, in process_reward
    for cell in cells_to_relieve:
                ^^^^^^^^^^^^^^^^
NameError: name 'cells_to_relieve' is not defined
ERROR in Agent H_16 process_reward at tick 71: name 'cells_to_relieve' is not defined
Traceback (most recent call last):
  File "/home/user/DisasterAI/DisasterAI_Model.py", line 1315, in process_reward
    for cell in cells_to_relieve:
                ^^^^^^^^^^^^^^^^
NameError: name 'cells_to_relieve' is not defined
ERROR in Agent H_40 process_reward at tick 71: name 'cells_to_relieve' is not defined
Traceback (most recent call last):
  File "/home/user/DisasterAI/DisasterAI_Model.py", line 1315, in process_reward
    for cell in cells_to_relieve:
                ^^^^^^^^^^^^^^^^
NameError: name 'cells_to_relieve' is not defined
ERROR in Agent H_18 process_reward at tick 71: name 'cells_to_relieve' is not defined
Traceback (most recent call last):
  File "/home/user/DisasterAI/DisasterAI_Model.py", line 1315, in process_reward
    for cell in cells_to_relieve:
                ^^^^^^^^^^^^^^^^
NameError: name 'cells_to_relieve' is not defined
ERROR in Agent H_43 process_reward at tick 71: name 'cells_to_relieve' is not defined
Traceback (most recent call last):
  File "/home/user/DisasterAI/DisasterAI_Model.py", line 1315, in process_reward
    for cell in cells_to_relieve:
                ^^^^^^^^^^^^^^^^
NameError: name 'cells_to_relieve' is not defined
ERROR in Agent H_0 process_reward at tick 71: name 'cells_to_relieve' is not defined
Traceback (most recent call last):
  File "/home/user/DisasterAI/DisasterAI_Model.py", line 1315, in process_reward
    for cell in cells_to_relieve:
                ^^^^^^^^^^^^^^^^
NameError: name 'cells_to_relieve' is not defined
ERROR in Agent H_19 process_reward at tick 71: name 'cells_to_relieve' is not defined
Traceback (most recent call last):
  File "/home/user/DisasterAI/DisasterAI_Model.py", line 1315, in process_reward
    for cell in cells_to_relieve:
                ^^^^^^^^^^^^^^^^
NameError: name 'cells_to_relieve' is not defined
ERROR in Agent H_41 process_reward at tick 71: name 'cells_to_relieve' is not defined
Traceback (most recent call last):
  File "/home/user/DisasterAI/DisasterAI_Model.py", line 1315, in process_reward
    for cell in cells_to_relieve:
                ^^^^^^^^^^^^^^^^
NameError: name 'cells_to_relieve' is not defined
ERROR in Agent H_33 process_reward at tick 71: name 'cells_to_relieve' is not defined
Traceback (most recent call last):
  File "/home/user/DisasterAI/DisasterAI_Model.py", line 1315, in process_reward
    for cell in cells_to_relieve:
                ^^^^^^^^^^^^^^^^
NameError: name 'cells_to_relieve' is not defined
ERROR in Agent H_28 process_reward at tick 71: name 'cells_to_relieve' is not defined
Traceback (most recent call last):
  File "/home/user/DisasterAI/DisasterAI_Model.py", line 1315, in process_reward
    for cell in cells_to_relieve:
                ^^^^^^^^^^^^^^^^
NameError: name 'cells_to_relieve' is not defined
ERROR in Agent H_39 process_reward at tick 71: name 'cells_to_relieve' is not defined
Traceback (most recent call last):
  File "/home/user/DisasterAI/DisasterAI_Model.py", line 1315, in process_reward
    for cell in cells_to_relieve:
                ^^^^^^^^^^^^^^^^
NameError: name 'cells_to_relieve' is not defined
ERROR in Agent H_30 process_reward at tick 71: name 'cells_to_relieve' is not defined
Traceback (most recent call last):
  File "/home/user/DisasterAI/DisasterAI_Model.py", line 1315, in process_reward
    for cell in cells_to_relieve:
                ^^^^^^^^^^^^^^^^
NameError: name 'cells_to_relieve' is not defined
ERROR in Agent H_46 process_reward at tick 71: name 'cells_to_relieve' is not defined
Traceback (most recent call last):
  File "/home/user/DisasterAI/DisasterAI_Model.py", line 1315, in process_reward
    for cell in cells_to_relieve:
                ^^^^^^^^^^^^^^^^
NameError: name 'cells_to_relieve' is not defined
ERROR in Agent H_17 process_reward at tick 71: name 'cells_to_relieve' is not defined
Traceback (most recent call last):
  File "/home/user/DisasterAI/DisasterAI_Model.py", line 1315, in process_reward
    for cell in cells_to_relieve:
                ^^^^^^^^^^^^^^^^
NameError: name 'cells_to_relieve' is not defined
ERROR in Agent H_9 process_reward at tick 71: name 'cells_to_relieve' is not defined
Traceback (most recent call last):
  File "/home/user/DisasterAI/DisasterAI_Model.py", line 1315, in process_reward
    for cell in cells_to_relieve:
                ^^^^^^^^^^^^^^^^
NameError: name 'cells_to_relieve' is not defined
ERROR in Agent H_8 process_reward at tick 71: name 'cells_to_relieve' is not defined
Traceback (most recent call last):
  File "/home/user/DisasterAI/DisasterAI_Model.py", line 1315, in process_reward
    for cell in cells_to_relieve:
                ^^^^^^^^^^^^^^^^
NameError: name 'cells_to_relieve' is not defined
ERROR in Agent H_31 process_reward at tick 71: name 'cells_to_relieve' is not defined
Traceback (most recent call last):
  File "/home/user/DisasterAI/DisasterAI_Model.py", line 1315, in process_reward
    for cell in cells_to_relieve:
                ^^^^^^^^^^^^^^^^
NameError: name 'cells_to_relieve' is not defined
ERROR in Agent H_47 process_reward at tick 71: name 'cells_to_relieve' is not defined
Traceback (most recent call last):
  File "/home/user/DisasterAI/DisasterAI_Model.py", line 1315, in process_reward
    for cell in cells_to_relieve:
                ^^^^^^^^^^^^^^^^
NameError: name 'cells_to_relieve' is not defined
ERROR in Agent H_14 process_reward at tick 71: name 'cells_to_relieve' is not defined
Traceback (most recent call last):
  File "/home/user/DisasterAI/DisasterAI_Model.py", line 1315, in process_reward
    for cell in cells_to_relieve:
                ^^^^^^^^^^^^^^^^
NameError: name 'cells_to_relieve' is not defined
ERROR in Agent H_27 process_reward at tick 71: name 'cells_to_relieve' is not defined
Traceback (most recent call last):
  File "/home/user/DisasterAI/DisasterAI_Model.py", line 1315, in process_reward
    for cell in cells_to_relieve:
                ^^^^^^^^^^^^^^^^
NameError: name 'cells_to_relieve' is not defined
ERROR in Agent H_7 process_reward at tick 71: name 'cells_to_relieve' is not defined
Traceback (most recent call last):
  File "/home/user/DisasterAI/DisasterAI_Model.py", line 1315, in process_reward
    for cell in cells_to_relieve:
                ^^^^^^^^^^^^^^^^
NameError: name 'cells_to_relieve' is not defined
ERROR in Agent H_1 process_reward at tick 71: name 'cells_to_relieve' is not defined
Traceback (most recent call last):
  File "/home/user/DisasterAI/DisasterAI_Model.py", line 1315, in process_reward
    for cell in cells_to_relieve:
                ^^^^^^^^^^^^^^^^
NameError: name 'cells_to_relieve' is not defined
ERROR in Agent H_34 process_reward at tick 71: name 'cells_to_relieve' is not defined
Traceback (most recent call last):
  File "/home/user/DisasterAI/DisasterAI_Model.py", line 1315, in process_reward
    for cell in cells_to_relieve:
                ^^^^^^^^^^^^^^^^
NameError: name 'cells_to_relieve' is not defined
ERROR in Agent H_32 process_reward at tick 71: name 'cells_to_relieve' is not defined
Traceback (most recent call last):
  File "/home/user/DisasterAI/DisasterAI_Model.py", line 1315, in process_reward
    for cell in cells_to_relieve:
                ^^^^^^^^^^^^^^^^
NameError: name 'cells_to_relieve' is not defined
ERROR in Agent H_6 process_reward at tick 71: name 'cells_to_relieve' is not defined
Traceback (most recent call last):
  File "/home/user/DisasterAI/DisasterAI_Model.py", line 1315, in process_reward
    for cell in cells_to_relieve:
                ^^^^^^^^^^^^^^^^
NameError: name 'cells_to_relieve' is not defined
ERROR in Agent H_4 process_reward at tick 71: name 'cells_to_relieve' is not defined
Traceback (most recent call last):
  File "/home/user/DisasterAI/DisasterAI_Model.py", line 1315, in process_reward
    for cell in cells_to_relieve:
                ^^^^^^^^^^^^^^^^
NameError: name 'cells_to_relieve' is not defined
ERROR in Agent H_23 process_reward at tick 71: name 'cells_to_relieve' is not defined
Traceback (most recent call last):
  File "/home/user/DisasterAI/DisasterAI_Model.py", line 1315, in process_reward
    for cell in cells_to_relieve:
                ^^^^^^^^^^^^^^^^
NameError: name 'cells_to_relieve' is not defined
ERROR in Agent H_42 process_reward at tick 71: name 'cells_to_relieve' is not defined
Traceback (most recent call last):
  File "/home/user/DisasterAI/DisasterAI_Model.py", line 1315, in process_reward
    for cell in cells_to_relieve:
                ^^^^^^^^^^^^^^^^
NameError: name 'cells_to_relieve' is not defined
ERROR in Agent H_22 process_reward at tick 71: name 'cells_to_relieve' is not defined
Traceback (most recent call last):
  File "/home/user/DisasterAI/DisasterAI_Model.py", line 1315, in process_reward
    for cell in cells_to_relieve:
                ^^^^^^^^^^^^^^^^
NameError: name 'cells_to_relieve' is not defined
ERROR in Agent H_36 process_reward at tick 71: name 'cells_to_relieve' is not defined
Traceback (most recent call last):
  File "/home/user/DisasterAI/DisasterAI_Model.py", line 1315, in process_reward
    for cell in cells_to_relieve:
                ^^^^^^^^^^^^^^^^
NameError: name 'cells_to_relieve' is not defined
ERROR in Agent H_5 process_reward at tick 71: name 'cells_to_relieve' is not defined
Traceback (most recent call last):
  File "/home/user/DisasterAI/DisasterAI_Model.py", line 1315, in process_reward
    for cell in cells_to_relieve:
                ^^^^^^^^^^^^^^^^
NameError: name 'cells_to_relieve' is not defined
ERROR in Agent H_37 process_reward at tick 71: name 'cells_to_relieve' is not defined
Traceback (most recent call last):
  File "/home/user/DisasterAI/DisasterAI_Model.py", line 1315, in process_reward
    for cell in cells_to_relieve:
                ^^^^^^^^^^^^^^^^
NameError: name 'cells_to_relieve' is not defined
ERROR in Agent H_29 process_reward at tick 72: name 'cells_to_relieve' is not defined
Traceback (most recent call last):
  File "/home/user/DisasterAI/DisasterAI_Model.py", line 1315, in process_reward
    for cell in cells_to_relieve:
                ^^^^^^^^^^^^^^^^
NameError: name 'cells_to_relieve' is not defined
ERROR in Agent H_32 process_reward at tick 72: name 'cells_to_relieve' is not defined
Traceback (most recent call last):
  File "/home/user/DisasterAI/DisasterAI_Model.py", line 1315, in process_reward
    for cell in cells_to_relieve:
                ^^^^^^^^^^^^^^^^
NameError: name 'cells_to_relieve' is not defined
ERROR in Agent H_27 process_reward at tick 72: name 'cells_to_relieve' is not defined
Traceback (most recent call last):
  File "/home/user/DisasterAI/DisasterAI_Model.py", line 1315, in process_reward
    for cell in cells_to_relieve:
                ^^^^^^^^^^^^^^^^
NameError: name 'cells_to_relieve' is not defined
ERROR in Agent H_23 process_reward at tick 72: name 'cells_to_relieve' is not defined
Traceback (most recent call last):
  File "/home/user/DisasterAI/DisasterAI_Model.py", line 1315, in process_reward
    for cell in cells_to_relieve:
                ^^^^^^^^^^^^^^^^
NameError: name 'cells_to_relieve' is not defined
ERROR in Agent H_18 process_reward at tick 72: name 'cells_to_relieve' is not defined
Traceback (most recent call last):
  File "/home/user/DisasterAI/DisasterAI_Model.py", line 1315, in process_reward
    for cell in cells_to_relieve:
                ^^^^^^^^^^^^^^^^
NameError: name 'cells_to_relieve' is not defined
ERROR in Agent H_33 process_reward at tick 72: name 'cells_to_relieve' is not defined
Traceback (most recent call last):
  File "/home/user/DisasterAI/DisasterAI_Model.py", line 1315, in process_reward
    for cell in cells_to_relieve:
                ^^^^^^^^^^^^^^^^
NameError: name 'cells_to_relieve' is not defined
ERROR in Agent H_20 process_reward at tick 72: name 'cells_to_relieve' is not defined
Traceback (most recent call last):
  File "/home/user/DisasterAI/DisasterAI_Model.py", line 1315, in process_reward
    for cell in cells_to_relieve:
                ^^^^^^^^^^^^^^^^
NameError: name 'cells_to_relieve' is not defined
ERROR in Agent H_8 process_reward at tick 72: name 'cells_to_relieve' is not defined
Traceback (most recent call last):
  File "/home/user/DisasterAI/DisasterAI_Model.py", line 1315, in process_reward
    for cell in cells_to_relieve:
                ^^^^^^^^^^^^^^^^
NameError: name 'cells_to_relieve' is not defined
ERROR in Agent H_35 process_reward at tick 72: name 'cells_to_relieve' is not defined
Traceback (most recent call last):
  File "/home/user/DisasterAI/DisasterAI_Model.py", line 1315, in process_reward
    for cell in cells_to_relieve:
                ^^^^^^^^^^^^^^^^
NameError: name 'cells_to_relieve' is not defined
ERROR in Agent H_13 process_reward at tick 72: name 'cells_to_relieve' is not defined
Traceback (most recent call last):
  File "/home/user/DisasterAI/DisasterAI_Model.py", line 1315, in process_reward
    for cell in cells_to_relieve:
                ^^^^^^^^^^^^^^^^
NameError: name 'cells_to_relieve' is not defined
ERROR in Agent H_6 process_reward at tick 72: name 'cells_to_relieve' is not defined
Traceback (most recent call last):
  File "/home/user/DisasterAI/DisasterAI_Model.py", line 1315, in process_reward
    for cell in cells_to_relieve:
                ^^^^^^^^^^^^^^^^
NameError: name 'cells_to_relieve' is not defined
ERROR in Agent H_5 process_reward at tick 72: name 'cells_to_relieve' is not defined
Traceback (most recent call last):
  File "/home/user/DisasterAI/DisasterAI_Model.py", line 1315, in process_reward
    for cell in cells_to_relieve:
                ^^^^^^^^^^^^^^^^
NameError: name 'cells_to_relieve' is not defined
ERROR in Agent H_11 process_reward at tick 72: name 'cells_to_relieve' is not defined
Traceback (most recent call last):
  File "/home/user/DisasterAI/DisasterAI_Model.py", line 1315, in process_reward
    for cell in cells_to_relieve:
                ^^^^^^^^^^^^^^^^
NameError: name 'cells_to_relieve' is not defined
ERROR in Agent H_43 process_reward at tick 72: name 'cells_to_relieve' is not defined
Traceback (most recent call last):
  File "/home/user/DisasterAI/DisasterAI_Model.py", line 1315, in process_reward
    for cell in cells_to_relieve:
                ^^^^^^^^^^^^^^^^
NameError: name 'cells_to_relieve' is not defined
ERROR in Agent H_30 process_reward at tick 72: name 'cells_to_relieve' is not defined
Traceback (most recent call last):
  File "/home/user/DisasterAI/DisasterAI_Model.py", line 1315, in process_reward
    for cell in cells_to_relieve:
                ^^^^^^^^^^^^^^^^
NameError: name 'cells_to_relieve' is not defined
ERROR in Agent H_47 process_reward at tick 72: name 'cells_to_relieve' is not defined
Traceback (most recent call last):
  File "/home/user/DisasterAI/DisasterAI_Model.py", line 1315, in process_reward
    for cell in cells_to_relieve:
                ^^^^^^^^^^^^^^^^
NameError: name 'cells_to_relieve' is not defined
ERROR in Agent H_25 process_reward at tick 72: name 'cells_to_relieve' is not defined
Traceback (most recent call last):
  File "/home/user/DisasterAI/DisasterAI_Model.py", line 1315, in process_reward
    for cell in cells_to_relieve:
                ^^^^^^^^^^^^^^^^
NameError: name 'cells_to_relieve' is not defined
ERROR in Agent H_4 process_reward at tick 72: name 'cells_to_relieve' is not defined
Traceback (most recent call last):
  File "/home/user/DisasterAI/DisasterAI_Model.py", line 1315, in process_reward
    for cell in cells_to_relieve:
                ^^^^^^^^^^^^^^^^
NameError: name 'cells_to_relieve' is not defined
ERROR in Agent H_10 process_reward at tick 72: name 'cells_to_relieve' is not defined
Traceback (most recent call last):
  File "/home/user/DisasterAI/DisasterAI_Model.py", line 1315, in process_reward
    for cell in cells_to_relieve:
                ^^^^^^^^^^^^^^^^
NameError: name 'cells_to_relieve' is not defined
ERROR in Agent H_48 process_reward at tick 72: name 'cells_to_relieve' is not defined
Traceback (most recent call last):
  File "/home/user/DisasterAI/DisasterAI_Model.py", line 1315, in process_reward
    for cell in cells_to_relieve:
                ^^^^^^^^^^^^^^^^
NameError: name 'cells_to_relieve' is not defined
ERROR in Agent H_1 process_reward at tick 72: name 'cells_to_relieve' is not defined
Traceback (most recent call last):
  File "/home/user/DisasterAI/DisasterAI_Model.py", line 1315, in process_reward
    for cell in cells_to_relieve:
                ^^^^^^^^^^^^^^^^
NameError: name 'cells_to_relieve' is not defined
ERROR in Agent H_21 process_reward at tick 72: name 'cells_to_relieve' is not defined
Traceback (most recent call last):
  File "/home/user/DisasterAI/DisasterAI_Model.py", line 1315, in process_reward
    for cell in cells_to_relieve:
                ^^^^^^^^^^^^^^^^
NameError: name 'cells_to_relieve' is not defined
ERROR in Agent H_47 process_reward at tick 73: name 'cells_to_relieve' is not defined
Traceback (most recent call last):
  File "/home/user/DisasterAI/DisasterAI_Model.py", line 1315, in process_reward
    for cell in cells_to_relieve:
                ^^^^^^^^^^^^^^^^
NameError: name 'cells_to_relieve' is not defined
ERROR in Agent H_2 process_reward at tick 73: name 'cells_to_relieve' is not defined
Traceback (most recent call last):
  File "/home/user/DisasterAI/DisasterAI_Model.py", line 1315, in process_reward
    for cell in cells_to_relieve:
                ^^^^^^^^^^^^^^^^
NameError: name 'cells_to_relieve' is not defined
ERROR in Agent H_10 process_reward at tick 73: name 'cells_to_relieve' is not defined
Traceback (most recent call last):
  File "/home/user/DisasterAI/DisasterAI_Model.py", line 1315, in process_reward
    for cell in cells_to_relieve:
                ^^^^^^^^^^^^^^^^
NameError: name 'cells_to_relieve' is not defined
ERROR in Agent H_48 process_reward at tick 73: name 'cells_to_relieve' is not defined
Traceback (most recent call last):
  File "/home/user/DisasterAI/DisasterAI_Model.py", line 1315, in process_reward
    for cell in cells_to_relieve:
                ^^^^^^^^^^^^^^^^
NameError: name 'cells_to_relieve' is not defined
ERROR in Agent H_11 process_reward at tick 73: name 'cells_to_relieve' is not defined
Traceback (most recent call last):
  File "/home/user/DisasterAI/DisasterAI_Model.py", line 1315, in process_reward
    for cell in cells_to_relieve:
                ^^^^^^^^^^^^^^^^
NameError: name 'cells_to_relieve' is not defined
ERROR in Agent H_16 process_reward at tick 73: name 'cells_to_relieve' is not defined
Traceback (most recent call last):
  File "/home/user/DisasterAI/DisasterAI_Model.py", line 1315, in process_reward
    for cell in cells_to_relieve:
                ^^^^^^^^^^^^^^^^
NameError: name 'cells_to_relieve' is not defined
ERROR in Agent H_23 process_reward at tick 73: name 'cells_to_relieve' is not defined
Traceback (most recent call last):
  File "/home/user/DisasterAI/DisasterAI_Model.py", line 1315, in process_reward
    for cell in cells_to_relieve:
                ^^^^^^^^^^^^^^^^
NameError: name 'cells_to_relieve' is not defined
ERROR in Agent H_13 process_reward at tick 73: name 'cells_to_relieve' is not defined
Traceback (most recent call last):
  File "/home/user/DisasterAI/DisasterAI_Model.py", line 1315, in process_reward
    for cell in cells_to_relieve:
                ^^^^^^^^^^^^^^^^
NameError: name 'cells_to_relieve' is not defined
ERROR in Agent H_31 process_reward at tick 73: name 'cells_to_relieve' is not defined
Traceback (most recent call last):
  File "/home/user/DisasterAI/DisasterAI_Model.py", line 1315, in process_reward
    for cell in cells_to_relieve:
                ^^^^^^^^^^^^^^^^
NameError: name 'cells_to_relieve' is not defined
ERROR in Agent H_22 process_reward at tick 73: name 'cells_to_relieve' is not defined
Traceback (most recent call last):
  File "/home/user/DisasterAI/DisasterAI_Model.py", line 1315, in process_reward
    for cell in cells_to_relieve:
                ^^^^^^^^^^^^^^^^
NameError: name 'cells_to_relieve' is not defined
ERROR in Agent H_26 process_reward at tick 73: name 'cells_to_relieve' is not defined
Traceback (most recent call last):
  File "/home/user/DisasterAI/DisasterAI_Model.py", line 1315, in process_reward
    for cell in cells_to_relieve:
                ^^^^^^^^^^^^^^^^
NameError: name 'cells_to_relieve' is not defined
ERROR in Agent H_29 process_reward at tick 73: name 'cells_to_relieve' is not defined
Traceback (most recent call last):
  File "/home/user/DisasterAI/DisasterAI_Model.py", line 1315, in process_reward
    for cell in cells_to_relieve:
                ^^^^^^^^^^^^^^^^
NameError: name 'cells_to_relieve' is not defined
ERROR in Agent H_46 process_reward at tick 73: name 'cells_to_relieve' is not defined
Traceback (most recent call last):
  File "/home/user/DisasterAI/DisasterAI_Model.py", line 1315, in process_reward
    for cell in cells_to_relieve:
                ^^^^^^^^^^^^^^^^
NameError: name 'cells_to_relieve' is not defined
ERROR in Agent H_25 process_reward at tick 73: name 'cells_to_relieve' is not defined
Traceback (most recent call last):
  File "/home/user/DisasterAI/DisasterAI_Model.py", line 1315, in process_reward
    for cell in cells_to_relieve:
                ^^^^^^^^^^^^^^^^
NameError: name 'cells_to_relieve' is not defined
ERROR in Agent H_44 process_reward at tick 73: name 'cells_to_relieve' is not defined
Traceback (most recent call last):
  File "/home/user/DisasterAI/DisasterAI_Model.py", line 1315, in process_reward
    for cell in cells_to_relieve:
                ^^^^^^^^^^^^^^^^
NameError: name 'cells_to_relieve' is not defined
ERROR in Agent H_37 process_reward at tick 73: name 'cells_to_relieve' is not defined
Traceback (most recent call last):
  File "/home/user/DisasterAI/DisasterAI_Model.py", line 1315, in process_reward
    for cell in cells_to_relieve:
                ^^^^^^^^^^^^^^^^
NameError: name 'cells_to_relieve' is not defined
ERROR in Agent H_4 process_reward at tick 73: name 'cells_to_relieve' is not defined
Traceback (most recent call last):
  File "/home/user/DisasterAI/DisasterAI_Model.py", line 1315, in process_reward
    for cell in cells_to_relieve:
                ^^^^^^^^^^^^^^^^
NameError: name 'cells_to_relieve' is not defined
ERROR in Agent H_30 process_reward at tick 73: name 'cells_to_relieve' is not defined
Traceback (most recent call last):
  File "/home/user/DisasterAI/DisasterAI_Model.py", line 1315, in process_reward
    for cell in cells_to_relieve:
                ^^^^^^^^^^^^^^^^
NameError: name 'cells_to_relieve' is not defined
ERROR in Agent H_24 process_reward at tick 73: name 'cells_to_relieve' is not defined
Traceback (most recent call last):
  File "/home/user/DisasterAI/DisasterAI_Model.py", line 1315, in process_reward
    for cell in cells_to_relieve:
                ^^^^^^^^^^^^^^^^
NameError: name 'cells_to_relieve' is not defined
ERROR in Agent H_1 process_reward at tick 73: name 'cells_to_relieve' is not defined
Traceback (most recent call last):
  File "/home/user/DisasterAI/DisasterAI_Model.py", line 1315, in process_reward
    for cell in cells_to_relieve:
                ^^^^^^^^^^^^^^^^
NameError: name 'cells_to_relieve' is not defined
ERROR in Agent H_43 process_reward at tick 73: name 'cells_to_relieve' is not defined
Traceback (most recent call last):
  File "/home/user/DisasterAI/DisasterAI_Model.py", line 1315, in process_reward
    for cell in cells_to_relieve:
                ^^^^^^^^^^^^^^^^
NameError: name 'cells_to_relieve' is not defined
ERROR in Agent H_6 process_reward at tick 73: name 'cells_to_relieve' is not defined
Traceback (most recent call last):
  File "/home/user/DisasterAI/DisasterAI_Model.py", line 1315, in process_reward
    for cell in cells_to_relieve:
                ^^^^^^^^^^^^^^^^
NameError: name 'cells_to_relieve' is not defined
ERROR in Agent H_42 process_reward at tick 73: name 'cells_to_relieve' is not defined
Traceback (most recent call last):
  File "/home/user/DisasterAI/DisasterAI_Model.py", line 1315, in process_reward
    for cell in cells_to_relieve:
                ^^^^^^^^^^^^^^^^
NameError: name 'cells_to_relieve' is not defined
ERROR in Agent H_15 process_reward at tick 73: name 'cells_to_relieve' is not defined
Traceback (most recent call last):
  File "/home/user/DisasterAI/DisasterAI_Model.py", line 1315, in process_reward
    for cell in cells_to_relieve:
                ^^^^^^^^^^^^^^^^
NameError: name 'cells_to_relieve' is not defined
ERROR in Agent H_14 process_reward at tick 73: name 'cells_to_relieve' is not defined
Traceback (most recent call last):
  File "/home/user/DisasterAI/DisasterAI_Model.py", line 1315, in process_reward
    for cell in cells_to_relieve:
                ^^^^^^^^^^^^^^^^
NameError: name 'cells_to_relieve' is not defined
ERROR in Agent H_5 process_reward at tick 73: name 'cells_to_relieve' is not defined
Traceback (most recent call last):
  File "/home/user/DisasterAI/DisasterAI_Model.py", line 1315, in process_reward
    for cell in cells_to_relieve:
                ^^^^^^^^^^^^^^^^
NameError: name 'cells_to_relieve' is not defined
ERROR in Agent H_17 process_reward at tick 73: name 'cells_to_relieve' is not defined
Traceback (most recent call last):
  File "/home/user/DisasterAI/DisasterAI_Model.py", line 1315, in process_reward
    for cell in cells_to_relieve:
                ^^^^^^^^^^^^^^^^
NameError: name 'cells_to_relieve' is not defined
ERROR in Agent H_49 process_reward at tick 73: name 'cells_to_relieve' is not defined
Traceback (most recent call last):
  File "/home/user/DisasterAI/DisasterAI_Model.py", line 1315, in process_reward
    for cell in cells_to_relieve:
                ^^^^^^^^^^^^^^^^
NameError: name 'cells_to_relieve' is not defined
ERROR in Agent H_12 process_reward at tick 73: name 'cells_to_relieve' is not defined
Traceback (most recent call last):
  File "/home/user/DisasterAI/DisasterAI_Model.py", line 1315, in process_reward
    for cell in cells_to_relieve:
                ^^^^^^^^^^^^^^^^
NameError: name 'cells_to_relieve' is not defined
ERROR in Agent H_39 process_reward at tick 73: name 'cells_to_relieve' is not defined
Traceback (most recent call last):
  File "/home/user/DisasterAI/DisasterAI_Model.py", line 1315, in process_reward
    for cell in cells_to_relieve:
                ^^^^^^^^^^^^^^^^
NameError: name 'cells_to_relieve' is not defined
ERROR in Agent H_21 process_reward at tick 73: name 'cells_to_relieve' is not defined
Traceback (most recent call last):
  File "/home/user/DisasterAI/DisasterAI_Model.py", line 1315, in process_reward
    for cell in cells_to_relieve:
                ^^^^^^^^^^^^^^^^
NameError: name 'cells_to_relieve' is not defined
ERROR in Agent H_38 process_reward at tick 73: name 'cells_to_relieve' is not defined
Traceback (most recent call last):
  File "/home/user/DisasterAI/DisasterAI_Model.py", line 1315, in process_reward
    for cell in cells_to_relieve:
                ^^^^^^^^^^^^^^^^
NameError: name 'cells_to_relieve' is not defined
ERROR in Agent H_8 process_reward at tick 73: name 'cells_to_relieve' is not defined
Traceback (most recent call last):
  File "/home/user/DisasterAI/DisasterAI_Model.py", line 1315, in process_reward
    for cell in cells_to_relieve:
                ^^^^^^^^^^^^^^^^
NameError: name 'cells_to_relieve' is not defined
ERROR in Agent H_0 process_reward at tick 73: name 'cells_to_relieve' is not defined
Traceback (most recent call last):
  File "/home/user/DisasterAI/DisasterAI_Model.py", line 1315, in process_reward
    for cell in cells_to_relieve:
                ^^^^^^^^^^^^^^^^
NameError: name 'cells_to_relieve' is not defined
ERROR in Agent H_35 process_reward at tick 73: name 'cells_to_relieve' is not defined
Traceback (most recent call last):
  File "/home/user/DisasterAI/DisasterAI_Model.py", line 1315, in process_reward
    for cell in cells_to_relieve:
                ^^^^^^^^^^^^^^^^
NameError: name 'cells_to_relieve' is not defined
ERROR in Agent H_45 process_reward at tick 73: name 'cells_to_relieve' is not defined
Traceback (most recent call last):
  File "/home/user/DisasterAI/DisasterAI_Model.py", line 1315, in process_reward
    for cell in cells_to_relieve:
                ^^^^^^^^^^^^^^^^
NameError: name 'cells_to_relieve' is not defined
ERROR in Agent H_41 process_reward at tick 73: name 'cells_to_relieve' is not defined
Traceback (most recent call last):
  File "/home/user/DisasterAI/DisasterAI_Model.py", line 1315, in process_reward
    for cell in cells_to_relieve:
                ^^^^^^^^^^^^^^^^
NameError: name 'cells_to_relieve' is not defined
ERROR in Agent H_9 process_reward at tick 73: name 'cells_to_relieve' is not defined
Traceback (most recent call last):
  File "/home/user/DisasterAI/DisasterAI_Model.py", line 1315, in process_reward
    for cell in cells_to_relieve:
                ^^^^^^^^^^^^^^^^
NameError: name 'cells_to_relieve' is not defined
ERROR in Agent H_18 process_reward at tick 73: name 'cells_to_relieve' is not defined
Traceback (most recent call last):
  File "/home/user/DisasterAI/DisasterAI_Model.py", line 1315, in process_reward
    for cell in cells_to_relieve:
                ^^^^^^^^^^^^^^^^
NameError: name 'cells_to_relieve' is not defined
ERROR in Agent H_11 process_reward at tick 74: name 'cells_to_relieve' is not defined
Traceback (most recent call last):
  File "/home/user/DisasterAI/DisasterAI_Model.py", line 1315, in process_reward
    for cell in cells_to_relieve:
                ^^^^^^^^^^^^^^^^
NameError: name 'cells_to_relieve' is not defined
ERROR in Agent H_34 process_reward at tick 74: name 'cells_to_relieve' is not defined
Traceback (most recent call last):
  File "/home/user/DisasterAI/DisasterAI_Model.py", line 1315, in process_reward
    for cell in cells_to_relieve:
                ^^^^^^^^^^^^^^^^
NameError: name 'cells_to_relieve' is not defined
ERROR in Agent H_33 process_reward at tick 74: name 'cells_to_relieve' is not defined
Traceback (most recent call last):
  File "/home/user/DisasterAI/DisasterAI_Model.py", line 1315, in process_reward
    for cell in cells_to_relieve:
                ^^^^^^^^^^^^^^^^
NameError: name 'cells_to_relieve' is not defined
ERROR in Agent H_43 process_reward at tick 74: name 'cells_to_relieve' is not defined
Traceback (most recent call last):
  File "/home/user/DisasterAI/DisasterAI_Model.py", line 1315, in process_reward
    for cell in cells_to_relieve:
                ^^^^^^^^^^^^^^^^
NameError: name 'cells_to_relieve' is not defined
ERROR in Agent H_47 process_reward at tick 74: name 'cells_to_relieve' is not defined
Traceback (most recent call last):
  File "/home/user/DisasterAI/DisasterAI_Model.py", line 1315, in process_reward
    for cell in cells_to_relieve:
                ^^^^^^^^^^^^^^^^
NameError: name 'cells_to_relieve' is not defined
ERROR in Agent H_42 process_reward at tick 74: name 'cells_to_relieve' is not defined
Traceback (most recent call last):
  File "/home/user/DisasterAI/DisasterAI_Model.py", line 1315, in process_reward
    for cell in cells_to_relieve:
                ^^^^^^^^^^^^^^^^
NameError: name 'cells_to_relieve' is not defined
ERROR in Agent H_26 process_reward at tick 74: name 'cells_to_relieve' is not defined
Traceback (most recent call last):
  File "/home/user/DisasterAI/DisasterAI_Model.py", line 1315, in process_reward
    for cell in cells_to_relieve:
                ^^^^^^^^^^^^^^^^
NameError: name 'cells_to_relieve' is not defined
ERROR in Agent H_4 process_reward at tick 74: name 'cells_to_relieve' is not defined
Traceback (most recent call last):
  File "/home/user/DisasterAI/DisasterAI_Model.py", line 1315, in process_reward
    for cell in cells_to_relieve:
                ^^^^^^^^^^^^^^^^
NameError: name 'cells_to_relieve' is not defined
ERROR in Agent H_7 process_reward at tick 74: name 'cells_to_relieve' is not defined
Traceback (most recent call last):
  File "/home/user/DisasterAI/DisasterAI_Model.py", line 1315, in process_reward
    for cell in cells_to_relieve:
                ^^^^^^^^^^^^^^^^
NameError: name 'cells_to_relieve' is not defined
ERROR in Agent H_15 process_reward at tick 74: name 'cells_to_relieve' is not defined
Traceback (most recent call last):
  File "/home/user/DisasterAI/DisasterAI_Model.py", line 1315, in process_reward
    for cell in cells_to_relieve:
                ^^^^^^^^^^^^^^^^
NameError: name 'cells_to_relieve' is not defined
ERROR in Agent H_32 process_reward at tick 74: name 'cells_to_relieve' is not defined
Traceback (most recent call last):
  File "/home/user/DisasterAI/DisasterAI_Model.py", line 1315, in process_reward
    for cell in cells_to_relieve:
                ^^^^^^^^^^^^^^^^
NameError: name 'cells_to_relieve' is not defined
ERROR in Agent H_27 process_reward at tick 74: name 'cells_to_relieve' is not defined
Traceback (most recent call last):
  File "/home/user/DisasterAI/DisasterAI_Model.py", line 1315, in process_reward
    for cell in cells_to_relieve:
                ^^^^^^^^^^^^^^^^
NameError: name 'cells_to_relieve' is not defined
ERROR in Agent H_17 process_reward at tick 74: name 'cells_to_relieve' is not defined
Traceback (most recent call last):
  File "/home/user/DisasterAI/DisasterAI_Model.py", line 1315, in process_reward
    for cell in cells_to_relieve:
                ^^^^^^^^^^^^^^^^
NameError: name 'cells_to_relieve' is not defined
ERROR in Agent H_12 process_reward at tick 74: name 'cells_to_relieve' is not defined
Traceback (most recent call last):
  File "/home/user/DisasterAI/DisasterAI_Model.py", line 1315, in process_reward
    for cell in cells_to_relieve:
                ^^^^^^^^^^^^^^^^
NameError: name 'cells_to_relieve' is not defined
ERROR in Agent H_29 process_reward at tick 74: name 'cells_to_relieve' is not defined
Traceback (most recent call last):
  File "/home/user/DisasterAI/DisasterAI_Model.py", line 1315, in process_reward
    for cell in cells_to_relieve:
                ^^^^^^^^^^^^^^^^
NameError: name 'cells_to_relieve' is not defined
ERROR in Agent H_14 process_reward at tick 74: name 'cells_to_relieve' is not defined
Traceback (most recent call last):
  File "/home/user/DisasterAI/DisasterAI_Model.py", line 1315, in process_reward
    for cell in cells_to_relieve:
                ^^^^^^^^^^^^^^^^
NameError: name 'cells_to_relieve' is not defined
ERROR in Agent H_45 process_reward at tick 74: name 'cells_to_relieve' is not defined
Traceback (most recent call last):
  File "/home/user/DisasterAI/DisasterAI_Model.py", line 1315, in process_reward
    for cell in cells_to_relieve:
                ^^^^^^^^^^^^^^^^
NameError: name 'cells_to_relieve' is not defined
ERROR in Agent H_38 process_reward at tick 74: name 'cells_to_relieve' is not defined
Traceback (most recent call last):
  File "/home/user/DisasterAI/DisasterAI_Model.py", line 1315, in process_reward
    for cell in cells_to_relieve:
                ^^^^^^^^^^^^^^^^
NameError: name 'cells_to_relieve' is not defined
ERROR in Agent H_49 process_reward at tick 74: name 'cells_to_relieve' is not defined
Traceback (most recent call last):
  File "/home/user/DisasterAI/DisasterAI_Model.py", line 1315, in process_reward
    for cell in cells_to_relieve:
                ^^^^^^^^^^^^^^^^
NameError: name 'cells_to_relieve' is not defined
ERROR in Agent H_22 process_reward at tick 74: name 'cells_to_relieve' is not defined
Traceback (most recent call last):
  File "/home/user/DisasterAI/DisasterAI_Model.py", line 1315, in process_reward
    for cell in cells_to_relieve:
                ^^^^^^^^^^^^^^^^
NameError: name 'cells_to_relieve' is not defined
ERROR in Agent H_31 process_reward at tick 74: name 'cells_to_relieve' is not defined
Traceback (most recent call last):
  File "/home/user/DisasterAI/DisasterAI_Model.py", line 1315, in process_reward
    for cell in cells_to_relieve:
                ^^^^^^^^^^^^^^^^
NameError: name 'cells_to_relieve' is not defined
ERROR in Agent H_19 process_reward at tick 74: name 'cells_to_relieve' is not defined
Traceback (most recent call last):
  File "/home/user/DisasterAI/DisasterAI_Model.py", line 1315, in process_reward
    for cell in cells_to_relieve:
                ^^^^^^^^^^^^^^^^
NameError: name 'cells_to_relieve' is not defined
ERROR in Agent H_36 process_reward at tick 74: name 'cells_to_relieve' is not defined
Traceback (most recent call last):
  File "/home/user/DisasterAI/DisasterAI_Model.py", line 1315, in process_reward
    for cell in cells_to_relieve:
                ^^^^^^^^^^^^^^^^
NameError: name 'cells_to_relieve' is not defined
ERROR in Agent H_41 process_reward at tick 74: name 'cells_to_relieve' is not defined
Traceback (most recent call last):
  File "/home/user/DisasterAI/DisasterAI_Model.py", line 1315, in process_reward
    for cell in cells_to_relieve:
                ^^^^^^^^^^^^^^^^
NameError: name 'cells_to_relieve' is not defined
ERROR in Agent H_48 process_reward at tick 74: name 'cells_to_relieve' is not defined
Traceback (most recent call last):
  File "/home/user/DisasterAI/DisasterAI_Model.py", line 1315, in process_reward
    for cell in cells_to_relieve:
                ^^^^^^^^^^^^^^^^
NameError: name 'cells_to_relieve' is not defined
ERROR in Agent H_44 process_reward at tick 74: name 'cells_to_relieve' is not defined
Traceback (most recent call last):
  File "/home/user/DisasterAI/DisasterAI_Model.py", line 1315, in process_reward
    for cell in cells_to_relieve:
                ^^^^^^^^^^^^^^^^
NameError: name 'cells_to_relieve' is not defined
ERROR in Agent H_24 process_reward at tick 74: name 'cells_to_relieve' is not defined
Traceback (most recent call last):
  File "/home/user/DisasterAI/DisasterAI_Model.py", line 1315, in process_reward
    for cell in cells_to_relieve:
                ^^^^^^^^^^^^^^^^
NameError: name 'cells_to_relieve' is not defined
ERROR in Agent H_3 process_reward at tick 74: name 'cells_to_relieve' is not defined
Traceback (most recent call last):
  File "/home/user/DisasterAI/DisasterAI_Model.py", line 1315, in process_reward
    for cell in cells_to_relieve:
                ^^^^^^^^^^^^^^^^
NameError: name 'cells_to_relieve' is not defined
ERROR in Agent H_39 process_reward at tick 74: name 'cells_to_relieve' is not defined
Traceback (most recent call last):
  File "/home/user/DisasterAI/DisasterAI_Model.py", line 1315, in process_reward
    for cell in cells_to_relieve:
                ^^^^^^^^^^^^^^^^
NameError: name 'cells_to_relieve' is not defined
ERROR in Agent H_8 process_reward at tick 74: name 'cells_to_relieve' is not defined
Traceback (most recent call last):
  File "/home/user/DisasterAI/DisasterAI_Model.py", line 1315, in process_reward
    for cell in cells_to_relieve:
                ^^^^^^^^^^^^^^^^
NameError: name 'cells_to_relieve' is not defined
ERROR in Agent H_25 process_reward at tick 74: name 'cells_to_relieve' is not defined
Traceback (most recent call last):
  File "/home/user/DisasterAI/DisasterAI_Model.py", line 1315, in process_reward
    for cell in cells_to_relieve:
                ^^^^^^^^^^^^^^^^
NameError: name 'cells_to_relieve' is not defined
ERROR in Agent H_30 process_reward at tick 74: name 'cells_to_relieve' is not defined
Traceback (most recent call last):
  File "/home/user/DisasterAI/DisasterAI_Model.py", line 1315, in process_reward
    for cell in cells_to_relieve:
                ^^^^^^^^^^^^^^^^
NameError: name 'cells_to_relieve' is not defined
ERROR in Agent H_40 process_reward at tick 74: name 'cells_to_relieve' is not defined
Traceback (most recent call last):
  File "/home/user/DisasterAI/DisasterAI_Model.py", line 1315, in process_reward
    for cell in cells_to_relieve:
                ^^^^^^^^^^^^^^^^
NameError: name 'cells_to_relieve' is not defined
ERROR in Agent H_16 process_reward at tick 74: name 'cells_to_relieve' is not defined
Traceback (most recent call last):
  File "/home/user/DisasterAI/DisasterAI_Model.py", line 1315, in process_reward
    for cell in cells_to_relieve:
                ^^^^^^^^^^^^^^^^
NameError: name 'cells_to_relieve' is not defined
ERROR in Agent H_2 process_reward at tick 74: name 'cells_to_relieve' is not defined
Traceback (most recent call last):
  File "/home/user/DisasterAI/DisasterAI_Model.py", line 1315, in process_reward
    for cell in cells_to_relieve:
                ^^^^^^^^^^^^^^^^
NameError: name 'cells_to_relieve' is not defined
ERROR in Agent H_11 process_reward at tick 75: name 'cells_to_relieve' is not defined
Traceback (most recent call last):
  File "/home/user/DisasterAI/DisasterAI_Model.py", line 1315, in process_reward
    for cell in cells_to_relieve:
                ^^^^^^^^^^^^^^^^
NameError: name 'cells_to_relieve' is not defined
ERROR in Agent H_36 process_reward at tick 75: name 'cells_to_relieve' is not defined
Traceback (most recent call last):
  File "/home/user/DisasterAI/DisasterAI_Model.py", line 1315, in process_reward
    for cell in cells_to_relieve:
                ^^^^^^^^^^^^^^^^
NameError: name 'cells_to_relieve' is not defined
ERROR in Agent H_49 process_reward at tick 75: name 'cells_to_relieve' is not defined
Traceback (most recent call last):
  File "/home/user/DisasterAI/DisasterAI_Model.py", line 1315, in process_reward
    for cell in cells_to_relieve:
                ^^^^^^^^^^^^^^^^
NameError: name 'cells_to_relieve' is not defined
ERROR in Agent H_2 process_reward at tick 75: name 'cells_to_relieve' is not defined
Traceback (most recent call last):
  File "/home/user/DisasterAI/DisasterAI_Model.py", line 1315, in process_reward
    for cell in cells_to_relieve:
                ^^^^^^^^^^^^^^^^
NameError: name 'cells_to_relieve' is not defined
ERROR in Agent H_44 process_reward at tick 75: name 'cells_to_relieve' is not defined
Traceback (most recent call last):
  File "/home/user/DisasterAI/DisasterAI_Model.py", line 1315, in process_reward
    for cell in cells_to_relieve:
                ^^^^^^^^^^^^^^^^
NameError: name 'cells_to_relieve' is not defined
ERROR in Agent H_47 process_reward at tick 75: name 'cells_to_relieve' is not defined
Traceback (most recent call last):
  File "/home/user/DisasterAI/DisasterAI_Model.py", line 1315, in process_reward
    for cell in cells_to_relieve:
                ^^^^^^^^^^^^^^^^
NameError: name 'cells_to_relieve' is not defined
ERROR in Agent H_20 process_reward at tick 75: name 'cells_to_relieve' is not defined
Traceback (most recent call last):
  File "/home/user/DisasterAI/DisasterAI_Model.py", line 1315, in process_reward
    for cell in cells_to_relieve:
                ^^^^^^^^^^^^^^^^
NameError: name 'cells_to_relieve' is not defined
ERROR in Agent H_38 process_reward at tick 75: name 'cells_to_relieve' is not defined
Traceback (most recent call last):
  File "/home/user/DisasterAI/DisasterAI_Model.py", line 1315, in process_reward
    for cell in cells_to_relieve:
                ^^^^^^^^^^^^^^^^
NameError: name 'cells_to_relieve' is not defined
ERROR in Agent H_24 process_reward at tick 75: name 'cells_to_relieve' is not defined
Traceback (most recent call last):
  File "/home/user/DisasterAI/DisasterAI_Model.py", line 1315, in process_reward
    for cell in cells_to_relieve:
                ^^^^^^^^^^^^^^^^
NameError: name 'cells_to_relieve' is not defined
ERROR in Agent H_32 process_reward at tick 75: name 'cells_to_relieve' is not defined
Traceback (most recent call last):
  File "/home/user/DisasterAI/DisasterAI_Model.py", line 1315, in process_reward
    for cell in cells_to_relieve:
                ^^^^^^^^^^^^^^^^
NameError: name 'cells_to_relieve' is not defined
ERROR in Agent H_19 process_reward at tick 75: name 'cells_to_relieve' is not defined
Traceback (most recent call last):
  File "/home/user/DisasterAI/DisasterAI_Model.py", line 1315, in process_reward
    for cell in cells_to_relieve:
                ^^^^^^^^^^^^^^^^
NameError: name 'cells_to_relieve' is not defined
ERROR in Agent H_45 process_reward at tick 75: name 'cells_to_relieve' is not defined
Traceback (most recent call last):
  File "/home/user/DisasterAI/DisasterAI_Model.py", line 1315, in process_reward
    for cell in cells_to_relieve:
                ^^^^^^^^^^^^^^^^
NameError: name 'cells_to_relieve' is not defined
ERROR in Agent H_35 process_reward at tick 75: name 'cells_to_relieve' is not defined
Traceback (most recent call last):
  File "/home/user/DisasterAI/DisasterAI_Model.py", line 1315, in process_reward
    for cell in cells_to_relieve:
                ^^^^^^^^^^^^^^^^
NameError: name 'cells_to_relieve' is not defined
ERROR in Agent H_25 process_reward at tick 75: name 'cells_to_relieve' is not defined
Traceback (most recent call last):
  File "/home/user/DisasterAI/DisasterAI_Model.py", line 1315, in process_reward
    for cell in cells_to_relieve:
                ^^^^^^^^^^^^^^^^
NameError: name 'cells_to_relieve' is not defined
ERROR in Agent H_23 process_reward at tick 75: name 'cells_to_relieve' is not defined
Traceback (most recent call last):
  File "/home/user/DisasterAI/DisasterAI_Model.py", line 1315, in process_reward
    for cell in cells_to_relieve:
                ^^^^^^^^^^^^^^^^
NameError: name 'cells_to_relieve' is not defined
ERROR in Agent H_21 process_reward at tick 75: name 'cells_to_relieve' is not defined
Traceback (most recent call last):
  File "/home/user/DisasterAI/DisasterAI_Model.py", line 1315, in process_reward
    for cell in cells_to_relieve:
                ^^^^^^^^^^^^^^^^
NameError: name 'cells_to_relieve' is not defined
ERROR in Agent H_14 process_reward at tick 75: name 'cells_to_relieve' is not defined
Traceback (most recent call last):
  File "/home/user/DisasterAI/DisasterAI_Model.py", line 1315, in process_reward
    for cell in cells_to_relieve:
                ^^^^^^^^^^^^^^^^
NameError: name 'cells_to_relieve' is not defined
ERROR in Agent H_37 process_reward at tick 75: name 'cells_to_relieve' is not defined
Traceback (most recent call last):
  File "/home/user/DisasterAI/DisasterAI_Model.py", line 1315, in process_reward
    for cell in cells_to_relieve:
                ^^^^^^^^^^^^^^^^
NameError: name 'cells_to_relieve' is not defined
ERROR in Agent H_18 process_reward at tick 75: name 'cells_to_relieve' is not defined
Traceback (most recent call last):
  File "/home/user/DisasterAI/DisasterAI_Model.py", line 1315, in process_reward
    for cell in cells_to_relieve:
                ^^^^^^^^^^^^^^^^
NameError: name 'cells_to_relieve' is not defined
ERROR in Agent H_16 process_reward at tick 75: name 'cells_to_relieve' is not defined
Traceback (most recent call last):
  File "/home/user/DisasterAI/DisasterAI_Model.py", line 1315, in process_reward
    for cell in cells_to_relieve:
                ^^^^^^^^^^^^^^^^
NameError: name 'cells_to_relieve' is not defined
ERROR in Agent H_8 process_reward at tick 75: name 'cells_to_relieve' is not defined
Traceback (most recent call last):
  File "/home/user/DisasterAI/DisasterAI_Model.py", line 1315, in process_reward
    for cell in cells_to_relieve:
                ^^^^^^^^^^^^^^^^
NameError: name 'cells_to_relieve' is not defined
ERROR in Agent H_40 process_reward at tick 75: name 'cells_to_relieve' is not defined
Traceback (most recent call last):
  File "/home/user/DisasterAI/DisasterAI_Model.py", line 1315, in process_reward
    for cell in cells_to_relieve:
                ^^^^^^^^^^^^^^^^
NameError: name 'cells_to_relieve' is not defined
ERROR in Agent H_9 process_reward at tick 75: name 'cells_to_relieve' is not defined
Traceback (most recent call last):
  File "/home/user/DisasterAI/DisasterAI_Model.py", line 1315, in process_reward
    for cell in cells_to_relieve:
                ^^^^^^^^^^^^^^^^
NameError: name 'cells_to_relieve' is not defined
ERROR in Agent H_15 process_reward at tick 75: name 'cells_to_relieve' is not defined
Traceback (most recent call last):
  File "/home/user/DisasterAI/DisasterAI_Model.py", line 1315, in process_reward
    for cell in cells_to_relieve:
                ^^^^^^^^^^^^^^^^
NameError: name 'cells_to_relieve' is not defined
ERROR in Agent H_7 process_reward at tick 75: name 'cells_to_relieve' is not defined
Traceback (most recent call last):
  File "/home/user/DisasterAI/DisasterAI_Model.py", line 1315, in process_reward
    for cell in cells_to_relieve:
                ^^^^^^^^^^^^^^^^
NameError: name 'cells_to_relieve' is not defined
ERROR in Agent H_22 process_reward at tick 75: name 'cells_to_relieve' is not defined
Traceback (most recent call last):
  File "/home/user/DisasterAI/DisasterAI_Model.py", line 1315, in process_reward
    for cell in cells_to_relieve:
                ^^^^^^^^^^^^^^^^
NameError: name 'cells_to_relieve' is not defined
ERROR in Agent H_12 process_reward at tick 75: name 'cells_to_relieve' is not defined
Traceback (most recent call last):
  File "/home/user/DisasterAI/DisasterAI_Model.py", line 1315, in process_reward
    for cell in cells_to_relieve:
                ^^^^^^^^^^^^^^^^
NameError: name 'cells_to_relieve' is not defined
ERROR in Agent H_41 process_reward at tick 75: name 'cells_to_relieve' is not defined
Traceback (most recent call last):
  File "/home/user/DisasterAI/DisasterAI_Model.py", line 1315, in process_reward
    for cell in cells_to_relieve:
                ^^^^^^^^^^^^^^^^
NameError: name 'cells_to_relieve' is not defined
ERROR in Agent H_33 process_reward at tick 75: name 'cells_to_relieve' is not defined
Traceback (most recent call last):
  File "/home/user/DisasterAI/DisasterAI_Model.py", line 1315, in process_reward
    for cell in cells_to_relieve:
                ^^^^^^^^^^^^^^^^
NameError: name 'cells_to_relieve' is not defined
ERROR in Agent H_10 process_reward at tick 75: name 'cells_to_relieve' is not defined
Traceback (most recent call last):
  File "/home/user/DisasterAI/DisasterAI_Model.py", line 1315, in process_reward
    for cell in cells_to_relieve:
                ^^^^^^^^^^^^^^^^
NameError: name 'cells_to_relieve' is not defined
ERROR in Agent H_34 process_reward at tick 75: name 'cells_to_relieve' is not defined
Traceback (most recent call last):
  File "/home/user/DisasterAI/DisasterAI_Model.py", line 1315, in process_reward
    for cell in cells_to_relieve:
                ^^^^^^^^^^^^^^^^
NameError: name 'cells_to_relieve' is not defined
ERROR in Agent H_46 process_reward at tick 75: name 'cells_to_relieve' is not defined
Traceback (most recent call last):
  File "/home/user/DisasterAI/DisasterAI_Model.py", line 1315, in process_reward
    for cell in cells_to_relieve:
                ^^^^^^^^^^^^^^^^
NameError: name 'cells_to_relieve' is not defined
ERROR in Agent H_27 process_reward at tick 75: name 'cells_to_relieve' is not defined
Traceback (most recent call last):
  File "/home/user/DisasterAI/DisasterAI_Model.py", line 1315, in process_reward
    for cell in cells_to_relieve:
                ^^^^^^^^^^^^^^^^
NameError: name 'cells_to_relieve' is not defined

DEBUG: Starting AECI variance calculation at tick 75
  Found 0/50 AI-reliant agents
  Global belief variance: 0.0458
  WARNING: Invalid global variance (0.04581191) or no AI-reliant agents
  Returning AECI variance tuple: (75, 0.0)
  Current aeci_variance_data length: 75
  Last 3 entries: [(73, 0.0), (74, 0.0), (75, 0.0)]
Tick 75:
  Exploratory avg trust in A_0: 0.769
  Exploitative avg trust in A_0: 0.873
ERROR in Agent H_3 process_reward at tick 76: name 'cells_to_relieve' is not defined
Traceback (most recent call last):
  File "/home/user/DisasterAI/DisasterAI_Model.py", line 1315, in process_reward
    for cell in cells_to_relieve:
                ^^^^^^^^^^^^^^^^
NameError: name 'cells_to_relieve' is not defined
ERROR in Agent H_13 process_reward at tick 76: name 'cells_to_relieve' is not defined
Traceback (most recent call last):
  File "/home/user/DisasterAI/DisasterAI_Model.py", line 1315, in process_reward
    for cell in cells_to_relieve:
                ^^^^^^^^^^^^^^^^
NameError: name 'cells_to_relieve' is not defined
ERROR in Agent H_17 process_reward at tick 76: name 'cells_to_relieve' is not defined
Traceback (most recent call last):
  File "/home/user/DisasterAI/DisasterAI_Model.py", line 1315, in process_reward
    for cell in cells_to_relieve:
                ^^^^^^^^^^^^^^^^
NameError: name 'cells_to_relieve' is not defined
ERROR in Agent H_39 process_reward at tick 76: name 'cells_to_relieve' is not defined
Traceback (most recent call last):
  File "/home/user/DisasterAI/DisasterAI_Model.py", line 1315, in process_reward
    for cell in cells_to_relieve:
                ^^^^^^^^^^^^^^^^
NameError: name 'cells_to_relieve' is not defined
ERROR in Agent H_28 process_reward at tick 76: name 'cells_to_relieve' is not defined
Traceback (most recent call last):
  File "/home/user/DisasterAI/DisasterAI_Model.py", line 1315, in process_reward
    for cell in cells_to_relieve:
                ^^^^^^^^^^^^^^^^
NameError: name 'cells_to_relieve' is not defined
ERROR in Agent H_36 process_reward at tick 76: name 'cells_to_relieve' is not defined
Traceback (most recent call last):
  File "/home/user/DisasterAI/DisasterAI_Model.py", line 1315, in process_reward
    for cell in cells_to_relieve:
                ^^^^^^^^^^^^^^^^
NameError: name 'cells_to_relieve' is not defined
ERROR in Agent H_49 process_reward at tick 76: name 'cells_to_relieve' is not defined
Traceback (most recent call last):
  File "/home/user/DisasterAI/DisasterAI_Model.py", line 1315, in process_reward
    for cell in cells_to_relieve:
                ^^^^^^^^^^^^^^^^
NameError: name 'cells_to_relieve' is not defined
ERROR in Agent H_42 process_reward at tick 76: name 'cells_to_relieve' is not defined
Traceback (most recent call last):
  File "/home/user/DisasterAI/DisasterAI_Model.py", line 1315, in process_reward
    for cell in cells_to_relieve:
                ^^^^^^^^^^^^^^^^
NameError: name 'cells_to_relieve' is not defined
ERROR in Agent H_35 process_reward at tick 76: name 'cells_to_relieve' is not defined
Traceback (most recent call last):
  File "/home/user/DisasterAI/DisasterAI_Model.py", line 1315, in process_reward
    for cell in cells_to_relieve:
                ^^^^^^^^^^^^^^^^
NameError: name 'cells_to_relieve' is not defined
ERROR in Agent H_34 process_reward at tick 76: name 'cells_to_relieve' is not defined
Traceback (most recent call last):
  File "/home/user/DisasterAI/DisasterAI_Model.py", line 1315, in process_reward
    for cell in cells_to_relieve:
                ^^^^^^^^^^^^^^^^
NameError: name 'cells_to_relieve' is not defined
ERROR in Agent H_25 process_reward at tick 76: name 'cells_to_relieve' is not defined
Traceback (most recent call last):
  File "/home/user/DisasterAI/DisasterAI_Model.py", line 1315, in process_reward
    for cell in cells_to_relieve:
                ^^^^^^^^^^^^^^^^
NameError: name 'cells_to_relieve' is not defined
ERROR in Agent H_7 process_reward at tick 76: name 'cells_to_relieve' is not defined
Traceback (most recent call last):
  File "/home/user/DisasterAI/DisasterAI_Model.py", line 1315, in process_reward
    for cell in cells_to_relieve:
                ^^^^^^^^^^^^^^^^
NameError: name 'cells_to_relieve' is not defined
ERROR in Agent H_9 process_reward at tick 76: name 'cells_to_relieve' is not defined
Traceback (most recent call last):
  File "/home/user/DisasterAI/DisasterAI_Model.py", line 1315, in process_reward
    for cell in cells_to_relieve:
                ^^^^^^^^^^^^^^^^
NameError: name 'cells_to_relieve' is not defined
ERROR in Agent H_46 process_reward at tick 76: name 'cells_to_relieve' is not defined
Traceback (most recent call last):
  File "/home/user/DisasterAI/DisasterAI_Model.py", line 1315, in process_reward
    for cell in cells_to_relieve:
                ^^^^^^^^^^^^^^^^
NameError: name 'cells_to_relieve' is not defined
ERROR in Agent H_22 process_reward at tick 76: name 'cells_to_relieve' is not defined
Traceback (most recent call last):
  File "/home/user/DisasterAI/DisasterAI_Model.py", line 1315, in process_reward
    for cell in cells_to_relieve:
                ^^^^^^^^^^^^^^^^
NameError: name 'cells_to_relieve' is not defined
ERROR in Agent H_43 process_reward at tick 76: name 'cells_to_relieve' is not defined
Traceback (most recent call last):
  File "/home/user/DisasterAI/DisasterAI_Model.py", line 1315, in process_reward
    for cell in cells_to_relieve:
                ^^^^^^^^^^^^^^^^
NameError: name 'cells_to_relieve' is not defined
ERROR in Agent H_16 process_reward at tick 76: name 'cells_to_relieve' is not defined
Traceback (most recent call last):
  File "/home/user/DisasterAI/DisasterAI_Model.py", line 1315, in process_reward
    for cell in cells_to_relieve:
                ^^^^^^^^^^^^^^^^
NameError: name 'cells_to_relieve' is not defined
ERROR in Agent H_26 process_reward at tick 76: name 'cells_to_relieve' is not defined
Traceback (most recent call last):
  File "/home/user/DisasterAI/DisasterAI_Model.py", line 1315, in process_reward
    for cell in cells_to_relieve:
                ^^^^^^^^^^^^^^^^
NameError: name 'cells_to_relieve' is not defined
ERROR in Agent H_31 process_reward at tick 76: name 'cells_to_relieve' is not defined
Traceback (most recent call last):
  File "/home/user/DisasterAI/DisasterAI_Model.py", line 1315, in process_reward
    for cell in cells_to_relieve:
                ^^^^^^^^^^^^^^^^
NameError: name 'cells_to_relieve' is not defined
ERROR in Agent H_37 process_reward at tick 76: name 'cells_to_relieve' is not defined
Traceback (most recent call last):
  File "/home/user/DisasterAI/DisasterAI_Model.py", line 1315, in process_reward
    for cell in cells_to_relieve:
                ^^^^^^^^^^^^^^^^
NameError: name 'cells_to_relieve' is not defined
ERROR in Agent H_2 process_reward at tick 76: name 'cells_to_relieve' is not defined
Traceback (most recent call last):
  File "/home/user/DisasterAI/DisasterAI_Model.py", line 1315, in process_reward
    for cell in cells_to_relieve:
                ^^^^^^^^^^^^^^^^
NameError: name 'cells_to_relieve' is not defined
ERROR in Agent H_47 process_reward at tick 76: name 'cells_to_relieve' is not defined
Traceback (most recent call last):
  File "/home/user/DisasterAI/DisasterAI_Model.py", line 1315, in process_reward
    for cell in cells_to_relieve:
                ^^^^^^^^^^^^^^^^
NameError: name 'cells_to_relieve' is not defined
ERROR in Agent H_4 process_reward at tick 76: name 'cells_to_relieve' is not defined
Traceback (most recent call last):
  File "/home/user/DisasterAI/DisasterAI_Model.py", line 1315, in process_reward
    for cell in cells_to_relieve:
                ^^^^^^^^^^^^^^^^
NameError: name 'cells_to_relieve' is not defined
ERROR in Agent H_41 process_reward at tick 76: name 'cells_to_relieve' is not defined
Traceback (most recent call last):
  File "/home/user/DisasterAI/DisasterAI_Model.py", line 1315, in process_reward
    for cell in cells_to_relieve:
                ^^^^^^^^^^^^^^^^
NameError: name 'cells_to_relieve' is not defined
ERROR in Agent H_0 process_reward at tick 76: name 'cells_to_relieve' is not defined
Traceback (most recent call last):
  File "/home/user/DisasterAI/DisasterAI_Model.py", line 1315, in process_reward
    for cell in cells_to_relieve:
                ^^^^^^^^^^^^^^^^
NameError: name 'cells_to_relieve' is not defined
ERROR in Agent H_44 process_reward at tick 76: name 'cells_to_relieve' is not defined
Traceback (most recent call last):
  File "/home/user/DisasterAI/DisasterAI_Model.py", line 1315, in process_reward
    for cell in cells_to_relieve:
                ^^^^^^^^^^^^^^^^
NameError: name 'cells_to_relieve' is not defined
ERROR in Agent H_10 process_reward at tick 76: name 'cells_to_relieve' is not defined
Traceback (most recent call last):
  File "/home/user/DisasterAI/DisasterAI_Model.py", line 1315, in process_reward
    for cell in cells_to_relieve:
                ^^^^^^^^^^^^^^^^
NameError: name 'cells_to_relieve' is not defined
ERROR in Agent H_40 process_reward at tick 76: name 'cells_to_relieve' is not defined
Traceback (most recent call last):
  File "/home/user/DisasterAI/DisasterAI_Model.py", line 1315, in process_reward
    for cell in cells_to_relieve:
                ^^^^^^^^^^^^^^^^
NameError: name 'cells_to_relieve' is not defined
ERROR in Agent H_32 process_reward at tick 76: name 'cells_to_relieve' is not defined
Traceback (most recent call last):
  File "/home/user/DisasterAI/DisasterAI_Model.py", line 1315, in process_reward
    for cell in cells_to_relieve:
                ^^^^^^^^^^^^^^^^
NameError: name 'cells_to_relieve' is not defined
ERROR in Agent H_33 process_reward at tick 76: name 'cells_to_relieve' is not defined
Traceback (most recent call last):
  File "/home/user/DisasterAI/DisasterAI_Model.py", line 1315, in process_reward
    for cell in cells_to_relieve:
                ^^^^^^^^^^^^^^^^
NameError: name 'cells_to_relieve' is not defined
ERROR in Agent H_29 process_reward at tick 76: name 'cells_to_relieve' is not defined
Traceback (most recent call last):
  File "/home/user/DisasterAI/DisasterAI_Model.py", line 1315, in process_reward
    for cell in cells_to_relieve:
                ^^^^^^^^^^^^^^^^
NameError: name 'cells_to_relieve' is not defined
ERROR in Agent H_26 process_reward at tick 77: name 'cells_to_relieve' is not defined
Traceback (most recent call last):
  File "/home/user/DisasterAI/DisasterAI_Model.py", line 1315, in process_reward
    for cell in cells_to_relieve:
                ^^^^^^^^^^^^^^^^
NameError: name 'cells_to_relieve' is not defined
ERROR in Agent H_38 process_reward at tick 77: name 'cells_to_relieve' is not defined
Traceback (most recent call last):
  File "/home/user/DisasterAI/DisasterAI_Model.py", line 1315, in process_reward
    for cell in cells_to_relieve:
                ^^^^^^^^^^^^^^^^
NameError: name 'cells_to_relieve' is not defined
ERROR in Agent H_2 process_reward at tick 77: name 'cells_to_relieve' is not defined
Traceback (most recent call last):
  File "/home/user/DisasterAI/DisasterAI_Model.py", line 1315, in process_reward
    for cell in cells_to_relieve:
                ^^^^^^^^^^^^^^^^
NameError: name 'cells_to_relieve' is not defined
ERROR in Agent H_21 process_reward at tick 77: name 'cells_to_relieve' is not defined
Traceback (most recent call last):
  File "/home/user/DisasterAI/DisasterAI_Model.py", line 1315, in process_reward
    for cell in cells_to_relieve:
                ^^^^^^^^^^^^^^^^
NameError: name 'cells_to_relieve' is not defined
ERROR in Agent H_47 process_reward at tick 77: name 'cells_to_relieve' is not defined
Traceback (most recent call last):
  File "/home/user/DisasterAI/DisasterAI_Model.py", line 1315, in process_reward
    for cell in cells_to_relieve:
                ^^^^^^^^^^^^^^^^
NameError: name 'cells_to_relieve' is not defined
ERROR in Agent H_23 process_reward at tick 77: name 'cells_to_relieve' is not defined
Traceback (most recent call last):
  File "/home/user/DisasterAI/DisasterAI_Model.py", line 1315, in process_reward
    for cell in cells_to_relieve:
                ^^^^^^^^^^^^^^^^
NameError: name 'cells_to_relieve' is not defined
ERROR in Agent H_10 process_reward at tick 77: name 'cells_to_relieve' is not defined
Traceback (most recent call last):
  File "/home/user/DisasterAI/DisasterAI_Model.py", line 1315, in process_reward
    for cell in cells_to_relieve:
                ^^^^^^^^^^^^^^^^
NameError: name 'cells_to_relieve' is not defined
ERROR in Agent H_6 process_reward at tick 77: name 'cells_to_relieve' is not defined
Traceback (most recent call last):
  File "/home/user/DisasterAI/DisasterAI_Model.py", line 1315, in process_reward
    for cell in cells_to_relieve:
                ^^^^^^^^^^^^^^^^
NameError: name 'cells_to_relieve' is not defined
ERROR in Agent H_43 process_reward at tick 77: name 'cells_to_relieve' is not defined
Traceback (most recent call last):
  File "/home/user/DisasterAI/DisasterAI_Model.py", line 1315, in process_reward
    for cell in cells_to_relieve:
                ^^^^^^^^^^^^^^^^
NameError: name 'cells_to_relieve' is not defined
ERROR in Agent H_42 process_reward at tick 77: name 'cells_to_relieve' is not defined
Traceback (most recent call last):
  File "/home/user/DisasterAI/DisasterAI_Model.py", line 1315, in process_reward
    for cell in cells_to_relieve:
                ^^^^^^^^^^^^^^^^
NameError: name 'cells_to_relieve' is not defined
ERROR in Agent H_11 process_reward at tick 77: name 'cells_to_relieve' is not defined
Traceback (most recent call last):
  File "/home/user/DisasterAI/DisasterAI_Model.py", line 1315, in process_reward
    for cell in cells_to_relieve:
                ^^^^^^^^^^^^^^^^
NameError: name 'cells_to_relieve' is not defined
ERROR in Agent H_9 process_reward at tick 77: name 'cells_to_relieve' is not defined
Traceback (most recent call last):
  File "/home/user/DisasterAI/DisasterAI_Model.py", line 1315, in process_reward
    for cell in cells_to_relieve:
                ^^^^^^^^^^^^^^^^
NameError: name 'cells_to_relieve' is not defined
ERROR in Agent H_39 process_reward at tick 77: name 'cells_to_relieve' is not defined
Traceback (most recent call last):
  File "/home/user/DisasterAI/DisasterAI_Model.py", line 1315, in process_reward
    for cell in cells_to_relieve:
                ^^^^^^^^^^^^^^^^
NameError: name 'cells_to_relieve' is not defined
ERROR in Agent H_16 process_reward at tick 77: name 'cells_to_relieve' is not defined
Traceback (most recent call last):
  File "/home/user/DisasterAI/DisasterAI_Model.py", line 1315, in process_reward
    for cell in cells_to_relieve:
                ^^^^^^^^^^^^^^^^
NameError: name 'cells_to_relieve' is not defined
ERROR in Agent H_46 process_reward at tick 77: name 'cells_to_relieve' is not defined
Traceback (most recent call last):
  File "/home/user/DisasterAI/DisasterAI_Model.py", line 1315, in process_reward
    for cell in cells_to_relieve:
                ^^^^^^^^^^^^^^^^
NameError: name 'cells_to_relieve' is not defined
ERROR in Agent H_13 process_reward at tick 77: name 'cells_to_relieve' is not defined
Traceback (most recent call last):
  File "/home/user/DisasterAI/DisasterAI_Model.py", line 1315, in process_reward
    for cell in cells_to_relieve:
                ^^^^^^^^^^^^^^^^
NameError: name 'cells_to_relieve' is not defined
ERROR in Agent H_22 process_reward at tick 77: name 'cells_to_relieve' is not defined
Traceback (most recent call last):
  File "/home/user/DisasterAI/DisasterAI_Model.py", line 1315, in process_reward
    for cell in cells_to_relieve:
                ^^^^^^^^^^^^^^^^
NameError: name 'cells_to_relieve' is not defined
ERROR in Agent H_33 process_reward at tick 77: name 'cells_to_relieve' is not defined
Traceback (most recent call last):
  File "/home/user/DisasterAI/DisasterAI_Model.py", line 1315, in process_reward
    for cell in cells_to_relieve:
                ^^^^^^^^^^^^^^^^
NameError: name 'cells_to_relieve' is not defined
ERROR in Agent H_18 process_reward at tick 77: name 'cells_to_relieve' is not defined
Traceback (most recent call last):
  File "/home/user/DisasterAI/DisasterAI_Model.py", line 1315, in process_reward
    for cell in cells_to_relieve:
                ^^^^^^^^^^^^^^^^
NameError: name 'cells_to_relieve' is not defined
ERROR in Agent H_32 process_reward at tick 77: name 'cells_to_relieve' is not defined
Traceback (most recent call last):
  File "/home/user/DisasterAI/DisasterAI_Model.py", line 1315, in process_reward
    for cell in cells_to_relieve:
                ^^^^^^^^^^^^^^^^
NameError: name 'cells_to_relieve' is not defined
ERROR in Agent H_15 process_reward at tick 77: name 'cells_to_relieve' is not defined
Traceback (most recent call last):
  File "/home/user/DisasterAI/DisasterAI_Model.py", line 1315, in process_reward
    for cell in cells_to_relieve:
                ^^^^^^^^^^^^^^^^
NameError: name 'cells_to_relieve' is not defined
ERROR in Agent H_3 process_reward at tick 77: name 'cells_to_relieve' is not defined
Traceback (most recent call last):
  File "/home/user/DisasterAI/DisasterAI_Model.py", line 1315, in process_reward
    for cell in cells_to_relieve:
                ^^^^^^^^^^^^^^^^
NameError: name 'cells_to_relieve' is not defined
ERROR in Agent H_8 process_reward at tick 77: name 'cells_to_relieve' is not defined
Traceback (most recent call last):
  File "/home/user/DisasterAI/DisasterAI_Model.py", line 1315, in process_reward
    for cell in cells_to_relieve:
                ^^^^^^^^^^^^^^^^
NameError: name 'cells_to_relieve' is not defined
ERROR in Agent H_0 process_reward at tick 77: name 'cells_to_relieve' is not defined
Traceback (most recent call last):
  File "/home/user/DisasterAI/DisasterAI_Model.py", line 1315, in process_reward
    for cell in cells_to_relieve:
                ^^^^^^^^^^^^^^^^
NameError: name 'cells_to_relieve' is not defined
ERROR in Agent H_35 process_reward at tick 77: name 'cells_to_relieve' is not defined
Traceback (most recent call last):
  File "/home/user/DisasterAI/DisasterAI_Model.py", line 1315, in process_reward
    for cell in cells_to_relieve:
                ^^^^^^^^^^^^^^^^
NameError: name 'cells_to_relieve' is not defined
ERROR in Agent H_20 process_reward at tick 77: name 'cells_to_relieve' is not defined
Traceback (most recent call last):
  File "/home/user/DisasterAI/DisasterAI_Model.py", line 1315, in process_reward
    for cell in cells_to_relieve:
                ^^^^^^^^^^^^^^^^
NameError: name 'cells_to_relieve' is not defined
ERROR in Agent H_19 process_reward at tick 77: name 'cells_to_relieve' is not defined
Traceback (most recent call last):
  File "/home/user/DisasterAI/DisasterAI_Model.py", line 1315, in process_reward
    for cell in cells_to_relieve:
                ^^^^^^^^^^^^^^^^
NameError: name 'cells_to_relieve' is not defined
ERROR in Agent H_24 process_reward at tick 77: name 'cells_to_relieve' is not defined
Traceback (most recent call last):
  File "/home/user/DisasterAI/DisasterAI_Model.py", line 1315, in process_reward
    for cell in cells_to_relieve:
                ^^^^^^^^^^^^^^^^
NameError: name 'cells_to_relieve' is not defined
ERROR in Agent H_40 process_reward at tick 77: name 'cells_to_relieve' is not defined
Traceback (most recent call last):
  File "/home/user/DisasterAI/DisasterAI_Model.py", line 1315, in process_reward
    for cell in cells_to_relieve:
                ^^^^^^^^^^^^^^^^
NameError: name 'cells_to_relieve' is not defined
ERROR in Agent H_49 process_reward at tick 77: name 'cells_to_relieve' is not defined
Traceback (most recent call last):
  File "/home/user/DisasterAI/DisasterAI_Model.py", line 1315, in process_reward
    for cell in cells_to_relieve:
                ^^^^^^^^^^^^^^^^
NameError: name 'cells_to_relieve' is not defined
ERROR in Agent H_7 process_reward at tick 77: name 'cells_to_relieve' is not defined
Traceback (most recent call last):
  File "/home/user/DisasterAI/DisasterAI_Model.py", line 1315, in process_reward
    for cell in cells_to_relieve:
                ^^^^^^^^^^^^^^^^
NameError: name 'cells_to_relieve' is not defined
ERROR in Agent H_1 process_reward at tick 77: name 'cells_to_relieve' is not defined
Traceback (most recent call last):
  File "/home/user/DisasterAI/DisasterAI_Model.py", line 1315, in process_reward
    for cell in cells_to_relieve:
                ^^^^^^^^^^^^^^^^
NameError: name 'cells_to_relieve' is not defined
ERROR in Agent H_14 process_reward at tick 77: name 'cells_to_relieve' is not defined
Traceback (most recent call last):
  File "/home/user/DisasterAI/DisasterAI_Model.py", line 1315, in process_reward
    for cell in cells_to_relieve:
                ^^^^^^^^^^^^^^^^
NameError: name 'cells_to_relieve' is not defined
ERROR in Agent H_45 process_reward at tick 77: name 'cells_to_relieve' is not defined
Traceback (most recent call last):
  File "/home/user/DisasterAI/DisasterAI_Model.py", line 1315, in process_reward
    for cell in cells_to_relieve:
                ^^^^^^^^^^^^^^^^
NameError: name 'cells_to_relieve' is not defined
ERROR in Agent H_5 process_reward at tick 77: name 'cells_to_relieve' is not defined
Traceback (most recent call last):
  File "/home/user/DisasterAI/DisasterAI_Model.py", line 1315, in process_reward
    for cell in cells_to_relieve:
                ^^^^^^^^^^^^^^^^
NameError: name 'cells_to_relieve' is not defined
ERROR in Agent H_12 process_reward at tick 77: name 'cells_to_relieve' is not defined
Traceback (most recent call last):
  File "/home/user/DisasterAI/DisasterAI_Model.py", line 1315, in process_reward
    for cell in cells_to_relieve:
                ^^^^^^^^^^^^^^^^
NameError: name 'cells_to_relieve' is not defined
ERROR in Agent H_4 process_reward at tick 77: name 'cells_to_relieve' is not defined
Traceback (most recent call last):
  File "/home/user/DisasterAI/DisasterAI_Model.py", line 1315, in process_reward
    for cell in cells_to_relieve:
                ^^^^^^^^^^^^^^^^
NameError: name 'cells_to_relieve' is not defined
ERROR in Agent H_27 process_reward at tick 78: name 'cells_to_relieve' is not defined
Traceback (most recent call last):
  File "/home/user/DisasterAI/DisasterAI_Model.py", line 1315, in process_reward
    for cell in cells_to_relieve:
                ^^^^^^^^^^^^^^^^
NameError: name 'cells_to_relieve' is not defined
ERROR in Agent H_38 process_reward at tick 78: name 'cells_to_relieve' is not defined
Traceback (most recent call last):
  File "/home/user/DisasterAI/DisasterAI_Model.py", line 1315, in process_reward
    for cell in cells_to_relieve:
                ^^^^^^^^^^^^^^^^
NameError: name 'cells_to_relieve' is not defined
ERROR in Agent H_12 process_reward at tick 78: name 'cells_to_relieve' is not defined
Traceback (most recent call last):
  File "/home/user/DisasterAI/DisasterAI_Model.py", line 1315, in process_reward
    for cell in cells_to_relieve:
                ^^^^^^^^^^^^^^^^
NameError: name 'cells_to_relieve' is not defined
ERROR in Agent H_33 process_reward at tick 78: name 'cells_to_relieve' is not defined
Traceback (most recent call last):
  File "/home/user/DisasterAI/DisasterAI_Model.py", line 1315, in process_reward
    for cell in cells_to_relieve:
                ^^^^^^^^^^^^^^^^
NameError: name 'cells_to_relieve' is not defined
ERROR in Agent H_16 process_reward at tick 78: name 'cells_to_relieve' is not defined
Traceback (most recent call last):
  File "/home/user/DisasterAI/DisasterAI_Model.py", line 1315, in process_reward
    for cell in cells_to_relieve:
                ^^^^^^^^^^^^^^^^
NameError: name 'cells_to_relieve' is not defined
ERROR in Agent H_15 process_reward at tick 78: name 'cells_to_relieve' is not defined
Traceback (most recent call last):
  File "/home/user/DisasterAI/DisasterAI_Model.py", line 1315, in process_reward
    for cell in cells_to_relieve:
                ^^^^^^^^^^^^^^^^
NameError: name 'cells_to_relieve' is not defined
ERROR in Agent H_40 process_reward at tick 78: name 'cells_to_relieve' is not defined
Traceback (most recent call last):
  File "/home/user/DisasterAI/DisasterAI_Model.py", line 1315, in process_reward
    for cell in cells_to_relieve:
                ^^^^^^^^^^^^^^^^
NameError: name 'cells_to_relieve' is not defined
ERROR in Agent H_30 process_reward at tick 78: name 'cells_to_relieve' is not defined
Traceback (most recent call last):
  File "/home/user/DisasterAI/DisasterAI_Model.py", line 1315, in process_reward
    for cell in cells_to_relieve:
                ^^^^^^^^^^^^^^^^
NameError: name 'cells_to_relieve' is not defined
ERROR in Agent H_42 process_reward at tick 78: name 'cells_to_relieve' is not defined
Traceback (most recent call last):
  File "/home/user/DisasterAI/DisasterAI_Model.py", line 1315, in process_reward
    for cell in cells_to_relieve:
                ^^^^^^^^^^^^^^^^
NameError: name 'cells_to_relieve' is not defined
ERROR in Agent H_14 process_reward at tick 78: name 'cells_to_relieve' is not defined
Traceback (most recent call last):
  File "/home/user/DisasterAI/DisasterAI_Model.py", line 1315, in process_reward
    for cell in cells_to_relieve:
                ^^^^^^^^^^^^^^^^
NameError: name 'cells_to_relieve' is not defined
ERROR in Agent H_25 process_reward at tick 78: name 'cells_to_relieve' is not defined
Traceback (most recent call last):
  File "/home/user/DisasterAI/DisasterAI_Model.py", line 1315, in process_reward
    for cell in cells_to_relieve:
                ^^^^^^^^^^^^^^^^
NameError: name 'cells_to_relieve' is not defined
ERROR in Agent H_28 process_reward at tick 78: name 'cells_to_relieve' is not defined
Traceback (most recent call last):
  File "/home/user/DisasterAI/DisasterAI_Model.py", line 1315, in process_reward
    for cell in cells_to_relieve:
                ^^^^^^^^^^^^^^^^
NameError: name 'cells_to_relieve' is not defined
ERROR in Agent H_36 process_reward at tick 78: name 'cells_to_relieve' is not defined
Traceback (most recent call last):
  File "/home/user/DisasterAI/DisasterAI_Model.py", line 1315, in process_reward
    for cell in cells_to_relieve:
                ^^^^^^^^^^^^^^^^
NameError: name 'cells_to_relieve' is not defined
ERROR in Agent H_11 process_reward at tick 78: name 'cells_to_relieve' is not defined
Traceback (most recent call last):
  File "/home/user/DisasterAI/DisasterAI_Model.py", line 1315, in process_reward
    for cell in cells_to_relieve:
                ^^^^^^^^^^^^^^^^
NameError: name 'cells_to_relieve' is not defined
ERROR in Agent H_49 process_reward at tick 78: name 'cells_to_relieve' is not defined
Traceback (most recent call last):
  File "/home/user/DisasterAI/DisasterAI_Model.py", line 1315, in process_reward
    for cell in cells_to_relieve:
                ^^^^^^^^^^^^^^^^
NameError: name 'cells_to_relieve' is not defined
ERROR in Agent H_0 process_reward at tick 78: name 'cells_to_relieve' is not defined
Traceback (most recent call last):
  File "/home/user/DisasterAI/DisasterAI_Model.py", line 1315, in process_reward
    for cell in cells_to_relieve:
                ^^^^^^^^^^^^^^^^
NameError: name 'cells_to_relieve' is not defined
ERROR in Agent H_20 process_reward at tick 78: name 'cells_to_relieve' is not defined
Traceback (most recent call last):
  File "/home/user/DisasterAI/DisasterAI_Model.py", line 1315, in process_reward
    for cell in cells_to_relieve:
                ^^^^^^^^^^^^^^^^
NameError: name 'cells_to_relieve' is not defined
ERROR in Agent H_13 process_reward at tick 78: name 'cells_to_relieve' is not defined
Traceback (most recent call last):
  File "/home/user/DisasterAI/DisasterAI_Model.py", line 1315, in process_reward
    for cell in cells_to_relieve:
                ^^^^^^^^^^^^^^^^
NameError: name 'cells_to_relieve' is not defined
ERROR in Agent H_34 process_reward at tick 78: name 'cells_to_relieve' is not defined
Traceback (most recent call last):
  File "/home/user/DisasterAI/DisasterAI_Model.py", line 1315, in process_reward
    for cell in cells_to_relieve:
                ^^^^^^^^^^^^^^^^
NameError: name 'cells_to_relieve' is not defined
ERROR in Agent H_21 process_reward at tick 78: name 'cells_to_relieve' is not defined
Traceback (most recent call last):
  File "/home/user/DisasterAI/DisasterAI_Model.py", line 1315, in process_reward
    for cell in cells_to_relieve:
                ^^^^^^^^^^^^^^^^
NameError: name 'cells_to_relieve' is not defined
ERROR in Agent H_35 process_reward at tick 78: name 'cells_to_relieve' is not defined
Traceback (most recent call last):
  File "/home/user/DisasterAI/DisasterAI_Model.py", line 1315, in process_reward
    for cell in cells_to_relieve:
                ^^^^^^^^^^^^^^^^
NameError: name 'cells_to_relieve' is not defined
ERROR in Agent H_29 process_reward at tick 78: name 'cells_to_relieve' is not defined
Traceback (most recent call last):
  File "/home/user/DisasterAI/DisasterAI_Model.py", line 1315, in process_reward
    for cell in cells_to_relieve:
                ^^^^^^^^^^^^^^^^
NameError: name 'cells_to_relieve' is not defined
ERROR in Agent H_18 process_reward at tick 78: name 'cells_to_relieve' is not defined
Traceback (most recent call last):
  File "/home/user/DisasterAI/DisasterAI_Model.py", line 1315, in process_reward
    for cell in cells_to_relieve:
                ^^^^^^^^^^^^^^^^
NameError: name 'cells_to_relieve' is not defined
ERROR in Agent H_44 process_reward at tick 78: name 'cells_to_relieve' is not defined
Traceback (most recent call last):
  File "/home/user/DisasterAI/DisasterAI_Model.py", line 1315, in process_reward
    for cell in cells_to_relieve:
                ^^^^^^^^^^^^^^^^
NameError: name 'cells_to_relieve' is not defined
ERROR in Agent H_47 process_reward at tick 78: name 'cells_to_relieve' is not defined
Traceback (most recent call last):
  File "/home/user/DisasterAI/DisasterAI_Model.py", line 1315, in process_reward
    for cell in cells_to_relieve:
                ^^^^^^^^^^^^^^^^
NameError: name 'cells_to_relieve' is not defined
ERROR in Agent H_48 process_reward at tick 78: name 'cells_to_relieve' is not defined
Traceback (most recent call last):
  File "/home/user/DisasterAI/DisasterAI_Model.py", line 1315, in process_reward
    for cell in cells_to_relieve:
                ^^^^^^^^^^^^^^^^
NameError: name 'cells_to_relieve' is not defined
ERROR in Agent H_6 process_reward at tick 78: name 'cells_to_relieve' is not defined
Traceback (most recent call last):
  File "/home/user/DisasterAI/DisasterAI_Model.py", line 1315, in process_reward
    for cell in cells_to_relieve:
                ^^^^^^^^^^^^^^^^
NameError: name 'cells_to_relieve' is not defined
ERROR in Agent H_34 process_reward at tick 79: name 'cells_to_relieve' is not defined
Traceback (most recent call last):
  File "/home/user/DisasterAI/DisasterAI_Model.py", line 1315, in process_reward
    for cell in cells_to_relieve:
                ^^^^^^^^^^^^^^^^
NameError: name 'cells_to_relieve' is not defined
ERROR in Agent H_35 process_reward at tick 79: name 'cells_to_relieve' is not defined
Traceback (most recent call last):
  File "/home/user/DisasterAI/DisasterAI_Model.py", line 1315, in process_reward
    for cell in cells_to_relieve:
                ^^^^^^^^^^^^^^^^
NameError: name 'cells_to_relieve' is not defined
ERROR in Agent H_20 process_reward at tick 79: name 'cells_to_relieve' is not defined
Traceback (most recent call last):
  File "/home/user/DisasterAI/DisasterAI_Model.py", line 1315, in process_reward
    for cell in cells_to_relieve:
                ^^^^^^^^^^^^^^^^
NameError: name 'cells_to_relieve' is not defined
ERROR in Agent H_29 process_reward at tick 79: name 'cells_to_relieve' is not defined
Traceback (most recent call last):
  File "/home/user/DisasterAI/DisasterAI_Model.py", line 1315, in process_reward
    for cell in cells_to_relieve:
                ^^^^^^^^^^^^^^^^
NameError: name 'cells_to_relieve' is not defined
ERROR in Agent H_10 process_reward at tick 79: name 'cells_to_relieve' is not defined
Traceback (most recent call last):
  File "/home/user/DisasterAI/DisasterAI_Model.py", line 1315, in process_reward
    for cell in cells_to_relieve:
                ^^^^^^^^^^^^^^^^
NameError: name 'cells_to_relieve' is not defined
ERROR in Agent H_17 process_reward at tick 79: name 'cells_to_relieve' is not defined
Traceback (most recent call last):
  File "/home/user/DisasterAI/DisasterAI_Model.py", line 1315, in process_reward
    for cell in cells_to_relieve:
                ^^^^^^^^^^^^^^^^
NameError: name 'cells_to_relieve' is not defined
ERROR in Agent H_45 process_reward at tick 79: name 'cells_to_relieve' is not defined
Traceback (most recent call last):
  File "/home/user/DisasterAI/DisasterAI_Model.py", line 1315, in process_reward
    for cell in cells_to_relieve:
                ^^^^^^^^^^^^^^^^
NameError: name 'cells_to_relieve' is not defined
ERROR in Agent H_22 process_reward at tick 79: name 'cells_to_relieve' is not defined
Traceback (most recent call last):
  File "/home/user/DisasterAI/DisasterAI_Model.py", line 1315, in process_reward
    for cell in cells_to_relieve:
                ^^^^^^^^^^^^^^^^
NameError: name 'cells_to_relieve' is not defined
ERROR in Agent H_8 process_reward at tick 79: name 'cells_to_relieve' is not defined
Traceback (most recent call last):
  File "/home/user/DisasterAI/DisasterAI_Model.py", line 1315, in process_reward
    for cell in cells_to_relieve:
                ^^^^^^^^^^^^^^^^
NameError: name 'cells_to_relieve' is not defined
ERROR in Agent H_19 process_reward at tick 79: name 'cells_to_relieve' is not defined
Traceback (most recent call last):
  File "/home/user/DisasterAI/DisasterAI_Model.py", line 1315, in process_reward
    for cell in cells_to_relieve:
                ^^^^^^^^^^^^^^^^
NameError: name 'cells_to_relieve' is not defined
ERROR in Agent H_31 process_reward at tick 79: name 'cells_to_relieve' is not defined
Traceback (most recent call last):
  File "/home/user/DisasterAI/DisasterAI_Model.py", line 1315, in process_reward
    for cell in cells_to_relieve:
                ^^^^^^^^^^^^^^^^
NameError: name 'cells_to_relieve' is not defined
ERROR in Agent H_47 process_reward at tick 79: name 'cells_to_relieve' is not defined
Traceback (most recent call last):
  File "/home/user/DisasterAI/DisasterAI_Model.py", line 1315, in process_reward
    for cell in cells_to_relieve:
                ^^^^^^^^^^^^^^^^
NameError: name 'cells_to_relieve' is not defined
ERROR in Agent H_24 process_reward at tick 79: name 'cells_to_relieve' is not defined
Traceback (most recent call last):
  File "/home/user/DisasterAI/DisasterAI_Model.py", line 1315, in process_reward
    for cell in cells_to_relieve:
                ^^^^^^^^^^^^^^^^
NameError: name 'cells_to_relieve' is not defined
ERROR in Agent H_23 process_reward at tick 79: name 'cells_to_relieve' is not defined
Traceback (most recent call last):
  File "/home/user/DisasterAI/DisasterAI_Model.py", line 1315, in process_reward
    for cell in cells_to_relieve:
                ^^^^^^^^^^^^^^^^
NameError: name 'cells_to_relieve' is not defined
ERROR in Agent H_40 process_reward at tick 79: name 'cells_to_relieve' is not defined
Traceback (most recent call last):
  File "/home/user/DisasterAI/DisasterAI_Model.py", line 1315, in process_reward
    for cell in cells_to_relieve:
                ^^^^^^^^^^^^^^^^
NameError: name 'cells_to_relieve' is not defined
ERROR in Agent H_4 process_reward at tick 79: name 'cells_to_relieve' is not defined
Traceback (most recent call last):
  File "/home/user/DisasterAI/DisasterAI_Model.py", line 1315, in process_reward
    for cell in cells_to_relieve:
                ^^^^^^^^^^^^^^^^
NameError: name 'cells_to_relieve' is not defined
ERROR in Agent H_3 process_reward at tick 79: name 'cells_to_relieve' is not defined
Traceback (most recent call last):
  File "/home/user/DisasterAI/DisasterAI_Model.py", line 1315, in process_reward
    for cell in cells_to_relieve:
                ^^^^^^^^^^^^^^^^
NameError: name 'cells_to_relieve' is not defined
ERROR in Agent H_25 process_reward at tick 79: name 'cells_to_relieve' is not defined
Traceback (most recent call last):
  File "/home/user/DisasterAI/DisasterAI_Model.py", line 1315, in process_reward
    for cell in cells_to_relieve:
                ^^^^^^^^^^^^^^^^
NameError: name 'cells_to_relieve' is not defined
ERROR in Agent H_5 process_reward at tick 79: name 'cells_to_relieve' is not defined
Traceback (most recent call last):
  File "/home/user/DisasterAI/DisasterAI_Model.py", line 1315, in process_reward
    for cell in cells_to_relieve:
                ^^^^^^^^^^^^^^^^
NameError: name 'cells_to_relieve' is not defined
ERROR in Agent H_30 process_reward at tick 79: name 'cells_to_relieve' is not defined
Traceback (most recent call last):
  File "/home/user/DisasterAI/DisasterAI_Model.py", line 1315, in process_reward
    for cell in cells_to_relieve:
                ^^^^^^^^^^^^^^^^
NameError: name 'cells_to_relieve' is not defined
ERROR in Agent H_21 process_reward at tick 79: name 'cells_to_relieve' is not defined
Traceback (most recent call last):
  File "/home/user/DisasterAI/DisasterAI_Model.py", line 1315, in process_reward
    for cell in cells_to_relieve:
                ^^^^^^^^^^^^^^^^
NameError: name 'cells_to_relieve' is not defined
ERROR in Agent H_32 process_reward at tick 79: name 'cells_to_relieve' is not defined
Traceback (most recent call last):
  File "/home/user/DisasterAI/DisasterAI_Model.py", line 1315, in process_reward
    for cell in cells_to_relieve:
                ^^^^^^^^^^^^^^^^
NameError: name 'cells_to_relieve' is not defined
ERROR in Agent H_6 process_reward at tick 79: name 'cells_to_relieve' is not defined
Traceback (most recent call last):
  File "/home/user/DisasterAI/DisasterAI_Model.py", line 1315, in process_reward
    for cell in cells_to_relieve:
                ^^^^^^^^^^^^^^^^
NameError: name 'cells_to_relieve' is not defined
ERROR in Agent H_43 process_reward at tick 79: name 'cells_to_relieve' is not defined
Traceback (most recent call last):
  File "/home/user/DisasterAI/DisasterAI_Model.py", line 1315, in process_reward
    for cell in cells_to_relieve:
                ^^^^^^^^^^^^^^^^
NameError: name 'cells_to_relieve' is not defined
ERROR in Agent H_39 process_reward at tick 79: name 'cells_to_relieve' is not defined
Traceback (most recent call last):
  File "/home/user/DisasterAI/DisasterAI_Model.py", line 1315, in process_reward
    for cell in cells_to_relieve:
                ^^^^^^^^^^^^^^^^
NameError: name 'cells_to_relieve' is not defined
ERROR in Agent H_9 process_reward at tick 79: name 'cells_to_relieve' is not defined
Traceback (most recent call last):
  File "/home/user/DisasterAI/DisasterAI_Model.py", line 1315, in process_reward
    for cell in cells_to_relieve:
                ^^^^^^^^^^^^^^^^
NameError: name 'cells_to_relieve' is not defined
ERROR in Agent H_42 process_reward at tick 79: name 'cells_to_relieve' is not defined
Traceback (most recent call last):
  File "/home/user/DisasterAI/DisasterAI_Model.py", line 1315, in process_reward
    for cell in cells_to_relieve:
                ^^^^^^^^^^^^^^^^
NameError: name 'cells_to_relieve' is not defined
ERROR in Agent H_7 process_reward at tick 79: name 'cells_to_relieve' is not defined
Traceback (most recent call last):
  File "/home/user/DisasterAI/DisasterAI_Model.py", line 1315, in process_reward
    for cell in cells_to_relieve:
                ^^^^^^^^^^^^^^^^
NameError: name 'cells_to_relieve' is not defined
ERROR in Agent H_28 process_reward at tick 79: name 'cells_to_relieve' is not defined
Traceback (most recent call last):
  File "/home/user/DisasterAI/DisasterAI_Model.py", line 1315, in process_reward
    for cell in cells_to_relieve:
                ^^^^^^^^^^^^^^^^
NameError: name 'cells_to_relieve' is not defined
ERROR in Agent H_15 process_reward at tick 79: name 'cells_to_relieve' is not defined
Traceback (most recent call last):
  File "/home/user/DisasterAI/DisasterAI_Model.py", line 1315, in process_reward
    for cell in cells_to_relieve:
                ^^^^^^^^^^^^^^^^
NameError: name 'cells_to_relieve' is not defined
ERROR in Agent H_26 process_reward at tick 79: name 'cells_to_relieve' is not defined
Traceback (most recent call last):
  File "/home/user/DisasterAI/DisasterAI_Model.py", line 1315, in process_reward
    for cell in cells_to_relieve:
                ^^^^^^^^^^^^^^^^
NameError: name 'cells_to_relieve' is not defined
ERROR in Agent H_37 process_reward at tick 79: name 'cells_to_relieve' is not defined
Traceback (most recent call last):
  File "/home/user/DisasterAI/DisasterAI_Model.py", line 1315, in process_reward
    for cell in cells_to_relieve:
                ^^^^^^^^^^^^^^^^
NameError: name 'cells_to_relieve' is not defined
ERROR in Agent H_12 process_reward at tick 79: name 'cells_to_relieve' is not defined
Traceback (most recent call last):
  File "/home/user/DisasterAI/DisasterAI_Model.py", line 1315, in process_reward
    for cell in cells_to_relieve:
                ^^^^^^^^^^^^^^^^
NameError: name 'cells_to_relieve' is not defined
ERROR in Agent H_38 process_reward at tick 79: name 'cells_to_relieve' is not defined
Traceback (most recent call last):
  File "/home/user/DisasterAI/DisasterAI_Model.py", line 1315, in process_reward
    for cell in cells_to_relieve:
                ^^^^^^^^^^^^^^^^
NameError: name 'cells_to_relieve' is not defined
ERROR in Agent H_3 process_reward at tick 80: name 'cells_to_relieve' is not defined
Traceback (most recent call last):
  File "/home/user/DisasterAI/DisasterAI_Model.py", line 1315, in process_reward
    for cell in cells_to_relieve:
                ^^^^^^^^^^^^^^^^
NameError: name 'cells_to_relieve' is not defined
ERROR in Agent H_32 process_reward at tick 80: name 'cells_to_relieve' is not defined
Traceback (most recent call last):
  File "/home/user/DisasterAI/DisasterAI_Model.py", line 1315, in process_reward
    for cell in cells_to_relieve:
                ^^^^^^^^^^^^^^^^
NameError: name 'cells_to_relieve' is not defined
ERROR in Agent H_18 process_reward at tick 80: name 'cells_to_relieve' is not defined
Traceback (most recent call last):
  File "/home/user/DisasterAI/DisasterAI_Model.py", line 1315, in process_reward
    for cell in cells_to_relieve:
                ^^^^^^^^^^^^^^^^
NameError: name 'cells_to_relieve' is not defined
ERROR in Agent H_8 process_reward at tick 80: name 'cells_to_relieve' is not defined
Traceback (most recent call last):
  File "/home/user/DisasterAI/DisasterAI_Model.py", line 1315, in process_reward
    for cell in cells_to_relieve:
                ^^^^^^^^^^^^^^^^
NameError: name 'cells_to_relieve' is not defined
ERROR in Agent H_23 process_reward at tick 80: name 'cells_to_relieve' is not defined
Traceback (most recent call last):
  File "/home/user/DisasterAI/DisasterAI_Model.py", line 1315, in process_reward
    for cell in cells_to_relieve:
                ^^^^^^^^^^^^^^^^
NameError: name 'cells_to_relieve' is not defined
ERROR in Agent H_16 process_reward at tick 80: name 'cells_to_relieve' is not defined
Traceback (most recent call last):
  File "/home/user/DisasterAI/DisasterAI_Model.py", line 1315, in process_reward
    for cell in cells_to_relieve:
                ^^^^^^^^^^^^^^^^
NameError: name 'cells_to_relieve' is not defined
ERROR in Agent H_40 process_reward at tick 80: name 'cells_to_relieve' is not defined
Traceback (most recent call last):
  File "/home/user/DisasterAI/DisasterAI_Model.py", line 1315, in process_reward
    for cell in cells_to_relieve:
                ^^^^^^^^^^^^^^^^
NameError: name 'cells_to_relieve' is not defined
ERROR in Agent H_33 process_reward at tick 80: name 'cells_to_relieve' is not defined
Traceback (most recent call last):
  File "/home/user/DisasterAI/DisasterAI_Model.py", line 1315, in process_reward
    for cell in cells_to_relieve:
                ^^^^^^^^^^^^^^^^
NameError: name 'cells_to_relieve' is not defined
ERROR in Agent H_30 process_reward at tick 80: name 'cells_to_relieve' is not defined
Traceback (most recent call last):
  File "/home/user/DisasterAI/DisasterAI_Model.py", line 1315, in process_reward
    for cell in cells_to_relieve:
                ^^^^^^^^^^^^^^^^
NameError: name 'cells_to_relieve' is not defined
ERROR in Agent H_47 process_reward at tick 80: name 'cells_to_relieve' is not defined
Traceback (most recent call last):
  File "/home/user/DisasterAI/DisasterAI_Model.py", line 1315, in process_reward
    for cell in cells_to_relieve:
                ^^^^^^^^^^^^^^^^
NameError: name 'cells_to_relieve' is not defined
ERROR in Agent H_7 process_reward at tick 80: name 'cells_to_relieve' is not defined
Traceback (most recent call last):
  File "/home/user/DisasterAI/DisasterAI_Model.py", line 1315, in process_reward
    for cell in cells_to_relieve:
                ^^^^^^^^^^^^^^^^
NameError: name 'cells_to_relieve' is not defined
ERROR in Agent H_20 process_reward at tick 80: name 'cells_to_relieve' is not defined
Traceback (most recent call last):
  File "/home/user/DisasterAI/DisasterAI_Model.py", line 1315, in process_reward
    for cell in cells_to_relieve:
                ^^^^^^^^^^^^^^^^
NameError: name 'cells_to_relieve' is not defined
ERROR in Agent H_37 process_reward at tick 80: name 'cells_to_relieve' is not defined
Traceback (most recent call last):
  File "/home/user/DisasterAI/DisasterAI_Model.py", line 1315, in process_reward
    for cell in cells_to_relieve:
                ^^^^^^^^^^^^^^^^
NameError: name 'cells_to_relieve' is not defined
ERROR in Agent H_28 process_reward at tick 80: name 'cells_to_relieve' is not defined
Traceback (most recent call last):
  File "/home/user/DisasterAI/DisasterAI_Model.py", line 1315, in process_reward
    for cell in cells_to_relieve:
                ^^^^^^^^^^^^^^^^
NameError: name 'cells_to_relieve' is not defined
ERROR in Agent H_21 process_reward at tick 80: name 'cells_to_relieve' is not defined
Traceback (most recent call last):
  File "/home/user/DisasterAI/DisasterAI_Model.py", line 1315, in process_reward
    for cell in cells_to_relieve:
                ^^^^^^^^^^^^^^^^
NameError: name 'cells_to_relieve' is not defined
ERROR in Agent H_19 process_reward at tick 80: name 'cells_to_relieve' is not defined
Traceback (most recent call last):
  File "/home/user/DisasterAI/DisasterAI_Model.py", line 1315, in process_reward
    for cell in cells_to_relieve:
                ^^^^^^^^^^^^^^^^
NameError: name 'cells_to_relieve' is not defined
ERROR in Agent H_11 process_reward at tick 80: name 'cells_to_relieve' is not defined
Traceback (most recent call last):
  File "/home/user/DisasterAI/DisasterAI_Model.py", line 1315, in process_reward
    for cell in cells_to_relieve:
                ^^^^^^^^^^^^^^^^
NameError: name 'cells_to_relieve' is not defined
ERROR in Agent H_27 process_reward at tick 80: name 'cells_to_relieve' is not defined
Traceback (most recent call last):
  File "/home/user/DisasterAI/DisasterAI_Model.py", line 1315, in process_reward
    for cell in cells_to_relieve:
                ^^^^^^^^^^^^^^^^
NameError: name 'cells_to_relieve' is not defined
ERROR in Agent H_41 process_reward at tick 80: name 'cells_to_relieve' is not defined
Traceback (most recent call last):
  File "/home/user/DisasterAI/DisasterAI_Model.py", line 1315, in process_reward
    for cell in cells_to_relieve:
                ^^^^^^^^^^^^^^^^
NameError: name 'cells_to_relieve' is not defined
ERROR in Agent H_9 process_reward at tick 80: name 'cells_to_relieve' is not defined
Traceback (most recent call last):
  File "/home/user/DisasterAI/DisasterAI_Model.py", line 1315, in process_reward
    for cell in cells_to_relieve:
                ^^^^^^^^^^^^^^^^
NameError: name 'cells_to_relieve' is not defined
ERROR in Agent H_14 process_reward at tick 80: name 'cells_to_relieve' is not defined
Traceback (most recent call last):
  File "/home/user/DisasterAI/DisasterAI_Model.py", line 1315, in process_reward
    for cell in cells_to_relieve:
                ^^^^^^^^^^^^^^^^
NameError: name 'cells_to_relieve' is not defined
ERROR in Agent H_17 process_reward at tick 80: name 'cells_to_relieve' is not defined
Traceback (most recent call last):
  File "/home/user/DisasterAI/DisasterAI_Model.py", line 1315, in process_reward
    for cell in cells_to_relieve:
                ^^^^^^^^^^^^^^^^
NameError: name 'cells_to_relieve' is not defined
ERROR in Agent H_12 process_reward at tick 80: name 'cells_to_relieve' is not defined
Traceback (most recent call last):
  File "/home/user/DisasterAI/DisasterAI_Model.py", line 1315, in process_reward
    for cell in cells_to_relieve:
                ^^^^^^^^^^^^^^^^
NameError: name 'cells_to_relieve' is not defined
ERROR in Agent H_6 process_reward at tick 80: name 'cells_to_relieve' is not defined
Traceback (most recent call last):
  File "/home/user/DisasterAI/DisasterAI_Model.py", line 1315, in process_reward
    for cell in cells_to_relieve:
                ^^^^^^^^^^^^^^^^
NameError: name 'cells_to_relieve' is not defined
ERROR in Agent H_34 process_reward at tick 80: name 'cells_to_relieve' is not defined
Traceback (most recent call last):
  File "/home/user/DisasterAI/DisasterAI_Model.py", line 1315, in process_reward
    for cell in cells_to_relieve:
                ^^^^^^^^^^^^^^^^
NameError: name 'cells_to_relieve' is not defined
ERROR in Agent H_38 process_reward at tick 80: name 'cells_to_relieve' is not defined
Traceback (most recent call last):
  File "/home/user/DisasterAI/DisasterAI_Model.py", line 1315, in process_reward
    for cell in cells_to_relieve:
                ^^^^^^^^^^^^^^^^
NameError: name 'cells_to_relieve' is not defined
ERROR in Agent H_43 process_reward at tick 80: name 'cells_to_relieve' is not defined
Traceback (most recent call last):
  File "/home/user/DisasterAI/DisasterAI_Model.py", line 1315, in process_reward
    for cell in cells_to_relieve:
                ^^^^^^^^^^^^^^^^
NameError: name 'cells_to_relieve' is not defined
ERROR in Agent H_45 process_reward at tick 80: name 'cells_to_relieve' is not defined
Traceback (most recent call last):
  File "/home/user/DisasterAI/DisasterAI_Model.py", line 1315, in process_reward
    for cell in cells_to_relieve:
                ^^^^^^^^^^^^^^^^
NameError: name 'cells_to_relieve' is not defined
ERROR in Agent H_31 process_reward at tick 80: name 'cells_to_relieve' is not defined
Traceback (most recent call last):
  File "/home/user/DisasterAI/DisasterAI_Model.py", line 1315, in process_reward
    for cell in cells_to_relieve:
                ^^^^^^^^^^^^^^^^
NameError: name 'cells_to_relieve' is not defined
ERROR in Agent H_26 process_reward at tick 80: name 'cells_to_relieve' is not defined
Traceback (most recent call last):
  File "/home/user/DisasterAI/DisasterAI_Model.py", line 1315, in process_reward
    for cell in cells_to_relieve:
                ^^^^^^^^^^^^^^^^
NameError: name 'cells_to_relieve' is not defined

DEBUG: Starting AECI variance calculation at tick 80
  Found 0/50 AI-reliant agents
  Global belief variance: 0.0443
  WARNING: Invalid global variance (0.044290897499999995) or no AI-reliant agents
  Returning AECI variance tuple: (80, 0.0)
  Current aeci_variance_data length: 80
  Last 3 entries: [(78, 0.0), (79, 0.0), (80, 0.0)]

--- Retainment Diagnostics at Tick 80 ---
Agent H_0 (exploitative) retainment stats:
  accepted_human: 8, accepted_friend: 8, accepted_ai: 2
  retain_aeci: 0.20, retain_seci: 0.80
Agent H_1 (exploitative) retainment stats:
  accepted_human: 0, accepted_friend: 0, accepted_ai: 0
  No acceptances recorded
Agent H_2 (exploitative) retainment stats:
  accepted_human: 34, accepted_friend: 34, accepted_ai: 0
  retain_aeci: 0.00, retain_seci: 1.00
ERROR in Agent H_9 process_reward at tick 81: name 'cells_to_relieve' is not defined
Traceback (most recent call last):
  File "/home/user/DisasterAI/DisasterAI_Model.py", line 1315, in process_reward
    for cell in cells_to_relieve:
                ^^^^^^^^^^^^^^^^
NameError: name 'cells_to_relieve' is not defined
ERROR in Agent H_36 process_reward at tick 81: name 'cells_to_relieve' is not defined
Traceback (most recent call last):
  File "/home/user/DisasterAI/DisasterAI_Model.py", line 1315, in process_reward
    for cell in cells_to_relieve:
                ^^^^^^^^^^^^^^^^
NameError: name 'cells_to_relieve' is not defined
ERROR in Agent H_3 process_reward at tick 81: name 'cells_to_relieve' is not defined
Traceback (most recent call last):
  File "/home/user/DisasterAI/DisasterAI_Model.py", line 1315, in process_reward
    for cell in cells_to_relieve:
                ^^^^^^^^^^^^^^^^
NameError: name 'cells_to_relieve' is not defined
ERROR in Agent H_44 process_reward at tick 81: name 'cells_to_relieve' is not defined
Traceback (most recent call last):
  File "/home/user/DisasterAI/DisasterAI_Model.py", line 1315, in process_reward
    for cell in cells_to_relieve:
                ^^^^^^^^^^^^^^^^
NameError: name 'cells_to_relieve' is not defined
ERROR in Agent H_34 process_reward at tick 81: name 'cells_to_relieve' is not defined
Traceback (most recent call last):
  File "/home/user/DisasterAI/DisasterAI_Model.py", line 1315, in process_reward
    for cell in cells_to_relieve:
                ^^^^^^^^^^^^^^^^
NameError: name 'cells_to_relieve' is not defined
ERROR in Agent H_42 process_reward at tick 81: name 'cells_to_relieve' is not defined
Traceback (most recent call last):
  File "/home/user/DisasterAI/DisasterAI_Model.py", line 1315, in process_reward
    for cell in cells_to_relieve:
                ^^^^^^^^^^^^^^^^
NameError: name 'cells_to_relieve' is not defined
ERROR in Agent H_4 process_reward at tick 81: name 'cells_to_relieve' is not defined
Traceback (most recent call last):
  File "/home/user/DisasterAI/DisasterAI_Model.py", line 1315, in process_reward
    for cell in cells_to_relieve:
                ^^^^^^^^^^^^^^^^
NameError: name 'cells_to_relieve' is not defined
ERROR in Agent H_11 process_reward at tick 81: name 'cells_to_relieve' is not defined
Traceback (most recent call last):
  File "/home/user/DisasterAI/DisasterAI_Model.py", line 1315, in process_reward
    for cell in cells_to_relieve:
                ^^^^^^^^^^^^^^^^
NameError: name 'cells_to_relieve' is not defined
ERROR in Agent H_47 process_reward at tick 81: name 'cells_to_relieve' is not defined
Traceback (most recent call last):
  File "/home/user/DisasterAI/DisasterAI_Model.py", line 1315, in process_reward
    for cell in cells_to_relieve:
                ^^^^^^^^^^^^^^^^
NameError: name 'cells_to_relieve' is not defined
ERROR in Agent H_8 process_reward at tick 81: name 'cells_to_relieve' is not defined
Traceback (most recent call last):
  File "/home/user/DisasterAI/DisasterAI_Model.py", line 1315, in process_reward
    for cell in cells_to_relieve:
                ^^^^^^^^^^^^^^^^
NameError: name 'cells_to_relieve' is not defined
ERROR in Agent H_39 process_reward at tick 81: name 'cells_to_relieve' is not defined
Traceback (most recent call last):
  File "/home/user/DisasterAI/DisasterAI_Model.py", line 1315, in process_reward
    for cell in cells_to_relieve:
                ^^^^^^^^^^^^^^^^
NameError: name 'cells_to_relieve' is not defined
ERROR in Agent H_46 process_reward at tick 81: name 'cells_to_relieve' is not defined
Traceback (most recent call last):
  File "/home/user/DisasterAI/DisasterAI_Model.py", line 1315, in process_reward
    for cell in cells_to_relieve:
                ^^^^^^^^^^^^^^^^
NameError: name 'cells_to_relieve' is not defined
ERROR in Agent H_29 process_reward at tick 81: name 'cells_to_relieve' is not defined
Traceback (most recent call last):
  File "/home/user/DisasterAI/DisasterAI_Model.py", line 1315, in process_reward
    for cell in cells_to_relieve:
                ^^^^^^^^^^^^^^^^
NameError: name 'cells_to_relieve' is not defined
ERROR in Agent H_2 process_reward at tick 81: name 'cells_to_relieve' is not defined
Traceback (most recent call last):
  File "/home/user/DisasterAI/DisasterAI_Model.py", line 1315, in process_reward
    for cell in cells_to_relieve:
                ^^^^^^^^^^^^^^^^
NameError: name 'cells_to_relieve' is not defined
ERROR in Agent H_27 process_reward at tick 81: name 'cells_to_relieve' is not defined
Traceback (most recent call last):
  File "/home/user/DisasterAI/DisasterAI_Model.py", line 1315, in process_reward
    for cell in cells_to_relieve:
                ^^^^^^^^^^^^^^^^
NameError: name 'cells_to_relieve' is not defined
ERROR in Agent H_18 process_reward at tick 81: name 'cells_to_relieve' is not defined
Traceback (most recent call last):
  File "/home/user/DisasterAI/DisasterAI_Model.py", line 1315, in process_reward
    for cell in cells_to_relieve:
                ^^^^^^^^^^^^^^^^
NameError: name 'cells_to_relieve' is not defined
ERROR in Agent H_21 process_reward at tick 81: name 'cells_to_relieve' is not defined
Traceback (most recent call last):
  File "/home/user/DisasterAI/DisasterAI_Model.py", line 1315, in process_reward
    for cell in cells_to_relieve:
                ^^^^^^^^^^^^^^^^
NameError: name 'cells_to_relieve' is not defined
ERROR in Agent H_49 process_reward at tick 81: name 'cells_to_relieve' is not defined
Traceback (most recent call last):
  File "/home/user/DisasterAI/DisasterAI_Model.py", line 1315, in process_reward
    for cell in cells_to_relieve:
                ^^^^^^^^^^^^^^^^
NameError: name 'cells_to_relieve' is not defined
ERROR in Agent H_5 process_reward at tick 81: name 'cells_to_relieve' is not defined
Traceback (most recent call last):
  File "/home/user/DisasterAI/DisasterAI_Model.py", line 1315, in process_reward
    for cell in cells_to_relieve:
                ^^^^^^^^^^^^^^^^
NameError: name 'cells_to_relieve' is not defined
ERROR in Agent H_24 process_reward at tick 81: name 'cells_to_relieve' is not defined
Traceback (most recent call last):
  File "/home/user/DisasterAI/DisasterAI_Model.py", line 1315, in process_reward
    for cell in cells_to_relieve:
                ^^^^^^^^^^^^^^^^
NameError: name 'cells_to_relieve' is not defined
ERROR in Agent H_41 process_reward at tick 81: name 'cells_to_relieve' is not defined
Traceback (most recent call last):
  File "/home/user/DisasterAI/DisasterAI_Model.py", line 1315, in process_reward
    for cell in cells_to_relieve:
                ^^^^^^^^^^^^^^^^
NameError: name 'cells_to_relieve' is not defined
ERROR in Agent H_20 process_reward at tick 81: name 'cells_to_relieve' is not defined
Traceback (most recent call last):
  File "/home/user/DisasterAI/DisasterAI_Model.py", line 1315, in process_reward
    for cell in cells_to_relieve:
                ^^^^^^^^^^^^^^^^
NameError: name 'cells_to_relieve' is not defined
ERROR in Agent H_17 process_reward at tick 81: name 'cells_to_relieve' is not defined
Traceback (most recent call last):
  File "/home/user/DisasterAI/DisasterAI_Model.py", line 1315, in process_reward
    for cell in cells_to_relieve:
                ^^^^^^^^^^^^^^^^
NameError: name 'cells_to_relieve' is not defined
ERROR in Agent H_35 process_reward at tick 81: name 'cells_to_relieve' is not defined
Traceback (most recent call last):
  File "/home/user/DisasterAI/DisasterAI_Model.py", line 1315, in process_reward
    for cell in cells_to_relieve:
                ^^^^^^^^^^^^^^^^
NameError: name 'cells_to_relieve' is not defined
ERROR in Agent H_40 process_reward at tick 81: name 'cells_to_relieve' is not defined
Traceback (most recent call last):
  File "/home/user/DisasterAI/DisasterAI_Model.py", line 1315, in process_reward
    for cell in cells_to_relieve:
                ^^^^^^^^^^^^^^^^
NameError: name 'cells_to_relieve' is not defined
ERROR in Agent H_22 process_reward at tick 81: name 'cells_to_relieve' is not defined
Traceback (most recent call last):
  File "/home/user/DisasterAI/DisasterAI_Model.py", line 1315, in process_reward
    for cell in cells_to_relieve:
                ^^^^^^^^^^^^^^^^
NameError: name 'cells_to_relieve' is not defined
ERROR in Agent H_25 process_reward at tick 81: name 'cells_to_relieve' is not defined
Traceback (most recent call last):
  File "/home/user/DisasterAI/DisasterAI_Model.py", line 1315, in process_reward
    for cell in cells_to_relieve:
                ^^^^^^^^^^^^^^^^
NameError: name 'cells_to_relieve' is not defined
ERROR in Agent H_16 process_reward at tick 81: name 'cells_to_relieve' is not defined
Traceback (most recent call last):
  File "/home/user/DisasterAI/DisasterAI_Model.py", line 1315, in process_reward
    for cell in cells_to_relieve:
                ^^^^^^^^^^^^^^^^
NameError: name 'cells_to_relieve' is not defined
ERROR in Agent H_31 process_reward at tick 81: name 'cells_to_relieve' is not defined
Traceback (most recent call last):
  File "/home/user/DisasterAI/DisasterAI_Model.py", line 1315, in process_reward
    for cell in cells_to_relieve:
                ^^^^^^^^^^^^^^^^
NameError: name 'cells_to_relieve' is not defined
ERROR in Agent H_33 process_reward at tick 81: name 'cells_to_relieve' is not defined
Traceback (most recent call last):
  File "/home/user/DisasterAI/DisasterAI_Model.py", line 1315, in process_reward
    for cell in cells_to_relieve:
                ^^^^^^^^^^^^^^^^
NameError: name 'cells_to_relieve' is not defined
ERROR in Agent H_1 process_reward at tick 81: name 'cells_to_relieve' is not defined
Traceback (most recent call last):
  File "/home/user/DisasterAI/DisasterAI_Model.py", line 1315, in process_reward
    for cell in cells_to_relieve:
                ^^^^^^^^^^^^^^^^
NameError: name 'cells_to_relieve' is not defined
ERROR in Agent H_15 process_reward at tick 81: name 'cells_to_relieve' is not defined
Traceback (most recent call last):
  File "/home/user/DisasterAI/DisasterAI_Model.py", line 1315, in process_reward
    for cell in cells_to_relieve:
                ^^^^^^^^^^^^^^^^
NameError: name 'cells_to_relieve' is not defined
ERROR in Agent H_13 process_reward at tick 81: name 'cells_to_relieve' is not defined
Traceback (most recent call last):
  File "/home/user/DisasterAI/DisasterAI_Model.py", line 1315, in process_reward
    for cell in cells_to_relieve:
                ^^^^^^^^^^^^^^^^
NameError: name 'cells_to_relieve' is not defined
ERROR in Agent H_28 process_reward at tick 81: name 'cells_to_relieve' is not defined
Traceback (most recent call last):
  File "/home/user/DisasterAI/DisasterAI_Model.py", line 1315, in process_reward
    for cell in cells_to_relieve:
                ^^^^^^^^^^^^^^^^
NameError: name 'cells_to_relieve' is not defined
ERROR in Agent H_45 process_reward at tick 81: name 'cells_to_relieve' is not defined
Traceback (most recent call last):
  File "/home/user/DisasterAI/DisasterAI_Model.py", line 1315, in process_reward
    for cell in cells_to_relieve:
                ^^^^^^^^^^^^^^^^
NameError: name 'cells_to_relieve' is not defined
ERROR in Agent H_14 process_reward at tick 81: name 'cells_to_relieve' is not defined
Traceback (most recent call last):
  File "/home/user/DisasterAI/DisasterAI_Model.py", line 1315, in process_reward
    for cell in cells_to_relieve:
                ^^^^^^^^^^^^^^^^
NameError: name 'cells_to_relieve' is not defined
ERROR in Agent H_6 process_reward at tick 81: name 'cells_to_relieve' is not defined
Traceback (most recent call last):
  File "/home/user/DisasterAI/DisasterAI_Model.py", line 1315, in process_reward
    for cell in cells_to_relieve:
                ^^^^^^^^^^^^^^^^
NameError: name 'cells_to_relieve' is not defined
ERROR in Agent H_38 process_reward at tick 81: name 'cells_to_relieve' is not defined
Traceback (most recent call last):
  File "/home/user/DisasterAI/DisasterAI_Model.py", line 1315, in process_reward
    for cell in cells_to_relieve:
                ^^^^^^^^^^^^^^^^
NameError: name 'cells_to_relieve' is not defined
ERROR in Agent H_47 process_reward at tick 82: name 'cells_to_relieve' is not defined
Traceback (most recent call last):
  File "/home/user/DisasterAI/DisasterAI_Model.py", line 1315, in process_reward
    for cell in cells_to_relieve:
                ^^^^^^^^^^^^^^^^
NameError: name 'cells_to_relieve' is not defined
ERROR in Agent H_30 process_reward at tick 82: name 'cells_to_relieve' is not defined
Traceback (most recent call last):
  File "/home/user/DisasterAI/DisasterAI_Model.py", line 1315, in process_reward
    for cell in cells_to_relieve:
                ^^^^^^^^^^^^^^^^
NameError: name 'cells_to_relieve' is not defined
ERROR in Agent H_21 process_reward at tick 82: name 'cells_to_relieve' is not defined
Traceback (most recent call last):
  File "/home/user/DisasterAI/DisasterAI_Model.py", line 1315, in process_reward
    for cell in cells_to_relieve:
                ^^^^^^^^^^^^^^^^
NameError: name 'cells_to_relieve' is not defined
ERROR in Agent H_24 process_reward at tick 82: name 'cells_to_relieve' is not defined
Traceback (most recent call last):
  File "/home/user/DisasterAI/DisasterAI_Model.py", line 1315, in process_reward
    for cell in cells_to_relieve:
                ^^^^^^^^^^^^^^^^
NameError: name 'cells_to_relieve' is not defined
ERROR in Agent H_29 process_reward at tick 82: name 'cells_to_relieve' is not defined
Traceback (most recent call last):
  File "/home/user/DisasterAI/DisasterAI_Model.py", line 1315, in process_reward
    for cell in cells_to_relieve:
                ^^^^^^^^^^^^^^^^
NameError: name 'cells_to_relieve' is not defined
ERROR in Agent H_41 process_reward at tick 82: name 'cells_to_relieve' is not defined
Traceback (most recent call last):
  File "/home/user/DisasterAI/DisasterAI_Model.py", line 1315, in process_reward
    for cell in cells_to_relieve:
                ^^^^^^^^^^^^^^^^
NameError: name 'cells_to_relieve' is not defined
ERROR in Agent H_1 process_reward at tick 82: name 'cells_to_relieve' is not defined
Traceback (most recent call last):
  File "/home/user/DisasterAI/DisasterAI_Model.py", line 1315, in process_reward
    for cell in cells_to_relieve:
                ^^^^^^^^^^^^^^^^
NameError: name 'cells_to_relieve' is not defined
ERROR in Agent H_2 process_reward at tick 82: name 'cells_to_relieve' is not defined
Traceback (most recent call last):
  File "/home/user/DisasterAI/DisasterAI_Model.py", line 1315, in process_reward
    for cell in cells_to_relieve:
                ^^^^^^^^^^^^^^^^
NameError: name 'cells_to_relieve' is not defined
ERROR in Agent H_22 process_reward at tick 82: name 'cells_to_relieve' is not defined
Traceback (most recent call last):
  File "/home/user/DisasterAI/DisasterAI_Model.py", line 1315, in process_reward
    for cell in cells_to_relieve:
                ^^^^^^^^^^^^^^^^
NameError: name 'cells_to_relieve' is not defined
ERROR in Agent H_0 process_reward at tick 82: name 'cells_to_relieve' is not defined
Traceback (most recent call last):
  File "/home/user/DisasterAI/DisasterAI_Model.py", line 1315, in process_reward
    for cell in cells_to_relieve:
                ^^^^^^^^^^^^^^^^
NameError: name 'cells_to_relieve' is not defined
ERROR in Agent H_8 process_reward at tick 82: name 'cells_to_relieve' is not defined
Traceback (most recent call last):
  File "/home/user/DisasterAI/DisasterAI_Model.py", line 1315, in process_reward
    for cell in cells_to_relieve:
                ^^^^^^^^^^^^^^^^
NameError: name 'cells_to_relieve' is not defined
ERROR in Agent H_16 process_reward at tick 82: name 'cells_to_relieve' is not defined
Traceback (most recent call last):
  File "/home/user/DisasterAI/DisasterAI_Model.py", line 1315, in process_reward
    for cell in cells_to_relieve:
                ^^^^^^^^^^^^^^^^
NameError: name 'cells_to_relieve' is not defined
ERROR in Agent H_42 process_reward at tick 82: name 'cells_to_relieve' is not defined
Traceback (most recent call last):
  File "/home/user/DisasterAI/DisasterAI_Model.py", line 1315, in process_reward
    for cell in cells_to_relieve:
                ^^^^^^^^^^^^^^^^
NameError: name 'cells_to_relieve' is not defined
ERROR in Agent H_44 process_reward at tick 82: name 'cells_to_relieve' is not defined
Traceback (most recent call last):
  File "/home/user/DisasterAI/DisasterAI_Model.py", line 1315, in process_reward
    for cell in cells_to_relieve:
                ^^^^^^^^^^^^^^^^
NameError: name 'cells_to_relieve' is not defined
ERROR in Agent H_15 process_reward at tick 82: name 'cells_to_relieve' is not defined
Traceback (most recent call last):
  File "/home/user/DisasterAI/DisasterAI_Model.py", line 1315, in process_reward
    for cell in cells_to_relieve:
                ^^^^^^^^^^^^^^^^
NameError: name 'cells_to_relieve' is not defined
ERROR in Agent H_40 process_reward at tick 82: name 'cells_to_relieve' is not defined
Traceback (most recent call last):
  File "/home/user/DisasterAI/DisasterAI_Model.py", line 1315, in process_reward
    for cell in cells_to_relieve:
                ^^^^^^^^^^^^^^^^
NameError: name 'cells_to_relieve' is not defined
ERROR in Agent H_19 process_reward at tick 82: name 'cells_to_relieve' is not defined
Traceback (most recent call last):
  File "/home/user/DisasterAI/DisasterAI_Model.py", line 1315, in process_reward
    for cell in cells_to_relieve:
                ^^^^^^^^^^^^^^^^
NameError: name 'cells_to_relieve' is not defined
ERROR in Agent H_32 process_reward at tick 82: name 'cells_to_relieve' is not defined
Traceback (most recent call last):
  File "/home/user/DisasterAI/DisasterAI_Model.py", line 1315, in process_reward
    for cell in cells_to_relieve:
                ^^^^^^^^^^^^^^^^
NameError: name 'cells_to_relieve' is not defined
ERROR in Agent H_38 process_reward at tick 82: name 'cells_to_relieve' is not defined
Traceback (most recent call last):
  File "/home/user/DisasterAI/DisasterAI_Model.py", line 1315, in process_reward
    for cell in cells_to_relieve:
                ^^^^^^^^^^^^^^^^
NameError: name 'cells_to_relieve' is not defined
ERROR in Agent H_5 process_reward at tick 82: name 'cells_to_relieve' is not defined
Traceback (most recent call last):
  File "/home/user/DisasterAI/DisasterAI_Model.py", line 1315, in process_reward
    for cell in cells_to_relieve:
                ^^^^^^^^^^^^^^^^
NameError: name 'cells_to_relieve' is not defined
ERROR in Agent H_23 process_reward at tick 82: name 'cells_to_relieve' is not defined
Traceback (most recent call last):
  File "/home/user/DisasterAI/DisasterAI_Model.py", line 1315, in process_reward
    for cell in cells_to_relieve:
                ^^^^^^^^^^^^^^^^
NameError: name 'cells_to_relieve' is not defined
ERROR in Agent H_12 process_reward at tick 82: name 'cells_to_relieve' is not defined
Traceback (most recent call last):
  File "/home/user/DisasterAI/DisasterAI_Model.py", line 1315, in process_reward
    for cell in cells_to_relieve:
                ^^^^^^^^^^^^^^^^
NameError: name 'cells_to_relieve' is not defined
ERROR in Agent H_39 process_reward at tick 82: name 'cells_to_relieve' is not defined
Traceback (most recent call last):
  File "/home/user/DisasterAI/DisasterAI_Model.py", line 1315, in process_reward
    for cell in cells_to_relieve:
                ^^^^^^^^^^^^^^^^
NameError: name 'cells_to_relieve' is not defined
ERROR in Agent H_28 process_reward at tick 82: name 'cells_to_relieve' is not defined
Traceback (most recent call last):
  File "/home/user/DisasterAI/DisasterAI_Model.py", line 1315, in process_reward
    for cell in cells_to_relieve:
                ^^^^^^^^^^^^^^^^
NameError: name 'cells_to_relieve' is not defined
ERROR in Agent H_46 process_reward at tick 82: name 'cells_to_relieve' is not defined
Traceback (most recent call last):
  File "/home/user/DisasterAI/DisasterAI_Model.py", line 1315, in process_reward
    for cell in cells_to_relieve:
                ^^^^^^^^^^^^^^^^
NameError: name 'cells_to_relieve' is not defined
ERROR in Agent H_35 process_reward at tick 82: name 'cells_to_relieve' is not defined
Traceback (most recent call last):
  File "/home/user/DisasterAI/DisasterAI_Model.py", line 1315, in process_reward
    for cell in cells_to_relieve:
                ^^^^^^^^^^^^^^^^
NameError: name 'cells_to_relieve' is not defined
ERROR in Agent H_45 process_reward at tick 82: name 'cells_to_relieve' is not defined
Traceback (most recent call last):
  File "/home/user/DisasterAI/DisasterAI_Model.py", line 1315, in process_reward
    for cell in cells_to_relieve:
                ^^^^^^^^^^^^^^^^
NameError: name 'cells_to_relieve' is not defined
ERROR in Agent H_33 process_reward at tick 82: name 'cells_to_relieve' is not defined
Traceback (most recent call last):
  File "/home/user/DisasterAI/DisasterAI_Model.py", line 1315, in process_reward
    for cell in cells_to_relieve:
                ^^^^^^^^^^^^^^^^
NameError: name 'cells_to_relieve' is not defined
ERROR in Agent H_31 process_reward at tick 82: name 'cells_to_relieve' is not defined
Traceback (most recent call last):
  File "/home/user/DisasterAI/DisasterAI_Model.py", line 1315, in process_reward
    for cell in cells_to_relieve:
                ^^^^^^^^^^^^^^^^
NameError: name 'cells_to_relieve' is not defined
ERROR in Agent H_7 process_reward at tick 82: name 'cells_to_relieve' is not defined
Traceback (most recent call last):
  File "/home/user/DisasterAI/DisasterAI_Model.py", line 1315, in process_reward
    for cell in cells_to_relieve:
                ^^^^^^^^^^^^^^^^
NameError: name 'cells_to_relieve' is not defined
ERROR in Agent H_11 process_reward at tick 82: name 'cells_to_relieve' is not defined
Traceback (most recent call last):
  File "/home/user/DisasterAI/DisasterAI_Model.py", line 1315, in process_reward
    for cell in cells_to_relieve:
                ^^^^^^^^^^^^^^^^
NameError: name 'cells_to_relieve' is not defined
ERROR in Agent H_13 process_reward at tick 82: name 'cells_to_relieve' is not defined
Traceback (most recent call last):
  File "/home/user/DisasterAI/DisasterAI_Model.py", line 1315, in process_reward
    for cell in cells_to_relieve:
                ^^^^^^^^^^^^^^^^
NameError: name 'cells_to_relieve' is not defined
ERROR in Agent H_26 process_reward at tick 83: name 'cells_to_relieve' is not defined
Traceback (most recent call last):
  File "/home/user/DisasterAI/DisasterAI_Model.py", line 1315, in process_reward
    for cell in cells_to_relieve:
                ^^^^^^^^^^^^^^^^
NameError: name 'cells_to_relieve' is not defined
ERROR in Agent H_45 process_reward at tick 83: name 'cells_to_relieve' is not defined
Traceback (most recent call last):
  File "/home/user/DisasterAI/DisasterAI_Model.py", line 1315, in process_reward
    for cell in cells_to_relieve:
                ^^^^^^^^^^^^^^^^
NameError: name 'cells_to_relieve' is not defined
ERROR in Agent H_11 process_reward at tick 83: name 'cells_to_relieve' is not defined
Traceback (most recent call last):
  File "/home/user/DisasterAI/DisasterAI_Model.py", line 1315, in process_reward
    for cell in cells_to_relieve:
                ^^^^^^^^^^^^^^^^
NameError: name 'cells_to_relieve' is not defined
ERROR in Agent H_4 process_reward at tick 83: name 'cells_to_relieve' is not defined
Traceback (most recent call last):
  File "/home/user/DisasterAI/DisasterAI_Model.py", line 1315, in process_reward
    for cell in cells_to_relieve:
                ^^^^^^^^^^^^^^^^
NameError: name 'cells_to_relieve' is not defined
ERROR in Agent H_29 process_reward at tick 83: name 'cells_to_relieve' is not defined
Traceback (most recent call last):
  File "/home/user/DisasterAI/DisasterAI_Model.py", line 1315, in process_reward
    for cell in cells_to_relieve:
                ^^^^^^^^^^^^^^^^
NameError: name 'cells_to_relieve' is not defined
ERROR in Agent H_44 process_reward at tick 83: name 'cells_to_relieve' is not defined
Traceback (most recent call last):
  File "/home/user/DisasterAI/DisasterAI_Model.py", line 1315, in process_reward
    for cell in cells_to_relieve:
                ^^^^^^^^^^^^^^^^
NameError: name 'cells_to_relieve' is not defined
ERROR in Agent H_6 process_reward at tick 83: name 'cells_to_relieve' is not defined
Traceback (most recent call last):
  File "/home/user/DisasterAI/DisasterAI_Model.py", line 1315, in process_reward
    for cell in cells_to_relieve:
                ^^^^^^^^^^^^^^^^
NameError: name 'cells_to_relieve' is not defined
ERROR in Agent H_25 process_reward at tick 83: name 'cells_to_relieve' is not defined
Traceback (most recent call last):
  File "/home/user/DisasterAI/DisasterAI_Model.py", line 1315, in process_reward
    for cell in cells_to_relieve:
                ^^^^^^^^^^^^^^^^
NameError: name 'cells_to_relieve' is not defined
ERROR in Agent H_38 process_reward at tick 83: name 'cells_to_relieve' is not defined
Traceback (most recent call last):
  File "/home/user/DisasterAI/DisasterAI_Model.py", line 1315, in process_reward
    for cell in cells_to_relieve:
                ^^^^^^^^^^^^^^^^
NameError: name 'cells_to_relieve' is not defined
ERROR in Agent H_5 process_reward at tick 83: name 'cells_to_relieve' is not defined
Traceback (most recent call last):
  File "/home/user/DisasterAI/DisasterAI_Model.py", line 1315, in process_reward
    for cell in cells_to_relieve:
                ^^^^^^^^^^^^^^^^
NameError: name 'cells_to_relieve' is not defined
ERROR in Agent H_46 process_reward at tick 83: name 'cells_to_relieve' is not defined
Traceback (most recent call last):
  File "/home/user/DisasterAI/DisasterAI_Model.py", line 1315, in process_reward
    for cell in cells_to_relieve:
                ^^^^^^^^^^^^^^^^
NameError: name 'cells_to_relieve' is not defined
ERROR in Agent H_22 process_reward at tick 83: name 'cells_to_relieve' is not defined
Traceback (most recent call last):
  File "/home/user/DisasterAI/DisasterAI_Model.py", line 1315, in process_reward
    for cell in cells_to_relieve:
                ^^^^^^^^^^^^^^^^
NameError: name 'cells_to_relieve' is not defined
ERROR in Agent H_48 process_reward at tick 83: name 'cells_to_relieve' is not defined
Traceback (most recent call last):
  File "/home/user/DisasterAI/DisasterAI_Model.py", line 1315, in process_reward
    for cell in cells_to_relieve:
                ^^^^^^^^^^^^^^^^
NameError: name 'cells_to_relieve' is not defined
ERROR in Agent H_0 process_reward at tick 83: name 'cells_to_relieve' is not defined
Traceback (most recent call last):
  File "/home/user/DisasterAI/DisasterAI_Model.py", line 1315, in process_reward
    for cell in cells_to_relieve:
                ^^^^^^^^^^^^^^^^
NameError: name 'cells_to_relieve' is not defined
ERROR in Agent H_49 process_reward at tick 83: name 'cells_to_relieve' is not defined
Traceback (most recent call last):
  File "/home/user/DisasterAI/DisasterAI_Model.py", line 1315, in process_reward
    for cell in cells_to_relieve:
                ^^^^^^^^^^^^^^^^
NameError: name 'cells_to_relieve' is not defined
ERROR in Agent H_24 process_reward at tick 83: name 'cells_to_relieve' is not defined
Traceback (most recent call last):
  File "/home/user/DisasterAI/DisasterAI_Model.py", line 1315, in process_reward
    for cell in cells_to_relieve:
                ^^^^^^^^^^^^^^^^
NameError: name 'cells_to_relieve' is not defined
ERROR in Agent H_14 process_reward at tick 83: name 'cells_to_relieve' is not defined
Traceback (most recent call last):
  File "/home/user/DisasterAI/DisasterAI_Model.py", line 1315, in process_reward
    for cell in cells_to_relieve:
                ^^^^^^^^^^^^^^^^
NameError: name 'cells_to_relieve' is not defined
ERROR in Agent H_18 process_reward at tick 83: name 'cells_to_relieve' is not defined
Traceback (most recent call last):
  File "/home/user/DisasterAI/DisasterAI_Model.py", line 1315, in process_reward
    for cell in cells_to_relieve:
                ^^^^^^^^^^^^^^^^
NameError: name 'cells_to_relieve' is not defined
ERROR in Agent H_42 process_reward at tick 83: name 'cells_to_relieve' is not defined
Traceback (most recent call last):
  File "/home/user/DisasterAI/DisasterAI_Model.py", line 1315, in process_reward
    for cell in cells_to_relieve:
                ^^^^^^^^^^^^^^^^
NameError: name 'cells_to_relieve' is not defined
ERROR in Agent H_21 process_reward at tick 83: name 'cells_to_relieve' is not defined
Traceback (most recent call last):
  File "/home/user/DisasterAI/DisasterAI_Model.py", line 1315, in process_reward
    for cell in cells_to_relieve:
                ^^^^^^^^^^^^^^^^
NameError: name 'cells_to_relieve' is not defined
ERROR in Agent H_2 process_reward at tick 83: name 'cells_to_relieve' is not defined
Traceback (most recent call last):
  File "/home/user/DisasterAI/DisasterAI_Model.py", line 1315, in process_reward
    for cell in cells_to_relieve:
                ^^^^^^^^^^^^^^^^
NameError: name 'cells_to_relieve' is not defined
ERROR in Agent H_33 process_reward at tick 83: name 'cells_to_relieve' is not defined
Traceback (most recent call last):
  File "/home/user/DisasterAI/DisasterAI_Model.py", line 1315, in process_reward
    for cell in cells_to_relieve:
                ^^^^^^^^^^^^^^^^
NameError: name 'cells_to_relieve' is not defined
ERROR in Agent H_7 process_reward at tick 83: name 'cells_to_relieve' is not defined
Traceback (most recent call last):
  File "/home/user/DisasterAI/DisasterAI_Model.py", line 1315, in process_reward
    for cell in cells_to_relieve:
                ^^^^^^^^^^^^^^^^
NameError: name 'cells_to_relieve' is not defined
ERROR in Agent H_37 process_reward at tick 83: name 'cells_to_relieve' is not defined
Traceback (most recent call last):
  File "/home/user/DisasterAI/DisasterAI_Model.py", line 1315, in process_reward
    for cell in cells_to_relieve:
                ^^^^^^^^^^^^^^^^
NameError: name 'cells_to_relieve' is not defined
ERROR in Agent H_36 process_reward at tick 83: name 'cells_to_relieve' is not defined
Traceback (most recent call last):
  File "/home/user/DisasterAI/DisasterAI_Model.py", line 1315, in process_reward
    for cell in cells_to_relieve:
                ^^^^^^^^^^^^^^^^
NameError: name 'cells_to_relieve' is not defined
ERROR in Agent H_17 process_reward at tick 83: name 'cells_to_relieve' is not defined
Traceback (most recent call last):
  File "/home/user/DisasterAI/DisasterAI_Model.py", line 1315, in process_reward
    for cell in cells_to_relieve:
                ^^^^^^^^^^^^^^^^
NameError: name 'cells_to_relieve' is not defined
ERROR in Agent H_30 process_reward at tick 83: name 'cells_to_relieve' is not defined
Traceback (most recent call last):
  File "/home/user/DisasterAI/DisasterAI_Model.py", line 1315, in process_reward
    for cell in cells_to_relieve:
                ^^^^^^^^^^^^^^^^
NameError: name 'cells_to_relieve' is not defined
ERROR in Agent H_43 process_reward at tick 83: name 'cells_to_relieve' is not defined
Traceback (most recent call last):
  File "/home/user/DisasterAI/DisasterAI_Model.py", line 1315, in process_reward
    for cell in cells_to_relieve:
                ^^^^^^^^^^^^^^^^
NameError: name 'cells_to_relieve' is not defined
ERROR in Agent H_17 process_reward at tick 84: name 'cells_to_relieve' is not defined
Traceback (most recent call last):
  File "/home/user/DisasterAI/DisasterAI_Model.py", line 1315, in process_reward
    for cell in cells_to_relieve:
                ^^^^^^^^^^^^^^^^
NameError: name 'cells_to_relieve' is not defined
ERROR in Agent H_32 process_reward at tick 84: name 'cells_to_relieve' is not defined
Traceback (most recent call last):
  File "/home/user/DisasterAI/DisasterAI_Model.py", line 1315, in process_reward
    for cell in cells_to_relieve:
                ^^^^^^^^^^^^^^^^
NameError: name 'cells_to_relieve' is not defined
ERROR in Agent H_0 process_reward at tick 84: name 'cells_to_relieve' is not defined
Traceback (most recent call last):
  File "/home/user/DisasterAI/DisasterAI_Model.py", line 1315, in process_reward
    for cell in cells_to_relieve:
                ^^^^^^^^^^^^^^^^
NameError: name 'cells_to_relieve' is not defined
ERROR in Agent H_20 process_reward at tick 84: name 'cells_to_relieve' is not defined
Traceback (most recent call last):
  File "/home/user/DisasterAI/DisasterAI_Model.py", line 1315, in process_reward
    for cell in cells_to_relieve:
                ^^^^^^^^^^^^^^^^
NameError: name 'cells_to_relieve' is not defined
ERROR in Agent H_29 process_reward at tick 84: name 'cells_to_relieve' is not defined
Traceback (most recent call last):
  File "/home/user/DisasterAI/DisasterAI_Model.py", line 1315, in process_reward
    for cell in cells_to_relieve:
                ^^^^^^^^^^^^^^^^
NameError: name 'cells_to_relieve' is not defined
ERROR in Agent H_7 process_reward at tick 84: name 'cells_to_relieve' is not defined
Traceback (most recent call last):
  File "/home/user/DisasterAI/DisasterAI_Model.py", line 1315, in process_reward
    for cell in cells_to_relieve:
                ^^^^^^^^^^^^^^^^
NameError: name 'cells_to_relieve' is not defined
ERROR in Agent H_40 process_reward at tick 84: name 'cells_to_relieve' is not defined
Traceback (most recent call last):
  File "/home/user/DisasterAI/DisasterAI_Model.py", line 1315, in process_reward
    for cell in cells_to_relieve:
                ^^^^^^^^^^^^^^^^
NameError: name 'cells_to_relieve' is not defined
ERROR in Agent H_24 process_reward at tick 84: name 'cells_to_relieve' is not defined
Traceback (most recent call last):
  File "/home/user/DisasterAI/DisasterAI_Model.py", line 1315, in process_reward
    for cell in cells_to_relieve:
                ^^^^^^^^^^^^^^^^
NameError: name 'cells_to_relieve' is not defined
ERROR in Agent H_35 process_reward at tick 84: name 'cells_to_relieve' is not defined
Traceback (most recent call last):
  File "/home/user/DisasterAI/DisasterAI_Model.py", line 1315, in process_reward
    for cell in cells_to_relieve:
                ^^^^^^^^^^^^^^^^
NameError: name 'cells_to_relieve' is not defined
ERROR in Agent H_8 process_reward at tick 84: name 'cells_to_relieve' is not defined
Traceback (most recent call last):
  File "/home/user/DisasterAI/DisasterAI_Model.py", line 1315, in process_reward
    for cell in cells_to_relieve:
                ^^^^^^^^^^^^^^^^
NameError: name 'cells_to_relieve' is not defined
ERROR in Agent H_13 process_reward at tick 84: name 'cells_to_relieve' is not defined
Traceback (most recent call last):
  File "/home/user/DisasterAI/DisasterAI_Model.py", line 1315, in process_reward
    for cell in cells_to_relieve:
                ^^^^^^^^^^^^^^^^
NameError: name 'cells_to_relieve' is not defined
ERROR in Agent H_39 process_reward at tick 84: name 'cells_to_relieve' is not defined
Traceback (most recent call last):
  File "/home/user/DisasterAI/DisasterAI_Model.py", line 1315, in process_reward
    for cell in cells_to_relieve:
                ^^^^^^^^^^^^^^^^
NameError: name 'cells_to_relieve' is not defined
ERROR in Agent H_31 process_reward at tick 84: name 'cells_to_relieve' is not defined
Traceback (most recent call last):
  File "/home/user/DisasterAI/DisasterAI_Model.py", line 1315, in process_reward
    for cell in cells_to_relieve:
                ^^^^^^^^^^^^^^^^
NameError: name 'cells_to_relieve' is not defined
ERROR in Agent H_36 process_reward at tick 84: name 'cells_to_relieve' is not defined
Traceback (most recent call last):
  File "/home/user/DisasterAI/DisasterAI_Model.py", line 1315, in process_reward
    for cell in cells_to_relieve:
                ^^^^^^^^^^^^^^^^
NameError: name 'cells_to_relieve' is not defined
ERROR in Agent H_11 process_reward at tick 84: name 'cells_to_relieve' is not defined
Traceback (most recent call last):
  File "/home/user/DisasterAI/DisasterAI_Model.py", line 1315, in process_reward
    for cell in cells_to_relieve:
                ^^^^^^^^^^^^^^^^
NameError: name 'cells_to_relieve' is not defined
ERROR in Agent H_2 process_reward at tick 84: name 'cells_to_relieve' is not defined
Traceback (most recent call last):
  File "/home/user/DisasterAI/DisasterAI_Model.py", line 1315, in process_reward
    for cell in cells_to_relieve:
                ^^^^^^^^^^^^^^^^
NameError: name 'cells_to_relieve' is not defined
ERROR in Agent H_42 process_reward at tick 84: name 'cells_to_relieve' is not defined
Traceback (most recent call last):
  File "/home/user/DisasterAI/DisasterAI_Model.py", line 1315, in process_reward
    for cell in cells_to_relieve:
                ^^^^^^^^^^^^^^^^
NameError: name 'cells_to_relieve' is not defined
ERROR in Agent H_33 process_reward at tick 84: name 'cells_to_relieve' is not defined
Traceback (most recent call last):
  File "/home/user/DisasterAI/DisasterAI_Model.py", line 1315, in process_reward
    for cell in cells_to_relieve:
                ^^^^^^^^^^^^^^^^
NameError: name 'cells_to_relieve' is not defined
ERROR in Agent H_46 process_reward at tick 84: name 'cells_to_relieve' is not defined
Traceback (most recent call last):
  File "/home/user/DisasterAI/DisasterAI_Model.py", line 1315, in process_reward
    for cell in cells_to_relieve:
                ^^^^^^^^^^^^^^^^
NameError: name 'cells_to_relieve' is not defined
ERROR in Agent H_34 process_reward at tick 84: name 'cells_to_relieve' is not defined
Traceback (most recent call last):
  File "/home/user/DisasterAI/DisasterAI_Model.py", line 1315, in process_reward
    for cell in cells_to_relieve:
                ^^^^^^^^^^^^^^^^
NameError: name 'cells_to_relieve' is not defined
ERROR in Agent H_14 process_reward at tick 84: name 'cells_to_relieve' is not defined
Traceback (most recent call last):
  File "/home/user/DisasterAI/DisasterAI_Model.py", line 1315, in process_reward
    for cell in cells_to_relieve:
                ^^^^^^^^^^^^^^^^
NameError: name 'cells_to_relieve' is not defined
ERROR in Agent H_27 process_reward at tick 84: name 'cells_to_relieve' is not defined
Traceback (most recent call last):
  File "/home/user/DisasterAI/DisasterAI_Model.py", line 1315, in process_reward
    for cell in cells_to_relieve:
                ^^^^^^^^^^^^^^^^
NameError: name 'cells_to_relieve' is not defined
ERROR in Agent H_16 process_reward at tick 84: name 'cells_to_relieve' is not defined
Traceback (most recent call last):
  File "/home/user/DisasterAI/DisasterAI_Model.py", line 1315, in process_reward
    for cell in cells_to_relieve:
                ^^^^^^^^^^^^^^^^
NameError: name 'cells_to_relieve' is not defined
ERROR in Agent H_1 process_reward at tick 84: name 'cells_to_relieve' is not defined
Traceback (most recent call last):
  File "/home/user/DisasterAI/DisasterAI_Model.py", line 1315, in process_reward
    for cell in cells_to_relieve:
                ^^^^^^^^^^^^^^^^
NameError: name 'cells_to_relieve' is not defined
ERROR in Agent H_44 process_reward at tick 84: name 'cells_to_relieve' is not defined
Traceback (most recent call last):
  File "/home/user/DisasterAI/DisasterAI_Model.py", line 1315, in process_reward
    for cell in cells_to_relieve:
                ^^^^^^^^^^^^^^^^
NameError: name 'cells_to_relieve' is not defined
ERROR in Agent H_10 process_reward at tick 84: name 'cells_to_relieve' is not defined
Traceback (most recent call last):
  File "/home/user/DisasterAI/DisasterAI_Model.py", line 1315, in process_reward
    for cell in cells_to_relieve:
                ^^^^^^^^^^^^^^^^
NameError: name 'cells_to_relieve' is not defined
ERROR in Agent H_9 process_reward at tick 84: name 'cells_to_relieve' is not defined
Traceback (most recent call last):
  File "/home/user/DisasterAI/DisasterAI_Model.py", line 1315, in process_reward
    for cell in cells_to_relieve:
                ^^^^^^^^^^^^^^^^
NameError: name 'cells_to_relieve' is not defined
ERROR in Agent H_41 process_reward at tick 84: name 'cells_to_relieve' is not defined
Traceback (most recent call last):
  File "/home/user/DisasterAI/DisasterAI_Model.py", line 1315, in process_reward
    for cell in cells_to_relieve:
                ^^^^^^^^^^^^^^^^
NameError: name 'cells_to_relieve' is not defined
ERROR in Agent H_25 process_reward at tick 84: name 'cells_to_relieve' is not defined
Traceback (most recent call last):
  File "/home/user/DisasterAI/DisasterAI_Model.py", line 1315, in process_reward
    for cell in cells_to_relieve:
                ^^^^^^^^^^^^^^^^
NameError: name 'cells_to_relieve' is not defined
ERROR in Agent H_49 process_reward at tick 84: name 'cells_to_relieve' is not defined
Traceback (most recent call last):
  File "/home/user/DisasterAI/DisasterAI_Model.py", line 1315, in process_reward
    for cell in cells_to_relieve:
                ^^^^^^^^^^^^^^^^
NameError: name 'cells_to_relieve' is not defined
ERROR in Agent H_38 process_reward at tick 84: name 'cells_to_relieve' is not defined
Traceback (most recent call last):
  File "/home/user/DisasterAI/DisasterAI_Model.py", line 1315, in process_reward
    for cell in cells_to_relieve:
                ^^^^^^^^^^^^^^^^
NameError: name 'cells_to_relieve' is not defined
ERROR in Agent H_48 process_reward at tick 84: name 'cells_to_relieve' is not defined
Traceback (most recent call last):
  File "/home/user/DisasterAI/DisasterAI_Model.py", line 1315, in process_reward
    for cell in cells_to_relieve:
                ^^^^^^^^^^^^^^^^
NameError: name 'cells_to_relieve' is not defined
ERROR in Agent H_46 process_reward at tick 85: name 'cells_to_relieve' is not defined
Traceback (most recent call last):
  File "/home/user/DisasterAI/DisasterAI_Model.py", line 1315, in process_reward
    for cell in cells_to_relieve:
                ^^^^^^^^^^^^^^^^
NameError: name 'cells_to_relieve' is not defined
ERROR in Agent H_33 process_reward at tick 85: name 'cells_to_relieve' is not defined
Traceback (most recent call last):
  File "/home/user/DisasterAI/DisasterAI_Model.py", line 1315, in process_reward
    for cell in cells_to_relieve:
                ^^^^^^^^^^^^^^^^
NameError: name 'cells_to_relieve' is not defined
ERROR in Agent H_30 process_reward at tick 85: name 'cells_to_relieve' is not defined
Traceback (most recent call last):
  File "/home/user/DisasterAI/DisasterAI_Model.py", line 1315, in process_reward
    for cell in cells_to_relieve:
                ^^^^^^^^^^^^^^^^
NameError: name 'cells_to_relieve' is not defined
ERROR in Agent H_31 process_reward at tick 85: name 'cells_to_relieve' is not defined
Traceback (most recent call last):
  File "/home/user/DisasterAI/DisasterAI_Model.py", line 1315, in process_reward
    for cell in cells_to_relieve:
                ^^^^^^^^^^^^^^^^
NameError: name 'cells_to_relieve' is not defined
ERROR in Agent H_12 process_reward at tick 85: name 'cells_to_relieve' is not defined
Traceback (most recent call last):
  File "/home/user/DisasterAI/DisasterAI_Model.py", line 1315, in process_reward
    for cell in cells_to_relieve:
                ^^^^^^^^^^^^^^^^
NameError: name 'cells_to_relieve' is not defined
ERROR in Agent H_0 process_reward at tick 85: name 'cells_to_relieve' is not defined
Traceback (most recent call last):
  File "/home/user/DisasterAI/DisasterAI_Model.py", line 1315, in process_reward
    for cell in cells_to_relieve:
                ^^^^^^^^^^^^^^^^
NameError: name 'cells_to_relieve' is not defined
ERROR in Agent H_5 process_reward at tick 85: name 'cells_to_relieve' is not defined
Traceback (most recent call last):
  File "/home/user/DisasterAI/DisasterAI_Model.py", line 1315, in process_reward
    for cell in cells_to_relieve:
                ^^^^^^^^^^^^^^^^
NameError: name 'cells_to_relieve' is not defined
ERROR in Agent H_20 process_reward at tick 85: name 'cells_to_relieve' is not defined
Traceback (most recent call last):
  File "/home/user/DisasterAI/DisasterAI_Model.py", line 1315, in process_reward
    for cell in cells_to_relieve:
                ^^^^^^^^^^^^^^^^
NameError: name 'cells_to_relieve' is not defined
ERROR in Agent H_28 process_reward at tick 85: name 'cells_to_relieve' is not defined
Traceback (most recent call last):
  File "/home/user/DisasterAI/DisasterAI_Model.py", line 1315, in process_reward
    for cell in cells_to_relieve:
                ^^^^^^^^^^^^^^^^
NameError: name 'cells_to_relieve' is not defined
ERROR in Agent H_40 process_reward at tick 85: name 'cells_to_relieve' is not defined
Traceback (most recent call last):
  File "/home/user/DisasterAI/DisasterAI_Model.py", line 1315, in process_reward
    for cell in cells_to_relieve:
                ^^^^^^^^^^^^^^^^
NameError: name 'cells_to_relieve' is not defined
ERROR in Agent H_41 process_reward at tick 85: name 'cells_to_relieve' is not defined
Traceback (most recent call last):
  File "/home/user/DisasterAI/DisasterAI_Model.py", line 1315, in process_reward
    for cell in cells_to_relieve:
                ^^^^^^^^^^^^^^^^
NameError: name 'cells_to_relieve' is not defined
ERROR in Agent H_47 process_reward at tick 85: name 'cells_to_relieve' is not defined
Traceback (most recent call last):
  File "/home/user/DisasterAI/DisasterAI_Model.py", line 1315, in process_reward
    for cell in cells_to_relieve:
                ^^^^^^^^^^^^^^^^
NameError: name 'cells_to_relieve' is not defined
ERROR in Agent H_24 process_reward at tick 85: name 'cells_to_relieve' is not defined
Traceback (most recent call last):
  File "/home/user/DisasterAI/DisasterAI_Model.py", line 1315, in process_reward
    for cell in cells_to_relieve:
                ^^^^^^^^^^^^^^^^
NameError: name 'cells_to_relieve' is not defined
ERROR in Agent H_4 process_reward at tick 85: name 'cells_to_relieve' is not defined
Traceback (most recent call last):
  File "/home/user/DisasterAI/DisasterAI_Model.py", line 1315, in process_reward
    for cell in cells_to_relieve:
                ^^^^^^^^^^^^^^^^
NameError: name 'cells_to_relieve' is not defined
ERROR in Agent H_22 process_reward at tick 85: name 'cells_to_relieve' is not defined
Traceback (most recent call last):
  File "/home/user/DisasterAI/DisasterAI_Model.py", line 1315, in process_reward
    for cell in cells_to_relieve:
                ^^^^^^^^^^^^^^^^
NameError: name 'cells_to_relieve' is not defined
ERROR in Agent H_10 process_reward at tick 85: name 'cells_to_relieve' is not defined
Traceback (most recent call last):
  File "/home/user/DisasterAI/DisasterAI_Model.py", line 1315, in process_reward
    for cell in cells_to_relieve:
                ^^^^^^^^^^^^^^^^
NameError: name 'cells_to_relieve' is not defined
ERROR in Agent H_18 process_reward at tick 85: name 'cells_to_relieve' is not defined
Traceback (most recent call last):
  File "/home/user/DisasterAI/DisasterAI_Model.py", line 1315, in process_reward
    for cell in cells_to_relieve:
                ^^^^^^^^^^^^^^^^
NameError: name 'cells_to_relieve' is not defined
ERROR in Agent H_45 process_reward at tick 85: name 'cells_to_relieve' is not defined
Traceback (most recent call last):
  File "/home/user/DisasterAI/DisasterAI_Model.py", line 1315, in process_reward
    for cell in cells_to_relieve:
                ^^^^^^^^^^^^^^^^
NameError: name 'cells_to_relieve' is not defined
ERROR in Agent H_21 process_reward at tick 85: name 'cells_to_relieve' is not defined
Traceback (most recent call last):
  File "/home/user/DisasterAI/DisasterAI_Model.py", line 1315, in process_reward
    for cell in cells_to_relieve:
                ^^^^^^^^^^^^^^^^
NameError: name 'cells_to_relieve' is not defined
ERROR in Agent H_16 process_reward at tick 85: name 'cells_to_relieve' is not defined
Traceback (most recent call last):
  File "/home/user/DisasterAI/DisasterAI_Model.py", line 1315, in process_reward
    for cell in cells_to_relieve:
                ^^^^^^^^^^^^^^^^
NameError: name 'cells_to_relieve' is not defined
ERROR in Agent H_2 process_reward at tick 85: name 'cells_to_relieve' is not defined
Traceback (most recent call last):
  File "/home/user/DisasterAI/DisasterAI_Model.py", line 1315, in process_reward
    for cell in cells_to_relieve:
                ^^^^^^^^^^^^^^^^
NameError: name 'cells_to_relieve' is not defined
ERROR in Agent H_37 process_reward at tick 85: name 'cells_to_relieve' is not defined
Traceback (most recent call last):
  File "/home/user/DisasterAI/DisasterAI_Model.py", line 1315, in process_reward
    for cell in cells_to_relieve:
                ^^^^^^^^^^^^^^^^
NameError: name 'cells_to_relieve' is not defined
ERROR in Agent H_13 process_reward at tick 85: name 'cells_to_relieve' is not defined
Traceback (most recent call last):
  File "/home/user/DisasterAI/DisasterAI_Model.py", line 1315, in process_reward
    for cell in cells_to_relieve:
                ^^^^^^^^^^^^^^^^
NameError: name 'cells_to_relieve' is not defined
ERROR in Agent H_26 process_reward at tick 85: name 'cells_to_relieve' is not defined
Traceback (most recent call last):
  File "/home/user/DisasterAI/DisasterAI_Model.py", line 1315, in process_reward
    for cell in cells_to_relieve:
                ^^^^^^^^^^^^^^^^
NameError: name 'cells_to_relieve' is not defined
ERROR in Agent H_42 process_reward at tick 85: name 'cells_to_relieve' is not defined
Traceback (most recent call last):
  File "/home/user/DisasterAI/DisasterAI_Model.py", line 1315, in process_reward
    for cell in cells_to_relieve:
                ^^^^^^^^^^^^^^^^
NameError: name 'cells_to_relieve' is not defined
ERROR in Agent H_7 process_reward at tick 85: name 'cells_to_relieve' is not defined
Traceback (most recent call last):
  File "/home/user/DisasterAI/DisasterAI_Model.py", line 1315, in process_reward
    for cell in cells_to_relieve:
                ^^^^^^^^^^^^^^^^
NameError: name 'cells_to_relieve' is not defined
ERROR in Agent H_25 process_reward at tick 85: name 'cells_to_relieve' is not defined
Traceback (most recent call last):
  File "/home/user/DisasterAI/DisasterAI_Model.py", line 1315, in process_reward
    for cell in cells_to_relieve:
                ^^^^^^^^^^^^^^^^
NameError: name 'cells_to_relieve' is not defined
ERROR in Agent H_3 process_reward at tick 85: name 'cells_to_relieve' is not defined
Traceback (most recent call last):
  File "/home/user/DisasterAI/DisasterAI_Model.py", line 1315, in process_reward
    for cell in cells_to_relieve:
                ^^^^^^^^^^^^^^^^
NameError: name 'cells_to_relieve' is not defined
ERROR in Agent H_43 process_reward at tick 85: name 'cells_to_relieve' is not defined
Traceback (most recent call last):
  File "/home/user/DisasterAI/DisasterAI_Model.py", line 1315, in process_reward
    for cell in cells_to_relieve:
                ^^^^^^^^^^^^^^^^
NameError: name 'cells_to_relieve' is not defined
ERROR in Agent H_1 process_reward at tick 85: name 'cells_to_relieve' is not defined
Traceback (most recent call last):
  File "/home/user/DisasterAI/DisasterAI_Model.py", line 1315, in process_reward
    for cell in cells_to_relieve:
                ^^^^^^^^^^^^^^^^
NameError: name 'cells_to_relieve' is not defined
ERROR in Agent H_6 process_reward at tick 85: name 'cells_to_relieve' is not defined
Traceback (most recent call last):
  File "/home/user/DisasterAI/DisasterAI_Model.py", line 1315, in process_reward
    for cell in cells_to_relieve:
                ^^^^^^^^^^^^^^^^
NameError: name 'cells_to_relieve' is not defined

DEBUG: Starting AECI variance calculation at tick 85
  Found 0/50 AI-reliant agents
  Global belief variance: 0.0439
  WARNING: Invalid global variance (0.043857749999999994) or no AI-reliant agents
  Returning AECI variance tuple: (85, 0.0)
  Current aeci_variance_data length: 85
  Last 3 entries: [(83, 0.0), (84, 0.0), (85, 0.0)]
ERROR in Agent H_45 process_reward at tick 86: name 'cells_to_relieve' is not defined
Traceback (most recent call last):
  File "/home/user/DisasterAI/DisasterAI_Model.py", line 1315, in process_reward
    for cell in cells_to_relieve:
                ^^^^^^^^^^^^^^^^
NameError: name 'cells_to_relieve' is not defined
ERROR in Agent H_14 process_reward at tick 86: name 'cells_to_relieve' is not defined
Traceback (most recent call last):
  File "/home/user/DisasterAI/DisasterAI_Model.py", line 1315, in process_reward
    for cell in cells_to_relieve:
                ^^^^^^^^^^^^^^^^
NameError: name 'cells_to_relieve' is not defined
ERROR in Agent H_7 process_reward at tick 86: name 'cells_to_relieve' is not defined
Traceback (most recent call last):
  File "/home/user/DisasterAI/DisasterAI_Model.py", line 1315, in process_reward
    for cell in cells_to_relieve:
                ^^^^^^^^^^^^^^^^
NameError: name 'cells_to_relieve' is not defined
ERROR in Agent H_48 process_reward at tick 86: name 'cells_to_relieve' is not defined
Traceback (most recent call last):
  File "/home/user/DisasterAI/DisasterAI_Model.py", line 1315, in process_reward
    for cell in cells_to_relieve:
                ^^^^^^^^^^^^^^^^
NameError: name 'cells_to_relieve' is not defined
ERROR in Agent H_36 process_reward at tick 86: name 'cells_to_relieve' is not defined
Traceback (most recent call last):
  File "/home/user/DisasterAI/DisasterAI_Model.py", line 1315, in process_reward
    for cell in cells_to_relieve:
                ^^^^^^^^^^^^^^^^
NameError: name 'cells_to_relieve' is not defined
ERROR in Agent H_20 process_reward at tick 86: name 'cells_to_relieve' is not defined
Traceback (most recent call last):
  File "/home/user/DisasterAI/DisasterAI_Model.py", line 1315, in process_reward
    for cell in cells_to_relieve:
                ^^^^^^^^^^^^^^^^
NameError: name 'cells_to_relieve' is not defined
ERROR in Agent H_8 process_reward at tick 86: name 'cells_to_relieve' is not defined
Traceback (most recent call last):
  File "/home/user/DisasterAI/DisasterAI_Model.py", line 1315, in process_reward
    for cell in cells_to_relieve:
                ^^^^^^^^^^^^^^^^
NameError: name 'cells_to_relieve' is not defined
ERROR in Agent H_43 process_reward at tick 86: name 'cells_to_relieve' is not defined
Traceback (most recent call last):
  File "/home/user/DisasterAI/DisasterAI_Model.py", line 1315, in process_reward
    for cell in cells_to_relieve:
                ^^^^^^^^^^^^^^^^
NameError: name 'cells_to_relieve' is not defined
ERROR in Agent H_49 process_reward at tick 86: name 'cells_to_relieve' is not defined
Traceback (most recent call last):
  File "/home/user/DisasterAI/DisasterAI_Model.py", line 1315, in process_reward
    for cell in cells_to_relieve:
                ^^^^^^^^^^^^^^^^
NameError: name 'cells_to_relieve' is not defined
ERROR in Agent H_0 process_reward at tick 86: name 'cells_to_relieve' is not defined
Traceback (most recent call last):
  File "/home/user/DisasterAI/DisasterAI_Model.py", line 1315, in process_reward
    for cell in cells_to_relieve:
                ^^^^^^^^^^^^^^^^
NameError: name 'cells_to_relieve' is not defined
ERROR in Agent H_3 process_reward at tick 86: name 'cells_to_relieve' is not defined
Traceback (most recent call last):
  File "/home/user/DisasterAI/DisasterAI_Model.py", line 1315, in process_reward
    for cell in cells_to_relieve:
                ^^^^^^^^^^^^^^^^
NameError: name 'cells_to_relieve' is not defined
ERROR in Agent H_1 process_reward at tick 86: name 'cells_to_relieve' is not defined
Traceback (most recent call last):
  File "/home/user/DisasterAI/DisasterAI_Model.py", line 1315, in process_reward
    for cell in cells_to_relieve:
                ^^^^^^^^^^^^^^^^
NameError: name 'cells_to_relieve' is not defined
ERROR in Agent H_4 process_reward at tick 86: name 'cells_to_relieve' is not defined
Traceback (most recent call last):
  File "/home/user/DisasterAI/DisasterAI_Model.py", line 1315, in process_reward
    for cell in cells_to_relieve:
                ^^^^^^^^^^^^^^^^
NameError: name 'cells_to_relieve' is not defined
ERROR in Agent H_5 process_reward at tick 86: name 'cells_to_relieve' is not defined
Traceback (most recent call last):
  File "/home/user/DisasterAI/DisasterAI_Model.py", line 1315, in process_reward
    for cell in cells_to_relieve:
                ^^^^^^^^^^^^^^^^
NameError: name 'cells_to_relieve' is not defined
ERROR in Agent H_10 process_reward at tick 86: name 'cells_to_relieve' is not defined
Traceback (most recent call last):
  File "/home/user/DisasterAI/DisasterAI_Model.py", line 1315, in process_reward
    for cell in cells_to_relieve:
                ^^^^^^^^^^^^^^^^
NameError: name 'cells_to_relieve' is not defined
ERROR in Agent H_29 process_reward at tick 86: name 'cells_to_relieve' is not defined
Traceback (most recent call last):
  File "/home/user/DisasterAI/DisasterAI_Model.py", line 1315, in process_reward
    for cell in cells_to_relieve:
                ^^^^^^^^^^^^^^^^
NameError: name 'cells_to_relieve' is not defined
ERROR in Agent H_27 process_reward at tick 86: name 'cells_to_relieve' is not defined
Traceback (most recent call last):
  File "/home/user/DisasterAI/DisasterAI_Model.py", line 1315, in process_reward
    for cell in cells_to_relieve:
                ^^^^^^^^^^^^^^^^
NameError: name 'cells_to_relieve' is not defined
ERROR in Agent H_9 process_reward at tick 86: name 'cells_to_relieve' is not defined
Traceback (most recent call last):
  File "/home/user/DisasterAI/DisasterAI_Model.py", line 1315, in process_reward
    for cell in cells_to_relieve:
                ^^^^^^^^^^^^^^^^
NameError: name 'cells_to_relieve' is not defined
ERROR in Agent H_46 process_reward at tick 86: name 'cells_to_relieve' is not defined
Traceback (most recent call last):
  File "/home/user/DisasterAI/DisasterAI_Model.py", line 1315, in process_reward
    for cell in cells_to_relieve:
                ^^^^^^^^^^^^^^^^
NameError: name 'cells_to_relieve' is not defined
ERROR in Agent H_26 process_reward at tick 86: name 'cells_to_relieve' is not defined
Traceback (most recent call last):
  File "/home/user/DisasterAI/DisasterAI_Model.py", line 1315, in process_reward
    for cell in cells_to_relieve:
                ^^^^^^^^^^^^^^^^
NameError: name 'cells_to_relieve' is not defined
ERROR in Agent H_2 process_reward at tick 86: name 'cells_to_relieve' is not defined
Traceback (most recent call last):
  File "/home/user/DisasterAI/DisasterAI_Model.py", line 1315, in process_reward
    for cell in cells_to_relieve:
                ^^^^^^^^^^^^^^^^
NameError: name 'cells_to_relieve' is not defined
ERROR in Agent H_21 process_reward at tick 86: name 'cells_to_relieve' is not defined
Traceback (most recent call last):
  File "/home/user/DisasterAI/DisasterAI_Model.py", line 1315, in process_reward
    for cell in cells_to_relieve:
                ^^^^^^^^^^^^^^^^
NameError: name 'cells_to_relieve' is not defined
ERROR in Agent H_32 process_reward at tick 86: name 'cells_to_relieve' is not defined
Traceback (most recent call last):
  File "/home/user/DisasterAI/DisasterAI_Model.py", line 1315, in process_reward
    for cell in cells_to_relieve:
                ^^^^^^^^^^^^^^^^
NameError: name 'cells_to_relieve' is not defined
ERROR in Agent H_28 process_reward at tick 86: name 'cells_to_relieve' is not defined
Traceback (most recent call last):
  File "/home/user/DisasterAI/DisasterAI_Model.py", line 1315, in process_reward
    for cell in cells_to_relieve:
                ^^^^^^^^^^^^^^^^
NameError: name 'cells_to_relieve' is not defined
ERROR in Agent H_19 process_reward at tick 86: name 'cells_to_relieve' is not defined
Traceback (most recent call last):
  File "/home/user/DisasterAI/DisasterAI_Model.py", line 1315, in process_reward
    for cell in cells_to_relieve:
                ^^^^^^^^^^^^^^^^
NameError: name 'cells_to_relieve' is not defined
ERROR in Agent H_6 process_reward at tick 86: name 'cells_to_relieve' is not defined
Traceback (most recent call last):
  File "/home/user/DisasterAI/DisasterAI_Model.py", line 1315, in process_reward
    for cell in cells_to_relieve:
                ^^^^^^^^^^^^^^^^
NameError: name 'cells_to_relieve' is not defined
ERROR in Agent H_12 process_reward at tick 86: name 'cells_to_relieve' is not defined
Traceback (most recent call last):
  File "/home/user/DisasterAI/DisasterAI_Model.py", line 1315, in process_reward
    for cell in cells_to_relieve:
                ^^^^^^^^^^^^^^^^
NameError: name 'cells_to_relieve' is not defined
ERROR in Agent H_17 process_reward at tick 86: name 'cells_to_relieve' is not defined
Traceback (most recent call last):
  File "/home/user/DisasterAI/DisasterAI_Model.py", line 1315, in process_reward
    for cell in cells_to_relieve:
                ^^^^^^^^^^^^^^^^
NameError: name 'cells_to_relieve' is not defined
ERROR in Agent H_22 process_reward at tick 86: name 'cells_to_relieve' is not defined
Traceback (most recent call last):
  File "/home/user/DisasterAI/DisasterAI_Model.py", line 1315, in process_reward
    for cell in cells_to_relieve:
                ^^^^^^^^^^^^^^^^
NameError: name 'cells_to_relieve' is not defined
ERROR in Agent H_11 process_reward at tick 86: name 'cells_to_relieve' is not defined
Traceback (most recent call last):
  File "/home/user/DisasterAI/DisasterAI_Model.py", line 1315, in process_reward
    for cell in cells_to_relieve:
                ^^^^^^^^^^^^^^^^
NameError: name 'cells_to_relieve' is not defined
ERROR in Agent H_23 process_reward at tick 86: name 'cells_to_relieve' is not defined
Traceback (most recent call last):
  File "/home/user/DisasterAI/DisasterAI_Model.py", line 1315, in process_reward
    for cell in cells_to_relieve:
                ^^^^^^^^^^^^^^^^
NameError: name 'cells_to_relieve' is not defined
ERROR in Agent H_30 process_reward at tick 86: name 'cells_to_relieve' is not defined
Traceback (most recent call last):
  File "/home/user/DisasterAI/DisasterAI_Model.py", line 1315, in process_reward
    for cell in cells_to_relieve:
                ^^^^^^^^^^^^^^^^
NameError: name 'cells_to_relieve' is not defined
ERROR in Agent H_25 process_reward at tick 86: name 'cells_to_relieve' is not defined
Traceback (most recent call last):
  File "/home/user/DisasterAI/DisasterAI_Model.py", line 1315, in process_reward
    for cell in cells_to_relieve:
                ^^^^^^^^^^^^^^^^
NameError: name 'cells_to_relieve' is not defined
ERROR in Agent H_37 process_reward at tick 86: name 'cells_to_relieve' is not defined
Traceback (most recent call last):
  File "/home/user/DisasterAI/DisasterAI_Model.py", line 1315, in process_reward
    for cell in cells_to_relieve:
                ^^^^^^^^^^^^^^^^
NameError: name 'cells_to_relieve' is not defined
ERROR in Agent H_13 process_reward at tick 87: name 'cells_to_relieve' is not defined
Traceback (most recent call last):
  File "/home/user/DisasterAI/DisasterAI_Model.py", line 1315, in process_reward
    for cell in cells_to_relieve:
                ^^^^^^^^^^^^^^^^
NameError: name 'cells_to_relieve' is not defined
ERROR in Agent H_11 process_reward at tick 87: name 'cells_to_relieve' is not defined
Traceback (most recent call last):
  File "/home/user/DisasterAI/DisasterAI_Model.py", line 1315, in process_reward
    for cell in cells_to_relieve:
                ^^^^^^^^^^^^^^^^
NameError: name 'cells_to_relieve' is not defined
ERROR in Agent H_10 process_reward at tick 87: name 'cells_to_relieve' is not defined
Traceback (most recent call last):
  File "/home/user/DisasterAI/DisasterAI_Model.py", line 1315, in process_reward
    for cell in cells_to_relieve:
                ^^^^^^^^^^^^^^^^
NameError: name 'cells_to_relieve' is not defined
ERROR in Agent H_35 process_reward at tick 87: name 'cells_to_relieve' is not defined
Traceback (most recent call last):
  File "/home/user/DisasterAI/DisasterAI_Model.py", line 1315, in process_reward
    for cell in cells_to_relieve:
                ^^^^^^^^^^^^^^^^
NameError: name 'cells_to_relieve' is not defined
ERROR in Agent H_20 process_reward at tick 87: name 'cells_to_relieve' is not defined
Traceback (most recent call last):
  File "/home/user/DisasterAI/DisasterAI_Model.py", line 1315, in process_reward
    for cell in cells_to_relieve:
                ^^^^^^^^^^^^^^^^
NameError: name 'cells_to_relieve' is not defined
ERROR in Agent H_41 process_reward at tick 87: name 'cells_to_relieve' is not defined
Traceback (most recent call last):
  File "/home/user/DisasterAI/DisasterAI_Model.py", line 1315, in process_reward
    for cell in cells_to_relieve:
                ^^^^^^^^^^^^^^^^
NameError: name 'cells_to_relieve' is not defined
ERROR in Agent H_40 process_reward at tick 87: name 'cells_to_relieve' is not defined
Traceback (most recent call last):
  File "/home/user/DisasterAI/DisasterAI_Model.py", line 1315, in process_reward
    for cell in cells_to_relieve:
                ^^^^^^^^^^^^^^^^
NameError: name 'cells_to_relieve' is not defined
ERROR in Agent H_33 process_reward at tick 87: name 'cells_to_relieve' is not defined
Traceback (most recent call last):
  File "/home/user/DisasterAI/DisasterAI_Model.py", line 1315, in process_reward
    for cell in cells_to_relieve:
                ^^^^^^^^^^^^^^^^
NameError: name 'cells_to_relieve' is not defined
ERROR in Agent H_7 process_reward at tick 87: name 'cells_to_relieve' is not defined
Traceback (most recent call last):
  File "/home/user/DisasterAI/DisasterAI_Model.py", line 1315, in process_reward
    for cell in cells_to_relieve:
                ^^^^^^^^^^^^^^^^
NameError: name 'cells_to_relieve' is not defined
ERROR in Agent H_28 process_reward at tick 87: name 'cells_to_relieve' is not defined
Traceback (most recent call last):
  File "/home/user/DisasterAI/DisasterAI_Model.py", line 1315, in process_reward
    for cell in cells_to_relieve:
                ^^^^^^^^^^^^^^^^
NameError: name 'cells_to_relieve' is not defined
ERROR in Agent H_44 process_reward at tick 87: name 'cells_to_relieve' is not defined
Traceback (most recent call last):
  File "/home/user/DisasterAI/DisasterAI_Model.py", line 1315, in process_reward
    for cell in cells_to_relieve:
                ^^^^^^^^^^^^^^^^
NameError: name 'cells_to_relieve' is not defined
ERROR in Agent H_30 process_reward at tick 87: name 'cells_to_relieve' is not defined
Traceback (most recent call last):
  File "/home/user/DisasterAI/DisasterAI_Model.py", line 1315, in process_reward
    for cell in cells_to_relieve:
                ^^^^^^^^^^^^^^^^
NameError: name 'cells_to_relieve' is not defined
ERROR in Agent H_22 process_reward at tick 87: name 'cells_to_relieve' is not defined
Traceback (most recent call last):
  File "/home/user/DisasterAI/DisasterAI_Model.py", line 1315, in process_reward
    for cell in cells_to_relieve:
                ^^^^^^^^^^^^^^^^
NameError: name 'cells_to_relieve' is not defined
ERROR in Agent H_34 process_reward at tick 87: name 'cells_to_relieve' is not defined
Traceback (most recent call last):
  File "/home/user/DisasterAI/DisasterAI_Model.py", line 1315, in process_reward
    for cell in cells_to_relieve:
                ^^^^^^^^^^^^^^^^
NameError: name 'cells_to_relieve' is not defined
ERROR in Agent H_24 process_reward at tick 87: name 'cells_to_relieve' is not defined
Traceback (most recent call last):
  File "/home/user/DisasterAI/DisasterAI_Model.py", line 1315, in process_reward
    for cell in cells_to_relieve:
                ^^^^^^^^^^^^^^^^
NameError: name 'cells_to_relieve' is not defined
ERROR in Agent H_8 process_reward at tick 87: name 'cells_to_relieve' is not defined
Traceback (most recent call last):
  File "/home/user/DisasterAI/DisasterAI_Model.py", line 1315, in process_reward
    for cell in cells_to_relieve:
                ^^^^^^^^^^^^^^^^
NameError: name 'cells_to_relieve' is not defined
ERROR in Agent H_25 process_reward at tick 87: name 'cells_to_relieve' is not defined
Traceback (most recent call last):
  File "/home/user/DisasterAI/DisasterAI_Model.py", line 1315, in process_reward
    for cell in cells_to_relieve:
                ^^^^^^^^^^^^^^^^
NameError: name 'cells_to_relieve' is not defined
ERROR in Agent H_26 process_reward at tick 87: name 'cells_to_relieve' is not defined
Traceback (most recent call last):
  File "/home/user/DisasterAI/DisasterAI_Model.py", line 1315, in process_reward
    for cell in cells_to_relieve:
                ^^^^^^^^^^^^^^^^
NameError: name 'cells_to_relieve' is not defined
ERROR in Agent H_2 process_reward at tick 87: name 'cells_to_relieve' is not defined
Traceback (most recent call last):
  File "/home/user/DisasterAI/DisasterAI_Model.py", line 1315, in process_reward
    for cell in cells_to_relieve:
                ^^^^^^^^^^^^^^^^
NameError: name 'cells_to_relieve' is not defined
ERROR in Agent H_15 process_reward at tick 87: name 'cells_to_relieve' is not defined
Traceback (most recent call last):
  File "/home/user/DisasterAI/DisasterAI_Model.py", line 1315, in process_reward
    for cell in cells_to_relieve:
                ^^^^^^^^^^^^^^^^
NameError: name 'cells_to_relieve' is not defined
ERROR in Agent H_48 process_reward at tick 87: name 'cells_to_relieve' is not defined
Traceback (most recent call last):
  File "/home/user/DisasterAI/DisasterAI_Model.py", line 1315, in process_reward
    for cell in cells_to_relieve:
                ^^^^^^^^^^^^^^^^
NameError: name 'cells_to_relieve' is not defined
ERROR in Agent H_32 process_reward at tick 87: name 'cells_to_relieve' is not defined
Traceback (most recent call last):
  File "/home/user/DisasterAI/DisasterAI_Model.py", line 1315, in process_reward
    for cell in cells_to_relieve:
                ^^^^^^^^^^^^^^^^
NameError: name 'cells_to_relieve' is not defined
ERROR in Agent H_18 process_reward at tick 87: name 'cells_to_relieve' is not defined
Traceback (most recent call last):
  File "/home/user/DisasterAI/DisasterAI_Model.py", line 1315, in process_reward
    for cell in cells_to_relieve:
                ^^^^^^^^^^^^^^^^
NameError: name 'cells_to_relieve' is not defined
ERROR in Agent H_0 process_reward at tick 87: name 'cells_to_relieve' is not defined
Traceback (most recent call last):
  File "/home/user/DisasterAI/DisasterAI_Model.py", line 1315, in process_reward
    for cell in cells_to_relieve:
                ^^^^^^^^^^^^^^^^
NameError: name 'cells_to_relieve' is not defined
ERROR in Agent H_47 process_reward at tick 87: name 'cells_to_relieve' is not defined
Traceback (most recent call last):
  File "/home/user/DisasterAI/DisasterAI_Model.py", line 1315, in process_reward
    for cell in cells_to_relieve:
                ^^^^^^^^^^^^^^^^
NameError: name 'cells_to_relieve' is not defined
ERROR in Agent H_9 process_reward at tick 87: name 'cells_to_relieve' is not defined
Traceback (most recent call last):
  File "/home/user/DisasterAI/DisasterAI_Model.py", line 1315, in process_reward
    for cell in cells_to_relieve:
                ^^^^^^^^^^^^^^^^
NameError: name 'cells_to_relieve' is not defined
ERROR in Agent H_12 process_reward at tick 87: name 'cells_to_relieve' is not defined
Traceback (most recent call last):
  File "/home/user/DisasterAI/DisasterAI_Model.py", line 1315, in process_reward
    for cell in cells_to_relieve:
                ^^^^^^^^^^^^^^^^
NameError: name 'cells_to_relieve' is not defined
ERROR in Agent H_21 process_reward at tick 87: name 'cells_to_relieve' is not defined
Traceback (most recent call last):
  File "/home/user/DisasterAI/DisasterAI_Model.py", line 1315, in process_reward
    for cell in cells_to_relieve:
                ^^^^^^^^^^^^^^^^
NameError: name 'cells_to_relieve' is not defined
ERROR in Agent H_14 process_reward at tick 87: name 'cells_to_relieve' is not defined
Traceback (most recent call last):
  File "/home/user/DisasterAI/DisasterAI_Model.py", line 1315, in process_reward
    for cell in cells_to_relieve:
                ^^^^^^^^^^^^^^^^
NameError: name 'cells_to_relieve' is not defined
ERROR in Agent H_19 process_reward at tick 87: name 'cells_to_relieve' is not defined
Traceback (most recent call last):
  File "/home/user/DisasterAI/DisasterAI_Model.py", line 1315, in process_reward
    for cell in cells_to_relieve:
                ^^^^^^^^^^^^^^^^
NameError: name 'cells_to_relieve' is not defined
ERROR in Agent H_1 process_reward at tick 87: name 'cells_to_relieve' is not defined
Traceback (most recent call last):
  File "/home/user/DisasterAI/DisasterAI_Model.py", line 1315, in process_reward
    for cell in cells_to_relieve:
                ^^^^^^^^^^^^^^^^
NameError: name 'cells_to_relieve' is not defined
ERROR in Agent H_13 process_reward at tick 88: name 'cells_to_relieve' is not defined
Traceback (most recent call last):
  File "/home/user/DisasterAI/DisasterAI_Model.py", line 1315, in process_reward
    for cell in cells_to_relieve:
                ^^^^^^^^^^^^^^^^
NameError: name 'cells_to_relieve' is not defined
ERROR in Agent H_15 process_reward at tick 88: name 'cells_to_relieve' is not defined
Traceback (most recent call last):
  File "/home/user/DisasterAI/DisasterAI_Model.py", line 1315, in process_reward
    for cell in cells_to_relieve:
                ^^^^^^^^^^^^^^^^
NameError: name 'cells_to_relieve' is not defined
ERROR in Agent H_0 process_reward at tick 88: name 'cells_to_relieve' is not defined
Traceback (most recent call last):
  File "/home/user/DisasterAI/DisasterAI_Model.py", line 1315, in process_reward
    for cell in cells_to_relieve:
                ^^^^^^^^^^^^^^^^
NameError: name 'cells_to_relieve' is not defined
ERROR in Agent H_21 process_reward at tick 88: name 'cells_to_relieve' is not defined
Traceback (most recent call last):
  File "/home/user/DisasterAI/DisasterAI_Model.py", line 1315, in process_reward
    for cell in cells_to_relieve:
                ^^^^^^^^^^^^^^^^
NameError: name 'cells_to_relieve' is not defined
ERROR in Agent H_43 process_reward at tick 88: name 'cells_to_relieve' is not defined
Traceback (most recent call last):
  File "/home/user/DisasterAI/DisasterAI_Model.py", line 1315, in process_reward
    for cell in cells_to_relieve:
                ^^^^^^^^^^^^^^^^
NameError: name 'cells_to_relieve' is not defined
ERROR in Agent H_4 process_reward at tick 88: name 'cells_to_relieve' is not defined
Traceback (most recent call last):
  File "/home/user/DisasterAI/DisasterAI_Model.py", line 1315, in process_reward
    for cell in cells_to_relieve:
                ^^^^^^^^^^^^^^^^
NameError: name 'cells_to_relieve' is not defined
ERROR in Agent H_45 process_reward at tick 88: name 'cells_to_relieve' is not defined
Traceback (most recent call last):
  File "/home/user/DisasterAI/DisasterAI_Model.py", line 1315, in process_reward
    for cell in cells_to_relieve:
                ^^^^^^^^^^^^^^^^
NameError: name 'cells_to_relieve' is not defined
ERROR in Agent H_35 process_reward at tick 88: name 'cells_to_relieve' is not defined
Traceback (most recent call last):
  File "/home/user/DisasterAI/DisasterAI_Model.py", line 1315, in process_reward
    for cell in cells_to_relieve:
                ^^^^^^^^^^^^^^^^
NameError: name 'cells_to_relieve' is not defined
ERROR in Agent H_14 process_reward at tick 88: name 'cells_to_relieve' is not defined
Traceback (most recent call last):
  File "/home/user/DisasterAI/DisasterAI_Model.py", line 1315, in process_reward
    for cell in cells_to_relieve:
                ^^^^^^^^^^^^^^^^
NameError: name 'cells_to_relieve' is not defined
ERROR in Agent H_37 process_reward at tick 88: name 'cells_to_relieve' is not defined
Traceback (most recent call last):
  File "/home/user/DisasterAI/DisasterAI_Model.py", line 1315, in process_reward
    for cell in cells_to_relieve:
                ^^^^^^^^^^^^^^^^
NameError: name 'cells_to_relieve' is not defined
ERROR in Agent H_25 process_reward at tick 88: name 'cells_to_relieve' is not defined
Traceback (most recent call last):
  File "/home/user/DisasterAI/DisasterAI_Model.py", line 1315, in process_reward
    for cell in cells_to_relieve:
                ^^^^^^^^^^^^^^^^
NameError: name 'cells_to_relieve' is not defined
ERROR in Agent H_36 process_reward at tick 88: name 'cells_to_relieve' is not defined
Traceback (most recent call last):
  File "/home/user/DisasterAI/DisasterAI_Model.py", line 1315, in process_reward
    for cell in cells_to_relieve:
                ^^^^^^^^^^^^^^^^
NameError: name 'cells_to_relieve' is not defined
ERROR in Agent H_41 process_reward at tick 88: name 'cells_to_relieve' is not defined
Traceback (most recent call last):
  File "/home/user/DisasterAI/DisasterAI_Model.py", line 1315, in process_reward
    for cell in cells_to_relieve:
                ^^^^^^^^^^^^^^^^
NameError: name 'cells_to_relieve' is not defined
ERROR in Agent H_1 process_reward at tick 88: name 'cells_to_relieve' is not defined
Traceback (most recent call last):
  File "/home/user/DisasterAI/DisasterAI_Model.py", line 1315, in process_reward
    for cell in cells_to_relieve:
                ^^^^^^^^^^^^^^^^
NameError: name 'cells_to_relieve' is not defined
ERROR in Agent H_9 process_reward at tick 88: name 'cells_to_relieve' is not defined
Traceback (most recent call last):
  File "/home/user/DisasterAI/DisasterAI_Model.py", line 1315, in process_reward
    for cell in cells_to_relieve:
                ^^^^^^^^^^^^^^^^
NameError: name 'cells_to_relieve' is not defined
ERROR in Agent H_17 process_reward at tick 88: name 'cells_to_relieve' is not defined
Traceback (most recent call last):
  File "/home/user/DisasterAI/DisasterAI_Model.py", line 1315, in process_reward
    for cell in cells_to_relieve:
                ^^^^^^^^^^^^^^^^
NameError: name 'cells_to_relieve' is not defined
ERROR in Agent H_23 process_reward at tick 88: name 'cells_to_relieve' is not defined
Traceback (most recent call last):
  File "/home/user/DisasterAI/DisasterAI_Model.py", line 1315, in process_reward
    for cell in cells_to_relieve:
                ^^^^^^^^^^^^^^^^
NameError: name 'cells_to_relieve' is not defined
ERROR in Agent H_12 process_reward at tick 88: name 'cells_to_relieve' is not defined
Traceback (most recent call last):
  File "/home/user/DisasterAI/DisasterAI_Model.py", line 1315, in process_reward
    for cell in cells_to_relieve:
                ^^^^^^^^^^^^^^^^
NameError: name 'cells_to_relieve' is not defined
ERROR in Agent H_46 process_reward at tick 88: name 'cells_to_relieve' is not defined
Traceback (most recent call last):
  File "/home/user/DisasterAI/DisasterAI_Model.py", line 1315, in process_reward
    for cell in cells_to_relieve:
                ^^^^^^^^^^^^^^^^
NameError: name 'cells_to_relieve' is not defined
ERROR in Agent H_10 process_reward at tick 88: name 'cells_to_relieve' is not defined
Traceback (most recent call last):
  File "/home/user/DisasterAI/DisasterAI_Model.py", line 1315, in process_reward
    for cell in cells_to_relieve:
                ^^^^^^^^^^^^^^^^
NameError: name 'cells_to_relieve' is not defined
ERROR in Agent H_49 process_reward at tick 88: name 'cells_to_relieve' is not defined
Traceback (most recent call last):
  File "/home/user/DisasterAI/DisasterAI_Model.py", line 1315, in process_reward
    for cell in cells_to_relieve:
                ^^^^^^^^^^^^^^^^
NameError: name 'cells_to_relieve' is not defined
ERROR in Agent H_39 process_reward at tick 88: name 'cells_to_relieve' is not defined
Traceback (most recent call last):
  File "/home/user/DisasterAI/DisasterAI_Model.py", line 1315, in process_reward
    for cell in cells_to_relieve:
                ^^^^^^^^^^^^^^^^
NameError: name 'cells_to_relieve' is not defined
ERROR in Agent H_30 process_reward at tick 88: name 'cells_to_relieve' is not defined
Traceback (most recent call last):
  File "/home/user/DisasterAI/DisasterAI_Model.py", line 1315, in process_reward
    for cell in cells_to_relieve:
                ^^^^^^^^^^^^^^^^
NameError: name 'cells_to_relieve' is not defined
ERROR in Agent H_48 process_reward at tick 88: name 'cells_to_relieve' is not defined
Traceback (most recent call last):
  File "/home/user/DisasterAI/DisasterAI_Model.py", line 1315, in process_reward
    for cell in cells_to_relieve:
                ^^^^^^^^^^^^^^^^
NameError: name 'cells_to_relieve' is not defined
ERROR in Agent H_28 process_reward at tick 88: name 'cells_to_relieve' is not defined
Traceback (most recent call last):
  File "/home/user/DisasterAI/DisasterAI_Model.py", line 1315, in process_reward
    for cell in cells_to_relieve:
                ^^^^^^^^^^^^^^^^
NameError: name 'cells_to_relieve' is not defined
ERROR in Agent H_16 process_reward at tick 88: name 'cells_to_relieve' is not defined
Traceback (most recent call last):
  File "/home/user/DisasterAI/DisasterAI_Model.py", line 1315, in process_reward
    for cell in cells_to_relieve:
                ^^^^^^^^^^^^^^^^
NameError: name 'cells_to_relieve' is not defined
ERROR in Agent H_18 process_reward at tick 88: name 'cells_to_relieve' is not defined
Traceback (most recent call last):
  File "/home/user/DisasterAI/DisasterAI_Model.py", line 1315, in process_reward
    for cell in cells_to_relieve:
                ^^^^^^^^^^^^^^^^
NameError: name 'cells_to_relieve' is not defined
ERROR in Agent H_29 process_reward at tick 88: name 'cells_to_relieve' is not defined
Traceback (most recent call last):
  File "/home/user/DisasterAI/DisasterAI_Model.py", line 1315, in process_reward
    for cell in cells_to_relieve:
                ^^^^^^^^^^^^^^^^
NameError: name 'cells_to_relieve' is not defined
ERROR in Agent H_24 process_reward at tick 88: name 'cells_to_relieve' is not defined
Traceback (most recent call last):
  File "/home/user/DisasterAI/DisasterAI_Model.py", line 1315, in process_reward
    for cell in cells_to_relieve:
                ^^^^^^^^^^^^^^^^
NameError: name 'cells_to_relieve' is not defined
ERROR in Agent H_27 process_reward at tick 88: name 'cells_to_relieve' is not defined
Traceback (most recent call last):
  File "/home/user/DisasterAI/DisasterAI_Model.py", line 1315, in process_reward
    for cell in cells_to_relieve:
                ^^^^^^^^^^^^^^^^
NameError: name 'cells_to_relieve' is not defined
ERROR in Agent H_3 process_reward at tick 88: name 'cells_to_relieve' is not defined
Traceback (most recent call last):
  File "/home/user/DisasterAI/DisasterAI_Model.py", line 1315, in process_reward
    for cell in cells_to_relieve:
                ^^^^^^^^^^^^^^^^
NameError: name 'cells_to_relieve' is not defined
ERROR in Agent H_33 process_reward at tick 88: name 'cells_to_relieve' is not defined
Traceback (most recent call last):
  File "/home/user/DisasterAI/DisasterAI_Model.py", line 1315, in process_reward
    for cell in cells_to_relieve:
                ^^^^^^^^^^^^^^^^
NameError: name 'cells_to_relieve' is not defined
ERROR in Agent H_26 process_reward at tick 88: name 'cells_to_relieve' is not defined
Traceback (most recent call last):
  File "/home/user/DisasterAI/DisasterAI_Model.py", line 1315, in process_reward
    for cell in cells_to_relieve:
                ^^^^^^^^^^^^^^^^
NameError: name 'cells_to_relieve' is not defined
ERROR in Agent H_31 process_reward at tick 88: name 'cells_to_relieve' is not defined
Traceback (most recent call last):
  File "/home/user/DisasterAI/DisasterAI_Model.py", line 1315, in process_reward
    for cell in cells_to_relieve:
                ^^^^^^^^^^^^^^^^
NameError: name 'cells_to_relieve' is not defined
ERROR in Agent H_11 process_reward at tick 88: name 'cells_to_relieve' is not defined
Traceback (most recent call last):
  File "/home/user/DisasterAI/DisasterAI_Model.py", line 1315, in process_reward
    for cell in cells_to_relieve:
                ^^^^^^^^^^^^^^^^
NameError: name 'cells_to_relieve' is not defined
ERROR in Agent H_19 process_reward at tick 88: name 'cells_to_relieve' is not defined
Traceback (most recent call last):
  File "/home/user/DisasterAI/DisasterAI_Model.py", line 1315, in process_reward
    for cell in cells_to_relieve:
                ^^^^^^^^^^^^^^^^
NameError: name 'cells_to_relieve' is not defined
ERROR in Agent H_7 process_reward at tick 88: name 'cells_to_relieve' is not defined
Traceback (most recent call last):
  File "/home/user/DisasterAI/DisasterAI_Model.py", line 1315, in process_reward
    for cell in cells_to_relieve:
                ^^^^^^^^^^^^^^^^
NameError: name 'cells_to_relieve' is not defined
ERROR in Agent H_6 process_reward at tick 88: name 'cells_to_relieve' is not defined
Traceback (most recent call last):
  File "/home/user/DisasterAI/DisasterAI_Model.py", line 1315, in process_reward
    for cell in cells_to_relieve:
                ^^^^^^^^^^^^^^^^
NameError: name 'cells_to_relieve' is not defined
ERROR in Agent H_40 process_reward at tick 88: name 'cells_to_relieve' is not defined
Traceback (most recent call last):
  File "/home/user/DisasterAI/DisasterAI_Model.py", line 1315, in process_reward
    for cell in cells_to_relieve:
                ^^^^^^^^^^^^^^^^
NameError: name 'cells_to_relieve' is not defined
ERROR in Agent H_20 process_reward at tick 88: name 'cells_to_relieve' is not defined
Traceback (most recent call last):
  File "/home/user/DisasterAI/DisasterAI_Model.py", line 1315, in process_reward
    for cell in cells_to_relieve:
                ^^^^^^^^^^^^^^^^
NameError: name 'cells_to_relieve' is not defined
ERROR in Agent H_29 process_reward at tick 89: name 'cells_to_relieve' is not defined
Traceback (most recent call last):
  File "/home/user/DisasterAI/DisasterAI_Model.py", line 1315, in process_reward
    for cell in cells_to_relieve:
                ^^^^^^^^^^^^^^^^
NameError: name 'cells_to_relieve' is not defined
ERROR in Agent H_42 process_reward at tick 89: name 'cells_to_relieve' is not defined
Traceback (most recent call last):
  File "/home/user/DisasterAI/DisasterAI_Model.py", line 1315, in process_reward
    for cell in cells_to_relieve:
                ^^^^^^^^^^^^^^^^
NameError: name 'cells_to_relieve' is not defined
ERROR in Agent H_0 process_reward at tick 89: name 'cells_to_relieve' is not defined
Traceback (most recent call last):
  File "/home/user/DisasterAI/DisasterAI_Model.py", line 1315, in process_reward
    for cell in cells_to_relieve:
                ^^^^^^^^^^^^^^^^
NameError: name 'cells_to_relieve' is not defined
ERROR in Agent H_4 process_reward at tick 89: name 'cells_to_relieve' is not defined
Traceback (most recent call last):
  File "/home/user/DisasterAI/DisasterAI_Model.py", line 1315, in process_reward
    for cell in cells_to_relieve:
                ^^^^^^^^^^^^^^^^
NameError: name 'cells_to_relieve' is not defined
ERROR in Agent H_28 process_reward at tick 89: name 'cells_to_relieve' is not defined
Traceback (most recent call last):
  File "/home/user/DisasterAI/DisasterAI_Model.py", line 1315, in process_reward
    for cell in cells_to_relieve:
                ^^^^^^^^^^^^^^^^
NameError: name 'cells_to_relieve' is not defined
ERROR in Agent H_47 process_reward at tick 89: name 'cells_to_relieve' is not defined
Traceback (most recent call last):
  File "/home/user/DisasterAI/DisasterAI_Model.py", line 1315, in process_reward
    for cell in cells_to_relieve:
                ^^^^^^^^^^^^^^^^
NameError: name 'cells_to_relieve' is not defined
ERROR in Agent H_6 process_reward at tick 89: name 'cells_to_relieve' is not defined
Traceback (most recent call last):
  File "/home/user/DisasterAI/DisasterAI_Model.py", line 1315, in process_reward
    for cell in cells_to_relieve:
                ^^^^^^^^^^^^^^^^
NameError: name 'cells_to_relieve' is not defined
ERROR in Agent H_22 process_reward at tick 89: name 'cells_to_relieve' is not defined
Traceback (most recent call last):
  File "/home/user/DisasterAI/DisasterAI_Model.py", line 1315, in process_reward
    for cell in cells_to_relieve:
                ^^^^^^^^^^^^^^^^
NameError: name 'cells_to_relieve' is not defined
ERROR in Agent H_25 process_reward at tick 89: name 'cells_to_relieve' is not defined
Traceback (most recent call last):
  File "/home/user/DisasterAI/DisasterAI_Model.py", line 1315, in process_reward
    for cell in cells_to_relieve:
                ^^^^^^^^^^^^^^^^
NameError: name 'cells_to_relieve' is not defined
ERROR in Agent H_27 process_reward at tick 89: name 'cells_to_relieve' is not defined
Traceback (most recent call last):
  File "/home/user/DisasterAI/DisasterAI_Model.py", line 1315, in process_reward
    for cell in cells_to_relieve:
                ^^^^^^^^^^^^^^^^
NameError: name 'cells_to_relieve' is not defined
ERROR in Agent H_24 process_reward at tick 89: name 'cells_to_relieve' is not defined
Traceback (most recent call last):
  File "/home/user/DisasterAI/DisasterAI_Model.py", line 1315, in process_reward
    for cell in cells_to_relieve:
                ^^^^^^^^^^^^^^^^
NameError: name 'cells_to_relieve' is not defined
ERROR in Agent H_15 process_reward at tick 89: name 'cells_to_relieve' is not defined
Traceback (most recent call last):
  File "/home/user/DisasterAI/DisasterAI_Model.py", line 1315, in process_reward
    for cell in cells_to_relieve:
                ^^^^^^^^^^^^^^^^
NameError: name 'cells_to_relieve' is not defined
ERROR in Agent H_8 process_reward at tick 89: name 'cells_to_relieve' is not defined
Traceback (most recent call last):
  File "/home/user/DisasterAI/DisasterAI_Model.py", line 1315, in process_reward
    for cell in cells_to_relieve:
                ^^^^^^^^^^^^^^^^
NameError: name 'cells_to_relieve' is not defined
ERROR in Agent H_26 process_reward at tick 89: name 'cells_to_relieve' is not defined
Traceback (most recent call last):
  File "/home/user/DisasterAI/DisasterAI_Model.py", line 1315, in process_reward
    for cell in cells_to_relieve:
                ^^^^^^^^^^^^^^^^
NameError: name 'cells_to_relieve' is not defined
ERROR in Agent H_20 process_reward at tick 89: name 'cells_to_relieve' is not defined
Traceback (most recent call last):
  File "/home/user/DisasterAI/DisasterAI_Model.py", line 1315, in process_reward
    for cell in cells_to_relieve:
                ^^^^^^^^^^^^^^^^
NameError: name 'cells_to_relieve' is not defined
ERROR in Agent H_23 process_reward at tick 89: name 'cells_to_relieve' is not defined
Traceback (most recent call last):
  File "/home/user/DisasterAI/DisasterAI_Model.py", line 1315, in process_reward
    for cell in cells_to_relieve:
                ^^^^^^^^^^^^^^^^
NameError: name 'cells_to_relieve' is not defined
ERROR in Agent H_31 process_reward at tick 89: name 'cells_to_relieve' is not defined
Traceback (most recent call last):
  File "/home/user/DisasterAI/DisasterAI_Model.py", line 1315, in process_reward
    for cell in cells_to_relieve:
                ^^^^^^^^^^^^^^^^
NameError: name 'cells_to_relieve' is not defined
ERROR in Agent H_37 process_reward at tick 89: name 'cells_to_relieve' is not defined
Traceback (most recent call last):
  File "/home/user/DisasterAI/DisasterAI_Model.py", line 1315, in process_reward
    for cell in cells_to_relieve:
                ^^^^^^^^^^^^^^^^
NameError: name 'cells_to_relieve' is not defined
ERROR in Agent H_14 process_reward at tick 89: name 'cells_to_relieve' is not defined
Traceback (most recent call last):
  File "/home/user/DisasterAI/DisasterAI_Model.py", line 1315, in process_reward
    for cell in cells_to_relieve:
                ^^^^^^^^^^^^^^^^
NameError: name 'cells_to_relieve' is not defined
ERROR in Agent H_34 process_reward at tick 89: name 'cells_to_relieve' is not defined
Traceback (most recent call last):
  File "/home/user/DisasterAI/DisasterAI_Model.py", line 1315, in process_reward
    for cell in cells_to_relieve:
                ^^^^^^^^^^^^^^^^
NameError: name 'cells_to_relieve' is not defined
ERROR in Agent H_11 process_reward at tick 89: name 'cells_to_relieve' is not defined
Traceback (most recent call last):
  File "/home/user/DisasterAI/DisasterAI_Model.py", line 1315, in process_reward
    for cell in cells_to_relieve:
                ^^^^^^^^^^^^^^^^
NameError: name 'cells_to_relieve' is not defined
ERROR in Agent H_10 process_reward at tick 89: name 'cells_to_relieve' is not defined
Traceback (most recent call last):
  File "/home/user/DisasterAI/DisasterAI_Model.py", line 1315, in process_reward
    for cell in cells_to_relieve:
                ^^^^^^^^^^^^^^^^
NameError: name 'cells_to_relieve' is not defined
ERROR in Agent H_40 process_reward at tick 89: name 'cells_to_relieve' is not defined
Traceback (most recent call last):
  File "/home/user/DisasterAI/DisasterAI_Model.py", line 1315, in process_reward
    for cell in cells_to_relieve:
                ^^^^^^^^^^^^^^^^
NameError: name 'cells_to_relieve' is not defined
ERROR in Agent H_17 process_reward at tick 89: name 'cells_to_relieve' is not defined
Traceback (most recent call last):
  File "/home/user/DisasterAI/DisasterAI_Model.py", line 1315, in process_reward
    for cell in cells_to_relieve:
                ^^^^^^^^^^^^^^^^
NameError: name 'cells_to_relieve' is not defined
ERROR in Agent H_36 process_reward at tick 89: name 'cells_to_relieve' is not defined
Traceback (most recent call last):
  File "/home/user/DisasterAI/DisasterAI_Model.py", line 1315, in process_reward
    for cell in cells_to_relieve:
                ^^^^^^^^^^^^^^^^
NameError: name 'cells_to_relieve' is not defined
ERROR in Agent H_19 process_reward at tick 89: name 'cells_to_relieve' is not defined
Traceback (most recent call last):
  File "/home/user/DisasterAI/DisasterAI_Model.py", line 1315, in process_reward
    for cell in cells_to_relieve:
                ^^^^^^^^^^^^^^^^
NameError: name 'cells_to_relieve' is not defined
ERROR in Agent H_35 process_reward at tick 89: name 'cells_to_relieve' is not defined
Traceback (most recent call last):
  File "/home/user/DisasterAI/DisasterAI_Model.py", line 1315, in process_reward
    for cell in cells_to_relieve:
                ^^^^^^^^^^^^^^^^
NameError: name 'cells_to_relieve' is not defined
ERROR in Agent H_9 process_reward at tick 89: name 'cells_to_relieve' is not defined
Traceback (most recent call last):
  File "/home/user/DisasterAI/DisasterAI_Model.py", line 1315, in process_reward
    for cell in cells_to_relieve:
                ^^^^^^^^^^^^^^^^
NameError: name 'cells_to_relieve' is not defined
ERROR in Agent H_46 process_reward at tick 89: name 'cells_to_relieve' is not defined
Traceback (most recent call last):
  File "/home/user/DisasterAI/DisasterAI_Model.py", line 1315, in process_reward
    for cell in cells_to_relieve:
                ^^^^^^^^^^^^^^^^
NameError: name 'cells_to_relieve' is not defined
ERROR in Agent H_5 process_reward at tick 89: name 'cells_to_relieve' is not defined
Traceback (most recent call last):
  File "/home/user/DisasterAI/DisasterAI_Model.py", line 1315, in process_reward
    for cell in cells_to_relieve:
                ^^^^^^^^^^^^^^^^
NameError: name 'cells_to_relieve' is not defined
ERROR in Agent H_44 process_reward at tick 89: name 'cells_to_relieve' is not defined
Traceback (most recent call last):
  File "/home/user/DisasterAI/DisasterAI_Model.py", line 1315, in process_reward
    for cell in cells_to_relieve:
                ^^^^^^^^^^^^^^^^
NameError: name 'cells_to_relieve' is not defined
ERROR in Agent H_2 process_reward at tick 89: name 'cells_to_relieve' is not defined
Traceback (most recent call last):
  File "/home/user/DisasterAI/DisasterAI_Model.py", line 1315, in process_reward
    for cell in cells_to_relieve:
                ^^^^^^^^^^^^^^^^
NameError: name 'cells_to_relieve' is not defined
ERROR in Agent H_13 process_reward at tick 89: name 'cells_to_relieve' is not defined
Traceback (most recent call last):
  File "/home/user/DisasterAI/DisasterAI_Model.py", line 1315, in process_reward
    for cell in cells_to_relieve:
                ^^^^^^^^^^^^^^^^
NameError: name 'cells_to_relieve' is not defined
ERROR in Agent H_31 process_reward at tick 90: name 'cells_to_relieve' is not defined
Traceback (most recent call last):
  File "/home/user/DisasterAI/DisasterAI_Model.py", line 1315, in process_reward
    for cell in cells_to_relieve:
                ^^^^^^^^^^^^^^^^
NameError: name 'cells_to_relieve' is not defined
ERROR in Agent H_9 process_reward at tick 90: name 'cells_to_relieve' is not defined
Traceback (most recent call last):
  File "/home/user/DisasterAI/DisasterAI_Model.py", line 1315, in process_reward
    for cell in cells_to_relieve:
                ^^^^^^^^^^^^^^^^
NameError: name 'cells_to_relieve' is not defined
ERROR in Agent H_40 process_reward at tick 90: name 'cells_to_relieve' is not defined
Traceback (most recent call last):
  File "/home/user/DisasterAI/DisasterAI_Model.py", line 1315, in process_reward
    for cell in cells_to_relieve:
                ^^^^^^^^^^^^^^^^
NameError: name 'cells_to_relieve' is not defined
ERROR in Agent H_36 process_reward at tick 90: name 'cells_to_relieve' is not defined
Traceback (most recent call last):
  File "/home/user/DisasterAI/DisasterAI_Model.py", line 1315, in process_reward
    for cell in cells_to_relieve:
                ^^^^^^^^^^^^^^^^
NameError: name 'cells_to_relieve' is not defined
ERROR in Agent H_47 process_reward at tick 90: name 'cells_to_relieve' is not defined
Traceback (most recent call last):
  File "/home/user/DisasterAI/DisasterAI_Model.py", line 1315, in process_reward
    for cell in cells_to_relieve:
                ^^^^^^^^^^^^^^^^
NameError: name 'cells_to_relieve' is not defined
ERROR in Agent H_41 process_reward at tick 90: name 'cells_to_relieve' is not defined
Traceback (most recent call last):
  File "/home/user/DisasterAI/DisasterAI_Model.py", line 1315, in process_reward
    for cell in cells_to_relieve:
                ^^^^^^^^^^^^^^^^
NameError: name 'cells_to_relieve' is not defined
ERROR in Agent H_3 process_reward at tick 90: name 'cells_to_relieve' is not defined
Traceback (most recent call last):
  File "/home/user/DisasterAI/DisasterAI_Model.py", line 1315, in process_reward
    for cell in cells_to_relieve:
                ^^^^^^^^^^^^^^^^
NameError: name 'cells_to_relieve' is not defined
ERROR in Agent H_38 process_reward at tick 90: name 'cells_to_relieve' is not defined
Traceback (most recent call last):
  File "/home/user/DisasterAI/DisasterAI_Model.py", line 1315, in process_reward
    for cell in cells_to_relieve:
                ^^^^^^^^^^^^^^^^
NameError: name 'cells_to_relieve' is not defined
ERROR in Agent H_5 process_reward at tick 90: name 'cells_to_relieve' is not defined
Traceback (most recent call last):
  File "/home/user/DisasterAI/DisasterAI_Model.py", line 1315, in process_reward
    for cell in cells_to_relieve:
                ^^^^^^^^^^^^^^^^
NameError: name 'cells_to_relieve' is not defined
ERROR in Agent H_1 process_reward at tick 90: name 'cells_to_relieve' is not defined
Traceback (most recent call last):
  File "/home/user/DisasterAI/DisasterAI_Model.py", line 1315, in process_reward
    for cell in cells_to_relieve:
                ^^^^^^^^^^^^^^^^
NameError: name 'cells_to_relieve' is not defined
ERROR in Agent H_23 process_reward at tick 90: name 'cells_to_relieve' is not defined
Traceback (most recent call last):
  File "/home/user/DisasterAI/DisasterAI_Model.py", line 1315, in process_reward
    for cell in cells_to_relieve:
                ^^^^^^^^^^^^^^^^
NameError: name 'cells_to_relieve' is not defined
ERROR in Agent H_45 process_reward at tick 90: name 'cells_to_relieve' is not defined
Traceback (most recent call last):
  File "/home/user/DisasterAI/DisasterAI_Model.py", line 1315, in process_reward
    for cell in cells_to_relieve:
                ^^^^^^^^^^^^^^^^
NameError: name 'cells_to_relieve' is not defined
ERROR in Agent H_46 process_reward at tick 90: name 'cells_to_relieve' is not defined
Traceback (most recent call last):
  File "/home/user/DisasterAI/DisasterAI_Model.py", line 1315, in process_reward
    for cell in cells_to_relieve:
                ^^^^^^^^^^^^^^^^
NameError: name 'cells_to_relieve' is not defined
ERROR in Agent H_16 process_reward at tick 90: name 'cells_to_relieve' is not defined
Traceback (most recent call last):
  File "/home/user/DisasterAI/DisasterAI_Model.py", line 1315, in process_reward
    for cell in cells_to_relieve:
                ^^^^^^^^^^^^^^^^
NameError: name 'cells_to_relieve' is not defined
ERROR in Agent H_49 process_reward at tick 90: name 'cells_to_relieve' is not defined
Traceback (most recent call last):
  File "/home/user/DisasterAI/DisasterAI_Model.py", line 1315, in process_reward
    for cell in cells_to_relieve:
                ^^^^^^^^^^^^^^^^
NameError: name 'cells_to_relieve' is not defined
ERROR in Agent H_0 process_reward at tick 90: name 'cells_to_relieve' is not defined
Traceback (most recent call last):
  File "/home/user/DisasterAI/DisasterAI_Model.py", line 1315, in process_reward
    for cell in cells_to_relieve:
                ^^^^^^^^^^^^^^^^
NameError: name 'cells_to_relieve' is not defined
ERROR in Agent H_33 process_reward at tick 90: name 'cells_to_relieve' is not defined
Traceback (most recent call last):
  File "/home/user/DisasterAI/DisasterAI_Model.py", line 1315, in process_reward
    for cell in cells_to_relieve:
                ^^^^^^^^^^^^^^^^
NameError: name 'cells_to_relieve' is not defined
ERROR in Agent H_27 process_reward at tick 90: name 'cells_to_relieve' is not defined
Traceback (most recent call last):
  File "/home/user/DisasterAI/DisasterAI_Model.py", line 1315, in process_reward
    for cell in cells_to_relieve:
                ^^^^^^^^^^^^^^^^
NameError: name 'cells_to_relieve' is not defined
ERROR in Agent H_32 process_reward at tick 90: name 'cells_to_relieve' is not defined
Traceback (most recent call last):
  File "/home/user/DisasterAI/DisasterAI_Model.py", line 1315, in process_reward
    for cell in cells_to_relieve:
                ^^^^^^^^^^^^^^^^
NameError: name 'cells_to_relieve' is not defined
ERROR in Agent H_4 process_reward at tick 90: name 'cells_to_relieve' is not defined
Traceback (most recent call last):
  File "/home/user/DisasterAI/DisasterAI_Model.py", line 1315, in process_reward
    for cell in cells_to_relieve:
                ^^^^^^^^^^^^^^^^
NameError: name 'cells_to_relieve' is not defined
ERROR in Agent H_43 process_reward at tick 90: name 'cells_to_relieve' is not defined
Traceback (most recent call last):
  File "/home/user/DisasterAI/DisasterAI_Model.py", line 1315, in process_reward
    for cell in cells_to_relieve:
                ^^^^^^^^^^^^^^^^
NameError: name 'cells_to_relieve' is not defined
ERROR in Agent H_30 process_reward at tick 90: name 'cells_to_relieve' is not defined
Traceback (most recent call last):
  File "/home/user/DisasterAI/DisasterAI_Model.py", line 1315, in process_reward
    for cell in cells_to_relieve:
                ^^^^^^^^^^^^^^^^
NameError: name 'cells_to_relieve' is not defined
ERROR in Agent H_29 process_reward at tick 90: name 'cells_to_relieve' is not defined
Traceback (most recent call last):
  File "/home/user/DisasterAI/DisasterAI_Model.py", line 1315, in process_reward
    for cell in cells_to_relieve:
                ^^^^^^^^^^^^^^^^
NameError: name 'cells_to_relieve' is not defined
ERROR in Agent H_35 process_reward at tick 90: name 'cells_to_relieve' is not defined
Traceback (most recent call last):
  File "/home/user/DisasterAI/DisasterAI_Model.py", line 1315, in process_reward
    for cell in cells_to_relieve:
                ^^^^^^^^^^^^^^^^
NameError: name 'cells_to_relieve' is not defined
ERROR in Agent H_7 process_reward at tick 90: name 'cells_to_relieve' is not defined
Traceback (most recent call last):
  File "/home/user/DisasterAI/DisasterAI_Model.py", line 1315, in process_reward
    for cell in cells_to_relieve:
                ^^^^^^^^^^^^^^^^
NameError: name 'cells_to_relieve' is not defined
ERROR in Agent H_15 process_reward at tick 90: name 'cells_to_relieve' is not defined
Traceback (most recent call last):
  File "/home/user/DisasterAI/DisasterAI_Model.py", line 1315, in process_reward
    for cell in cells_to_relieve:
                ^^^^^^^^^^^^^^^^
NameError: name 'cells_to_relieve' is not defined
ERROR in Agent H_6 process_reward at tick 90: name 'cells_to_relieve' is not defined
Traceback (most recent call last):
  File "/home/user/DisasterAI/DisasterAI_Model.py", line 1315, in process_reward
    for cell in cells_to_relieve:
                ^^^^^^^^^^^^^^^^
NameError: name 'cells_to_relieve' is not defined
ERROR in Agent H_21 process_reward at tick 90: name 'cells_to_relieve' is not defined
Traceback (most recent call last):
  File "/home/user/DisasterAI/DisasterAI_Model.py", line 1315, in process_reward
    for cell in cells_to_relieve:
                ^^^^^^^^^^^^^^^^
NameError: name 'cells_to_relieve' is not defined
ERROR in Agent H_24 process_reward at tick 90: name 'cells_to_relieve' is not defined
Traceback (most recent call last):
  File "/home/user/DisasterAI/DisasterAI_Model.py", line 1315, in process_reward
    for cell in cells_to_relieve:
                ^^^^^^^^^^^^^^^^
NameError: name 'cells_to_relieve' is not defined
ERROR in Agent H_18 process_reward at tick 90: name 'cells_to_relieve' is not defined
Traceback (most recent call last):
  File "/home/user/DisasterAI/DisasterAI_Model.py", line 1315, in process_reward
    for cell in cells_to_relieve:
                ^^^^^^^^^^^^^^^^
NameError: name 'cells_to_relieve' is not defined
ERROR in Agent H_34 process_reward at tick 90: name 'cells_to_relieve' is not defined
Traceback (most recent call last):
  File "/home/user/DisasterAI/DisasterAI_Model.py", line 1315, in process_reward
    for cell in cells_to_relieve:
                ^^^^^^^^^^^^^^^^
NameError: name 'cells_to_relieve' is not defined
ERROR in Agent H_12 process_reward at tick 90: name 'cells_to_relieve' is not defined
Traceback (most recent call last):
  File "/home/user/DisasterAI/DisasterAI_Model.py", line 1315, in process_reward
    for cell in cells_to_relieve:
                ^^^^^^^^^^^^^^^^
NameError: name 'cells_to_relieve' is not defined

DEBUG: Starting AECI variance calculation at tick 90
  Found 0/50 AI-reliant agents
  Global belief variance: 0.0518
  WARNING: Invalid global variance (0.0518) or no AI-reliant agents
  Returning AECI variance tuple: (90, 0.0)
  Current aeci_variance_data length: 90
  Last 3 entries: [(88, 0.0), (89, 0.0), (90, 0.0)]

--- Retainment Diagnostics at Tick 90 ---
Agent H_0 (exploitative) retainment stats:
  accepted_human: 2, accepted_friend: 2, accepted_ai: 0
  retain_aeci: 0.00, retain_seci: 1.00
Agent H_1 (exploitative) retainment stats:
  accepted_human: 0, accepted_friend: 0, accepted_ai: 0
  No acceptances recorded
Agent H_2 (exploitative) retainment stats:
  accepted_human: 28, accepted_friend: 28, accepted_ai: 14
  retain_aeci: 0.33, retain_seci: 0.67
ERROR in Agent H_1 process_reward at tick 91: name 'cells_to_relieve' is not defined
Traceback (most recent call last):
  File "/home/user/DisasterAI/DisasterAI_Model.py", line 1315, in process_reward
    for cell in cells_to_relieve:
                ^^^^^^^^^^^^^^^^
NameError: name 'cells_to_relieve' is not defined
ERROR in Agent H_35 process_reward at tick 91: name 'cells_to_relieve' is not defined
Traceback (most recent call last):
  File "/home/user/DisasterAI/DisasterAI_Model.py", line 1315, in process_reward
    for cell in cells_to_relieve:
                ^^^^^^^^^^^^^^^^
NameError: name 'cells_to_relieve' is not defined
ERROR in Agent H_2 process_reward at tick 91: name 'cells_to_relieve' is not defined
Traceback (most recent call last):
  File "/home/user/DisasterAI/DisasterAI_Model.py", line 1315, in process_reward
    for cell in cells_to_relieve:
                ^^^^^^^^^^^^^^^^
NameError: name 'cells_to_relieve' is not defined
ERROR in Agent H_45 process_reward at tick 91: name 'cells_to_relieve' is not defined
Traceback (most recent call last):
  File "/home/user/DisasterAI/DisasterAI_Model.py", line 1315, in process_reward
    for cell in cells_to_relieve:
                ^^^^^^^^^^^^^^^^
NameError: name 'cells_to_relieve' is not defined
ERROR in Agent H_30 process_reward at tick 91: name 'cells_to_relieve' is not defined
Traceback (most recent call last):
  File "/home/user/DisasterAI/DisasterAI_Model.py", line 1315, in process_reward
    for cell in cells_to_relieve:
                ^^^^^^^^^^^^^^^^
NameError: name 'cells_to_relieve' is not defined
ERROR in Agent H_20 process_reward at tick 91: name 'cells_to_relieve' is not defined
Traceback (most recent call last):
  File "/home/user/DisasterAI/DisasterAI_Model.py", line 1315, in process_reward
    for cell in cells_to_relieve:
                ^^^^^^^^^^^^^^^^
NameError: name 'cells_to_relieve' is not defined
ERROR in Agent H_7 process_reward at tick 91: name 'cells_to_relieve' is not defined
Traceback (most recent call last):
  File "/home/user/DisasterAI/DisasterAI_Model.py", line 1315, in process_reward
    for cell in cells_to_relieve:
                ^^^^^^^^^^^^^^^^
NameError: name 'cells_to_relieve' is not defined
ERROR in Agent H_44 process_reward at tick 91: name 'cells_to_relieve' is not defined
Traceback (most recent call last):
  File "/home/user/DisasterAI/DisasterAI_Model.py", line 1315, in process_reward
    for cell in cells_to_relieve:
                ^^^^^^^^^^^^^^^^
NameError: name 'cells_to_relieve' is not defined
ERROR in Agent H_48 process_reward at tick 91: name 'cells_to_relieve' is not defined
Traceback (most recent call last):
  File "/home/user/DisasterAI/DisasterAI_Model.py", line 1315, in process_reward
    for cell in cells_to_relieve:
                ^^^^^^^^^^^^^^^^
NameError: name 'cells_to_relieve' is not defined
ERROR in Agent H_17 process_reward at tick 91: name 'cells_to_relieve' is not defined
Traceback (most recent call last):
  File "/home/user/DisasterAI/DisasterAI_Model.py", line 1315, in process_reward
    for cell in cells_to_relieve:
                ^^^^^^^^^^^^^^^^
NameError: name 'cells_to_relieve' is not defined
ERROR in Agent H_49 process_reward at tick 91: name 'cells_to_relieve' is not defined
Traceback (most recent call last):
  File "/home/user/DisasterAI/DisasterAI_Model.py", line 1315, in process_reward
    for cell in cells_to_relieve:
                ^^^^^^^^^^^^^^^^
NameError: name 'cells_to_relieve' is not defined
ERROR in Agent H_37 process_reward at tick 91: name 'cells_to_relieve' is not defined
Traceback (most recent call last):
  File "/home/user/DisasterAI/DisasterAI_Model.py", line 1315, in process_reward
    for cell in cells_to_relieve:
                ^^^^^^^^^^^^^^^^
NameError: name 'cells_to_relieve' is not defined
ERROR in Agent H_3 process_reward at tick 91: name 'cells_to_relieve' is not defined
Traceback (most recent call last):
  File "/home/user/DisasterAI/DisasterAI_Model.py", line 1315, in process_reward
    for cell in cells_to_relieve:
                ^^^^^^^^^^^^^^^^
NameError: name 'cells_to_relieve' is not defined
ERROR in Agent H_34 process_reward at tick 91: name 'cells_to_relieve' is not defined
Traceback (most recent call last):
  File "/home/user/DisasterAI/DisasterAI_Model.py", line 1315, in process_reward
    for cell in cells_to_relieve:
                ^^^^^^^^^^^^^^^^
NameError: name 'cells_to_relieve' is not defined
ERROR in Agent H_0 process_reward at tick 91: name 'cells_to_relieve' is not defined
Traceback (most recent call last):
  File "/home/user/DisasterAI/DisasterAI_Model.py", line 1315, in process_reward
    for cell in cells_to_relieve:
                ^^^^^^^^^^^^^^^^
NameError: name 'cells_to_relieve' is not defined
ERROR in Agent H_23 process_reward at tick 91: name 'cells_to_relieve' is not defined
Traceback (most recent call last):
  File "/home/user/DisasterAI/DisasterAI_Model.py", line 1315, in process_reward
    for cell in cells_to_relieve:
                ^^^^^^^^^^^^^^^^
NameError: name 'cells_to_relieve' is not defined
ERROR in Agent H_36 process_reward at tick 91: name 'cells_to_relieve' is not defined
Traceback (most recent call last):
  File "/home/user/DisasterAI/DisasterAI_Model.py", line 1315, in process_reward
    for cell in cells_to_relieve:
                ^^^^^^^^^^^^^^^^
NameError: name 'cells_to_relieve' is not defined
ERROR in Agent H_38 process_reward at tick 91: name 'cells_to_relieve' is not defined
Traceback (most recent call last):
  File "/home/user/DisasterAI/DisasterAI_Model.py", line 1315, in process_reward
    for cell in cells_to_relieve:
                ^^^^^^^^^^^^^^^^
NameError: name 'cells_to_relieve' is not defined
ERROR in Agent H_46 process_reward at tick 91: name 'cells_to_relieve' is not defined
Traceback (most recent call last):
  File "/home/user/DisasterAI/DisasterAI_Model.py", line 1315, in process_reward
    for cell in cells_to_relieve:
                ^^^^^^^^^^^^^^^^
NameError: name 'cells_to_relieve' is not defined
ERROR in Agent H_6 process_reward at tick 91: name 'cells_to_relieve' is not defined
Traceback (most recent call last):
  File "/home/user/DisasterAI/DisasterAI_Model.py", line 1315, in process_reward
    for cell in cells_to_relieve:
                ^^^^^^^^^^^^^^^^
NameError: name 'cells_to_relieve' is not defined
ERROR in Agent H_10 process_reward at tick 91: name 'cells_to_relieve' is not defined
Traceback (most recent call last):
  File "/home/user/DisasterAI/DisasterAI_Model.py", line 1315, in process_reward
    for cell in cells_to_relieve:
                ^^^^^^^^^^^^^^^^
NameError: name 'cells_to_relieve' is not defined
ERROR in Agent H_8 process_reward at tick 91: name 'cells_to_relieve' is not defined
Traceback (most recent call last):
  File "/home/user/DisasterAI/DisasterAI_Model.py", line 1315, in process_reward
    for cell in cells_to_relieve:
                ^^^^^^^^^^^^^^^^
NameError: name 'cells_to_relieve' is not defined
ERROR in Agent H_41 process_reward at tick 91: name 'cells_to_relieve' is not defined
Traceback (most recent call last):
  File "/home/user/DisasterAI/DisasterAI_Model.py", line 1315, in process_reward
    for cell in cells_to_relieve:
                ^^^^^^^^^^^^^^^^
NameError: name 'cells_to_relieve' is not defined
ERROR in Agent H_4 process_reward at tick 91: name 'cells_to_relieve' is not defined
Traceback (most recent call last):
  File "/home/user/DisasterAI/DisasterAI_Model.py", line 1315, in process_reward
    for cell in cells_to_relieve:
                ^^^^^^^^^^^^^^^^
NameError: name 'cells_to_relieve' is not defined
ERROR in Agent H_40 process_reward at tick 91: name 'cells_to_relieve' is not defined
Traceback (most recent call last):
  File "/home/user/DisasterAI/DisasterAI_Model.py", line 1315, in process_reward
    for cell in cells_to_relieve:
                ^^^^^^^^^^^^^^^^
NameError: name 'cells_to_relieve' is not defined
ERROR in Agent H_27 process_reward at tick 91: name 'cells_to_relieve' is not defined
Traceback (most recent call last):
  File "/home/user/DisasterAI/DisasterAI_Model.py", line 1315, in process_reward
    for cell in cells_to_relieve:
                ^^^^^^^^^^^^^^^^
NameError: name 'cells_to_relieve' is not defined
ERROR in Agent H_13 process_reward at tick 91: name 'cells_to_relieve' is not defined
Traceback (most recent call last):
  File "/home/user/DisasterAI/DisasterAI_Model.py", line 1315, in process_reward
    for cell in cells_to_relieve:
                ^^^^^^^^^^^^^^^^
NameError: name 'cells_to_relieve' is not defined
ERROR in Agent H_43 process_reward at tick 91: name 'cells_to_relieve' is not defined
Traceback (most recent call last):
  File "/home/user/DisasterAI/DisasterAI_Model.py", line 1315, in process_reward
    for cell in cells_to_relieve:
                ^^^^^^^^^^^^^^^^
NameError: name 'cells_to_relieve' is not defined
ERROR in Agent H_9 process_reward at tick 91: name 'cells_to_relieve' is not defined
Traceback (most recent call last):
  File "/home/user/DisasterAI/DisasterAI_Model.py", line 1315, in process_reward
    for cell in cells_to_relieve:
                ^^^^^^^^^^^^^^^^
NameError: name 'cells_to_relieve' is not defined
ERROR in Agent H_16 process_reward at tick 91: name 'cells_to_relieve' is not defined
Traceback (most recent call last):
  File "/home/user/DisasterAI/DisasterAI_Model.py", line 1315, in process_reward
    for cell in cells_to_relieve:
                ^^^^^^^^^^^^^^^^
NameError: name 'cells_to_relieve' is not defined
ERROR in Agent H_19 process_reward at tick 91: name 'cells_to_relieve' is not defined
Traceback (most recent call last):
  File "/home/user/DisasterAI/DisasterAI_Model.py", line 1315, in process_reward
    for cell in cells_to_relieve:
                ^^^^^^^^^^^^^^^^
NameError: name 'cells_to_relieve' is not defined
ERROR in Agent H_31 process_reward at tick 91: name 'cells_to_relieve' is not defined
Traceback (most recent call last):
  File "/home/user/DisasterAI/DisasterAI_Model.py", line 1315, in process_reward
    for cell in cells_to_relieve:
                ^^^^^^^^^^^^^^^^
NameError: name 'cells_to_relieve' is not defined
ERROR in Agent H_32 process_reward at tick 91: name 'cells_to_relieve' is not defined
Traceback (most recent call last):
  File "/home/user/DisasterAI/DisasterAI_Model.py", line 1315, in process_reward
    for cell in cells_to_relieve:
                ^^^^^^^^^^^^^^^^
NameError: name 'cells_to_relieve' is not defined
ERROR in Agent H_26 process_reward at tick 91: name 'cells_to_relieve' is not defined
Traceback (most recent call last):
  File "/home/user/DisasterAI/DisasterAI_Model.py", line 1315, in process_reward
    for cell in cells_to_relieve:
                ^^^^^^^^^^^^^^^^
NameError: name 'cells_to_relieve' is not defined
ERROR in Agent H_14 process_reward at tick 91: name 'cells_to_relieve' is not defined
Traceback (most recent call last):
  File "/home/user/DisasterAI/DisasterAI_Model.py", line 1315, in process_reward
    for cell in cells_to_relieve:
                ^^^^^^^^^^^^^^^^
NameError: name 'cells_to_relieve' is not defined
ERROR in Agent H_21 process_reward at tick 91: name 'cells_to_relieve' is not defined
Traceback (most recent call last):
  File "/home/user/DisasterAI/DisasterAI_Model.py", line 1315, in process_reward
    for cell in cells_to_relieve:
                ^^^^^^^^^^^^^^^^
NameError: name 'cells_to_relieve' is not defined
ERROR in Agent H_39 process_reward at tick 91: name 'cells_to_relieve' is not defined
Traceback (most recent call last):
  File "/home/user/DisasterAI/DisasterAI_Model.py", line 1315, in process_reward
    for cell in cells_to_relieve:
                ^^^^^^^^^^^^^^^^
NameError: name 'cells_to_relieve' is not defined
ERROR in Agent H_24 process_reward at tick 91: name 'cells_to_relieve' is not defined
Traceback (most recent call last):
  File "/home/user/DisasterAI/DisasterAI_Model.py", line 1315, in process_reward
    for cell in cells_to_relieve:
                ^^^^^^^^^^^^^^^^
NameError: name 'cells_to_relieve' is not defined
ERROR in Agent H_28 process_reward at tick 92: name 'cells_to_relieve' is not defined
Traceback (most recent call last):
  File "/home/user/DisasterAI/DisasterAI_Model.py", line 1315, in process_reward
    for cell in cells_to_relieve:
                ^^^^^^^^^^^^^^^^
NameError: name 'cells_to_relieve' is not defined
ERROR in Agent H_43 process_reward at tick 92: name 'cells_to_relieve' is not defined
Traceback (most recent call last):
  File "/home/user/DisasterAI/DisasterAI_Model.py", line 1315, in process_reward
    for cell in cells_to_relieve:
                ^^^^^^^^^^^^^^^^
NameError: name 'cells_to_relieve' is not defined
ERROR in Agent H_9 process_reward at tick 92: name 'cells_to_relieve' is not defined
Traceback (most recent call last):
  File "/home/user/DisasterAI/DisasterAI_Model.py", line 1315, in process_reward
    for cell in cells_to_relieve:
                ^^^^^^^^^^^^^^^^
NameError: name 'cells_to_relieve' is not defined
ERROR in Agent H_20 process_reward at tick 92: name 'cells_to_relieve' is not defined
Traceback (most recent call last):
  File "/home/user/DisasterAI/DisasterAI_Model.py", line 1315, in process_reward
    for cell in cells_to_relieve:
                ^^^^^^^^^^^^^^^^
NameError: name 'cells_to_relieve' is not defined
ERROR in Agent H_39 process_reward at tick 92: name 'cells_to_relieve' is not defined
Traceback (most recent call last):
  File "/home/user/DisasterAI/DisasterAI_Model.py", line 1315, in process_reward
    for cell in cells_to_relieve:
                ^^^^^^^^^^^^^^^^
NameError: name 'cells_to_relieve' is not defined
ERROR in Agent H_42 process_reward at tick 92: name 'cells_to_relieve' is not defined
Traceback (most recent call last):
  File "/home/user/DisasterAI/DisasterAI_Model.py", line 1315, in process_reward
    for cell in cells_to_relieve:
                ^^^^^^^^^^^^^^^^
NameError: name 'cells_to_relieve' is not defined
ERROR in Agent H_40 process_reward at tick 92: name 'cells_to_relieve' is not defined
Traceback (most recent call last):
  File "/home/user/DisasterAI/DisasterAI_Model.py", line 1315, in process_reward
    for cell in cells_to_relieve:
                ^^^^^^^^^^^^^^^^
NameError: name 'cells_to_relieve' is not defined
ERROR in Agent H_48 process_reward at tick 92: name 'cells_to_relieve' is not defined
Traceback (most recent call last):
  File "/home/user/DisasterAI/DisasterAI_Model.py", line 1315, in process_reward
    for cell in cells_to_relieve:
                ^^^^^^^^^^^^^^^^
NameError: name 'cells_to_relieve' is not defined
ERROR in Agent H_36 process_reward at tick 92: name 'cells_to_relieve' is not defined
Traceback (most recent call last):
  File "/home/user/DisasterAI/DisasterAI_Model.py", line 1315, in process_reward
    for cell in cells_to_relieve:
                ^^^^^^^^^^^^^^^^
NameError: name 'cells_to_relieve' is not defined
ERROR in Agent H_15 process_reward at tick 92: name 'cells_to_relieve' is not defined
Traceback (most recent call last):
  File "/home/user/DisasterAI/DisasterAI_Model.py", line 1315, in process_reward
    for cell in cells_to_relieve:
                ^^^^^^^^^^^^^^^^
NameError: name 'cells_to_relieve' is not defined
ERROR in Agent H_4 process_reward at tick 92: name 'cells_to_relieve' is not defined
Traceback (most recent call last):
  File "/home/user/DisasterAI/DisasterAI_Model.py", line 1315, in process_reward
    for cell in cells_to_relieve:
                ^^^^^^^^^^^^^^^^
NameError: name 'cells_to_relieve' is not defined
ERROR in Agent H_34 process_reward at tick 92: name 'cells_to_relieve' is not defined
Traceback (most recent call last):
  File "/home/user/DisasterAI/DisasterAI_Model.py", line 1315, in process_reward
    for cell in cells_to_relieve:
                ^^^^^^^^^^^^^^^^
NameError: name 'cells_to_relieve' is not defined
ERROR in Agent H_10 process_reward at tick 92: name 'cells_to_relieve' is not defined
Traceback (most recent call last):
  File "/home/user/DisasterAI/DisasterAI_Model.py", line 1315, in process_reward
    for cell in cells_to_relieve:
                ^^^^^^^^^^^^^^^^
NameError: name 'cells_to_relieve' is not defined
ERROR in Agent H_11 process_reward at tick 92: name 'cells_to_relieve' is not defined
Traceback (most recent call last):
  File "/home/user/DisasterAI/DisasterAI_Model.py", line 1315, in process_reward
    for cell in cells_to_relieve:
                ^^^^^^^^^^^^^^^^
NameError: name 'cells_to_relieve' is not defined
ERROR in Agent H_21 process_reward at tick 92: name 'cells_to_relieve' is not defined
Traceback (most recent call last):
  File "/home/user/DisasterAI/DisasterAI_Model.py", line 1315, in process_reward
    for cell in cells_to_relieve:
                ^^^^^^^^^^^^^^^^
NameError: name 'cells_to_relieve' is not defined
ERROR in Agent H_47 process_reward at tick 92: name 'cells_to_relieve' is not defined
Traceback (most recent call last):
  File "/home/user/DisasterAI/DisasterAI_Model.py", line 1315, in process_reward
    for cell in cells_to_relieve:
                ^^^^^^^^^^^^^^^^
NameError: name 'cells_to_relieve' is not defined
ERROR in Agent H_45 process_reward at tick 92: name 'cells_to_relieve' is not defined
Traceback (most recent call last):
  File "/home/user/DisasterAI/DisasterAI_Model.py", line 1315, in process_reward
    for cell in cells_to_relieve:
                ^^^^^^^^^^^^^^^^
NameError: name 'cells_to_relieve' is not defined
ERROR in Agent H_18 process_reward at tick 92: name 'cells_to_relieve' is not defined
Traceback (most recent call last):
  File "/home/user/DisasterAI/DisasterAI_Model.py", line 1315, in process_reward
    for cell in cells_to_relieve:
                ^^^^^^^^^^^^^^^^
NameError: name 'cells_to_relieve' is not defined
ERROR in Agent H_23 process_reward at tick 92: name 'cells_to_relieve' is not defined
Traceback (most recent call last):
  File "/home/user/DisasterAI/DisasterAI_Model.py", line 1315, in process_reward
    for cell in cells_to_relieve:
                ^^^^^^^^^^^^^^^^
NameError: name 'cells_to_relieve' is not defined
ERROR in Agent H_22 process_reward at tick 92: name 'cells_to_relieve' is not defined
Traceback (most recent call last):
  File "/home/user/DisasterAI/DisasterAI_Model.py", line 1315, in process_reward
    for cell in cells_to_relieve:
                ^^^^^^^^^^^^^^^^
NameError: name 'cells_to_relieve' is not defined
ERROR in Agent H_31 process_reward at tick 92: name 'cells_to_relieve' is not defined
Traceback (most recent call last):
  File "/home/user/DisasterAI/DisasterAI_Model.py", line 1315, in process_reward
    for cell in cells_to_relieve:
                ^^^^^^^^^^^^^^^^
NameError: name 'cells_to_relieve' is not defined
ERROR in Agent H_13 process_reward at tick 92: name 'cells_to_relieve' is not defined
Traceback (most recent call last):
  File "/home/user/DisasterAI/DisasterAI_Model.py", line 1315, in process_reward
    for cell in cells_to_relieve:
                ^^^^^^^^^^^^^^^^
NameError: name 'cells_to_relieve' is not defined
ERROR in Agent H_3 process_reward at tick 92: name 'cells_to_relieve' is not defined
Traceback (most recent call last):
  File "/home/user/DisasterAI/DisasterAI_Model.py", line 1315, in process_reward
    for cell in cells_to_relieve:
                ^^^^^^^^^^^^^^^^
NameError: name 'cells_to_relieve' is not defined
ERROR in Agent H_44 process_reward at tick 92: name 'cells_to_relieve' is not defined
Traceback (most recent call last):
  File "/home/user/DisasterAI/DisasterAI_Model.py", line 1315, in process_reward
    for cell in cells_to_relieve:
                ^^^^^^^^^^^^^^^^
NameError: name 'cells_to_relieve' is not defined
ERROR in Agent H_17 process_reward at tick 92: name 'cells_to_relieve' is not defined
Traceback (most recent call last):
  File "/home/user/DisasterAI/DisasterAI_Model.py", line 1315, in process_reward
    for cell in cells_to_relieve:
                ^^^^^^^^^^^^^^^^
NameError: name 'cells_to_relieve' is not defined
ERROR in Agent H_41 process_reward at tick 92: name 'cells_to_relieve' is not defined
Traceback (most recent call last):
  File "/home/user/DisasterAI/DisasterAI_Model.py", line 1315, in process_reward
    for cell in cells_to_relieve:
                ^^^^^^^^^^^^^^^^
NameError: name 'cells_to_relieve' is not defined
ERROR in Agent H_14 process_reward at tick 92: name 'cells_to_relieve' is not defined
Traceback (most recent call last):
  File "/home/user/DisasterAI/DisasterAI_Model.py", line 1315, in process_reward
    for cell in cells_to_relieve:
                ^^^^^^^^^^^^^^^^
NameError: name 'cells_to_relieve' is not defined
ERROR in Agent H_7 process_reward at tick 92: name 'cells_to_relieve' is not defined
Traceback (most recent call last):
  File "/home/user/DisasterAI/DisasterAI_Model.py", line 1315, in process_reward
    for cell in cells_to_relieve:
                ^^^^^^^^^^^^^^^^
NameError: name 'cells_to_relieve' is not defined
ERROR in Agent H_37 process_reward at tick 92: name 'cells_to_relieve' is not defined
Traceback (most recent call last):
  File "/home/user/DisasterAI/DisasterAI_Model.py", line 1315, in process_reward
    for cell in cells_to_relieve:
                ^^^^^^^^^^^^^^^^
NameError: name 'cells_to_relieve' is not defined
ERROR in Agent H_2 process_reward at tick 92: name 'cells_to_relieve' is not defined
Traceback (most recent call last):
  File "/home/user/DisasterAI/DisasterAI_Model.py", line 1315, in process_reward
    for cell in cells_to_relieve:
                ^^^^^^^^^^^^^^^^
NameError: name 'cells_to_relieve' is not defined
ERROR in Agent H_24 process_reward at tick 92: name 'cells_to_relieve' is not defined
Traceback (most recent call last):
  File "/home/user/DisasterAI/DisasterAI_Model.py", line 1315, in process_reward
    for cell in cells_to_relieve:
                ^^^^^^^^^^^^^^^^
NameError: name 'cells_to_relieve' is not defined
ERROR in Agent H_8 process_reward at tick 92: name 'cells_to_relieve' is not defined
Traceback (most recent call last):
  File "/home/user/DisasterAI/DisasterAI_Model.py", line 1315, in process_reward
    for cell in cells_to_relieve:
                ^^^^^^^^^^^^^^^^
NameError: name 'cells_to_relieve' is not defined
ERROR in Agent H_26 process_reward at tick 92: name 'cells_to_relieve' is not defined
Traceback (most recent call last):
  File "/home/user/DisasterAI/DisasterAI_Model.py", line 1315, in process_reward
    for cell in cells_to_relieve:
                ^^^^^^^^^^^^^^^^
NameError: name 'cells_to_relieve' is not defined
ERROR in Agent H_27 process_reward at tick 93: name 'cells_to_relieve' is not defined
Traceback (most recent call last):
  File "/home/user/DisasterAI/DisasterAI_Model.py", line 1315, in process_reward
    for cell in cells_to_relieve:
                ^^^^^^^^^^^^^^^^
NameError: name 'cells_to_relieve' is not defined
ERROR in Agent H_18 process_reward at tick 93: name 'cells_to_relieve' is not defined
Traceback (most recent call last):
  File "/home/user/DisasterAI/DisasterAI_Model.py", line 1315, in process_reward
    for cell in cells_to_relieve:
                ^^^^^^^^^^^^^^^^
NameError: name 'cells_to_relieve' is not defined
ERROR in Agent H_49 process_reward at tick 93: name 'cells_to_relieve' is not defined
Traceback (most recent call last):
  File "/home/user/DisasterAI/DisasterAI_Model.py", line 1315, in process_reward
    for cell in cells_to_relieve:
                ^^^^^^^^^^^^^^^^
NameError: name 'cells_to_relieve' is not defined
ERROR in Agent H_5 process_reward at tick 93: name 'cells_to_relieve' is not defined
Traceback (most recent call last):
  File "/home/user/DisasterAI/DisasterAI_Model.py", line 1315, in process_reward
    for cell in cells_to_relieve:
                ^^^^^^^^^^^^^^^^
NameError: name 'cells_to_relieve' is not defined
ERROR in Agent H_16 process_reward at tick 93: name 'cells_to_relieve' is not defined
Traceback (most recent call last):
  File "/home/user/DisasterAI/DisasterAI_Model.py", line 1315, in process_reward
    for cell in cells_to_relieve:
                ^^^^^^^^^^^^^^^^
NameError: name 'cells_to_relieve' is not defined
ERROR in Agent H_12 process_reward at tick 93: name 'cells_to_relieve' is not defined
Traceback (most recent call last):
  File "/home/user/DisasterAI/DisasterAI_Model.py", line 1315, in process_reward
    for cell in cells_to_relieve:
                ^^^^^^^^^^^^^^^^
NameError: name 'cells_to_relieve' is not defined
ERROR in Agent H_36 process_reward at tick 93: name 'cells_to_relieve' is not defined
Traceback (most recent call last):
  File "/home/user/DisasterAI/DisasterAI_Model.py", line 1315, in process_reward
    for cell in cells_to_relieve:
                ^^^^^^^^^^^^^^^^
NameError: name 'cells_to_relieve' is not defined
ERROR in Agent H_9 process_reward at tick 93: name 'cells_to_relieve' is not defined
Traceback (most recent call last):
  File "/home/user/DisasterAI/DisasterAI_Model.py", line 1315, in process_reward
    for cell in cells_to_relieve:
                ^^^^^^^^^^^^^^^^
NameError: name 'cells_to_relieve' is not defined
ERROR in Agent H_4 process_reward at tick 93: name 'cells_to_relieve' is not defined
Traceback (most recent call last):
  File "/home/user/DisasterAI/DisasterAI_Model.py", line 1315, in process_reward
    for cell in cells_to_relieve:
                ^^^^^^^^^^^^^^^^
NameError: name 'cells_to_relieve' is not defined
ERROR in Agent H_33 process_reward at tick 93: name 'cells_to_relieve' is not defined
Traceback (most recent call last):
  File "/home/user/DisasterAI/DisasterAI_Model.py", line 1315, in process_reward
    for cell in cells_to_relieve:
                ^^^^^^^^^^^^^^^^
NameError: name 'cells_to_relieve' is not defined
ERROR in Agent H_34 process_reward at tick 93: name 'cells_to_relieve' is not defined
Traceback (most recent call last):
  File "/home/user/DisasterAI/DisasterAI_Model.py", line 1315, in process_reward
    for cell in cells_to_relieve:
                ^^^^^^^^^^^^^^^^
NameError: name 'cells_to_relieve' is not defined
ERROR in Agent H_22 process_reward at tick 93: name 'cells_to_relieve' is not defined
Traceback (most recent call last):
  File "/home/user/DisasterAI/DisasterAI_Model.py", line 1315, in process_reward
    for cell in cells_to_relieve:
                ^^^^^^^^^^^^^^^^
NameError: name 'cells_to_relieve' is not defined
ERROR in Agent H_23 process_reward at tick 93: name 'cells_to_relieve' is not defined
Traceback (most recent call last):
  File "/home/user/DisasterAI/DisasterAI_Model.py", line 1315, in process_reward
    for cell in cells_to_relieve:
                ^^^^^^^^^^^^^^^^
NameError: name 'cells_to_relieve' is not defined
ERROR in Agent H_43 process_reward at tick 93: name 'cells_to_relieve' is not defined
Traceback (most recent call last):
  File "/home/user/DisasterAI/DisasterAI_Model.py", line 1315, in process_reward
    for cell in cells_to_relieve:
                ^^^^^^^^^^^^^^^^
NameError: name 'cells_to_relieve' is not defined
ERROR in Agent H_37 process_reward at tick 93: name 'cells_to_relieve' is not defined
Traceback (most recent call last):
  File "/home/user/DisasterAI/DisasterAI_Model.py", line 1315, in process_reward
    for cell in cells_to_relieve:
                ^^^^^^^^^^^^^^^^
NameError: name 'cells_to_relieve' is not defined
ERROR in Agent H_31 process_reward at tick 93: name 'cells_to_relieve' is not defined
Traceback (most recent call last):
  File "/home/user/DisasterAI/DisasterAI_Model.py", line 1315, in process_reward
    for cell in cells_to_relieve:
                ^^^^^^^^^^^^^^^^
NameError: name 'cells_to_relieve' is not defined
ERROR in Agent H_40 process_reward at tick 93: name 'cells_to_relieve' is not defined
Traceback (most recent call last):
  File "/home/user/DisasterAI/DisasterAI_Model.py", line 1315, in process_reward
    for cell in cells_to_relieve:
                ^^^^^^^^^^^^^^^^
NameError: name 'cells_to_relieve' is not defined
ERROR in Agent H_3 process_reward at tick 93: name 'cells_to_relieve' is not defined
Traceback (most recent call last):
  File "/home/user/DisasterAI/DisasterAI_Model.py", line 1315, in process_reward
    for cell in cells_to_relieve:
                ^^^^^^^^^^^^^^^^
NameError: name 'cells_to_relieve' is not defined
ERROR in Agent H_42 process_reward at tick 93: name 'cells_to_relieve' is not defined
Traceback (most recent call last):
  File "/home/user/DisasterAI/DisasterAI_Model.py", line 1315, in process_reward
    for cell in cells_to_relieve:
                ^^^^^^^^^^^^^^^^
NameError: name 'cells_to_relieve' is not defined
ERROR in Agent H_19 process_reward at tick 93: name 'cells_to_relieve' is not defined
Traceback (most recent call last):
  File "/home/user/DisasterAI/DisasterAI_Model.py", line 1315, in process_reward
    for cell in cells_to_relieve:
                ^^^^^^^^^^^^^^^^
NameError: name 'cells_to_relieve' is not defined
ERROR in Agent H_0 process_reward at tick 93: name 'cells_to_relieve' is not defined
Traceback (most recent call last):
  File "/home/user/DisasterAI/DisasterAI_Model.py", line 1315, in process_reward
    for cell in cells_to_relieve:
                ^^^^^^^^^^^^^^^^
NameError: name 'cells_to_relieve' is not defined
ERROR in Agent H_26 process_reward at tick 93: name 'cells_to_relieve' is not defined
Traceback (most recent call last):
  File "/home/user/DisasterAI/DisasterAI_Model.py", line 1315, in process_reward
    for cell in cells_to_relieve:
                ^^^^^^^^^^^^^^^^
NameError: name 'cells_to_relieve' is not defined
ERROR in Agent H_2 process_reward at tick 93: name 'cells_to_relieve' is not defined
Traceback (most recent call last):
  File "/home/user/DisasterAI/DisasterAI_Model.py", line 1315, in process_reward
    for cell in cells_to_relieve:
                ^^^^^^^^^^^^^^^^
NameError: name 'cells_to_relieve' is not defined
ERROR in Agent H_13 process_reward at tick 93: name 'cells_to_relieve' is not defined
Traceback (most recent call last):
  File "/home/user/DisasterAI/DisasterAI_Model.py", line 1315, in process_reward
    for cell in cells_to_relieve:
                ^^^^^^^^^^^^^^^^
NameError: name 'cells_to_relieve' is not defined
ERROR in Agent H_39 process_reward at tick 93: name 'cells_to_relieve' is not defined
Traceback (most recent call last):
  File "/home/user/DisasterAI/DisasterAI_Model.py", line 1315, in process_reward
    for cell in cells_to_relieve:
                ^^^^^^^^^^^^^^^^
NameError: name 'cells_to_relieve' is not defined
ERROR in Agent H_35 process_reward at tick 93: name 'cells_to_relieve' is not defined
Traceback (most recent call last):
  File "/home/user/DisasterAI/DisasterAI_Model.py", line 1315, in process_reward
    for cell in cells_to_relieve:
                ^^^^^^^^^^^^^^^^
NameError: name 'cells_to_relieve' is not defined
ERROR in Agent H_45 process_reward at tick 93: name 'cells_to_relieve' is not defined
Traceback (most recent call last):
  File "/home/user/DisasterAI/DisasterAI_Model.py", line 1315, in process_reward
    for cell in cells_to_relieve:
                ^^^^^^^^^^^^^^^^
NameError: name 'cells_to_relieve' is not defined
ERROR in Agent H_29 process_reward at tick 93: name 'cells_to_relieve' is not defined
Traceback (most recent call last):
  File "/home/user/DisasterAI/DisasterAI_Model.py", line 1315, in process_reward
    for cell in cells_to_relieve:
                ^^^^^^^^^^^^^^^^
NameError: name 'cells_to_relieve' is not defined
ERROR in Agent H_25 process_reward at tick 93: name 'cells_to_relieve' is not defined
Traceback (most recent call last):
  File "/home/user/DisasterAI/DisasterAI_Model.py", line 1315, in process_reward
    for cell in cells_to_relieve:
                ^^^^^^^^^^^^^^^^
NameError: name 'cells_to_relieve' is not defined
ERROR in Agent H_6 process_reward at tick 93: name 'cells_to_relieve' is not defined
Traceback (most recent call last):
  File "/home/user/DisasterAI/DisasterAI_Model.py", line 1315, in process_reward
    for cell in cells_to_relieve:
                ^^^^^^^^^^^^^^^^
NameError: name 'cells_to_relieve' is not defined
ERROR in Agent H_8 process_reward at tick 93: name 'cells_to_relieve' is not defined
Traceback (most recent call last):
  File "/home/user/DisasterAI/DisasterAI_Model.py", line 1315, in process_reward
    for cell in cells_to_relieve:
                ^^^^^^^^^^^^^^^^
NameError: name 'cells_to_relieve' is not defined
ERROR in Agent H_20 process_reward at tick 93: name 'cells_to_relieve' is not defined
Traceback (most recent call last):
  File "/home/user/DisasterAI/DisasterAI_Model.py", line 1315, in process_reward
    for cell in cells_to_relieve:
                ^^^^^^^^^^^^^^^^
NameError: name 'cells_to_relieve' is not defined
ERROR in Agent H_14 process_reward at tick 93: name 'cells_to_relieve' is not defined
Traceback (most recent call last):
  File "/home/user/DisasterAI/DisasterAI_Model.py", line 1315, in process_reward
    for cell in cells_to_relieve:
                ^^^^^^^^^^^^^^^^
NameError: name 'cells_to_relieve' is not defined
ERROR in Agent H_47 process_reward at tick 93: name 'cells_to_relieve' is not defined
Traceback (most recent call last):
  File "/home/user/DisasterAI/DisasterAI_Model.py", line 1315, in process_reward
    for cell in cells_to_relieve:
                ^^^^^^^^^^^^^^^^
NameError: name 'cells_to_relieve' is not defined
ERROR in Agent H_37 process_reward at tick 94: name 'cells_to_relieve' is not defined
Traceback (most recent call last):
  File "/home/user/DisasterAI/DisasterAI_Model.py", line 1315, in process_reward
    for cell in cells_to_relieve:
                ^^^^^^^^^^^^^^^^
NameError: name 'cells_to_relieve' is not defined
ERROR in Agent H_29 process_reward at tick 94: name 'cells_to_relieve' is not defined
Traceback (most recent call last):
  File "/home/user/DisasterAI/DisasterAI_Model.py", line 1315, in process_reward
    for cell in cells_to_relieve:
                ^^^^^^^^^^^^^^^^
NameError: name 'cells_to_relieve' is not defined
ERROR in Agent H_27 process_reward at tick 94: name 'cells_to_relieve' is not defined
Traceback (most recent call last):
  File "/home/user/DisasterAI/DisasterAI_Model.py", line 1315, in process_reward
    for cell in cells_to_relieve:
                ^^^^^^^^^^^^^^^^
NameError: name 'cells_to_relieve' is not defined
ERROR in Agent H_12 process_reward at tick 94: name 'cells_to_relieve' is not defined
Traceback (most recent call last):
  File "/home/user/DisasterAI/DisasterAI_Model.py", line 1315, in process_reward
    for cell in cells_to_relieve:
                ^^^^^^^^^^^^^^^^
NameError: name 'cells_to_relieve' is not defined
ERROR in Agent H_6 process_reward at tick 94: name 'cells_to_relieve' is not defined
Traceback (most recent call last):
  File "/home/user/DisasterAI/DisasterAI_Model.py", line 1315, in process_reward
    for cell in cells_to_relieve:
                ^^^^^^^^^^^^^^^^
NameError: name 'cells_to_relieve' is not defined
ERROR in Agent H_15 process_reward at tick 94: name 'cells_to_relieve' is not defined
Traceback (most recent call last):
  File "/home/user/DisasterAI/DisasterAI_Model.py", line 1315, in process_reward
    for cell in cells_to_relieve:
                ^^^^^^^^^^^^^^^^
NameError: name 'cells_to_relieve' is not defined
ERROR in Agent H_1 process_reward at tick 94: name 'cells_to_relieve' is not defined
Traceback (most recent call last):
  File "/home/user/DisasterAI/DisasterAI_Model.py", line 1315, in process_reward
    for cell in cells_to_relieve:
                ^^^^^^^^^^^^^^^^
NameError: name 'cells_to_relieve' is not defined
ERROR in Agent H_41 process_reward at tick 94: name 'cells_to_relieve' is not defined
Traceback (most recent call last):
  File "/home/user/DisasterAI/DisasterAI_Model.py", line 1315, in process_reward
    for cell in cells_to_relieve:
                ^^^^^^^^^^^^^^^^
NameError: name 'cells_to_relieve' is not defined
ERROR in Agent H_0 process_reward at tick 94: name 'cells_to_relieve' is not defined
Traceback (most recent call last):
  File "/home/user/DisasterAI/DisasterAI_Model.py", line 1315, in process_reward
    for cell in cells_to_relieve:
                ^^^^^^^^^^^^^^^^
NameError: name 'cells_to_relieve' is not defined
ERROR in Agent H_14 process_reward at tick 94: name 'cells_to_relieve' is not defined
Traceback (most recent call last):
  File "/home/user/DisasterAI/DisasterAI_Model.py", line 1315, in process_reward
    for cell in cells_to_relieve:
                ^^^^^^^^^^^^^^^^
NameError: name 'cells_to_relieve' is not defined
ERROR in Agent H_33 process_reward at tick 94: name 'cells_to_relieve' is not defined
Traceback (most recent call last):
  File "/home/user/DisasterAI/DisasterAI_Model.py", line 1315, in process_reward
    for cell in cells_to_relieve:
                ^^^^^^^^^^^^^^^^
NameError: name 'cells_to_relieve' is not defined
ERROR in Agent H_30 process_reward at tick 94: name 'cells_to_relieve' is not defined
Traceback (most recent call last):
  File "/home/user/DisasterAI/DisasterAI_Model.py", line 1315, in process_reward
    for cell in cells_to_relieve:
                ^^^^^^^^^^^^^^^^
NameError: name 'cells_to_relieve' is not defined
ERROR in Agent H_45 process_reward at tick 94: name 'cells_to_relieve' is not defined
Traceback (most recent call last):
  File "/home/user/DisasterAI/DisasterAI_Model.py", line 1315, in process_reward
    for cell in cells_to_relieve:
                ^^^^^^^^^^^^^^^^
NameError: name 'cells_to_relieve' is not defined
ERROR in Agent H_44 process_reward at tick 94: name 'cells_to_relieve' is not defined
Traceback (most recent call last):
  File "/home/user/DisasterAI/DisasterAI_Model.py", line 1315, in process_reward
    for cell in cells_to_relieve:
                ^^^^^^^^^^^^^^^^
NameError: name 'cells_to_relieve' is not defined
ERROR in Agent H_48 process_reward at tick 94: name 'cells_to_relieve' is not defined
Traceback (most recent call last):
  File "/home/user/DisasterAI/DisasterAI_Model.py", line 1315, in process_reward
    for cell in cells_to_relieve:
                ^^^^^^^^^^^^^^^^
NameError: name 'cells_to_relieve' is not defined
ERROR in Agent H_13 process_reward at tick 94: name 'cells_to_relieve' is not defined
Traceback (most recent call last):
  File "/home/user/DisasterAI/DisasterAI_Model.py", line 1315, in process_reward
    for cell in cells_to_relieve:
                ^^^^^^^^^^^^^^^^
NameError: name 'cells_to_relieve' is not defined
ERROR in Agent H_3 process_reward at tick 94: name 'cells_to_relieve' is not defined
Traceback (most recent call last):
  File "/home/user/DisasterAI/DisasterAI_Model.py", line 1315, in process_reward
    for cell in cells_to_relieve:
                ^^^^^^^^^^^^^^^^
NameError: name 'cells_to_relieve' is not defined
ERROR in Agent H_22 process_reward at tick 94: name 'cells_to_relieve' is not defined
Traceback (most recent call last):
  File "/home/user/DisasterAI/DisasterAI_Model.py", line 1315, in process_reward
    for cell in cells_to_relieve:
                ^^^^^^^^^^^^^^^^
NameError: name 'cells_to_relieve' is not defined
ERROR in Agent H_18 process_reward at tick 94: name 'cells_to_relieve' is not defined
Traceback (most recent call last):
  File "/home/user/DisasterAI/DisasterAI_Model.py", line 1315, in process_reward
    for cell in cells_to_relieve:
                ^^^^^^^^^^^^^^^^
NameError: name 'cells_to_relieve' is not defined
ERROR in Agent H_10 process_reward at tick 94: name 'cells_to_relieve' is not defined
Traceback (most recent call last):
  File "/home/user/DisasterAI/DisasterAI_Model.py", line 1315, in process_reward
    for cell in cells_to_relieve:
                ^^^^^^^^^^^^^^^^
NameError: name 'cells_to_relieve' is not defined
ERROR in Agent H_32 process_reward at tick 94: name 'cells_to_relieve' is not defined
Traceback (most recent call last):
  File "/home/user/DisasterAI/DisasterAI_Model.py", line 1315, in process_reward
    for cell in cells_to_relieve:
                ^^^^^^^^^^^^^^^^
NameError: name 'cells_to_relieve' is not defined
ERROR in Agent H_46 process_reward at tick 94: name 'cells_to_relieve' is not defined
Traceback (most recent call last):
  File "/home/user/DisasterAI/DisasterAI_Model.py", line 1315, in process_reward
    for cell in cells_to_relieve:
                ^^^^^^^^^^^^^^^^
NameError: name 'cells_to_relieve' is not defined
ERROR in Agent H_16 process_reward at tick 94: name 'cells_to_relieve' is not defined
Traceback (most recent call last):
  File "/home/user/DisasterAI/DisasterAI_Model.py", line 1315, in process_reward
    for cell in cells_to_relieve:
                ^^^^^^^^^^^^^^^^
NameError: name 'cells_to_relieve' is not defined
ERROR in Agent H_49 process_reward at tick 94: name 'cells_to_relieve' is not defined
Traceback (most recent call last):
  File "/home/user/DisasterAI/DisasterAI_Model.py", line 1315, in process_reward
    for cell in cells_to_relieve:
                ^^^^^^^^^^^^^^^^
NameError: name 'cells_to_relieve' is not defined
ERROR in Agent H_23 process_reward at tick 94: name 'cells_to_relieve' is not defined
Traceback (most recent call last):
  File "/home/user/DisasterAI/DisasterAI_Model.py", line 1315, in process_reward
    for cell in cells_to_relieve:
                ^^^^^^^^^^^^^^^^
NameError: name 'cells_to_relieve' is not defined
ERROR in Agent H_28 process_reward at tick 94: name 'cells_to_relieve' is not defined
Traceback (most recent call last):
  File "/home/user/DisasterAI/DisasterAI_Model.py", line 1315, in process_reward
    for cell in cells_to_relieve:
                ^^^^^^^^^^^^^^^^
NameError: name 'cells_to_relieve' is not defined
ERROR in Agent H_43 process_reward at tick 94: name 'cells_to_relieve' is not defined
Traceback (most recent call last):
  File "/home/user/DisasterAI/DisasterAI_Model.py", line 1315, in process_reward
    for cell in cells_to_relieve:
                ^^^^^^^^^^^^^^^^
NameError: name 'cells_to_relieve' is not defined
ERROR in Agent H_47 process_reward at tick 94: name 'cells_to_relieve' is not defined
Traceback (most recent call last):
  File "/home/user/DisasterAI/DisasterAI_Model.py", line 1315, in process_reward
    for cell in cells_to_relieve:
                ^^^^^^^^^^^^^^^^
NameError: name 'cells_to_relieve' is not defined
ERROR in Agent H_34 process_reward at tick 94: name 'cells_to_relieve' is not defined
Traceback (most recent call last):
  File "/home/user/DisasterAI/DisasterAI_Model.py", line 1315, in process_reward
    for cell in cells_to_relieve:
                ^^^^^^^^^^^^^^^^
NameError: name 'cells_to_relieve' is not defined
ERROR in Agent H_19 process_reward at tick 94: name 'cells_to_relieve' is not defined
Traceback (most recent call last):
  File "/home/user/DisasterAI/DisasterAI_Model.py", line 1315, in process_reward
    for cell in cells_to_relieve:
                ^^^^^^^^^^^^^^^^
NameError: name 'cells_to_relieve' is not defined
ERROR in Agent H_38 process_reward at tick 94: name 'cells_to_relieve' is not defined
Traceback (most recent call last):
  File "/home/user/DisasterAI/DisasterAI_Model.py", line 1315, in process_reward
    for cell in cells_to_relieve:
                ^^^^^^^^^^^^^^^^
NameError: name 'cells_to_relieve' is not defined
ERROR in Agent H_29 process_reward at tick 95: name 'cells_to_relieve' is not defined
Traceback (most recent call last):
  File "/home/user/DisasterAI/DisasterAI_Model.py", line 1315, in process_reward
    for cell in cells_to_relieve:
                ^^^^^^^^^^^^^^^^
NameError: name 'cells_to_relieve' is not defined
ERROR in Agent H_45 process_reward at tick 95: name 'cells_to_relieve' is not defined
Traceback (most recent call last):
  File "/home/user/DisasterAI/DisasterAI_Model.py", line 1315, in process_reward
    for cell in cells_to_relieve:
                ^^^^^^^^^^^^^^^^
NameError: name 'cells_to_relieve' is not defined
ERROR in Agent H_33 process_reward at tick 95: name 'cells_to_relieve' is not defined
Traceback (most recent call last):
  File "/home/user/DisasterAI/DisasterAI_Model.py", line 1315, in process_reward
    for cell in cells_to_relieve:
                ^^^^^^^^^^^^^^^^
NameError: name 'cells_to_relieve' is not defined
ERROR in Agent H_3 process_reward at tick 95: name 'cells_to_relieve' is not defined
Traceback (most recent call last):
  File "/home/user/DisasterAI/DisasterAI_Model.py", line 1315, in process_reward
    for cell in cells_to_relieve:
                ^^^^^^^^^^^^^^^^
NameError: name 'cells_to_relieve' is not defined
ERROR in Agent H_18 process_reward at tick 95: name 'cells_to_relieve' is not defined
Traceback (most recent call last):
  File "/home/user/DisasterAI/DisasterAI_Model.py", line 1315, in process_reward
    for cell in cells_to_relieve:
                ^^^^^^^^^^^^^^^^
NameError: name 'cells_to_relieve' is not defined
ERROR in Agent H_5 process_reward at tick 95: name 'cells_to_relieve' is not defined
Traceback (most recent call last):
  File "/home/user/DisasterAI/DisasterAI_Model.py", line 1315, in process_reward
    for cell in cells_to_relieve:
                ^^^^^^^^^^^^^^^^
NameError: name 'cells_to_relieve' is not defined
ERROR in Agent H_6 process_reward at tick 95: name 'cells_to_relieve' is not defined
Traceback (most recent call last):
  File "/home/user/DisasterAI/DisasterAI_Model.py", line 1315, in process_reward
    for cell in cells_to_relieve:
                ^^^^^^^^^^^^^^^^
NameError: name 'cells_to_relieve' is not defined
ERROR in Agent H_22 process_reward at tick 95: name 'cells_to_relieve' is not defined
Traceback (most recent call last):
  File "/home/user/DisasterAI/DisasterAI_Model.py", line 1315, in process_reward
    for cell in cells_to_relieve:
                ^^^^^^^^^^^^^^^^
NameError: name 'cells_to_relieve' is not defined
ERROR in Agent H_2 process_reward at tick 95: name 'cells_to_relieve' is not defined
Traceback (most recent call last):
  File "/home/user/DisasterAI/DisasterAI_Model.py", line 1315, in process_reward
    for cell in cells_to_relieve:
                ^^^^^^^^^^^^^^^^
NameError: name 'cells_to_relieve' is not defined
ERROR in Agent H_43 process_reward at tick 95: name 'cells_to_relieve' is not defined
Traceback (most recent call last):
  File "/home/user/DisasterAI/DisasterAI_Model.py", line 1315, in process_reward
    for cell in cells_to_relieve:
                ^^^^^^^^^^^^^^^^
NameError: name 'cells_to_relieve' is not defined
ERROR in Agent H_32 process_reward at tick 95: name 'cells_to_relieve' is not defined
Traceback (most recent call last):
  File "/home/user/DisasterAI/DisasterAI_Model.py", line 1315, in process_reward
    for cell in cells_to_relieve:
                ^^^^^^^^^^^^^^^^
NameError: name 'cells_to_relieve' is not defined
ERROR in Agent H_30 process_reward at tick 95: name 'cells_to_relieve' is not defined
Traceback (most recent call last):
  File "/home/user/DisasterAI/DisasterAI_Model.py", line 1315, in process_reward
    for cell in cells_to_relieve:
                ^^^^^^^^^^^^^^^^
NameError: name 'cells_to_relieve' is not defined
ERROR in Agent H_17 process_reward at tick 95: name 'cells_to_relieve' is not defined
Traceback (most recent call last):
  File "/home/user/DisasterAI/DisasterAI_Model.py", line 1315, in process_reward
    for cell in cells_to_relieve:
                ^^^^^^^^^^^^^^^^
NameError: name 'cells_to_relieve' is not defined
ERROR in Agent H_21 process_reward at tick 95: name 'cells_to_relieve' is not defined
Traceback (most recent call last):
  File "/home/user/DisasterAI/DisasterAI_Model.py", line 1315, in process_reward
    for cell in cells_to_relieve:
                ^^^^^^^^^^^^^^^^
NameError: name 'cells_to_relieve' is not defined
ERROR in Agent H_10 process_reward at tick 95: name 'cells_to_relieve' is not defined
Traceback (most recent call last):
  File "/home/user/DisasterAI/DisasterAI_Model.py", line 1315, in process_reward
    for cell in cells_to_relieve:
                ^^^^^^^^^^^^^^^^
NameError: name 'cells_to_relieve' is not defined
ERROR in Agent H_27 process_reward at tick 95: name 'cells_to_relieve' is not defined
Traceback (most recent call last):
  File "/home/user/DisasterAI/DisasterAI_Model.py", line 1315, in process_reward
    for cell in cells_to_relieve:
                ^^^^^^^^^^^^^^^^
NameError: name 'cells_to_relieve' is not defined
ERROR in Agent H_31 process_reward at tick 95: name 'cells_to_relieve' is not defined
Traceback (most recent call last):
  File "/home/user/DisasterAI/DisasterAI_Model.py", line 1315, in process_reward
    for cell in cells_to_relieve:
                ^^^^^^^^^^^^^^^^
NameError: name 'cells_to_relieve' is not defined
ERROR in Agent H_1 process_reward at tick 95: name 'cells_to_relieve' is not defined
Traceback (most recent call last):
  File "/home/user/DisasterAI/DisasterAI_Model.py", line 1315, in process_reward
    for cell in cells_to_relieve:
                ^^^^^^^^^^^^^^^^
NameError: name 'cells_to_relieve' is not defined
ERROR in Agent H_34 process_reward at tick 95: name 'cells_to_relieve' is not defined
Traceback (most recent call last):
  File "/home/user/DisasterAI/DisasterAI_Model.py", line 1315, in process_reward
    for cell in cells_to_relieve:
                ^^^^^^^^^^^^^^^^
NameError: name 'cells_to_relieve' is not defined
ERROR in Agent H_41 process_reward at tick 95: name 'cells_to_relieve' is not defined
Traceback (most recent call last):
  File "/home/user/DisasterAI/DisasterAI_Model.py", line 1315, in process_reward
    for cell in cells_to_relieve:
                ^^^^^^^^^^^^^^^^
NameError: name 'cells_to_relieve' is not defined
ERROR in Agent H_23 process_reward at tick 95: name 'cells_to_relieve' is not defined
Traceback (most recent call last):
  File "/home/user/DisasterAI/DisasterAI_Model.py", line 1315, in process_reward
    for cell in cells_to_relieve:
                ^^^^^^^^^^^^^^^^
NameError: name 'cells_to_relieve' is not defined
ERROR in Agent H_40 process_reward at tick 95: name 'cells_to_relieve' is not defined
Traceback (most recent call last):
  File "/home/user/DisasterAI/DisasterAI_Model.py", line 1315, in process_reward
    for cell in cells_to_relieve:
                ^^^^^^^^^^^^^^^^
NameError: name 'cells_to_relieve' is not defined
ERROR in Agent H_16 process_reward at tick 95: name 'cells_to_relieve' is not defined
Traceback (most recent call last):
  File "/home/user/DisasterAI/DisasterAI_Model.py", line 1315, in process_reward
    for cell in cells_to_relieve:
                ^^^^^^^^^^^^^^^^
NameError: name 'cells_to_relieve' is not defined
ERROR in Agent H_49 process_reward at tick 95: name 'cells_to_relieve' is not defined
Traceback (most recent call last):
  File "/home/user/DisasterAI/DisasterAI_Model.py", line 1315, in process_reward
    for cell in cells_to_relieve:
                ^^^^^^^^^^^^^^^^
NameError: name 'cells_to_relieve' is not defined
ERROR in Agent H_39 process_reward at tick 95: name 'cells_to_relieve' is not defined
Traceback (most recent call last):
  File "/home/user/DisasterAI/DisasterAI_Model.py", line 1315, in process_reward
    for cell in cells_to_relieve:
                ^^^^^^^^^^^^^^^^
NameError: name 'cells_to_relieve' is not defined
ERROR in Agent H_7 process_reward at tick 95: name 'cells_to_relieve' is not defined
Traceback (most recent call last):
  File "/home/user/DisasterAI/DisasterAI_Model.py", line 1315, in process_reward
    for cell in cells_to_relieve:
                ^^^^^^^^^^^^^^^^
NameError: name 'cells_to_relieve' is not defined
ERROR in Agent H_11 process_reward at tick 95: name 'cells_to_relieve' is not defined
Traceback (most recent call last):
  File "/home/user/DisasterAI/DisasterAI_Model.py", line 1315, in process_reward
    for cell in cells_to_relieve:
                ^^^^^^^^^^^^^^^^
NameError: name 'cells_to_relieve' is not defined

DEBUG: Starting AECI variance calculation at tick 95
  Found 0/50 AI-reliant agents
  Global belief variance: 0.0472
  WARNING: Invalid global variance (0.047238999999999996) or no AI-reliant agents
  Returning AECI variance tuple: (95, 0.0)
  Current aeci_variance_data length: 95
  Last 3 entries: [(93, 0.0), (94, 0.0), (95, 0.0)]
ERROR in Agent H_46 process_reward at tick 96: name 'cells_to_relieve' is not defined
Traceback (most recent call last):
  File "/home/user/DisasterAI/DisasterAI_Model.py", line 1315, in process_reward
    for cell in cells_to_relieve:
                ^^^^^^^^^^^^^^^^
NameError: name 'cells_to_relieve' is not defined
ERROR in Agent H_8 process_reward at tick 96: name 'cells_to_relieve' is not defined
Traceback (most recent call last):
  File "/home/user/DisasterAI/DisasterAI_Model.py", line 1315, in process_reward
    for cell in cells_to_relieve:
                ^^^^^^^^^^^^^^^^
NameError: name 'cells_to_relieve' is not defined
ERROR in Agent H_12 process_reward at tick 96: name 'cells_to_relieve' is not defined
Traceback (most recent call last):
  File "/home/user/DisasterAI/DisasterAI_Model.py", line 1315, in process_reward
    for cell in cells_to_relieve:
                ^^^^^^^^^^^^^^^^
NameError: name 'cells_to_relieve' is not defined
ERROR in Agent H_43 process_reward at tick 96: name 'cells_to_relieve' is not defined
Traceback (most recent call last):
  File "/home/user/DisasterAI/DisasterAI_Model.py", line 1315, in process_reward
    for cell in cells_to_relieve:
                ^^^^^^^^^^^^^^^^
NameError: name 'cells_to_relieve' is not defined
ERROR in Agent H_26 process_reward at tick 96: name 'cells_to_relieve' is not defined
Traceback (most recent call last):
  File "/home/user/DisasterAI/DisasterAI_Model.py", line 1315, in process_reward
    for cell in cells_to_relieve:
                ^^^^^^^^^^^^^^^^
NameError: name 'cells_to_relieve' is not defined
ERROR in Agent H_10 process_reward at tick 96: name 'cells_to_relieve' is not defined
Traceback (most recent call last):
  File "/home/user/DisasterAI/DisasterAI_Model.py", line 1315, in process_reward
    for cell in cells_to_relieve:
                ^^^^^^^^^^^^^^^^
NameError: name 'cells_to_relieve' is not defined
ERROR in Agent H_24 process_reward at tick 96: name 'cells_to_relieve' is not defined
Traceback (most recent call last):
  File "/home/user/DisasterAI/DisasterAI_Model.py", line 1315, in process_reward
    for cell in cells_to_relieve:
                ^^^^^^^^^^^^^^^^
NameError: name 'cells_to_relieve' is not defined
ERROR in Agent H_49 process_reward at tick 96: name 'cells_to_relieve' is not defined
Traceback (most recent call last):
  File "/home/user/DisasterAI/DisasterAI_Model.py", line 1315, in process_reward
    for cell in cells_to_relieve:
                ^^^^^^^^^^^^^^^^
NameError: name 'cells_to_relieve' is not defined
ERROR in Agent H_41 process_reward at tick 96: name 'cells_to_relieve' is not defined
Traceback (most recent call last):
  File "/home/user/DisasterAI/DisasterAI_Model.py", line 1315, in process_reward
    for cell in cells_to_relieve:
                ^^^^^^^^^^^^^^^^
NameError: name 'cells_to_relieve' is not defined
ERROR in Agent H_14 process_reward at tick 96: name 'cells_to_relieve' is not defined
Traceback (most recent call last):
  File "/home/user/DisasterAI/DisasterAI_Model.py", line 1315, in process_reward
    for cell in cells_to_relieve:
                ^^^^^^^^^^^^^^^^
NameError: name 'cells_to_relieve' is not defined
ERROR in Agent H_19 process_reward at tick 96: name 'cells_to_relieve' is not defined
Traceback (most recent call last):
  File "/home/user/DisasterAI/DisasterAI_Model.py", line 1315, in process_reward
    for cell in cells_to_relieve:
                ^^^^^^^^^^^^^^^^
NameError: name 'cells_to_relieve' is not defined
ERROR in Agent H_25 process_reward at tick 96: name 'cells_to_relieve' is not defined
Traceback (most recent call last):
  File "/home/user/DisasterAI/DisasterAI_Model.py", line 1315, in process_reward
    for cell in cells_to_relieve:
                ^^^^^^^^^^^^^^^^
NameError: name 'cells_to_relieve' is not defined
ERROR in Agent H_27 process_reward at tick 96: name 'cells_to_relieve' is not defined
Traceback (most recent call last):
  File "/home/user/DisasterAI/DisasterAI_Model.py", line 1315, in process_reward
    for cell in cells_to_relieve:
                ^^^^^^^^^^^^^^^^
NameError: name 'cells_to_relieve' is not defined
ERROR in Agent H_20 process_reward at tick 96: name 'cells_to_relieve' is not defined
Traceback (most recent call last):
  File "/home/user/DisasterAI/DisasterAI_Model.py", line 1315, in process_reward
    for cell in cells_to_relieve:
                ^^^^^^^^^^^^^^^^
NameError: name 'cells_to_relieve' is not defined
ERROR in Agent H_11 process_reward at tick 96: name 'cells_to_relieve' is not defined
Traceback (most recent call last):
  File "/home/user/DisasterAI/DisasterAI_Model.py", line 1315, in process_reward
    for cell in cells_to_relieve:
                ^^^^^^^^^^^^^^^^
NameError: name 'cells_to_relieve' is not defined
ERROR in Agent H_16 process_reward at tick 96: name 'cells_to_relieve' is not defined
Traceback (most recent call last):
  File "/home/user/DisasterAI/DisasterAI_Model.py", line 1315, in process_reward
    for cell in cells_to_relieve:
                ^^^^^^^^^^^^^^^^
NameError: name 'cells_to_relieve' is not defined
ERROR in Agent H_0 process_reward at tick 96: name 'cells_to_relieve' is not defined
Traceback (most recent call last):
  File "/home/user/DisasterAI/DisasterAI_Model.py", line 1315, in process_reward
    for cell in cells_to_relieve:
                ^^^^^^^^^^^^^^^^
NameError: name 'cells_to_relieve' is not defined
ERROR in Agent H_15 process_reward at tick 96: name 'cells_to_relieve' is not defined
Traceback (most recent call last):
  File "/home/user/DisasterAI/DisasterAI_Model.py", line 1315, in process_reward
    for cell in cells_to_relieve:
                ^^^^^^^^^^^^^^^^
NameError: name 'cells_to_relieve' is not defined
ERROR in Agent H_2 process_reward at tick 96: name 'cells_to_relieve' is not defined
Traceback (most recent call last):
  File "/home/user/DisasterAI/DisasterAI_Model.py", line 1315, in process_reward
    for cell in cells_to_relieve:
                ^^^^^^^^^^^^^^^^
NameError: name 'cells_to_relieve' is not defined
ERROR in Agent H_47 process_reward at tick 96: name 'cells_to_relieve' is not defined
Traceback (most recent call last):
  File "/home/user/DisasterAI/DisasterAI_Model.py", line 1315, in process_reward
    for cell in cells_to_relieve:
                ^^^^^^^^^^^^^^^^
NameError: name 'cells_to_relieve' is not defined
ERROR in Agent H_9 process_reward at tick 96: name 'cells_to_relieve' is not defined
Traceback (most recent call last):
  File "/home/user/DisasterAI/DisasterAI_Model.py", line 1315, in process_reward
    for cell in cells_to_relieve:
                ^^^^^^^^^^^^^^^^
NameError: name 'cells_to_relieve' is not defined
ERROR in Agent H_28 process_reward at tick 96: name 'cells_to_relieve' is not defined
Traceback (most recent call last):
  File "/home/user/DisasterAI/DisasterAI_Model.py", line 1315, in process_reward
    for cell in cells_to_relieve:
                ^^^^^^^^^^^^^^^^
NameError: name 'cells_to_relieve' is not defined
ERROR in Agent H_21 process_reward at tick 96: name 'cells_to_relieve' is not defined
Traceback (most recent call last):
  File "/home/user/DisasterAI/DisasterAI_Model.py", line 1315, in process_reward
    for cell in cells_to_relieve:
                ^^^^^^^^^^^^^^^^
NameError: name 'cells_to_relieve' is not defined
ERROR in Agent H_33 process_reward at tick 96: name 'cells_to_relieve' is not defined
Traceback (most recent call last):
  File "/home/user/DisasterAI/DisasterAI_Model.py", line 1315, in process_reward
    for cell in cells_to_relieve:
                ^^^^^^^^^^^^^^^^
NameError: name 'cells_to_relieve' is not defined
ERROR in Agent H_18 process_reward at tick 96: name 'cells_to_relieve' is not defined
Traceback (most recent call last):
  File "/home/user/DisasterAI/DisasterAI_Model.py", line 1315, in process_reward
    for cell in cells_to_relieve:
                ^^^^^^^^^^^^^^^^
NameError: name 'cells_to_relieve' is not defined
ERROR in Agent H_38 process_reward at tick 96: name 'cells_to_relieve' is not defined
Traceback (most recent call last):
  File "/home/user/DisasterAI/DisasterAI_Model.py", line 1315, in process_reward
    for cell in cells_to_relieve:
                ^^^^^^^^^^^^^^^^
NameError: name 'cells_to_relieve' is not defined
ERROR in Agent H_48 process_reward at tick 96: name 'cells_to_relieve' is not defined
Traceback (most recent call last):
  File "/home/user/DisasterAI/DisasterAI_Model.py", line 1315, in process_reward
    for cell in cells_to_relieve:
                ^^^^^^^^^^^^^^^^
NameError: name 'cells_to_relieve' is not defined
ERROR in Agent H_6 process_reward at tick 96: name 'cells_to_relieve' is not defined
Traceback (most recent call last):
  File "/home/user/DisasterAI/DisasterAI_Model.py", line 1315, in process_reward
    for cell in cells_to_relieve:
                ^^^^^^^^^^^^^^^^
NameError: name 'cells_to_relieve' is not defined
ERROR in Agent H_35 process_reward at tick 96: name 'cells_to_relieve' is not defined
Traceback (most recent call last):
  File "/home/user/DisasterAI/DisasterAI_Model.py", line 1315, in process_reward
    for cell in cells_to_relieve:
                ^^^^^^^^^^^^^^^^
NameError: name 'cells_to_relieve' is not defined
ERROR in Agent H_1 process_reward at tick 96: name 'cells_to_relieve' is not defined
Traceback (most recent call last):
  File "/home/user/DisasterAI/DisasterAI_Model.py", line 1315, in process_reward
    for cell in cells_to_relieve:
                ^^^^^^^^^^^^^^^^
NameError: name 'cells_to_relieve' is not defined
ERROR in Agent H_13 process_reward at tick 96: name 'cells_to_relieve' is not defined
Traceback (most recent call last):
  File "/home/user/DisasterAI/DisasterAI_Model.py", line 1315, in process_reward
    for cell in cells_to_relieve:
                ^^^^^^^^^^^^^^^^
NameError: name 'cells_to_relieve' is not defined
ERROR in Agent H_20 process_reward at tick 97: name 'cells_to_relieve' is not defined
Traceback (most recent call last):
  File "/home/user/DisasterAI/DisasterAI_Model.py", line 1315, in process_reward
    for cell in cells_to_relieve:
                ^^^^^^^^^^^^^^^^
NameError: name 'cells_to_relieve' is not defined
ERROR in Agent H_29 process_reward at tick 97: name 'cells_to_relieve' is not defined
Traceback (most recent call last):
  File "/home/user/DisasterAI/DisasterAI_Model.py", line 1315, in process_reward
    for cell in cells_to_relieve:
                ^^^^^^^^^^^^^^^^
NameError: name 'cells_to_relieve' is not defined
ERROR in Agent H_25 process_reward at tick 97: name 'cells_to_relieve' is not defined
Traceback (most recent call last):
  File "/home/user/DisasterAI/DisasterAI_Model.py", line 1315, in process_reward
    for cell in cells_to_relieve:
                ^^^^^^^^^^^^^^^^
NameError: name 'cells_to_relieve' is not defined
ERROR in Agent H_28 process_reward at tick 97: name 'cells_to_relieve' is not defined
Traceback (most recent call last):
  File "/home/user/DisasterAI/DisasterAI_Model.py", line 1315, in process_reward
    for cell in cells_to_relieve:
                ^^^^^^^^^^^^^^^^
NameError: name 'cells_to_relieve' is not defined
ERROR in Agent H_7 process_reward at tick 97: name 'cells_to_relieve' is not defined
Traceback (most recent call last):
  File "/home/user/DisasterAI/DisasterAI_Model.py", line 1315, in process_reward
    for cell in cells_to_relieve:
                ^^^^^^^^^^^^^^^^
NameError: name 'cells_to_relieve' is not defined
ERROR in Agent H_17 process_reward at tick 97: name 'cells_to_relieve' is not defined
Traceback (most recent call last):
  File "/home/user/DisasterAI/DisasterAI_Model.py", line 1315, in process_reward
    for cell in cells_to_relieve:
                ^^^^^^^^^^^^^^^^
NameError: name 'cells_to_relieve' is not defined
ERROR in Agent H_21 process_reward at tick 97: name 'cells_to_relieve' is not defined
Traceback (most recent call last):
  File "/home/user/DisasterAI/DisasterAI_Model.py", line 1315, in process_reward
    for cell in cells_to_relieve:
                ^^^^^^^^^^^^^^^^
NameError: name 'cells_to_relieve' is not defined
ERROR in Agent H_33 process_reward at tick 97: name 'cells_to_relieve' is not defined
Traceback (most recent call last):
  File "/home/user/DisasterAI/DisasterAI_Model.py", line 1315, in process_reward
    for cell in cells_to_relieve:
                ^^^^^^^^^^^^^^^^
NameError: name 'cells_to_relieve' is not defined
ERROR in Agent H_16 process_reward at tick 97: name 'cells_to_relieve' is not defined
Traceback (most recent call last):
  File "/home/user/DisasterAI/DisasterAI_Model.py", line 1315, in process_reward
    for cell in cells_to_relieve:
                ^^^^^^^^^^^^^^^^
NameError: name 'cells_to_relieve' is not defined
ERROR in Agent H_36 process_reward at tick 97: name 'cells_to_relieve' is not defined
Traceback (most recent call last):
  File "/home/user/DisasterAI/DisasterAI_Model.py", line 1315, in process_reward
    for cell in cells_to_relieve:
                ^^^^^^^^^^^^^^^^
NameError: name 'cells_to_relieve' is not defined
ERROR in Agent H_22 process_reward at tick 97: name 'cells_to_relieve' is not defined
Traceback (most recent call last):
  File "/home/user/DisasterAI/DisasterAI_Model.py", line 1315, in process_reward
    for cell in cells_to_relieve:
                ^^^^^^^^^^^^^^^^
NameError: name 'cells_to_relieve' is not defined
ERROR in Agent H_45 process_reward at tick 97: name 'cells_to_relieve' is not defined
Traceback (most recent call last):
  File "/home/user/DisasterAI/DisasterAI_Model.py", line 1315, in process_reward
    for cell in cells_to_relieve:
                ^^^^^^^^^^^^^^^^
NameError: name 'cells_to_relieve' is not defined
ERROR in Agent H_8 process_reward at tick 97: name 'cells_to_relieve' is not defined
Traceback (most recent call last):
  File "/home/user/DisasterAI/DisasterAI_Model.py", line 1315, in process_reward
    for cell in cells_to_relieve:
                ^^^^^^^^^^^^^^^^
NameError: name 'cells_to_relieve' is not defined
ERROR in Agent H_0 process_reward at tick 97: name 'cells_to_relieve' is not defined
Traceback (most recent call last):
  File "/home/user/DisasterAI/DisasterAI_Model.py", line 1315, in process_reward
    for cell in cells_to_relieve:
                ^^^^^^^^^^^^^^^^
NameError: name 'cells_to_relieve' is not defined
ERROR in Agent H_11 process_reward at tick 97: name 'cells_to_relieve' is not defined
Traceback (most recent call last):
  File "/home/user/DisasterAI/DisasterAI_Model.py", line 1315, in process_reward
    for cell in cells_to_relieve:
                ^^^^^^^^^^^^^^^^
NameError: name 'cells_to_relieve' is not defined
ERROR in Agent H_38 process_reward at tick 97: name 'cells_to_relieve' is not defined
Traceback (most recent call last):
  File "/home/user/DisasterAI/DisasterAI_Model.py", line 1315, in process_reward
    for cell in cells_to_relieve:
                ^^^^^^^^^^^^^^^^
NameError: name 'cells_to_relieve' is not defined
ERROR in Agent H_26 process_reward at tick 97: name 'cells_to_relieve' is not defined
Traceback (most recent call last):
  File "/home/user/DisasterAI/DisasterAI_Model.py", line 1315, in process_reward
    for cell in cells_to_relieve:
                ^^^^^^^^^^^^^^^^
NameError: name 'cells_to_relieve' is not defined
ERROR in Agent H_5 process_reward at tick 97: name 'cells_to_relieve' is not defined
Traceback (most recent call last):
  File "/home/user/DisasterAI/DisasterAI_Model.py", line 1315, in process_reward
    for cell in cells_to_relieve:
                ^^^^^^^^^^^^^^^^
NameError: name 'cells_to_relieve' is not defined
ERROR in Agent H_10 process_reward at tick 97: name 'cells_to_relieve' is not defined
Traceback (most recent call last):
  File "/home/user/DisasterAI/DisasterAI_Model.py", line 1315, in process_reward
    for cell in cells_to_relieve:
                ^^^^^^^^^^^^^^^^
NameError: name 'cells_to_relieve' is not defined
ERROR in Agent H_39 process_reward at tick 97: name 'cells_to_relieve' is not defined
Traceback (most recent call last):
  File "/home/user/DisasterAI/DisasterAI_Model.py", line 1315, in process_reward
    for cell in cells_to_relieve:
                ^^^^^^^^^^^^^^^^
NameError: name 'cells_to_relieve' is not defined
ERROR in Agent H_4 process_reward at tick 97: name 'cells_to_relieve' is not defined
Traceback (most recent call last):
  File "/home/user/DisasterAI/DisasterAI_Model.py", line 1315, in process_reward
    for cell in cells_to_relieve:
                ^^^^^^^^^^^^^^^^
NameError: name 'cells_to_relieve' is not defined
ERROR in Agent H_37 process_reward at tick 97: name 'cells_to_relieve' is not defined
Traceback (most recent call last):
  File "/home/user/DisasterAI/DisasterAI_Model.py", line 1315, in process_reward
    for cell in cells_to_relieve:
                ^^^^^^^^^^^^^^^^
NameError: name 'cells_to_relieve' is not defined
ERROR in Agent H_9 process_reward at tick 97: name 'cells_to_relieve' is not defined
Traceback (most recent call last):
  File "/home/user/DisasterAI/DisasterAI_Model.py", line 1315, in process_reward
    for cell in cells_to_relieve:
                ^^^^^^^^^^^^^^^^
NameError: name 'cells_to_relieve' is not defined
ERROR in Agent H_19 process_reward at tick 97: name 'cells_to_relieve' is not defined
Traceback (most recent call last):
  File "/home/user/DisasterAI/DisasterAI_Model.py", line 1315, in process_reward
    for cell in cells_to_relieve:
                ^^^^^^^^^^^^^^^^
NameError: name 'cells_to_relieve' is not defined
ERROR in Agent H_30 process_reward at tick 97: name 'cells_to_relieve' is not defined
Traceback (most recent call last):
  File "/home/user/DisasterAI/DisasterAI_Model.py", line 1315, in process_reward
    for cell in cells_to_relieve:
                ^^^^^^^^^^^^^^^^
NameError: name 'cells_to_relieve' is not defined
ERROR in Agent H_14 process_reward at tick 97: name 'cells_to_relieve' is not defined
Traceback (most recent call last):
  File "/home/user/DisasterAI/DisasterAI_Model.py", line 1315, in process_reward
    for cell in cells_to_relieve:
                ^^^^^^^^^^^^^^^^
NameError: name 'cells_to_relieve' is not defined
ERROR in Agent H_18 process_reward at tick 97: name 'cells_to_relieve' is not defined
Traceback (most recent call last):
  File "/home/user/DisasterAI/DisasterAI_Model.py", line 1315, in process_reward
    for cell in cells_to_relieve:
                ^^^^^^^^^^^^^^^^
NameError: name 'cells_to_relieve' is not defined
ERROR in Agent H_1 process_reward at tick 97: name 'cells_to_relieve' is not defined
Traceback (most recent call last):
  File "/home/user/DisasterAI/DisasterAI_Model.py", line 1315, in process_reward
    for cell in cells_to_relieve:
                ^^^^^^^^^^^^^^^^
NameError: name 'cells_to_relieve' is not defined
ERROR in Agent H_3 process_reward at tick 97: name 'cells_to_relieve' is not defined
Traceback (most recent call last):
  File "/home/user/DisasterAI/DisasterAI_Model.py", line 1315, in process_reward
    for cell in cells_to_relieve:
                ^^^^^^^^^^^^^^^^
NameError: name 'cells_to_relieve' is not defined
ERROR in Agent H_49 process_reward at tick 97: name 'cells_to_relieve' is not defined
Traceback (most recent call last):
  File "/home/user/DisasterAI/DisasterAI_Model.py", line 1315, in process_reward
    for cell in cells_to_relieve:
                ^^^^^^^^^^^^^^^^
NameError: name 'cells_to_relieve' is not defined
ERROR in Agent H_31 process_reward at tick 97: name 'cells_to_relieve' is not defined
Traceback (most recent call last):
  File "/home/user/DisasterAI/DisasterAI_Model.py", line 1315, in process_reward
    for cell in cells_to_relieve:
                ^^^^^^^^^^^^^^^^
NameError: name 'cells_to_relieve' is not defined
ERROR in Agent H_42 process_reward at tick 97: name 'cells_to_relieve' is not defined
Traceback (most recent call last):
  File "/home/user/DisasterAI/DisasterAI_Model.py", line 1315, in process_reward
    for cell in cells_to_relieve:
                ^^^^^^^^^^^^^^^^
NameError: name 'cells_to_relieve' is not defined
ERROR in Agent H_32 process_reward at tick 97: name 'cells_to_relieve' is not defined
Traceback (most recent call last):
  File "/home/user/DisasterAI/DisasterAI_Model.py", line 1315, in process_reward
    for cell in cells_to_relieve:
                ^^^^^^^^^^^^^^^^
NameError: name 'cells_to_relieve' is not defined
ERROR in Agent H_44 process_reward at tick 97: name 'cells_to_relieve' is not defined
Traceback (most recent call last):
  File "/home/user/DisasterAI/DisasterAI_Model.py", line 1315, in process_reward
    for cell in cells_to_relieve:
                ^^^^^^^^^^^^^^^^
NameError: name 'cells_to_relieve' is not defined
ERROR in Agent H_47 process_reward at tick 97: name 'cells_to_relieve' is not defined
Traceback (most recent call last):
  File "/home/user/DisasterAI/DisasterAI_Model.py", line 1315, in process_reward
    for cell in cells_to_relieve:
                ^^^^^^^^^^^^^^^^
NameError: name 'cells_to_relieve' is not defined
ERROR in Agent H_23 process_reward at tick 97: name 'cells_to_relieve' is not defined
Traceback (most recent call last):
  File "/home/user/DisasterAI/DisasterAI_Model.py", line 1315, in process_reward
    for cell in cells_to_relieve:
                ^^^^^^^^^^^^^^^^
NameError: name 'cells_to_relieve' is not defined
ERROR in Agent H_15 process_reward at tick 97: name 'cells_to_relieve' is not defined
Traceback (most recent call last):
  File "/home/user/DisasterAI/DisasterAI_Model.py", line 1315, in process_reward
    for cell in cells_to_relieve:
                ^^^^^^^^^^^^^^^^
NameError: name 'cells_to_relieve' is not defined
ERROR in Agent H_10 process_reward at tick 98: name 'cells_to_relieve' is not defined
Traceback (most recent call last):
  File "/home/user/DisasterAI/DisasterAI_Model.py", line 1315, in process_reward
    for cell in cells_to_relieve:
                ^^^^^^^^^^^^^^^^
NameError: name 'cells_to_relieve' is not defined
ERROR in Agent H_39 process_reward at tick 98: name 'cells_to_relieve' is not defined
Traceback (most recent call last):
  File "/home/user/DisasterAI/DisasterAI_Model.py", line 1315, in process_reward
    for cell in cells_to_relieve:
                ^^^^^^^^^^^^^^^^
NameError: name 'cells_to_relieve' is not defined
ERROR in Agent H_19 process_reward at tick 98: name 'cells_to_relieve' is not defined
Traceback (most recent call last):
  File "/home/user/DisasterAI/DisasterAI_Model.py", line 1315, in process_reward
    for cell in cells_to_relieve:
                ^^^^^^^^^^^^^^^^
NameError: name 'cells_to_relieve' is not defined
ERROR in Agent H_26 process_reward at tick 98: name 'cells_to_relieve' is not defined
Traceback (most recent call last):
  File "/home/user/DisasterAI/DisasterAI_Model.py", line 1315, in process_reward
    for cell in cells_to_relieve:
                ^^^^^^^^^^^^^^^^
NameError: name 'cells_to_relieve' is not defined
ERROR in Agent H_32 process_reward at tick 98: name 'cells_to_relieve' is not defined
Traceback (most recent call last):
  File "/home/user/DisasterAI/DisasterAI_Model.py", line 1315, in process_reward
    for cell in cells_to_relieve:
                ^^^^^^^^^^^^^^^^
NameError: name 'cells_to_relieve' is not defined
ERROR in Agent H_7 process_reward at tick 98: name 'cells_to_relieve' is not defined
Traceback (most recent call last):
  File "/home/user/DisasterAI/DisasterAI_Model.py", line 1315, in process_reward
    for cell in cells_to_relieve:
                ^^^^^^^^^^^^^^^^
NameError: name 'cells_to_relieve' is not defined
ERROR in Agent H_37 process_reward at tick 98: name 'cells_to_relieve' is not defined
Traceback (most recent call last):
  File "/home/user/DisasterAI/DisasterAI_Model.py", line 1315, in process_reward
    for cell in cells_to_relieve:
                ^^^^^^^^^^^^^^^^
NameError: name 'cells_to_relieve' is not defined
ERROR in Agent H_35 process_reward at tick 98: name 'cells_to_relieve' is not defined
Traceback (most recent call last):
  File "/home/user/DisasterAI/DisasterAI_Model.py", line 1315, in process_reward
    for cell in cells_to_relieve:
                ^^^^^^^^^^^^^^^^
NameError: name 'cells_to_relieve' is not defined
ERROR in Agent H_20 process_reward at tick 98: name 'cells_to_relieve' is not defined
Traceback (most recent call last):
  File "/home/user/DisasterAI/DisasterAI_Model.py", line 1315, in process_reward
    for cell in cells_to_relieve:
                ^^^^^^^^^^^^^^^^
NameError: name 'cells_to_relieve' is not defined
ERROR in Agent H_17 process_reward at tick 98: name 'cells_to_relieve' is not defined
Traceback (most recent call last):
  File "/home/user/DisasterAI/DisasterAI_Model.py", line 1315, in process_reward
    for cell in cells_to_relieve:
                ^^^^^^^^^^^^^^^^
NameError: name 'cells_to_relieve' is not defined
ERROR in Agent H_46 process_reward at tick 98: name 'cells_to_relieve' is not defined
Traceback (most recent call last):
  File "/home/user/DisasterAI/DisasterAI_Model.py", line 1315, in process_reward
    for cell in cells_to_relieve:
                ^^^^^^^^^^^^^^^^
NameError: name 'cells_to_relieve' is not defined
ERROR in Agent H_5 process_reward at tick 98: name 'cells_to_relieve' is not defined
Traceback (most recent call last):
  File "/home/user/DisasterAI/DisasterAI_Model.py", line 1315, in process_reward
    for cell in cells_to_relieve:
                ^^^^^^^^^^^^^^^^
NameError: name 'cells_to_relieve' is not defined
ERROR in Agent H_33 process_reward at tick 98: name 'cells_to_relieve' is not defined
Traceback (most recent call last):
  File "/home/user/DisasterAI/DisasterAI_Model.py", line 1315, in process_reward
    for cell in cells_to_relieve:
                ^^^^^^^^^^^^^^^^
NameError: name 'cells_to_relieve' is not defined
ERROR in Agent H_28 process_reward at tick 98: name 'cells_to_relieve' is not defined
Traceback (most recent call last):
  File "/home/user/DisasterAI/DisasterAI_Model.py", line 1315, in process_reward
    for cell in cells_to_relieve:
                ^^^^^^^^^^^^^^^^
NameError: name 'cells_to_relieve' is not defined
ERROR in Agent H_11 process_reward at tick 98: name 'cells_to_relieve' is not defined
Traceback (most recent call last):
  File "/home/user/DisasterAI/DisasterAI_Model.py", line 1315, in process_reward
    for cell in cells_to_relieve:
                ^^^^^^^^^^^^^^^^
NameError: name 'cells_to_relieve' is not defined
ERROR in Agent H_24 process_reward at tick 98: name 'cells_to_relieve' is not defined
Traceback (most recent call last):
  File "/home/user/DisasterAI/DisasterAI_Model.py", line 1315, in process_reward
    for cell in cells_to_relieve:
                ^^^^^^^^^^^^^^^^
NameError: name 'cells_to_relieve' is not defined
ERROR in Agent H_42 process_reward at tick 98: name 'cells_to_relieve' is not defined
Traceback (most recent call last):
  File "/home/user/DisasterAI/DisasterAI_Model.py", line 1315, in process_reward
    for cell in cells_to_relieve:
                ^^^^^^^^^^^^^^^^
NameError: name 'cells_to_relieve' is not defined
ERROR in Agent H_47 process_reward at tick 98: name 'cells_to_relieve' is not defined
Traceback (most recent call last):
  File "/home/user/DisasterAI/DisasterAI_Model.py", line 1315, in process_reward
    for cell in cells_to_relieve:
                ^^^^^^^^^^^^^^^^
NameError: name 'cells_to_relieve' is not defined
ERROR in Agent H_30 process_reward at tick 98: name 'cells_to_relieve' is not defined
Traceback (most recent call last):
  File "/home/user/DisasterAI/DisasterAI_Model.py", line 1315, in process_reward
    for cell in cells_to_relieve:
                ^^^^^^^^^^^^^^^^
NameError: name 'cells_to_relieve' is not defined
ERROR in Agent H_4 process_reward at tick 98: name 'cells_to_relieve' is not defined
Traceback (most recent call last):
  File "/home/user/DisasterAI/DisasterAI_Model.py", line 1315, in process_reward
    for cell in cells_to_relieve:
                ^^^^^^^^^^^^^^^^
NameError: name 'cells_to_relieve' is not defined
ERROR in Agent H_41 process_reward at tick 98: name 'cells_to_relieve' is not defined
Traceback (most recent call last):
  File "/home/user/DisasterAI/DisasterAI_Model.py", line 1315, in process_reward
    for cell in cells_to_relieve:
                ^^^^^^^^^^^^^^^^
NameError: name 'cells_to_relieve' is not defined
ERROR in Agent H_36 process_reward at tick 98: name 'cells_to_relieve' is not defined
Traceback (most recent call last):
  File "/home/user/DisasterAI/DisasterAI_Model.py", line 1315, in process_reward
    for cell in cells_to_relieve:
                ^^^^^^^^^^^^^^^^
NameError: name 'cells_to_relieve' is not defined
ERROR in Agent H_12 process_reward at tick 98: name 'cells_to_relieve' is not defined
Traceback (most recent call last):
  File "/home/user/DisasterAI/DisasterAI_Model.py", line 1315, in process_reward
    for cell in cells_to_relieve:
                ^^^^^^^^^^^^^^^^
NameError: name 'cells_to_relieve' is not defined
ERROR in Agent H_38 process_reward at tick 98: name 'cells_to_relieve' is not defined
Traceback (most recent call last):
  File "/home/user/DisasterAI/DisasterAI_Model.py", line 1315, in process_reward
    for cell in cells_to_relieve:
                ^^^^^^^^^^^^^^^^
NameError: name 'cells_to_relieve' is not defined
ERROR in Agent H_25 process_reward at tick 98: name 'cells_to_relieve' is not defined
Traceback (most recent call last):
  File "/home/user/DisasterAI/DisasterAI_Model.py", line 1315, in process_reward
    for cell in cells_to_relieve:
                ^^^^^^^^^^^^^^^^
NameError: name 'cells_to_relieve' is not defined
ERROR in Agent H_40 process_reward at tick 98: name 'cells_to_relieve' is not defined
Traceback (most recent call last):
  File "/home/user/DisasterAI/DisasterAI_Model.py", line 1315, in process_reward
    for cell in cells_to_relieve:
                ^^^^^^^^^^^^^^^^
NameError: name 'cells_to_relieve' is not defined
ERROR in Agent H_16 process_reward at tick 98: name 'cells_to_relieve' is not defined
Traceback (most recent call last):
  File "/home/user/DisasterAI/DisasterAI_Model.py", line 1315, in process_reward
    for cell in cells_to_relieve:
                ^^^^^^^^^^^^^^^^
NameError: name 'cells_to_relieve' is not defined
ERROR in Agent H_15 process_reward at tick 98: name 'cells_to_relieve' is not defined
Traceback (most recent call last):
  File "/home/user/DisasterAI/DisasterAI_Model.py", line 1315, in process_reward
    for cell in cells_to_relieve:
                ^^^^^^^^^^^^^^^^
NameError: name 'cells_to_relieve' is not defined
ERROR in Agent H_45 process_reward at tick 98: name 'cells_to_relieve' is not defined
Traceback (most recent call last):
  File "/home/user/DisasterAI/DisasterAI_Model.py", line 1315, in process_reward
    for cell in cells_to_relieve:
                ^^^^^^^^^^^^^^^^
NameError: name 'cells_to_relieve' is not defined
ERROR in Agent H_48 process_reward at tick 98: name 'cells_to_relieve' is not defined
Traceback (most recent call last):
  File "/home/user/DisasterAI/DisasterAI_Model.py", line 1315, in process_reward
    for cell in cells_to_relieve:
                ^^^^^^^^^^^^^^^^
NameError: name 'cells_to_relieve' is not defined
ERROR in Agent H_43 process_reward at tick 98: name 'cells_to_relieve' is not defined
Traceback (most recent call last):
  File "/home/user/DisasterAI/DisasterAI_Model.py", line 1315, in process_reward
    for cell in cells_to_relieve:
                ^^^^^^^^^^^^^^^^
NameError: name 'cells_to_relieve' is not defined
ERROR in Agent H_31 process_reward at tick 98: name 'cells_to_relieve' is not defined
Traceback (most recent call last):
  File "/home/user/DisasterAI/DisasterAI_Model.py", line 1315, in process_reward
    for cell in cells_to_relieve:
                ^^^^^^^^^^^^^^^^
NameError: name 'cells_to_relieve' is not defined
ERROR in Agent H_27 process_reward at tick 98: name 'cells_to_relieve' is not defined
Traceback (most recent call last):
  File "/home/user/DisasterAI/DisasterAI_Model.py", line 1315, in process_reward
    for cell in cells_to_relieve:
                ^^^^^^^^^^^^^^^^
NameError: name 'cells_to_relieve' is not defined
ERROR in Agent H_40 process_reward at tick 99: name 'cells_to_relieve' is not defined
Traceback (most recent call last):
  File "/home/user/DisasterAI/DisasterAI_Model.py", line 1315, in process_reward
    for cell in cells_to_relieve:
                ^^^^^^^^^^^^^^^^
NameError: name 'cells_to_relieve' is not defined
ERROR in Agent H_26 process_reward at tick 99: name 'cells_to_relieve' is not defined
Traceback (most recent call last):
  File "/home/user/DisasterAI/DisasterAI_Model.py", line 1315, in process_reward
    for cell in cells_to_relieve:
                ^^^^^^^^^^^^^^^^
NameError: name 'cells_to_relieve' is not defined
ERROR in Agent H_38 process_reward at tick 99: name 'cells_to_relieve' is not defined
Traceback (most recent call last):
  File "/home/user/DisasterAI/DisasterAI_Model.py", line 1315, in process_reward
    for cell in cells_to_relieve:
                ^^^^^^^^^^^^^^^^
NameError: name 'cells_to_relieve' is not defined
ERROR in Agent H_5 process_reward at tick 99: name 'cells_to_relieve' is not defined
Traceback (most recent call last):
  File "/home/user/DisasterAI/DisasterAI_Model.py", line 1315, in process_reward
    for cell in cells_to_relieve:
                ^^^^^^^^^^^^^^^^
NameError: name 'cells_to_relieve' is not defined
ERROR in Agent H_42 process_reward at tick 99: name 'cells_to_relieve' is not defined
Traceback (most recent call last):
  File "/home/user/DisasterAI/DisasterAI_Model.py", line 1315, in process_reward
    for cell in cells_to_relieve:
                ^^^^^^^^^^^^^^^^
NameError: name 'cells_to_relieve' is not defined
ERROR in Agent H_35 process_reward at tick 99: name 'cells_to_relieve' is not defined
Traceback (most recent call last):
  File "/home/user/DisasterAI/DisasterAI_Model.py", line 1315, in process_reward
    for cell in cells_to_relieve:
                ^^^^^^^^^^^^^^^^
NameError: name 'cells_to_relieve' is not defined
ERROR in Agent H_29 process_reward at tick 99: name 'cells_to_relieve' is not defined
Traceback (most recent call last):
  File "/home/user/DisasterAI/DisasterAI_Model.py", line 1315, in process_reward
    for cell in cells_to_relieve:
                ^^^^^^^^^^^^^^^^
NameError: name 'cells_to_relieve' is not defined
ERROR in Agent H_43 process_reward at tick 99: name 'cells_to_relieve' is not defined
Traceback (most recent call last):
  File "/home/user/DisasterAI/DisasterAI_Model.py", line 1315, in process_reward
    for cell in cells_to_relieve:
                ^^^^^^^^^^^^^^^^
NameError: name 'cells_to_relieve' is not defined
ERROR in Agent H_49 process_reward at tick 99: name 'cells_to_relieve' is not defined
Traceback (most recent call last):
  File "/home/user/DisasterAI/DisasterAI_Model.py", line 1315, in process_reward
    for cell in cells_to_relieve:
                ^^^^^^^^^^^^^^^^
NameError: name 'cells_to_relieve' is not defined
ERROR in Agent H_39 process_reward at tick 99: name 'cells_to_relieve' is not defined
Traceback (most recent call last):
  File "/home/user/DisasterAI/DisasterAI_Model.py", line 1315, in process_reward
    for cell in cells_to_relieve:
                ^^^^^^^^^^^^^^^^
NameError: name 'cells_to_relieve' is not defined
ERROR in Agent H_6 process_reward at tick 99: name 'cells_to_relieve' is not defined
Traceback (most recent call last):
  File "/home/user/DisasterAI/DisasterAI_Model.py", line 1315, in process_reward
    for cell in cells_to_relieve:
                ^^^^^^^^^^^^^^^^
NameError: name 'cells_to_relieve' is not defined
ERROR in Agent H_45 process_reward at tick 99: name 'cells_to_relieve' is not defined
Traceback (most recent call last):
  File "/home/user/DisasterAI/DisasterAI_Model.py", line 1315, in process_reward
    for cell in cells_to_relieve:
                ^^^^^^^^^^^^^^^^
NameError: name 'cells_to_relieve' is not defined
ERROR in Agent H_46 process_reward at tick 99: name 'cells_to_relieve' is not defined
Traceback (most recent call last):
  File "/home/user/DisasterAI/DisasterAI_Model.py", line 1315, in process_reward
    for cell in cells_to_relieve:
                ^^^^^^^^^^^^^^^^
NameError: name 'cells_to_relieve' is not defined
ERROR in Agent H_25 process_reward at tick 99: name 'cells_to_relieve' is not defined
Traceback (most recent call last):
  File "/home/user/DisasterAI/DisasterAI_Model.py", line 1315, in process_reward
    for cell in cells_to_relieve:
                ^^^^^^^^^^^^^^^^
NameError: name 'cells_to_relieve' is not defined
ERROR in Agent H_28 process_reward at tick 99: name 'cells_to_relieve' is not defined
Traceback (most recent call last):
  File "/home/user/DisasterAI/DisasterAI_Model.py", line 1315, in process_reward
    for cell in cells_to_relieve:
                ^^^^^^^^^^^^^^^^
NameError: name 'cells_to_relieve' is not defined
ERROR in Agent H_0 process_reward at tick 99: name 'cells_to_relieve' is not defined
Traceback (most recent call last):
  File "/home/user/DisasterAI/DisasterAI_Model.py", line 1315, in process_reward
    for cell in cells_to_relieve:
                ^^^^^^^^^^^^^^^^
NameError: name 'cells_to_relieve' is not defined
ERROR in Agent H_31 process_reward at tick 99: name 'cells_to_relieve' is not defined
Traceback (most recent call last):
  File "/home/user/DisasterAI/DisasterAI_Model.py", line 1315, in process_reward
    for cell in cells_to_relieve:
                ^^^^^^^^^^^^^^^^
NameError: name 'cells_to_relieve' is not defined
ERROR in Agent H_7 process_reward at tick 99: name 'cells_to_relieve' is not defined
Traceback (most recent call last):
  File "/home/user/DisasterAI/DisasterAI_Model.py", line 1315, in process_reward
    for cell in cells_to_relieve:
                ^^^^^^^^^^^^^^^^
NameError: name 'cells_to_relieve' is not defined
ERROR in Agent H_27 process_reward at tick 99: name 'cells_to_relieve' is not defined
Traceback (most recent call last):
  File "/home/user/DisasterAI/DisasterAI_Model.py", line 1315, in process_reward
    for cell in cells_to_relieve:
                ^^^^^^^^^^^^^^^^
NameError: name 'cells_to_relieve' is not defined
ERROR in Agent H_4 process_reward at tick 99: name 'cells_to_relieve' is not defined
Traceback (most recent call last):
  File "/home/user/DisasterAI/DisasterAI_Model.py", line 1315, in process_reward
    for cell in cells_to_relieve:
                ^^^^^^^^^^^^^^^^
NameError: name 'cells_to_relieve' is not defined
ERROR in Agent H_12 process_reward at tick 99: name 'cells_to_relieve' is not defined
Traceback (most recent call last):
  File "/home/user/DisasterAI/DisasterAI_Model.py", line 1315, in process_reward
    for cell in cells_to_relieve:
                ^^^^^^^^^^^^^^^^
NameError: name 'cells_to_relieve' is not defined
ERROR in Agent H_48 process_reward at tick 99: name 'cells_to_relieve' is not defined
Traceback (most recent call last):
  File "/home/user/DisasterAI/DisasterAI_Model.py", line 1315, in process_reward
    for cell in cells_to_relieve:
                ^^^^^^^^^^^^^^^^
NameError: name 'cells_to_relieve' is not defined
ERROR in Agent H_23 process_reward at tick 99: name 'cells_to_relieve' is not defined
Traceback (most recent call last):
  File "/home/user/DisasterAI/DisasterAI_Model.py", line 1315, in process_reward
    for cell in cells_to_relieve:
                ^^^^^^^^^^^^^^^^
NameError: name 'cells_to_relieve' is not defined
ERROR in Agent H_19 process_reward at tick 99: name 'cells_to_relieve' is not defined
Traceback (most recent call last):
  File "/home/user/DisasterAI/DisasterAI_Model.py", line 1315, in process_reward
    for cell in cells_to_relieve:
                ^^^^^^^^^^^^^^^^
NameError: name 'cells_to_relieve' is not defined
ERROR in Agent H_11 process_reward at tick 99: name 'cells_to_relieve' is not defined
Traceback (most recent call last):
  File "/home/user/DisasterAI/DisasterAI_Model.py", line 1315, in process_reward
    for cell in cells_to_relieve:
                ^^^^^^^^^^^^^^^^
NameError: name 'cells_to_relieve' is not defined
ERROR in Agent H_44 process_reward at tick 99: name 'cells_to_relieve' is not defined
Traceback (most recent call last):
  File "/home/user/DisasterAI/DisasterAI_Model.py", line 1315, in process_reward
    for cell in cells_to_relieve:
                ^^^^^^^^^^^^^^^^
NameError: name 'cells_to_relieve' is not defined
ERROR in Agent H_41 process_reward at tick 99: name 'cells_to_relieve' is not defined
Traceback (most recent call last):
  File "/home/user/DisasterAI/DisasterAI_Model.py", line 1315, in process_reward
    for cell in cells_to_relieve:
                ^^^^^^^^^^^^^^^^
NameError: name 'cells_to_relieve' is not defined
ERROR in Agent H_9 process_reward at tick 99: name 'cells_to_relieve' is not defined
Traceback (most recent call last):
  File "/home/user/DisasterAI/DisasterAI_Model.py", line 1315, in process_reward
    for cell in cells_to_relieve:
                ^^^^^^^^^^^^^^^^
NameError: name 'cells_to_relieve' is not defined
ERROR in Agent H_18 process_reward at tick 99: name 'cells_to_relieve' is not defined
Traceback (most recent call last):
  File "/home/user/DisasterAI/DisasterAI_Model.py", line 1315, in process_reward
    for cell in cells_to_relieve:
                ^^^^^^^^^^^^^^^^
NameError: name 'cells_to_relieve' is not defined
ERROR in Agent H_36 process_reward at tick 99: name 'cells_to_relieve' is not defined
Traceback (most recent call last):
  File "/home/user/DisasterAI/DisasterAI_Model.py", line 1315, in process_reward
    for cell in cells_to_relieve:
                ^^^^^^^^^^^^^^^^
NameError: name 'cells_to_relieve' is not defined
ERROR in Agent H_20 process_reward at tick 99: name 'cells_to_relieve' is not defined
Traceback (most recent call last):
  File "/home/user/DisasterAI/DisasterAI_Model.py", line 1315, in process_reward
    for cell in cells_to_relieve:
                ^^^^^^^^^^^^^^^^
NameError: name 'cells_to_relieve' is not defined
ERROR in Agent H_30 process_reward at tick 99: name 'cells_to_relieve' is not defined
Traceback (most recent call last):
  File "/home/user/DisasterAI/DisasterAI_Model.py", line 1315, in process_reward
    for cell in cells_to_relieve:
                ^^^^^^^^^^^^^^^^
NameError: name 'cells_to_relieve' is not defined
ERROR in Agent H_14 process_reward at tick 99: name 'cells_to_relieve' is not defined
Traceback (most recent call last):
  File "/home/user/DisasterAI/DisasterAI_Model.py", line 1315, in process_reward
    for cell in cells_to_relieve:
                ^^^^^^^^^^^^^^^^
NameError: name 'cells_to_relieve' is not defined
ERROR in Agent H_13 process_reward at tick 100: name 'cells_to_relieve' is not defined
Traceback (most recent call last):
  File "/home/user/DisasterAI/DisasterAI_Model.py", line 1315, in process_reward
    for cell in cells_to_relieve:
                ^^^^^^^^^^^^^^^^
NameError: name 'cells_to_relieve' is not defined
ERROR in Agent H_10 process_reward at tick 100: name 'cells_to_relieve' is not defined
Traceback (most recent call last):
  File "/home/user/DisasterAI/DisasterAI_Model.py", line 1315, in process_reward
    for cell in cells_to_relieve:
                ^^^^^^^^^^^^^^^^
NameError: name 'cells_to_relieve' is not defined
ERROR in Agent H_48 process_reward at tick 100: name 'cells_to_relieve' is not defined
Traceback (most recent call last):
  File "/home/user/DisasterAI/DisasterAI_Model.py", line 1315, in process_reward
    for cell in cells_to_relieve:
                ^^^^^^^^^^^^^^^^
NameError: name 'cells_to_relieve' is not defined
ERROR in Agent H_6 process_reward at tick 100: name 'cells_to_relieve' is not defined
Traceback (most recent call last):
  File "/home/user/DisasterAI/DisasterAI_Model.py", line 1315, in process_reward
    for cell in cells_to_relieve:
                ^^^^^^^^^^^^^^^^
NameError: name 'cells_to_relieve' is not defined
ERROR in Agent H_43 process_reward at tick 100: name 'cells_to_relieve' is not defined
Traceback (most recent call last):
  File "/home/user/DisasterAI/DisasterAI_Model.py", line 1315, in process_reward
    for cell in cells_to_relieve:
                ^^^^^^^^^^^^^^^^
NameError: name 'cells_to_relieve' is not defined
ERROR in Agent H_9 process_reward at tick 100: name 'cells_to_relieve' is not defined
Traceback (most recent call last):
  File "/home/user/DisasterAI/DisasterAI_Model.py", line 1315, in process_reward
    for cell in cells_to_relieve:
                ^^^^^^^^^^^^^^^^
NameError: name 'cells_to_relieve' is not defined
ERROR in Agent H_22 process_reward at tick 100: name 'cells_to_relieve' is not defined
Traceback (most recent call last):
  File "/home/user/DisasterAI/DisasterAI_Model.py", line 1315, in process_reward
    for cell in cells_to_relieve:
                ^^^^^^^^^^^^^^^^
NameError: name 'cells_to_relieve' is not defined
ERROR in Agent H_4 process_reward at tick 100: name 'cells_to_relieve' is not defined
Traceback (most recent call last):
  File "/home/user/DisasterAI/DisasterAI_Model.py", line 1315, in process_reward
    for cell in cells_to_relieve:
                ^^^^^^^^^^^^^^^^
NameError: name 'cells_to_relieve' is not defined
ERROR in Agent H_25 process_reward at tick 100: name 'cells_to_relieve' is not defined
Traceback (most recent call last):
  File "/home/user/DisasterAI/DisasterAI_Model.py", line 1315, in process_reward
    for cell in cells_to_relieve:
                ^^^^^^^^^^^^^^^^
NameError: name 'cells_to_relieve' is not defined
ERROR in Agent H_40 process_reward at tick 100: name 'cells_to_relieve' is not defined
Traceback (most recent call last):
  File "/home/user/DisasterAI/DisasterAI_Model.py", line 1315, in process_reward
    for cell in cells_to_relieve:
                ^^^^^^^^^^^^^^^^
NameError: name 'cells_to_relieve' is not defined
ERROR in Agent H_33 process_reward at tick 100: name 'cells_to_relieve' is not defined
Traceback (most recent call last):
  File "/home/user/DisasterAI/DisasterAI_Model.py", line 1315, in process_reward
    for cell in cells_to_relieve:
                ^^^^^^^^^^^^^^^^
NameError: name 'cells_to_relieve' is not defined
ERROR in Agent H_24 process_reward at tick 100: name 'cells_to_relieve' is not defined
Traceback (most recent call last):
  File "/home/user/DisasterAI/DisasterAI_Model.py", line 1315, in process_reward
    for cell in cells_to_relieve:
                ^^^^^^^^^^^^^^^^
NameError: name 'cells_to_relieve' is not defined
ERROR in Agent H_38 process_reward at tick 100: name 'cells_to_relieve' is not defined
Traceback (most recent call last):
  File "/home/user/DisasterAI/DisasterAI_Model.py", line 1315, in process_reward
    for cell in cells_to_relieve:
                ^^^^^^^^^^^^^^^^
NameError: name 'cells_to_relieve' is not defined
ERROR in Agent H_29 process_reward at tick 100: name 'cells_to_relieve' is not defined
Traceback (most recent call last):
  File "/home/user/DisasterAI/DisasterAI_Model.py", line 1315, in process_reward
    for cell in cells_to_relieve:
                ^^^^^^^^^^^^^^^^
NameError: name 'cells_to_relieve' is not defined
ERROR in Agent H_28 process_reward at tick 100: name 'cells_to_relieve' is not defined
Traceback (most recent call last):
  File "/home/user/DisasterAI/DisasterAI_Model.py", line 1315, in process_reward
    for cell in cells_to_relieve:
                ^^^^^^^^^^^^^^^^
NameError: name 'cells_to_relieve' is not defined
ERROR in Agent H_34 process_reward at tick 100: name 'cells_to_relieve' is not defined
Traceback (most recent call last):
  File "/home/user/DisasterAI/DisasterAI_Model.py", line 1315, in process_reward
    for cell in cells_to_relieve:
                ^^^^^^^^^^^^^^^^
NameError: name 'cells_to_relieve' is not defined
ERROR in Agent H_19 process_reward at tick 100: name 'cells_to_relieve' is not defined
Traceback (most recent call last):
  File "/home/user/DisasterAI/DisasterAI_Model.py", line 1315, in process_reward
    for cell in cells_to_relieve:
                ^^^^^^^^^^^^^^^^
NameError: name 'cells_to_relieve' is not defined
ERROR in Agent H_39 process_reward at tick 100: name 'cells_to_relieve' is not defined
Traceback (most recent call last):
  File "/home/user/DisasterAI/DisasterAI_Model.py", line 1315, in process_reward
    for cell in cells_to_relieve:
                ^^^^^^^^^^^^^^^^
NameError: name 'cells_to_relieve' is not defined
ERROR in Agent H_3 process_reward at tick 100: name 'cells_to_relieve' is not defined
Traceback (most recent call last):
  File "/home/user/DisasterAI/DisasterAI_Model.py", line 1315, in process_reward
    for cell in cells_to_relieve:
                ^^^^^^^^^^^^^^^^
NameError: name 'cells_to_relieve' is not defined
ERROR in Agent H_32 process_reward at tick 100: name 'cells_to_relieve' is not defined
Traceback (most recent call last):
  File "/home/user/DisasterAI/DisasterAI_Model.py", line 1315, in process_reward
    for cell in cells_to_relieve:
                ^^^^^^^^^^^^^^^^
NameError: name 'cells_to_relieve' is not defined
ERROR in Agent H_31 process_reward at tick 100: name 'cells_to_relieve' is not defined
Traceback (most recent call last):
  File "/home/user/DisasterAI/DisasterAI_Model.py", line 1315, in process_reward
    for cell in cells_to_relieve:
                ^^^^^^^^^^^^^^^^
NameError: name 'cells_to_relieve' is not defined
ERROR in Agent H_44 process_reward at tick 100: name 'cells_to_relieve' is not defined
Traceback (most recent call last):
  File "/home/user/DisasterAI/DisasterAI_Model.py", line 1315, in process_reward
    for cell in cells_to_relieve:
                ^^^^^^^^^^^^^^^^
NameError: name 'cells_to_relieve' is not defined
ERROR in Agent H_8 process_reward at tick 100: name 'cells_to_relieve' is not defined
Traceback (most recent call last):
  File "/home/user/DisasterAI/DisasterAI_Model.py", line 1315, in process_reward
    for cell in cells_to_relieve:
                ^^^^^^^^^^^^^^^^
NameError: name 'cells_to_relieve' is not defined
ERROR in Agent H_23 process_reward at tick 100: name 'cells_to_relieve' is not defined
Traceback (most recent call last):
  File "/home/user/DisasterAI/DisasterAI_Model.py", line 1315, in process_reward
    for cell in cells_to_relieve:
                ^^^^^^^^^^^^^^^^
NameError: name 'cells_to_relieve' is not defined
ERROR in Agent H_35 process_reward at tick 100: name 'cells_to_relieve' is not defined
Traceback (most recent call last):
  File "/home/user/DisasterAI/DisasterAI_Model.py", line 1315, in process_reward
    for cell in cells_to_relieve:
                ^^^^^^^^^^^^^^^^
NameError: name 'cells_to_relieve' is not defined
ERROR in Agent H_21 process_reward at tick 100: name 'cells_to_relieve' is not defined
Traceback (most recent call last):
  File "/home/user/DisasterAI/DisasterAI_Model.py", line 1315, in process_reward
    for cell in cells_to_relieve:
                ^^^^^^^^^^^^^^^^
NameError: name 'cells_to_relieve' is not defined
ERROR in Agent H_27 process_reward at tick 100: name 'cells_to_relieve' is not defined
Traceback (most recent call last):
  File "/home/user/DisasterAI/DisasterAI_Model.py", line 1315, in process_reward
    for cell in cells_to_relieve:
                ^^^^^^^^^^^^^^^^
NameError: name 'cells_to_relieve' is not defined
ERROR in Agent H_36 process_reward at tick 100: name 'cells_to_relieve' is not defined
Traceback (most recent call last):
  File "/home/user/DisasterAI/DisasterAI_Model.py", line 1315, in process_reward
    for cell in cells_to_relieve:
                ^^^^^^^^^^^^^^^^
NameError: name 'cells_to_relieve' is not defined

DEBUG: Starting AECI variance calculation at tick 100
  Found 0/50 AI-reliant agents
  Global belief variance: 0.0568
  WARNING: Invalid global variance (0.05676319) or no AI-reliant agents
  Returning AECI variance tuple: (100, 0.0)
  Current aeci_variance_data length: 100
  Last 3 entries: [(98, 0.0), (99, 0.0), (100, 0.0)]

--- Retainment Diagnostics at Tick 100 ---
Agent H_0 (exploitative) retainment stats:
  accepted_human: 9, accepted_friend: 9, accepted_ai: 42
  retain_aeci: 0.82, retain_seci: 0.18
Agent H_1 (exploitative) retainment stats:
  accepted_human: 25, accepted_friend: 25, accepted_ai: 20
  retain_aeci: 0.44, retain_seci: 0.56
Agent H_2 (exploitative) retainment stats:
  accepted_human: 43, accepted_friend: 43, accepted_ai: 0
  retain_aeci: 0.00, retain_seci: 1.00
Tick 100:
  Exploratory avg trust in A_0: 0.833
  Exploitative avg trust in A_0: 0.886

============================================================
FINAL RESULTS:
============================================================
Exploratory agents:
  Final trust in A_0: 0.833
  Initial trust: 0.304
  Change: +0.528
  Confirmations received: 0
  Corrections received: 0

Exploitative agents:
  Final trust in A_0: 0.886
  Initial trust: 0.337
  Change: +0.550
  Confirmations received: 0
  Corrections received: 0

============================================================
Test: Truthful AI
AI Alignment: 0.1
============================================================

Initializing social network with 25 exploitative and 25 exploratory agents
Creating 3 substantial communities
Created 3 communities:
  Community 0: 23 agents (12 exploit, 11 explor)
  Community 1: 17 agents (9 exploit, 8 explor)
  Community 2: 10 agents (4 exploit, 6 explor)
  Adding within-community edges for community 0 (size 23)
  Adding within-community edges for community 1 (size 17)
  Adding within-community edges for community 2 (size 10)
Final network: 3 connected components
  Component 0: 23 agents (12 exploit, 11 explor)
  Component 1: 17 agents (9 exploit, 8 explor)
  Component 2: 10 agents (4 exploit, 6 explor)
Final network after fixes: 3 connected components
  Component 0: 23 agents (12 exploit, 11 explor)
  Component 1: 17 agents (9 exploit, 8 explor)
  Component 2: 10 agents (4 exploit, 6 explor)
Successfully created social network with 3 components
Found 3 network components.

DEBUG: Starting AECI variance calculation at tick 5
  Found 0/50 AI-reliant agents
  Global belief variance: 0.0100
  WARNING: Invalid global variance (0.010037589999999999) or no AI-reliant agents
  Returning AECI variance tuple: (5, 0.0)
  Current aeci_variance_data length: 5
  Last 3 entries: [(3, 0), (4, 0), (5, 0.0)]

DEBUG: Starting AECI variance calculation at tick 10
  Found 0/50 AI-reliant agents
  Global belief variance: 0.0104
  WARNING: Invalid global variance (0.010380277500000002) or no AI-reliant agents
  Returning AECI variance tuple: (10, 0.0)
  Current aeci_variance_data length: 10
  Last 3 entries: [(8, 0.0), (9, 0.0), (10, 0.0)]

--- Retainment Diagnostics at Tick 10 ---
Agent H_0 (exploitative) retainment stats:
  accepted_human: 4, accepted_friend: 4, accepted_ai: 2
  retain_aeci: 0.33, retain_seci: 0.67
Agent H_1 (exploitative) retainment stats:
  accepted_human: 0, accepted_friend: 0, accepted_ai: 0
  No acceptances recorded
Agent H_2 (exploitative) retainment stats:
  accepted_human: 9, accepted_friend: 9, accepted_ai: 3
  retain_aeci: 0.25, retain_seci: 0.75

DEBUG: Starting AECI variance calculation at tick 15
  Found 0/50 AI-reliant agents
  Global belief variance: 0.0155
  WARNING: Invalid global variance (0.015495959999999996) or no AI-reliant agents
  Returning AECI variance tuple: (15, 0.0)
  Current aeci_variance_data length: 15
  Last 3 entries: [(13, 0.0), (14, 0.0), (15, 0.0)]
ERROR in Agent H_30 process_reward at tick 16: name 'cells_to_relieve' is not defined
Traceback (most recent call last):
  File "/home/user/DisasterAI/DisasterAI_Model.py", line 1315, in process_reward
    for cell in cells_to_relieve:
                ^^^^^^^^^^^^^^^^
NameError: name 'cells_to_relieve' is not defined
ERROR in Agent H_24 process_reward at tick 16: name 'cells_to_relieve' is not defined
Traceback (most recent call last):
  File "/home/user/DisasterAI/DisasterAI_Model.py", line 1315, in process_reward
    for cell in cells_to_relieve:
                ^^^^^^^^^^^^^^^^
NameError: name 'cells_to_relieve' is not defined
ERROR in Agent H_2 process_reward at tick 16: name 'cells_to_relieve' is not defined
Traceback (most recent call last):
  File "/home/user/DisasterAI/DisasterAI_Model.py", line 1315, in process_reward
    for cell in cells_to_relieve:
                ^^^^^^^^^^^^^^^^
NameError: name 'cells_to_relieve' is not defined
ERROR in Agent H_16 process_reward at tick 17: name 'cells_to_relieve' is not defined
Traceback (most recent call last):
  File "/home/user/DisasterAI/DisasterAI_Model.py", line 1315, in process_reward
    for cell in cells_to_relieve:
                ^^^^^^^^^^^^^^^^
NameError: name 'cells_to_relieve' is not defined
ERROR in Agent H_5 process_reward at tick 17: name 'cells_to_relieve' is not defined
Traceback (most recent call last):
  File "/home/user/DisasterAI/DisasterAI_Model.py", line 1315, in process_reward
    for cell in cells_to_relieve:
                ^^^^^^^^^^^^^^^^
NameError: name 'cells_to_relieve' is not defined
ERROR in Agent H_43 process_reward at tick 17: name 'cells_to_relieve' is not defined
Traceback (most recent call last):
  File "/home/user/DisasterAI/DisasterAI_Model.py", line 1315, in process_reward
    for cell in cells_to_relieve:
                ^^^^^^^^^^^^^^^^
NameError: name 'cells_to_relieve' is not defined
ERROR in Agent H_9 process_reward at tick 17: name 'cells_to_relieve' is not defined
Traceback (most recent call last):
  File "/home/user/DisasterAI/DisasterAI_Model.py", line 1315, in process_reward
    for cell in cells_to_relieve:
                ^^^^^^^^^^^^^^^^
NameError: name 'cells_to_relieve' is not defined
ERROR in Agent H_42 process_reward at tick 17: name 'cells_to_relieve' is not defined
Traceback (most recent call last):
  File "/home/user/DisasterAI/DisasterAI_Model.py", line 1315, in process_reward
    for cell in cells_to_relieve:
                ^^^^^^^^^^^^^^^^
NameError: name 'cells_to_relieve' is not defined
ERROR in Agent H_18 process_reward at tick 17: name 'cells_to_relieve' is not defined
Traceback (most recent call last):
  File "/home/user/DisasterAI/DisasterAI_Model.py", line 1315, in process_reward
    for cell in cells_to_relieve:
                ^^^^^^^^^^^^^^^^
NameError: name 'cells_to_relieve' is not defined
ERROR in Agent H_27 process_reward at tick 17: name 'cells_to_relieve' is not defined
Traceback (most recent call last):
  File "/home/user/DisasterAI/DisasterAI_Model.py", line 1315, in process_reward
    for cell in cells_to_relieve:
                ^^^^^^^^^^^^^^^^
NameError: name 'cells_to_relieve' is not defined
ERROR in Agent H_2 process_reward at tick 17: name 'cells_to_relieve' is not defined
Traceback (most recent call last):
  File "/home/user/DisasterAI/DisasterAI_Model.py", line 1315, in process_reward
    for cell in cells_to_relieve:
                ^^^^^^^^^^^^^^^^
NameError: name 'cells_to_relieve' is not defined
ERROR in Agent H_6 process_reward at tick 17: name 'cells_to_relieve' is not defined
Traceback (most recent call last):
  File "/home/user/DisasterAI/DisasterAI_Model.py", line 1315, in process_reward
    for cell in cells_to_relieve:
                ^^^^^^^^^^^^^^^^
NameError: name 'cells_to_relieve' is not defined
ERROR in Agent H_10 process_reward at tick 17: name 'cells_to_relieve' is not defined
Traceback (most recent call last):
  File "/home/user/DisasterAI/DisasterAI_Model.py", line 1315, in process_reward
    for cell in cells_to_relieve:
                ^^^^^^^^^^^^^^^^
NameError: name 'cells_to_relieve' is not defined
ERROR in Agent H_48 process_reward at tick 17: name 'cells_to_relieve' is not defined
Traceback (most recent call last):
  File "/home/user/DisasterAI/DisasterAI_Model.py", line 1315, in process_reward
    for cell in cells_to_relieve:
                ^^^^^^^^^^^^^^^^
NameError: name 'cells_to_relieve' is not defined
ERROR in Agent H_19 process_reward at tick 17: name 'cells_to_relieve' is not defined
Traceback (most recent call last):
  File "/home/user/DisasterAI/DisasterAI_Model.py", line 1315, in process_reward
    for cell in cells_to_relieve:
                ^^^^^^^^^^^^^^^^
NameError: name 'cells_to_relieve' is not defined
ERROR in Agent H_36 process_reward at tick 18: name 'cells_to_relieve' is not defined
Traceback (most recent call last):
  File "/home/user/DisasterAI/DisasterAI_Model.py", line 1315, in process_reward
    for cell in cells_to_relieve:
                ^^^^^^^^^^^^^^^^
NameError: name 'cells_to_relieve' is not defined
ERROR in Agent H_8 process_reward at tick 18: name 'cells_to_relieve' is not defined
Traceback (most recent call last):
  File "/home/user/DisasterAI/DisasterAI_Model.py", line 1315, in process_reward
    for cell in cells_to_relieve:
                ^^^^^^^^^^^^^^^^
NameError: name 'cells_to_relieve' is not defined
ERROR in Agent H_14 process_reward at tick 18: name 'cells_to_relieve' is not defined
Traceback (most recent call last):
  File "/home/user/DisasterAI/DisasterAI_Model.py", line 1315, in process_reward
    for cell in cells_to_relieve:
                ^^^^^^^^^^^^^^^^
NameError: name 'cells_to_relieve' is not defined
ERROR in Agent H_20 process_reward at tick 18: name 'cells_to_relieve' is not defined
Traceback (most recent call last):
  File "/home/user/DisasterAI/DisasterAI_Model.py", line 1315, in process_reward
    for cell in cells_to_relieve:
                ^^^^^^^^^^^^^^^^
NameError: name 'cells_to_relieve' is not defined
ERROR in Agent H_38 process_reward at tick 18: name 'cells_to_relieve' is not defined
Traceback (most recent call last):
  File "/home/user/DisasterAI/DisasterAI_Model.py", line 1315, in process_reward
    for cell in cells_to_relieve:
                ^^^^^^^^^^^^^^^^
NameError: name 'cells_to_relieve' is not defined
ERROR in Agent H_15 process_reward at tick 18: name 'cells_to_relieve' is not defined
Traceback (most recent call last):
  File "/home/user/DisasterAI/DisasterAI_Model.py", line 1315, in process_reward
    for cell in cells_to_relieve:
                ^^^^^^^^^^^^^^^^
NameError: name 'cells_to_relieve' is not defined
ERROR in Agent H_21 process_reward at tick 18: name 'cells_to_relieve' is not defined
Traceback (most recent call last):
  File "/home/user/DisasterAI/DisasterAI_Model.py", line 1315, in process_reward
    for cell in cells_to_relieve:
                ^^^^^^^^^^^^^^^^
NameError: name 'cells_to_relieve' is not defined
ERROR in Agent H_46 process_reward at tick 18: name 'cells_to_relieve' is not defined
Traceback (most recent call last):
  File "/home/user/DisasterAI/DisasterAI_Model.py", line 1315, in process_reward
    for cell in cells_to_relieve:
                ^^^^^^^^^^^^^^^^
NameError: name 'cells_to_relieve' is not defined
ERROR in Agent H_13 process_reward at tick 18: name 'cells_to_relieve' is not defined
Traceback (most recent call last):
  File "/home/user/DisasterAI/DisasterAI_Model.py", line 1315, in process_reward
    for cell in cells_to_relieve:
                ^^^^^^^^^^^^^^^^
NameError: name 'cells_to_relieve' is not defined
ERROR in Agent H_41 process_reward at tick 18: name 'cells_to_relieve' is not defined
Traceback (most recent call last):
  File "/home/user/DisasterAI/DisasterAI_Model.py", line 1315, in process_reward
    for cell in cells_to_relieve:
                ^^^^^^^^^^^^^^^^
NameError: name 'cells_to_relieve' is not defined
ERROR in Agent H_19 process_reward at tick 18: name 'cells_to_relieve' is not defined
Traceback (most recent call last):
  File "/home/user/DisasterAI/DisasterAI_Model.py", line 1315, in process_reward
    for cell in cells_to_relieve:
                ^^^^^^^^^^^^^^^^
NameError: name 'cells_to_relieve' is not defined
ERROR in Agent H_9 process_reward at tick 18: name 'cells_to_relieve' is not defined
Traceback (most recent call last):
  File "/home/user/DisasterAI/DisasterAI_Model.py", line 1315, in process_reward
    for cell in cells_to_relieve:
                ^^^^^^^^^^^^^^^^
NameError: name 'cells_to_relieve' is not defined
ERROR in Agent H_22 process_reward at tick 19: name 'cells_to_relieve' is not defined
Traceback (most recent call last):
  File "/home/user/DisasterAI/DisasterAI_Model.py", line 1315, in process_reward
    for cell in cells_to_relieve:
                ^^^^^^^^^^^^^^^^
NameError: name 'cells_to_relieve' is not defined
ERROR in Agent H_49 process_reward at tick 19: name 'cells_to_relieve' is not defined
Traceback (most recent call last):
  File "/home/user/DisasterAI/DisasterAI_Model.py", line 1315, in process_reward
    for cell in cells_to_relieve:
                ^^^^^^^^^^^^^^^^
NameError: name 'cells_to_relieve' is not defined
ERROR in Agent H_41 process_reward at tick 19: name 'cells_to_relieve' is not defined
Traceback (most recent call last):
  File "/home/user/DisasterAI/DisasterAI_Model.py", line 1315, in process_reward
    for cell in cells_to_relieve:
                ^^^^^^^^^^^^^^^^
NameError: name 'cells_to_relieve' is not defined
ERROR in Agent H_38 process_reward at tick 19: name 'cells_to_relieve' is not defined
Traceback (most recent call last):
  File "/home/user/DisasterAI/DisasterAI_Model.py", line 1315, in process_reward
    for cell in cells_to_relieve:
                ^^^^^^^^^^^^^^^^
NameError: name 'cells_to_relieve' is not defined
ERROR in Agent H_43 process_reward at tick 19: name 'cells_to_relieve' is not defined
Traceback (most recent call last):
  File "/home/user/DisasterAI/DisasterAI_Model.py", line 1315, in process_reward
    for cell in cells_to_relieve:
                ^^^^^^^^^^^^^^^^
NameError: name 'cells_to_relieve' is not defined
ERROR in Agent H_34 process_reward at tick 19: name 'cells_to_relieve' is not defined
Traceback (most recent call last):
  File "/home/user/DisasterAI/DisasterAI_Model.py", line 1315, in process_reward
    for cell in cells_to_relieve:
                ^^^^^^^^^^^^^^^^
NameError: name 'cells_to_relieve' is not defined
ERROR in Agent H_32 process_reward at tick 19: name 'cells_to_relieve' is not defined
Traceback (most recent call last):
  File "/home/user/DisasterAI/DisasterAI_Model.py", line 1315, in process_reward
    for cell in cells_to_relieve:
                ^^^^^^^^^^^^^^^^
NameError: name 'cells_to_relieve' is not defined
ERROR in Agent H_0 process_reward at tick 19: name 'cells_to_relieve' is not defined
Traceback (most recent call last):
  File "/home/user/DisasterAI/DisasterAI_Model.py", line 1315, in process_reward
    for cell in cells_to_relieve:
                ^^^^^^^^^^^^^^^^
NameError: name 'cells_to_relieve' is not defined
ERROR in Agent H_14 process_reward at tick 19: name 'cells_to_relieve' is not defined
Traceback (most recent call last):
  File "/home/user/DisasterAI/DisasterAI_Model.py", line 1315, in process_reward
    for cell in cells_to_relieve:
                ^^^^^^^^^^^^^^^^
NameError: name 'cells_to_relieve' is not defined
ERROR in Agent H_11 process_reward at tick 19: name 'cells_to_relieve' is not defined
Traceback (most recent call last):
  File "/home/user/DisasterAI/DisasterAI_Model.py", line 1315, in process_reward
    for cell in cells_to_relieve:
                ^^^^^^^^^^^^^^^^
NameError: name 'cells_to_relieve' is not defined
ERROR in Agent H_35 process_reward at tick 19: name 'cells_to_relieve' is not defined
Traceback (most recent call last):
  File "/home/user/DisasterAI/DisasterAI_Model.py", line 1315, in process_reward
    for cell in cells_to_relieve:
                ^^^^^^^^^^^^^^^^
NameError: name 'cells_to_relieve' is not defined
ERROR in Agent H_40 process_reward at tick 19: name 'cells_to_relieve' is not defined
Traceback (most recent call last):
  File "/home/user/DisasterAI/DisasterAI_Model.py", line 1315, in process_reward
    for cell in cells_to_relieve:
                ^^^^^^^^^^^^^^^^
NameError: name 'cells_to_relieve' is not defined
ERROR in Agent H_18 process_reward at tick 19: name 'cells_to_relieve' is not defined
Traceback (most recent call last):
  File "/home/user/DisasterAI/DisasterAI_Model.py", line 1315, in process_reward
    for cell in cells_to_relieve:
                ^^^^^^^^^^^^^^^^
NameError: name 'cells_to_relieve' is not defined
ERROR in Agent H_23 process_reward at tick 19: name 'cells_to_relieve' is not defined
Traceback (most recent call last):
  File "/home/user/DisasterAI/DisasterAI_Model.py", line 1315, in process_reward
    for cell in cells_to_relieve:
                ^^^^^^^^^^^^^^^^
NameError: name 'cells_to_relieve' is not defined
ERROR in Agent H_8 process_reward at tick 19: name 'cells_to_relieve' is not defined
Traceback (most recent call last):
  File "/home/user/DisasterAI/DisasterAI_Model.py", line 1315, in process_reward
    for cell in cells_to_relieve:
                ^^^^^^^^^^^^^^^^
NameError: name 'cells_to_relieve' is not defined
ERROR in Agent H_15 process_reward at tick 19: name 'cells_to_relieve' is not defined
Traceback (most recent call last):
  File "/home/user/DisasterAI/DisasterAI_Model.py", line 1315, in process_reward
    for cell in cells_to_relieve:
                ^^^^^^^^^^^^^^^^
NameError: name 'cells_to_relieve' is not defined
ERROR in Agent H_1 process_reward at tick 19: name 'cells_to_relieve' is not defined
Traceback (most recent call last):
  File "/home/user/DisasterAI/DisasterAI_Model.py", line 1315, in process_reward
    for cell in cells_to_relieve:
                ^^^^^^^^^^^^^^^^
NameError: name 'cells_to_relieve' is not defined
ERROR in Agent H_0 process_reward at tick 20: name 'cells_to_relieve' is not defined
Traceback (most recent call last):
  File "/home/user/DisasterAI/DisasterAI_Model.py", line 1315, in process_reward
    for cell in cells_to_relieve:
                ^^^^^^^^^^^^^^^^
NameError: name 'cells_to_relieve' is not defined
ERROR in Agent H_19 process_reward at tick 20: name 'cells_to_relieve' is not defined
Traceback (most recent call last):
  File "/home/user/DisasterAI/DisasterAI_Model.py", line 1315, in process_reward
    for cell in cells_to_relieve:
                ^^^^^^^^^^^^^^^^
NameError: name 'cells_to_relieve' is not defined
ERROR in Agent H_13 process_reward at tick 20: name 'cells_to_relieve' is not defined
Traceback (most recent call last):
  File "/home/user/DisasterAI/DisasterAI_Model.py", line 1315, in process_reward
    for cell in cells_to_relieve:
                ^^^^^^^^^^^^^^^^
NameError: name 'cells_to_relieve' is not defined
ERROR in Agent H_30 process_reward at tick 20: name 'cells_to_relieve' is not defined
Traceback (most recent call last):
  File "/home/user/DisasterAI/DisasterAI_Model.py", line 1315, in process_reward
    for cell in cells_to_relieve:
                ^^^^^^^^^^^^^^^^
NameError: name 'cells_to_relieve' is not defined
ERROR in Agent H_18 process_reward at tick 20: name 'cells_to_relieve' is not defined
Traceback (most recent call last):
  File "/home/user/DisasterAI/DisasterAI_Model.py", line 1315, in process_reward
    for cell in cells_to_relieve:
                ^^^^^^^^^^^^^^^^
NameError: name 'cells_to_relieve' is not defined
ERROR in Agent H_45 process_reward at tick 20: name 'cells_to_relieve' is not defined
Traceback (most recent call last):
  File "/home/user/DisasterAI/DisasterAI_Model.py", line 1315, in process_reward
    for cell in cells_to_relieve:
                ^^^^^^^^^^^^^^^^
NameError: name 'cells_to_relieve' is not defined
ERROR in Agent H_22 process_reward at tick 20: name 'cells_to_relieve' is not defined
Traceback (most recent call last):
  File "/home/user/DisasterAI/DisasterAI_Model.py", line 1315, in process_reward
    for cell in cells_to_relieve:
                ^^^^^^^^^^^^^^^^
NameError: name 'cells_to_relieve' is not defined
ERROR in Agent H_47 process_reward at tick 20: name 'cells_to_relieve' is not defined
Traceback (most recent call last):
  File "/home/user/DisasterAI/DisasterAI_Model.py", line 1315, in process_reward
    for cell in cells_to_relieve:
                ^^^^^^^^^^^^^^^^
NameError: name 'cells_to_relieve' is not defined
ERROR in Agent H_26 process_reward at tick 20: name 'cells_to_relieve' is not defined
Traceback (most recent call last):
  File "/home/user/DisasterAI/DisasterAI_Model.py", line 1315, in process_reward
    for cell in cells_to_relieve:
                ^^^^^^^^^^^^^^^^
NameError: name 'cells_to_relieve' is not defined
ERROR in Agent H_4 process_reward at tick 20: name 'cells_to_relieve' is not defined
Traceback (most recent call last):
  File "/home/user/DisasterAI/DisasterAI_Model.py", line 1315, in process_reward
    for cell in cells_to_relieve:
                ^^^^^^^^^^^^^^^^
NameError: name 'cells_to_relieve' is not defined
ERROR in Agent H_42 process_reward at tick 20: name 'cells_to_relieve' is not defined
Traceback (most recent call last):
  File "/home/user/DisasterAI/DisasterAI_Model.py", line 1315, in process_reward
    for cell in cells_to_relieve:
                ^^^^^^^^^^^^^^^^
NameError: name 'cells_to_relieve' is not defined
ERROR in Agent H_33 process_reward at tick 20: name 'cells_to_relieve' is not defined
Traceback (most recent call last):
  File "/home/user/DisasterAI/DisasterAI_Model.py", line 1315, in process_reward
    for cell in cells_to_relieve:
                ^^^^^^^^^^^^^^^^
NameError: name 'cells_to_relieve' is not defined
ERROR in Agent H_9 process_reward at tick 20: name 'cells_to_relieve' is not defined
Traceback (most recent call last):
  File "/home/user/DisasterAI/DisasterAI_Model.py", line 1315, in process_reward
    for cell in cells_to_relieve:
                ^^^^^^^^^^^^^^^^
NameError: name 'cells_to_relieve' is not defined
ERROR in Agent H_25 process_reward at tick 20: name 'cells_to_relieve' is not defined
Traceback (most recent call last):
  File "/home/user/DisasterAI/DisasterAI_Model.py", line 1315, in process_reward
    for cell in cells_to_relieve:
                ^^^^^^^^^^^^^^^^
NameError: name 'cells_to_relieve' is not defined
ERROR in Agent H_31 process_reward at tick 20: name 'cells_to_relieve' is not defined
Traceback (most recent call last):
  File "/home/user/DisasterAI/DisasterAI_Model.py", line 1315, in process_reward
    for cell in cells_to_relieve:
                ^^^^^^^^^^^^^^^^
NameError: name 'cells_to_relieve' is not defined
ERROR in Agent H_28 process_reward at tick 20: name 'cells_to_relieve' is not defined
Traceback (most recent call last):
  File "/home/user/DisasterAI/DisasterAI_Model.py", line 1315, in process_reward
    for cell in cells_to_relieve:
                ^^^^^^^^^^^^^^^^
NameError: name 'cells_to_relieve' is not defined
ERROR in Agent H_24 process_reward at tick 20: name 'cells_to_relieve' is not defined
Traceback (most recent call last):
  File "/home/user/DisasterAI/DisasterAI_Model.py", line 1315, in process_reward
    for cell in cells_to_relieve:
                ^^^^^^^^^^^^^^^^
NameError: name 'cells_to_relieve' is not defined
ERROR in Agent H_29 process_reward at tick 20: name 'cells_to_relieve' is not defined
Traceback (most recent call last):
  File "/home/user/DisasterAI/DisasterAI_Model.py", line 1315, in process_reward
    for cell in cells_to_relieve:
                ^^^^^^^^^^^^^^^^
NameError: name 'cells_to_relieve' is not defined

DEBUG: Starting AECI variance calculation at tick 20
  Found 0/50 AI-reliant agents
  Global belief variance: 0.0184
  WARNING: Invalid global variance (0.0184165975) or no AI-reliant agents
  Returning AECI variance tuple: (20, 0.0)
  Current aeci_variance_data length: 20
  Last 3 entries: [(18, 0.0), (19, 0.0), (20, 0.0)]

--- Retainment Diagnostics at Tick 20 ---
Agent H_0 (exploitative) retainment stats:
  accepted_human: 2, accepted_friend: 2, accepted_ai: 1
  retain_aeci: 0.33, retain_seci: 0.67
Agent H_1 (exploitative) retainment stats:
  accepted_human: 0, accepted_friend: 0, accepted_ai: 0
  No acceptances recorded
Agent H_2 (exploitative) retainment stats:
  accepted_human: 7, accepted_friend: 7, accepted_ai: 4
  retain_aeci: 0.36, retain_seci: 0.64
ERROR in Agent H_8 process_reward at tick 21: name 'cells_to_relieve' is not defined
Traceback (most recent call last):
  File "/home/user/DisasterAI/DisasterAI_Model.py", line 1315, in process_reward
    for cell in cells_to_relieve:
                ^^^^^^^^^^^^^^^^
NameError: name 'cells_to_relieve' is not defined
ERROR in Agent H_46 process_reward at tick 21: name 'cells_to_relieve' is not defined
Traceback (most recent call last):
  File "/home/user/DisasterAI/DisasterAI_Model.py", line 1315, in process_reward
    for cell in cells_to_relieve:
                ^^^^^^^^^^^^^^^^
NameError: name 'cells_to_relieve' is not defined
ERROR in Agent H_4 process_reward at tick 21: name 'cells_to_relieve' is not defined
Traceback (most recent call last):
  File "/home/user/DisasterAI/DisasterAI_Model.py", line 1315, in process_reward
    for cell in cells_to_relieve:
                ^^^^^^^^^^^^^^^^
NameError: name 'cells_to_relieve' is not defined
ERROR in Agent H_29 process_reward at tick 21: name 'cells_to_relieve' is not defined
Traceback (most recent call last):
  File "/home/user/DisasterAI/DisasterAI_Model.py", line 1315, in process_reward
    for cell in cells_to_relieve:
                ^^^^^^^^^^^^^^^^
NameError: name 'cells_to_relieve' is not defined
ERROR in Agent H_40 process_reward at tick 21: name 'cells_to_relieve' is not defined
Traceback (most recent call last):
  File "/home/user/DisasterAI/DisasterAI_Model.py", line 1315, in process_reward
    for cell in cells_to_relieve:
                ^^^^^^^^^^^^^^^^
NameError: name 'cells_to_relieve' is not defined
ERROR in Agent H_42 process_reward at tick 21: name 'cells_to_relieve' is not defined
Traceback (most recent call last):
  File "/home/user/DisasterAI/DisasterAI_Model.py", line 1315, in process_reward
    for cell in cells_to_relieve:
                ^^^^^^^^^^^^^^^^
NameError: name 'cells_to_relieve' is not defined
ERROR in Agent H_32 process_reward at tick 21: name 'cells_to_relieve' is not defined
Traceback (most recent call last):
  File "/home/user/DisasterAI/DisasterAI_Model.py", line 1315, in process_reward
    for cell in cells_to_relieve:
                ^^^^^^^^^^^^^^^^
NameError: name 'cells_to_relieve' is not defined
ERROR in Agent H_12 process_reward at tick 21: name 'cells_to_relieve' is not defined
Traceback (most recent call last):
  File "/home/user/DisasterAI/DisasterAI_Model.py", line 1315, in process_reward
    for cell in cells_to_relieve:
                ^^^^^^^^^^^^^^^^
NameError: name 'cells_to_relieve' is not defined
ERROR in Agent H_19 process_reward at tick 21: name 'cells_to_relieve' is not defined
Traceback (most recent call last):
  File "/home/user/DisasterAI/DisasterAI_Model.py", line 1315, in process_reward
    for cell in cells_to_relieve:
                ^^^^^^^^^^^^^^^^
NameError: name 'cells_to_relieve' is not defined
ERROR in Agent H_1 process_reward at tick 21: name 'cells_to_relieve' is not defined
Traceback (most recent call last):
  File "/home/user/DisasterAI/DisasterAI_Model.py", line 1315, in process_reward
    for cell in cells_to_relieve:
                ^^^^^^^^^^^^^^^^
NameError: name 'cells_to_relieve' is not defined
ERROR in Agent H_3 process_reward at tick 21: name 'cells_to_relieve' is not defined
Traceback (most recent call last):
  File "/home/user/DisasterAI/DisasterAI_Model.py", line 1315, in process_reward
    for cell in cells_to_relieve:
                ^^^^^^^^^^^^^^^^
NameError: name 'cells_to_relieve' is not defined
ERROR in Agent H_39 process_reward at tick 21: name 'cells_to_relieve' is not defined
Traceback (most recent call last):
  File "/home/user/DisasterAI/DisasterAI_Model.py", line 1315, in process_reward
    for cell in cells_to_relieve:
                ^^^^^^^^^^^^^^^^
NameError: name 'cells_to_relieve' is not defined
ERROR in Agent H_35 process_reward at tick 21: name 'cells_to_relieve' is not defined
Traceback (most recent call last):
  File "/home/user/DisasterAI/DisasterAI_Model.py", line 1315, in process_reward
    for cell in cells_to_relieve:
                ^^^^^^^^^^^^^^^^
NameError: name 'cells_to_relieve' is not defined
ERROR in Agent H_45 process_reward at tick 21: name 'cells_to_relieve' is not defined
Traceback (most recent call last):
  File "/home/user/DisasterAI/DisasterAI_Model.py", line 1315, in process_reward
    for cell in cells_to_relieve:
                ^^^^^^^^^^^^^^^^
NameError: name 'cells_to_relieve' is not defined
ERROR in Agent H_18 process_reward at tick 21: name 'cells_to_relieve' is not defined
Traceback (most recent call last):
  File "/home/user/DisasterAI/DisasterAI_Model.py", line 1315, in process_reward
    for cell in cells_to_relieve:
                ^^^^^^^^^^^^^^^^
NameError: name 'cells_to_relieve' is not defined
ERROR in Agent H_21 process_reward at tick 21: name 'cells_to_relieve' is not defined
Traceback (most recent call last):
  File "/home/user/DisasterAI/DisasterAI_Model.py", line 1315, in process_reward
    for cell in cells_to_relieve:
                ^^^^^^^^^^^^^^^^
NameError: name 'cells_to_relieve' is not defined
ERROR in Agent H_28 process_reward at tick 21: name 'cells_to_relieve' is not defined
Traceback (most recent call last):
  File "/home/user/DisasterAI/DisasterAI_Model.py", line 1315, in process_reward
    for cell in cells_to_relieve:
                ^^^^^^^^^^^^^^^^
NameError: name 'cells_to_relieve' is not defined
ERROR in Agent H_34 process_reward at tick 21: name 'cells_to_relieve' is not defined
Traceback (most recent call last):
  File "/home/user/DisasterAI/DisasterAI_Model.py", line 1315, in process_reward
    for cell in cells_to_relieve:
                ^^^^^^^^^^^^^^^^
NameError: name 'cells_to_relieve' is not defined
ERROR in Agent H_38 process_reward at tick 21: name 'cells_to_relieve' is not defined
Traceback (most recent call last):
  File "/home/user/DisasterAI/DisasterAI_Model.py", line 1315, in process_reward
    for cell in cells_to_relieve:
                ^^^^^^^^^^^^^^^^
NameError: name 'cells_to_relieve' is not defined
ERROR in Agent H_25 process_reward at tick 21: name 'cells_to_relieve' is not defined
Traceback (most recent call last):
  File "/home/user/DisasterAI/DisasterAI_Model.py", line 1315, in process_reward
    for cell in cells_to_relieve:
                ^^^^^^^^^^^^^^^^
NameError: name 'cells_to_relieve' is not defined
ERROR in Agent H_6 process_reward at tick 21: name 'cells_to_relieve' is not defined
Traceback (most recent call last):
  File "/home/user/DisasterAI/DisasterAI_Model.py", line 1315, in process_reward
    for cell in cells_to_relieve:
                ^^^^^^^^^^^^^^^^
NameError: name 'cells_to_relieve' is not defined
ERROR in Agent H_31 process_reward at tick 21: name 'cells_to_relieve' is not defined
Traceback (most recent call last):
  File "/home/user/DisasterAI/DisasterAI_Model.py", line 1315, in process_reward
    for cell in cells_to_relieve:
                ^^^^^^^^^^^^^^^^
NameError: name 'cells_to_relieve' is not defined
ERROR in Agent H_5 process_reward at tick 21: name 'cells_to_relieve' is not defined
Traceback (most recent call last):
  File "/home/user/DisasterAI/DisasterAI_Model.py", line 1315, in process_reward
    for cell in cells_to_relieve:
                ^^^^^^^^^^^^^^^^
NameError: name 'cells_to_relieve' is not defined
ERROR in Agent H_15 process_reward at tick 21: name 'cells_to_relieve' is not defined
Traceback (most recent call last):
  File "/home/user/DisasterAI/DisasterAI_Model.py", line 1315, in process_reward
    for cell in cells_to_relieve:
                ^^^^^^^^^^^^^^^^
NameError: name 'cells_to_relieve' is not defined
ERROR in Agent H_20 process_reward at tick 21: name 'cells_to_relieve' is not defined
Traceback (most recent call last):
  File "/home/user/DisasterAI/DisasterAI_Model.py", line 1315, in process_reward
    for cell in cells_to_relieve:
                ^^^^^^^^^^^^^^^^
NameError: name 'cells_to_relieve' is not defined
ERROR in Agent H_9 process_reward at tick 22: name 'cells_to_relieve' is not defined
Traceback (most recent call last):
  File "/home/user/DisasterAI/DisasterAI_Model.py", line 1315, in process_reward
    for cell in cells_to_relieve:
                ^^^^^^^^^^^^^^^^
NameError: name 'cells_to_relieve' is not defined
ERROR in Agent H_10 process_reward at tick 22: name 'cells_to_relieve' is not defined
Traceback (most recent call last):
  File "/home/user/DisasterAI/DisasterAI_Model.py", line 1315, in process_reward
    for cell in cells_to_relieve:
                ^^^^^^^^^^^^^^^^
NameError: name 'cells_to_relieve' is not defined
ERROR in Agent H_24 process_reward at tick 22: name 'cells_to_relieve' is not defined
Traceback (most recent call last):
  File "/home/user/DisasterAI/DisasterAI_Model.py", line 1315, in process_reward
    for cell in cells_to_relieve:
                ^^^^^^^^^^^^^^^^
NameError: name 'cells_to_relieve' is not defined
ERROR in Agent H_37 process_reward at tick 22: name 'cells_to_relieve' is not defined
Traceback (most recent call last):
  File "/home/user/DisasterAI/DisasterAI_Model.py", line 1315, in process_reward
    for cell in cells_to_relieve:
                ^^^^^^^^^^^^^^^^
NameError: name 'cells_to_relieve' is not defined
ERROR in Agent H_2 process_reward at tick 22: name 'cells_to_relieve' is not defined
Traceback (most recent call last):
  File "/home/user/DisasterAI/DisasterAI_Model.py", line 1315, in process_reward
    for cell in cells_to_relieve:
                ^^^^^^^^^^^^^^^^
NameError: name 'cells_to_relieve' is not defined
ERROR in Agent H_29 process_reward at tick 22: name 'cells_to_relieve' is not defined
Traceback (most recent call last):
  File "/home/user/DisasterAI/DisasterAI_Model.py", line 1315, in process_reward
    for cell in cells_to_relieve:
                ^^^^^^^^^^^^^^^^
NameError: name 'cells_to_relieve' is not defined
ERROR in Agent H_22 process_reward at tick 22: name 'cells_to_relieve' is not defined
Traceback (most recent call last):
  File "/home/user/DisasterAI/DisasterAI_Model.py", line 1315, in process_reward
    for cell in cells_to_relieve:
                ^^^^^^^^^^^^^^^^
NameError: name 'cells_to_relieve' is not defined
ERROR in Agent H_48 process_reward at tick 22: name 'cells_to_relieve' is not defined
Traceback (most recent call last):
  File "/home/user/DisasterAI/DisasterAI_Model.py", line 1315, in process_reward
    for cell in cells_to_relieve:
                ^^^^^^^^^^^^^^^^
NameError: name 'cells_to_relieve' is not defined
ERROR in Agent H_0 process_reward at tick 22: name 'cells_to_relieve' is not defined
Traceback (most recent call last):
  File "/home/user/DisasterAI/DisasterAI_Model.py", line 1315, in process_reward
    for cell in cells_to_relieve:
                ^^^^^^^^^^^^^^^^
NameError: name 'cells_to_relieve' is not defined
ERROR in Agent H_34 process_reward at tick 22: name 'cells_to_relieve' is not defined
Traceback (most recent call last):
  File "/home/user/DisasterAI/DisasterAI_Model.py", line 1315, in process_reward
    for cell in cells_to_relieve:
                ^^^^^^^^^^^^^^^^
NameError: name 'cells_to_relieve' is not defined
ERROR in Agent H_32 process_reward at tick 22: name 'cells_to_relieve' is not defined
Traceback (most recent call last):
  File "/home/user/DisasterAI/DisasterAI_Model.py", line 1315, in process_reward
    for cell in cells_to_relieve:
                ^^^^^^^^^^^^^^^^
NameError: name 'cells_to_relieve' is not defined
ERROR in Agent H_4 process_reward at tick 22: name 'cells_to_relieve' is not defined
Traceback (most recent call last):
  File "/home/user/DisasterAI/DisasterAI_Model.py", line 1315, in process_reward
    for cell in cells_to_relieve:
                ^^^^^^^^^^^^^^^^
NameError: name 'cells_to_relieve' is not defined
ERROR in Agent H_26 process_reward at tick 22: name 'cells_to_relieve' is not defined
Traceback (most recent call last):
  File "/home/user/DisasterAI/DisasterAI_Model.py", line 1315, in process_reward
    for cell in cells_to_relieve:
                ^^^^^^^^^^^^^^^^
NameError: name 'cells_to_relieve' is not defined
ERROR in Agent H_14 process_reward at tick 22: name 'cells_to_relieve' is not defined
Traceback (most recent call last):
  File "/home/user/DisasterAI/DisasterAI_Model.py", line 1315, in process_reward
    for cell in cells_to_relieve:
                ^^^^^^^^^^^^^^^^
NameError: name 'cells_to_relieve' is not defined
ERROR in Agent H_15 process_reward at tick 22: name 'cells_to_relieve' is not defined
Traceback (most recent call last):
  File "/home/user/DisasterAI/DisasterAI_Model.py", line 1315, in process_reward
    for cell in cells_to_relieve:
                ^^^^^^^^^^^^^^^^
NameError: name 'cells_to_relieve' is not defined
ERROR in Agent H_27 process_reward at tick 22: name 'cells_to_relieve' is not defined
Traceback (most recent call last):
  File "/home/user/DisasterAI/DisasterAI_Model.py", line 1315, in process_reward
    for cell in cells_to_relieve:
                ^^^^^^^^^^^^^^^^
NameError: name 'cells_to_relieve' is not defined
ERROR in Agent H_30 process_reward at tick 22: name 'cells_to_relieve' is not defined
Traceback (most recent call last):
  File "/home/user/DisasterAI/DisasterAI_Model.py", line 1315, in process_reward
    for cell in cells_to_relieve:
                ^^^^^^^^^^^^^^^^
NameError: name 'cells_to_relieve' is not defined
ERROR in Agent H_38 process_reward at tick 22: name 'cells_to_relieve' is not defined
Traceback (most recent call last):
  File "/home/user/DisasterAI/DisasterAI_Model.py", line 1315, in process_reward
    for cell in cells_to_relieve:
                ^^^^^^^^^^^^^^^^
NameError: name 'cells_to_relieve' is not defined
ERROR in Agent H_41 process_reward at tick 22: name 'cells_to_relieve' is not defined
Traceback (most recent call last):
  File "/home/user/DisasterAI/DisasterAI_Model.py", line 1315, in process_reward
    for cell in cells_to_relieve:
                ^^^^^^^^^^^^^^^^
NameError: name 'cells_to_relieve' is not defined
ERROR in Agent H_21 process_reward at tick 22: name 'cells_to_relieve' is not defined
Traceback (most recent call last):
  File "/home/user/DisasterAI/DisasterAI_Model.py", line 1315, in process_reward
    for cell in cells_to_relieve:
                ^^^^^^^^^^^^^^^^
NameError: name 'cells_to_relieve' is not defined
ERROR in Agent H_46 process_reward at tick 22: name 'cells_to_relieve' is not defined
Traceback (most recent call last):
  File "/home/user/DisasterAI/DisasterAI_Model.py", line 1315, in process_reward
    for cell in cells_to_relieve:
                ^^^^^^^^^^^^^^^^
NameError: name 'cells_to_relieve' is not defined
ERROR in Agent H_43 process_reward at tick 22: name 'cells_to_relieve' is not defined
Traceback (most recent call last):
  File "/home/user/DisasterAI/DisasterAI_Model.py", line 1315, in process_reward
    for cell in cells_to_relieve:
                ^^^^^^^^^^^^^^^^
NameError: name 'cells_to_relieve' is not defined
ERROR in Agent H_12 process_reward at tick 22: name 'cells_to_relieve' is not defined
Traceback (most recent call last):
  File "/home/user/DisasterAI/DisasterAI_Model.py", line 1315, in process_reward
    for cell in cells_to_relieve:
                ^^^^^^^^^^^^^^^^
NameError: name 'cells_to_relieve' is not defined
ERROR in Agent H_7 process_reward at tick 22: name 'cells_to_relieve' is not defined
Traceback (most recent call last):
  File "/home/user/DisasterAI/DisasterAI_Model.py", line 1315, in process_reward
    for cell in cells_to_relieve:
                ^^^^^^^^^^^^^^^^
NameError: name 'cells_to_relieve' is not defined
ERROR in Agent H_16 process_reward at tick 22: name 'cells_to_relieve' is not defined
Traceback (most recent call last):
  File "/home/user/DisasterAI/DisasterAI_Model.py", line 1315, in process_reward
    for cell in cells_to_relieve:
                ^^^^^^^^^^^^^^^^
NameError: name 'cells_to_relieve' is not defined
ERROR in Agent H_25 process_reward at tick 22: name 'cells_to_relieve' is not defined
Traceback (most recent call last):
  File "/home/user/DisasterAI/DisasterAI_Model.py", line 1315, in process_reward
    for cell in cells_to_relieve:
                ^^^^^^^^^^^^^^^^
NameError: name 'cells_to_relieve' is not defined
ERROR in Agent H_11 process_reward at tick 22: name 'cells_to_relieve' is not defined
Traceback (most recent call last):
  File "/home/user/DisasterAI/DisasterAI_Model.py", line 1315, in process_reward
    for cell in cells_to_relieve:
                ^^^^^^^^^^^^^^^^
NameError: name 'cells_to_relieve' is not defined
ERROR in Agent H_5 process_reward at tick 22: name 'cells_to_relieve' is not defined
Traceback (most recent call last):
  File "/home/user/DisasterAI/DisasterAI_Model.py", line 1315, in process_reward
    for cell in cells_to_relieve:
                ^^^^^^^^^^^^^^^^
NameError: name 'cells_to_relieve' is not defined
ERROR in Agent H_2 process_reward at tick 23: name 'cells_to_relieve' is not defined
Traceback (most recent call last):
  File "/home/user/DisasterAI/DisasterAI_Model.py", line 1315, in process_reward
    for cell in cells_to_relieve:
                ^^^^^^^^^^^^^^^^
NameError: name 'cells_to_relieve' is not defined
ERROR in Agent H_18 process_reward at tick 23: name 'cells_to_relieve' is not defined
Traceback (most recent call last):
  File "/home/user/DisasterAI/DisasterAI_Model.py", line 1315, in process_reward
    for cell in cells_to_relieve:
                ^^^^^^^^^^^^^^^^
NameError: name 'cells_to_relieve' is not defined
ERROR in Agent H_21 process_reward at tick 23: name 'cells_to_relieve' is not defined
Traceback (most recent call last):
  File "/home/user/DisasterAI/DisasterAI_Model.py", line 1315, in process_reward
    for cell in cells_to_relieve:
                ^^^^^^^^^^^^^^^^
NameError: name 'cells_to_relieve' is not defined
ERROR in Agent H_24 process_reward at tick 23: name 'cells_to_relieve' is not defined
Traceback (most recent call last):
  File "/home/user/DisasterAI/DisasterAI_Model.py", line 1315, in process_reward
    for cell in cells_to_relieve:
                ^^^^^^^^^^^^^^^^
NameError: name 'cells_to_relieve' is not defined
ERROR in Agent H_13 process_reward at tick 23: name 'cells_to_relieve' is not defined
Traceback (most recent call last):
  File "/home/user/DisasterAI/DisasterAI_Model.py", line 1315, in process_reward
    for cell in cells_to_relieve:
                ^^^^^^^^^^^^^^^^
NameError: name 'cells_to_relieve' is not defined
ERROR in Agent H_23 process_reward at tick 23: name 'cells_to_relieve' is not defined
Traceback (most recent call last):
  File "/home/user/DisasterAI/DisasterAI_Model.py", line 1315, in process_reward
    for cell in cells_to_relieve:
                ^^^^^^^^^^^^^^^^
NameError: name 'cells_to_relieve' is not defined
ERROR in Agent H_12 process_reward at tick 23: name 'cells_to_relieve' is not defined
Traceback (most recent call last):
  File "/home/user/DisasterAI/DisasterAI_Model.py", line 1315, in process_reward
    for cell in cells_to_relieve:
                ^^^^^^^^^^^^^^^^
NameError: name 'cells_to_relieve' is not defined
ERROR in Agent H_35 process_reward at tick 23: name 'cells_to_relieve' is not defined
Traceback (most recent call last):
  File "/home/user/DisasterAI/DisasterAI_Model.py", line 1315, in process_reward
    for cell in cells_to_relieve:
                ^^^^^^^^^^^^^^^^
NameError: name 'cells_to_relieve' is not defined
ERROR in Agent H_7 process_reward at tick 23: name 'cells_to_relieve' is not defined
Traceback (most recent call last):
  File "/home/user/DisasterAI/DisasterAI_Model.py", line 1315, in process_reward
    for cell in cells_to_relieve:
                ^^^^^^^^^^^^^^^^
NameError: name 'cells_to_relieve' is not defined
ERROR in Agent H_37 process_reward at tick 23: name 'cells_to_relieve' is not defined
Traceback (most recent call last):
  File "/home/user/DisasterAI/DisasterAI_Model.py", line 1315, in process_reward
    for cell in cells_to_relieve:
                ^^^^^^^^^^^^^^^^
NameError: name 'cells_to_relieve' is not defined
ERROR in Agent H_27 process_reward at tick 23: name 'cells_to_relieve' is not defined
Traceback (most recent call last):
  File "/home/user/DisasterAI/DisasterAI_Model.py", line 1315, in process_reward
    for cell in cells_to_relieve:
                ^^^^^^^^^^^^^^^^
NameError: name 'cells_to_relieve' is not defined
ERROR in Agent H_47 process_reward at tick 23: name 'cells_to_relieve' is not defined
Traceback (most recent call last):
  File "/home/user/DisasterAI/DisasterAI_Model.py", line 1315, in process_reward
    for cell in cells_to_relieve:
                ^^^^^^^^^^^^^^^^
NameError: name 'cells_to_relieve' is not defined
ERROR in Agent H_32 process_reward at tick 23: name 'cells_to_relieve' is not defined
Traceback (most recent call last):
  File "/home/user/DisasterAI/DisasterAI_Model.py", line 1315, in process_reward
    for cell in cells_to_relieve:
                ^^^^^^^^^^^^^^^^
NameError: name 'cells_to_relieve' is not defined
ERROR in Agent H_39 process_reward at tick 23: name 'cells_to_relieve' is not defined
Traceback (most recent call last):
  File "/home/user/DisasterAI/DisasterAI_Model.py", line 1315, in process_reward
    for cell in cells_to_relieve:
                ^^^^^^^^^^^^^^^^
NameError: name 'cells_to_relieve' is not defined
ERROR in Agent H_29 process_reward at tick 23: name 'cells_to_relieve' is not defined
Traceback (most recent call last):
  File "/home/user/DisasterAI/DisasterAI_Model.py", line 1315, in process_reward
    for cell in cells_to_relieve:
                ^^^^^^^^^^^^^^^^
NameError: name 'cells_to_relieve' is not defined
ERROR in Agent H_3 process_reward at tick 23: name 'cells_to_relieve' is not defined
Traceback (most recent call last):
  File "/home/user/DisasterAI/DisasterAI_Model.py", line 1315, in process_reward
    for cell in cells_to_relieve:
                ^^^^^^^^^^^^^^^^
NameError: name 'cells_to_relieve' is not defined
ERROR in Agent H_28 process_reward at tick 23: name 'cells_to_relieve' is not defined
Traceback (most recent call last):
  File "/home/user/DisasterAI/DisasterAI_Model.py", line 1315, in process_reward
    for cell in cells_to_relieve:
                ^^^^^^^^^^^^^^^^
NameError: name 'cells_to_relieve' is not defined
ERROR in Agent H_17 process_reward at tick 23: name 'cells_to_relieve' is not defined
Traceback (most recent call last):
  File "/home/user/DisasterAI/DisasterAI_Model.py", line 1315, in process_reward
    for cell in cells_to_relieve:
                ^^^^^^^^^^^^^^^^
NameError: name 'cells_to_relieve' is not defined
ERROR in Agent H_48 process_reward at tick 23: name 'cells_to_relieve' is not defined
Traceback (most recent call last):
  File "/home/user/DisasterAI/DisasterAI_Model.py", line 1315, in process_reward
    for cell in cells_to_relieve:
                ^^^^^^^^^^^^^^^^
NameError: name 'cells_to_relieve' is not defined
ERROR in Agent H_34 process_reward at tick 23: name 'cells_to_relieve' is not defined
Traceback (most recent call last):
  File "/home/user/DisasterAI/DisasterAI_Model.py", line 1315, in process_reward
    for cell in cells_to_relieve:
                ^^^^^^^^^^^^^^^^
NameError: name 'cells_to_relieve' is not defined
ERROR in Agent H_30 process_reward at tick 23: name 'cells_to_relieve' is not defined
Traceback (most recent call last):
  File "/home/user/DisasterAI/DisasterAI_Model.py", line 1315, in process_reward
    for cell in cells_to_relieve:
                ^^^^^^^^^^^^^^^^
NameError: name 'cells_to_relieve' is not defined
ERROR in Agent H_42 process_reward at tick 23: name 'cells_to_relieve' is not defined
Traceback (most recent call last):
  File "/home/user/DisasterAI/DisasterAI_Model.py", line 1315, in process_reward
    for cell in cells_to_relieve:
                ^^^^^^^^^^^^^^^^
NameError: name 'cells_to_relieve' is not defined
ERROR in Agent H_40 process_reward at tick 24: name 'cells_to_relieve' is not defined
Traceback (most recent call last):
  File "/home/user/DisasterAI/DisasterAI_Model.py", line 1315, in process_reward
    for cell in cells_to_relieve:
                ^^^^^^^^^^^^^^^^
NameError: name 'cells_to_relieve' is not defined
ERROR in Agent H_4 process_reward at tick 24: name 'cells_to_relieve' is not defined
Traceback (most recent call last):
  File "/home/user/DisasterAI/DisasterAI_Model.py", line 1315, in process_reward
    for cell in cells_to_relieve:
                ^^^^^^^^^^^^^^^^
NameError: name 'cells_to_relieve' is not defined
ERROR in Agent H_22 process_reward at tick 24: name 'cells_to_relieve' is not defined
Traceback (most recent call last):
  File "/home/user/DisasterAI/DisasterAI_Model.py", line 1315, in process_reward
    for cell in cells_to_relieve:
                ^^^^^^^^^^^^^^^^
NameError: name 'cells_to_relieve' is not defined
ERROR in Agent H_34 process_reward at tick 24: name 'cells_to_relieve' is not defined
Traceback (most recent call last):
  File "/home/user/DisasterAI/DisasterAI_Model.py", line 1315, in process_reward
    for cell in cells_to_relieve:
                ^^^^^^^^^^^^^^^^
NameError: name 'cells_to_relieve' is not defined
ERROR in Agent H_28 process_reward at tick 24: name 'cells_to_relieve' is not defined
Traceback (most recent call last):
  File "/home/user/DisasterAI/DisasterAI_Model.py", line 1315, in process_reward
    for cell in cells_to_relieve:
                ^^^^^^^^^^^^^^^^
NameError: name 'cells_to_relieve' is not defined
ERROR in Agent H_7 process_reward at tick 24: name 'cells_to_relieve' is not defined
Traceback (most recent call last):
  File "/home/user/DisasterAI/DisasterAI_Model.py", line 1315, in process_reward
    for cell in cells_to_relieve:
                ^^^^^^^^^^^^^^^^
NameError: name 'cells_to_relieve' is not defined
ERROR in Agent H_48 process_reward at tick 24: name 'cells_to_relieve' is not defined
Traceback (most recent call last):
  File "/home/user/DisasterAI/DisasterAI_Model.py", line 1315, in process_reward
    for cell in cells_to_relieve:
                ^^^^^^^^^^^^^^^^
NameError: name 'cells_to_relieve' is not defined
ERROR in Agent H_3 process_reward at tick 24: name 'cells_to_relieve' is not defined
Traceback (most recent call last):
  File "/home/user/DisasterAI/DisasterAI_Model.py", line 1315, in process_reward
    for cell in cells_to_relieve:
                ^^^^^^^^^^^^^^^^
NameError: name 'cells_to_relieve' is not defined
ERROR in Agent H_43 process_reward at tick 24: name 'cells_to_relieve' is not defined
Traceback (most recent call last):
  File "/home/user/DisasterAI/DisasterAI_Model.py", line 1315, in process_reward
    for cell in cells_to_relieve:
                ^^^^^^^^^^^^^^^^
NameError: name 'cells_to_relieve' is not defined
ERROR in Agent H_13 process_reward at tick 24: name 'cells_to_relieve' is not defined
Traceback (most recent call last):
  File "/home/user/DisasterAI/DisasterAI_Model.py", line 1315, in process_reward
    for cell in cells_to_relieve:
                ^^^^^^^^^^^^^^^^
NameError: name 'cells_to_relieve' is not defined
ERROR in Agent H_23 process_reward at tick 24: name 'cells_to_relieve' is not defined
Traceback (most recent call last):
  File "/home/user/DisasterAI/DisasterAI_Model.py", line 1315, in process_reward
    for cell in cells_to_relieve:
                ^^^^^^^^^^^^^^^^
NameError: name 'cells_to_relieve' is not defined
ERROR in Agent H_49 process_reward at tick 24: name 'cells_to_relieve' is not defined
Traceback (most recent call last):
  File "/home/user/DisasterAI/DisasterAI_Model.py", line 1315, in process_reward
    for cell in cells_to_relieve:
                ^^^^^^^^^^^^^^^^
NameError: name 'cells_to_relieve' is not defined
ERROR in Agent H_24 process_reward at tick 24: name 'cells_to_relieve' is not defined
Traceback (most recent call last):
  File "/home/user/DisasterAI/DisasterAI_Model.py", line 1315, in process_reward
    for cell in cells_to_relieve:
                ^^^^^^^^^^^^^^^^
NameError: name 'cells_to_relieve' is not defined
ERROR in Agent H_47 process_reward at tick 24: name 'cells_to_relieve' is not defined
Traceback (most recent call last):
  File "/home/user/DisasterAI/DisasterAI_Model.py", line 1315, in process_reward
    for cell in cells_to_relieve:
                ^^^^^^^^^^^^^^^^
NameError: name 'cells_to_relieve' is not defined
ERROR in Agent H_45 process_reward at tick 24: name 'cells_to_relieve' is not defined
Traceback (most recent call last):
  File "/home/user/DisasterAI/DisasterAI_Model.py", line 1315, in process_reward
    for cell in cells_to_relieve:
                ^^^^^^^^^^^^^^^^
NameError: name 'cells_to_relieve' is not defined
ERROR in Agent H_5 process_reward at tick 24: name 'cells_to_relieve' is not defined
Traceback (most recent call last):
  File "/home/user/DisasterAI/DisasterAI_Model.py", line 1315, in process_reward
    for cell in cells_to_relieve:
                ^^^^^^^^^^^^^^^^
NameError: name 'cells_to_relieve' is not defined
ERROR in Agent H_36 process_reward at tick 24: name 'cells_to_relieve' is not defined
Traceback (most recent call last):
  File "/home/user/DisasterAI/DisasterAI_Model.py", line 1315, in process_reward
    for cell in cells_to_relieve:
                ^^^^^^^^^^^^^^^^
NameError: name 'cells_to_relieve' is not defined
ERROR in Agent H_16 process_reward at tick 24: name 'cells_to_relieve' is not defined
Traceback (most recent call last):
  File "/home/user/DisasterAI/DisasterAI_Model.py", line 1315, in process_reward
    for cell in cells_to_relieve:
                ^^^^^^^^^^^^^^^^
NameError: name 'cells_to_relieve' is not defined
ERROR in Agent H_20 process_reward at tick 24: name 'cells_to_relieve' is not defined
Traceback (most recent call last):
  File "/home/user/DisasterAI/DisasterAI_Model.py", line 1315, in process_reward
    for cell in cells_to_relieve:
                ^^^^^^^^^^^^^^^^
NameError: name 'cells_to_relieve' is not defined
ERROR in Agent H_17 process_reward at tick 24: name 'cells_to_relieve' is not defined
Traceback (most recent call last):
  File "/home/user/DisasterAI/DisasterAI_Model.py", line 1315, in process_reward
    for cell in cells_to_relieve:
                ^^^^^^^^^^^^^^^^
NameError: name 'cells_to_relieve' is not defined
ERROR in Agent H_6 process_reward at tick 24: name 'cells_to_relieve' is not defined
Traceback (most recent call last):
  File "/home/user/DisasterAI/DisasterAI_Model.py", line 1315, in process_reward
    for cell in cells_to_relieve:
                ^^^^^^^^^^^^^^^^
NameError: name 'cells_to_relieve' is not defined
ERROR in Agent H_15 process_reward at tick 24: name 'cells_to_relieve' is not defined
Traceback (most recent call last):
  File "/home/user/DisasterAI/DisasterAI_Model.py", line 1315, in process_reward
    for cell in cells_to_relieve:
                ^^^^^^^^^^^^^^^^
NameError: name 'cells_to_relieve' is not defined
ERROR in Agent H_44 process_reward at tick 24: name 'cells_to_relieve' is not defined
Traceback (most recent call last):
  File "/home/user/DisasterAI/DisasterAI_Model.py", line 1315, in process_reward
    for cell in cells_to_relieve:
                ^^^^^^^^^^^^^^^^
NameError: name 'cells_to_relieve' is not defined
ERROR in Agent H_1 process_reward at tick 24: name 'cells_to_relieve' is not defined
Traceback (most recent call last):
  File "/home/user/DisasterAI/DisasterAI_Model.py", line 1315, in process_reward
    for cell in cells_to_relieve:
                ^^^^^^^^^^^^^^^^
NameError: name 'cells_to_relieve' is not defined
ERROR in Agent H_31 process_reward at tick 24: name 'cells_to_relieve' is not defined
Traceback (most recent call last):
  File "/home/user/DisasterAI/DisasterAI_Model.py", line 1315, in process_reward
    for cell in cells_to_relieve:
                ^^^^^^^^^^^^^^^^
NameError: name 'cells_to_relieve' is not defined
ERROR in Agent H_35 process_reward at tick 24: name 'cells_to_relieve' is not defined
Traceback (most recent call last):
  File "/home/user/DisasterAI/DisasterAI_Model.py", line 1315, in process_reward
    for cell in cells_to_relieve:
                ^^^^^^^^^^^^^^^^
NameError: name 'cells_to_relieve' is not defined
ERROR in Agent H_25 process_reward at tick 25: name 'cells_to_relieve' is not defined
Traceback (most recent call last):
  File "/home/user/DisasterAI/DisasterAI_Model.py", line 1315, in process_reward
    for cell in cells_to_relieve:
                ^^^^^^^^^^^^^^^^
NameError: name 'cells_to_relieve' is not defined
ERROR in Agent H_14 process_reward at tick 25: name 'cells_to_relieve' is not defined
Traceback (most recent call last):
  File "/home/user/DisasterAI/DisasterAI_Model.py", line 1315, in process_reward
    for cell in cells_to_relieve:
                ^^^^^^^^^^^^^^^^
NameError: name 'cells_to_relieve' is not defined
ERROR in Agent H_31 process_reward at tick 25: name 'cells_to_relieve' is not defined
Traceback (most recent call last):
  File "/home/user/DisasterAI/DisasterAI_Model.py", line 1315, in process_reward
    for cell in cells_to_relieve:
                ^^^^^^^^^^^^^^^^
NameError: name 'cells_to_relieve' is not defined
ERROR in Agent H_16 process_reward at tick 25: name 'cells_to_relieve' is not defined
Traceback (most recent call last):
  File "/home/user/DisasterAI/DisasterAI_Model.py", line 1315, in process_reward
    for cell in cells_to_relieve:
                ^^^^^^^^^^^^^^^^
NameError: name 'cells_to_relieve' is not defined
ERROR in Agent H_9 process_reward at tick 25: name 'cells_to_relieve' is not defined
Traceback (most recent call last):
  File "/home/user/DisasterAI/DisasterAI_Model.py", line 1315, in process_reward
    for cell in cells_to_relieve:
                ^^^^^^^^^^^^^^^^
NameError: name 'cells_to_relieve' is not defined
ERROR in Agent H_0 process_reward at tick 25: name 'cells_to_relieve' is not defined
Traceback (most recent call last):
  File "/home/user/DisasterAI/DisasterAI_Model.py", line 1315, in process_reward
    for cell in cells_to_relieve:
                ^^^^^^^^^^^^^^^^
NameError: name 'cells_to_relieve' is not defined
ERROR in Agent H_40 process_reward at tick 25: name 'cells_to_relieve' is not defined
Traceback (most recent call last):
  File "/home/user/DisasterAI/DisasterAI_Model.py", line 1315, in process_reward
    for cell in cells_to_relieve:
                ^^^^^^^^^^^^^^^^
NameError: name 'cells_to_relieve' is not defined
ERROR in Agent H_18 process_reward at tick 25: name 'cells_to_relieve' is not defined
Traceback (most recent call last):
  File "/home/user/DisasterAI/DisasterAI_Model.py", line 1315, in process_reward
    for cell in cells_to_relieve:
                ^^^^^^^^^^^^^^^^
NameError: name 'cells_to_relieve' is not defined
ERROR in Agent H_20 process_reward at tick 25: name 'cells_to_relieve' is not defined
Traceback (most recent call last):
  File "/home/user/DisasterAI/DisasterAI_Model.py", line 1315, in process_reward
    for cell in cells_to_relieve:
                ^^^^^^^^^^^^^^^^
NameError: name 'cells_to_relieve' is not defined
ERROR in Agent H_23 process_reward at tick 25: name 'cells_to_relieve' is not defined
Traceback (most recent call last):
  File "/home/user/DisasterAI/DisasterAI_Model.py", line 1315, in process_reward
    for cell in cells_to_relieve:
                ^^^^^^^^^^^^^^^^
NameError: name 'cells_to_relieve' is not defined
ERROR in Agent H_39 process_reward at tick 25: name 'cells_to_relieve' is not defined
Traceback (most recent call last):
  File "/home/user/DisasterAI/DisasterAI_Model.py", line 1315, in process_reward
    for cell in cells_to_relieve:
                ^^^^^^^^^^^^^^^^
NameError: name 'cells_to_relieve' is not defined
ERROR in Agent H_5 process_reward at tick 25: name 'cells_to_relieve' is not defined
Traceback (most recent call last):
  File "/home/user/DisasterAI/DisasterAI_Model.py", line 1315, in process_reward
    for cell in cells_to_relieve:
                ^^^^^^^^^^^^^^^^
NameError: name 'cells_to_relieve' is not defined
ERROR in Agent H_13 process_reward at tick 25: name 'cells_to_relieve' is not defined
Traceback (most recent call last):
  File "/home/user/DisasterAI/DisasterAI_Model.py", line 1315, in process_reward
    for cell in cells_to_relieve:
                ^^^^^^^^^^^^^^^^
NameError: name 'cells_to_relieve' is not defined
ERROR in Agent H_45 process_reward at tick 25: name 'cells_to_relieve' is not defined
Traceback (most recent call last):
  File "/home/user/DisasterAI/DisasterAI_Model.py", line 1315, in process_reward
    for cell in cells_to_relieve:
                ^^^^^^^^^^^^^^^^
NameError: name 'cells_to_relieve' is not defined
ERROR in Agent H_36 process_reward at tick 25: name 'cells_to_relieve' is not defined
Traceback (most recent call last):
  File "/home/user/DisasterAI/DisasterAI_Model.py", line 1315, in process_reward
    for cell in cells_to_relieve:
                ^^^^^^^^^^^^^^^^
NameError: name 'cells_to_relieve' is not defined
ERROR in Agent H_46 process_reward at tick 25: name 'cells_to_relieve' is not defined
Traceback (most recent call last):
  File "/home/user/DisasterAI/DisasterAI_Model.py", line 1315, in process_reward
    for cell in cells_to_relieve:
                ^^^^^^^^^^^^^^^^
NameError: name 'cells_to_relieve' is not defined
ERROR in Agent H_32 process_reward at tick 25: name 'cells_to_relieve' is not defined
Traceback (most recent call last):
  File "/home/user/DisasterAI/DisasterAI_Model.py", line 1315, in process_reward
    for cell in cells_to_relieve:
                ^^^^^^^^^^^^^^^^
NameError: name 'cells_to_relieve' is not defined
ERROR in Agent H_37 process_reward at tick 25: name 'cells_to_relieve' is not defined
Traceback (most recent call last):
  File "/home/user/DisasterAI/DisasterAI_Model.py", line 1315, in process_reward
    for cell in cells_to_relieve:
                ^^^^^^^^^^^^^^^^
NameError: name 'cells_to_relieve' is not defined
ERROR in Agent H_19 process_reward at tick 25: name 'cells_to_relieve' is not defined
Traceback (most recent call last):
  File "/home/user/DisasterAI/DisasterAI_Model.py", line 1315, in process_reward
    for cell in cells_to_relieve:
                ^^^^^^^^^^^^^^^^
NameError: name 'cells_to_relieve' is not defined
ERROR in Agent H_35 process_reward at tick 25: name 'cells_to_relieve' is not defined
Traceback (most recent call last):
  File "/home/user/DisasterAI/DisasterAI_Model.py", line 1315, in process_reward
    for cell in cells_to_relieve:
                ^^^^^^^^^^^^^^^^
NameError: name 'cells_to_relieve' is not defined
ERROR in Agent H_12 process_reward at tick 25: name 'cells_to_relieve' is not defined
Traceback (most recent call last):
  File "/home/user/DisasterAI/DisasterAI_Model.py", line 1315, in process_reward
    for cell in cells_to_relieve:
                ^^^^^^^^^^^^^^^^
NameError: name 'cells_to_relieve' is not defined
ERROR in Agent H_27 process_reward at tick 25: name 'cells_to_relieve' is not defined
Traceback (most recent call last):
  File "/home/user/DisasterAI/DisasterAI_Model.py", line 1315, in process_reward
    for cell in cells_to_relieve:
                ^^^^^^^^^^^^^^^^
NameError: name 'cells_to_relieve' is not defined
ERROR in Agent H_21 process_reward at tick 25: name 'cells_to_relieve' is not defined
Traceback (most recent call last):
  File "/home/user/DisasterAI/DisasterAI_Model.py", line 1315, in process_reward
    for cell in cells_to_relieve:
                ^^^^^^^^^^^^^^^^
NameError: name 'cells_to_relieve' is not defined
ERROR in Agent H_22 process_reward at tick 25: name 'cells_to_relieve' is not defined
Traceback (most recent call last):
  File "/home/user/DisasterAI/DisasterAI_Model.py", line 1315, in process_reward
    for cell in cells_to_relieve:
                ^^^^^^^^^^^^^^^^
NameError: name 'cells_to_relieve' is not defined
ERROR in Agent H_42 process_reward at tick 25: name 'cells_to_relieve' is not defined
Traceback (most recent call last):
  File "/home/user/DisasterAI/DisasterAI_Model.py", line 1315, in process_reward
    for cell in cells_to_relieve:
                ^^^^^^^^^^^^^^^^
NameError: name 'cells_to_relieve' is not defined
ERROR in Agent H_11 process_reward at tick 25: name 'cells_to_relieve' is not defined
Traceback (most recent call last):
  File "/home/user/DisasterAI/DisasterAI_Model.py", line 1315, in process_reward
    for cell in cells_to_relieve:
                ^^^^^^^^^^^^^^^^
NameError: name 'cells_to_relieve' is not defined
ERROR in Agent H_41 process_reward at tick 25: name 'cells_to_relieve' is not defined
Traceback (most recent call last):
  File "/home/user/DisasterAI/DisasterAI_Model.py", line 1315, in process_reward
    for cell in cells_to_relieve:
                ^^^^^^^^^^^^^^^^
NameError: name 'cells_to_relieve' is not defined
ERROR in Agent H_33 process_reward at tick 25: name 'cells_to_relieve' is not defined
Traceback (most recent call last):
  File "/home/user/DisasterAI/DisasterAI_Model.py", line 1315, in process_reward
    for cell in cells_to_relieve:
                ^^^^^^^^^^^^^^^^
NameError: name 'cells_to_relieve' is not defined
ERROR in Agent H_44 process_reward at tick 25: name 'cells_to_relieve' is not defined
Traceback (most recent call last):
  File "/home/user/DisasterAI/DisasterAI_Model.py", line 1315, in process_reward
    for cell in cells_to_relieve:
                ^^^^^^^^^^^^^^^^
NameError: name 'cells_to_relieve' is not defined

DEBUG: Starting AECI variance calculation at tick 25
  Found 0/50 AI-reliant agents
  Global belief variance: 0.0233
  WARNING: Invalid global variance (0.023295509999999995) or no AI-reliant agents
  Returning AECI variance tuple: (25, 0.0)
  Current aeci_variance_data length: 25
  Last 3 entries: [(23, 0.0), (24, 0.0), (25, 0.0)]
Tick 25:
  Exploratory avg trust in A_0: 0.673
  Exploitative avg trust in A_0: 0.721
ERROR in Agent H_23 process_reward at tick 26: name 'cells_to_relieve' is not defined
Traceback (most recent call last):
  File "/home/user/DisasterAI/DisasterAI_Model.py", line 1315, in process_reward
    for cell in cells_to_relieve:
                ^^^^^^^^^^^^^^^^
NameError: name 'cells_to_relieve' is not defined
ERROR in Agent H_33 process_reward at tick 26: name 'cells_to_relieve' is not defined
Traceback (most recent call last):
  File "/home/user/DisasterAI/DisasterAI_Model.py", line 1315, in process_reward
    for cell in cells_to_relieve:
                ^^^^^^^^^^^^^^^^
NameError: name 'cells_to_relieve' is not defined
ERROR in Agent H_4 process_reward at tick 26: name 'cells_to_relieve' is not defined
Traceback (most recent call last):
  File "/home/user/DisasterAI/DisasterAI_Model.py", line 1315, in process_reward
    for cell in cells_to_relieve:
                ^^^^^^^^^^^^^^^^
NameError: name 'cells_to_relieve' is not defined
ERROR in Agent H_27 process_reward at tick 26: name 'cells_to_relieve' is not defined
Traceback (most recent call last):
  File "/home/user/DisasterAI/DisasterAI_Model.py", line 1315, in process_reward
    for cell in cells_to_relieve:
                ^^^^^^^^^^^^^^^^
NameError: name 'cells_to_relieve' is not defined
ERROR in Agent H_49 process_reward at tick 26: name 'cells_to_relieve' is not defined
Traceback (most recent call last):
  File "/home/user/DisasterAI/DisasterAI_Model.py", line 1315, in process_reward
    for cell in cells_to_relieve:
                ^^^^^^^^^^^^^^^^
NameError: name 'cells_to_relieve' is not defined
ERROR in Agent H_10 process_reward at tick 26: name 'cells_to_relieve' is not defined
Traceback (most recent call last):
  File "/home/user/DisasterAI/DisasterAI_Model.py", line 1315, in process_reward
    for cell in cells_to_relieve:
                ^^^^^^^^^^^^^^^^
NameError: name 'cells_to_relieve' is not defined
ERROR in Agent H_8 process_reward at tick 26: name 'cells_to_relieve' is not defined
Traceback (most recent call last):
  File "/home/user/DisasterAI/DisasterAI_Model.py", line 1315, in process_reward
    for cell in cells_to_relieve:
                ^^^^^^^^^^^^^^^^
NameError: name 'cells_to_relieve' is not defined
ERROR in Agent H_42 process_reward at tick 26: name 'cells_to_relieve' is not defined
Traceback (most recent call last):
  File "/home/user/DisasterAI/DisasterAI_Model.py", line 1315, in process_reward
    for cell in cells_to_relieve:
                ^^^^^^^^^^^^^^^^
NameError: name 'cells_to_relieve' is not defined
ERROR in Agent H_28 process_reward at tick 26: name 'cells_to_relieve' is not defined
Traceback (most recent call last):
  File "/home/user/DisasterAI/DisasterAI_Model.py", line 1315, in process_reward
    for cell in cells_to_relieve:
                ^^^^^^^^^^^^^^^^
NameError: name 'cells_to_relieve' is not defined
ERROR in Agent H_20 process_reward at tick 26: name 'cells_to_relieve' is not defined
Traceback (most recent call last):
  File "/home/user/DisasterAI/DisasterAI_Model.py", line 1315, in process_reward
    for cell in cells_to_relieve:
                ^^^^^^^^^^^^^^^^
NameError: name 'cells_to_relieve' is not defined
ERROR in Agent H_1 process_reward at tick 26: name 'cells_to_relieve' is not defined
Traceback (most recent call last):
  File "/home/user/DisasterAI/DisasterAI_Model.py", line 1315, in process_reward
    for cell in cells_to_relieve:
                ^^^^^^^^^^^^^^^^
NameError: name 'cells_to_relieve' is not defined
ERROR in Agent H_22 process_reward at tick 26: name 'cells_to_relieve' is not defined
Traceback (most recent call last):
  File "/home/user/DisasterAI/DisasterAI_Model.py", line 1315, in process_reward
    for cell in cells_to_relieve:
                ^^^^^^^^^^^^^^^^
NameError: name 'cells_to_relieve' is not defined
ERROR in Agent H_45 process_reward at tick 26: name 'cells_to_relieve' is not defined
Traceback (most recent call last):
  File "/home/user/DisasterAI/DisasterAI_Model.py", line 1315, in process_reward
    for cell in cells_to_relieve:
                ^^^^^^^^^^^^^^^^
NameError: name 'cells_to_relieve' is not defined
ERROR in Agent H_12 process_reward at tick 26: name 'cells_to_relieve' is not defined
Traceback (most recent call last):
  File "/home/user/DisasterAI/DisasterAI_Model.py", line 1315, in process_reward
    for cell in cells_to_relieve:
                ^^^^^^^^^^^^^^^^
NameError: name 'cells_to_relieve' is not defined
ERROR in Agent H_47 process_reward at tick 26: name 'cells_to_relieve' is not defined
Traceback (most recent call last):
  File "/home/user/DisasterAI/DisasterAI_Model.py", line 1315, in process_reward
    for cell in cells_to_relieve:
                ^^^^^^^^^^^^^^^^
NameError: name 'cells_to_relieve' is not defined
ERROR in Agent H_31 process_reward at tick 26: name 'cells_to_relieve' is not defined
Traceback (most recent call last):
  File "/home/user/DisasterAI/DisasterAI_Model.py", line 1315, in process_reward
    for cell in cells_to_relieve:
                ^^^^^^^^^^^^^^^^
NameError: name 'cells_to_relieve' is not defined
ERROR in Agent H_37 process_reward at tick 26: name 'cells_to_relieve' is not defined
Traceback (most recent call last):
  File "/home/user/DisasterAI/DisasterAI_Model.py", line 1315, in process_reward
    for cell in cells_to_relieve:
                ^^^^^^^^^^^^^^^^
NameError: name 'cells_to_relieve' is not defined
ERROR in Agent H_21 process_reward at tick 26: name 'cells_to_relieve' is not defined
Traceback (most recent call last):
  File "/home/user/DisasterAI/DisasterAI_Model.py", line 1315, in process_reward
    for cell in cells_to_relieve:
                ^^^^^^^^^^^^^^^^
NameError: name 'cells_to_relieve' is not defined
ERROR in Agent H_46 process_reward at tick 26: name 'cells_to_relieve' is not defined
Traceback (most recent call last):
  File "/home/user/DisasterAI/DisasterAI_Model.py", line 1315, in process_reward
    for cell in cells_to_relieve:
                ^^^^^^^^^^^^^^^^
NameError: name 'cells_to_relieve' is not defined
ERROR in Agent H_32 process_reward at tick 26: name 'cells_to_relieve' is not defined
Traceback (most recent call last):
  File "/home/user/DisasterAI/DisasterAI_Model.py", line 1315, in process_reward
    for cell in cells_to_relieve:
                ^^^^^^^^^^^^^^^^
NameError: name 'cells_to_relieve' is not defined
ERROR in Agent H_14 process_reward at tick 26: name 'cells_to_relieve' is not defined
Traceback (most recent call last):
  File "/home/user/DisasterAI/DisasterAI_Model.py", line 1315, in process_reward
    for cell in cells_to_relieve:
                ^^^^^^^^^^^^^^^^
NameError: name 'cells_to_relieve' is not defined
ERROR in Agent H_16 process_reward at tick 26: name 'cells_to_relieve' is not defined
Traceback (most recent call last):
  File "/home/user/DisasterAI/DisasterAI_Model.py", line 1315, in process_reward
    for cell in cells_to_relieve:
                ^^^^^^^^^^^^^^^^
NameError: name 'cells_to_relieve' is not defined
ERROR in Agent H_38 process_reward at tick 26: name 'cells_to_relieve' is not defined
Traceback (most recent call last):
  File "/home/user/DisasterAI/DisasterAI_Model.py", line 1315, in process_reward
    for cell in cells_to_relieve:
                ^^^^^^^^^^^^^^^^
NameError: name 'cells_to_relieve' is not defined
ERROR in Agent H_11 process_reward at tick 26: name 'cells_to_relieve' is not defined
Traceback (most recent call last):
  File "/home/user/DisasterAI/DisasterAI_Model.py", line 1315, in process_reward
    for cell in cells_to_relieve:
                ^^^^^^^^^^^^^^^^
NameError: name 'cells_to_relieve' is not defined
ERROR in Agent H_48 process_reward at tick 26: name 'cells_to_relieve' is not defined
Traceback (most recent call last):
  File "/home/user/DisasterAI/DisasterAI_Model.py", line 1315, in process_reward
    for cell in cells_to_relieve:
                ^^^^^^^^^^^^^^^^
NameError: name 'cells_to_relieve' is not defined
ERROR in Agent H_13 process_reward at tick 26: name 'cells_to_relieve' is not defined
Traceback (most recent call last):
  File "/home/user/DisasterAI/DisasterAI_Model.py", line 1315, in process_reward
    for cell in cells_to_relieve:
                ^^^^^^^^^^^^^^^^
NameError: name 'cells_to_relieve' is not defined
ERROR in Agent H_34 process_reward at tick 26: name 'cells_to_relieve' is not defined
Traceback (most recent call last):
  File "/home/user/DisasterAI/DisasterAI_Model.py", line 1315, in process_reward
    for cell in cells_to_relieve:
                ^^^^^^^^^^^^^^^^
NameError: name 'cells_to_relieve' is not defined
ERROR in Agent H_3 process_reward at tick 27: name 'cells_to_relieve' is not defined
Traceback (most recent call last):
  File "/home/user/DisasterAI/DisasterAI_Model.py", line 1315, in process_reward
    for cell in cells_to_relieve:
                ^^^^^^^^^^^^^^^^
NameError: name 'cells_to_relieve' is not defined
ERROR in Agent H_5 process_reward at tick 27: name 'cells_to_relieve' is not defined
Traceback (most recent call last):
  File "/home/user/DisasterAI/DisasterAI_Model.py", line 1315, in process_reward
    for cell in cells_to_relieve:
                ^^^^^^^^^^^^^^^^
NameError: name 'cells_to_relieve' is not defined
ERROR in Agent H_43 process_reward at tick 27: name 'cells_to_relieve' is not defined
Traceback (most recent call last):
  File "/home/user/DisasterAI/DisasterAI_Model.py", line 1315, in process_reward
    for cell in cells_to_relieve:
                ^^^^^^^^^^^^^^^^
NameError: name 'cells_to_relieve' is not defined
ERROR in Agent H_8 process_reward at tick 27: name 'cells_to_relieve' is not defined
Traceback (most recent call last):
  File "/home/user/DisasterAI/DisasterAI_Model.py", line 1315, in process_reward
    for cell in cells_to_relieve:
                ^^^^^^^^^^^^^^^^
NameError: name 'cells_to_relieve' is not defined
ERROR in Agent H_30 process_reward at tick 27: name 'cells_to_relieve' is not defined
Traceback (most recent call last):
  File "/home/user/DisasterAI/DisasterAI_Model.py", line 1315, in process_reward
    for cell in cells_to_relieve:
                ^^^^^^^^^^^^^^^^
NameError: name 'cells_to_relieve' is not defined
ERROR in Agent H_40 process_reward at tick 27: name 'cells_to_relieve' is not defined
Traceback (most recent call last):
  File "/home/user/DisasterAI/DisasterAI_Model.py", line 1315, in process_reward
    for cell in cells_to_relieve:
                ^^^^^^^^^^^^^^^^
NameError: name 'cells_to_relieve' is not defined
ERROR in Agent H_22 process_reward at tick 27: name 'cells_to_relieve' is not defined
Traceback (most recent call last):
  File "/home/user/DisasterAI/DisasterAI_Model.py", line 1315, in process_reward
    for cell in cells_to_relieve:
                ^^^^^^^^^^^^^^^^
NameError: name 'cells_to_relieve' is not defined
ERROR in Agent H_29 process_reward at tick 27: name 'cells_to_relieve' is not defined
Traceback (most recent call last):
  File "/home/user/DisasterAI/DisasterAI_Model.py", line 1315, in process_reward
    for cell in cells_to_relieve:
                ^^^^^^^^^^^^^^^^
NameError: name 'cells_to_relieve' is not defined
ERROR in Agent H_48 process_reward at tick 27: name 'cells_to_relieve' is not defined
Traceback (most recent call last):
  File "/home/user/DisasterAI/DisasterAI_Model.py", line 1315, in process_reward
    for cell in cells_to_relieve:
                ^^^^^^^^^^^^^^^^
NameError: name 'cells_to_relieve' is not defined
ERROR in Agent H_41 process_reward at tick 27: name 'cells_to_relieve' is not defined
Traceback (most recent call last):
  File "/home/user/DisasterAI/DisasterAI_Model.py", line 1315, in process_reward
    for cell in cells_to_relieve:
                ^^^^^^^^^^^^^^^^
NameError: name 'cells_to_relieve' is not defined
ERROR in Agent H_45 process_reward at tick 27: name 'cells_to_relieve' is not defined
Traceback (most recent call last):
  File "/home/user/DisasterAI/DisasterAI_Model.py", line 1315, in process_reward
    for cell in cells_to_relieve:
                ^^^^^^^^^^^^^^^^
NameError: name 'cells_to_relieve' is not defined
ERROR in Agent H_33 process_reward at tick 27: name 'cells_to_relieve' is not defined
Traceback (most recent call last):
  File "/home/user/DisasterAI/DisasterAI_Model.py", line 1315, in process_reward
    for cell in cells_to_relieve:
                ^^^^^^^^^^^^^^^^
NameError: name 'cells_to_relieve' is not defined
ERROR in Agent H_0 process_reward at tick 27: name 'cells_to_relieve' is not defined
Traceback (most recent call last):
  File "/home/user/DisasterAI/DisasterAI_Model.py", line 1315, in process_reward
    for cell in cells_to_relieve:
                ^^^^^^^^^^^^^^^^
NameError: name 'cells_to_relieve' is not defined
ERROR in Agent H_18 process_reward at tick 27: name 'cells_to_relieve' is not defined
Traceback (most recent call last):
  File "/home/user/DisasterAI/DisasterAI_Model.py", line 1315, in process_reward
    for cell in cells_to_relieve:
                ^^^^^^^^^^^^^^^^
NameError: name 'cells_to_relieve' is not defined
ERROR in Agent H_42 process_reward at tick 27: name 'cells_to_relieve' is not defined
Traceback (most recent call last):
  File "/home/user/DisasterAI/DisasterAI_Model.py", line 1315, in process_reward
    for cell in cells_to_relieve:
                ^^^^^^^^^^^^^^^^
NameError: name 'cells_to_relieve' is not defined
ERROR in Agent H_27 process_reward at tick 27: name 'cells_to_relieve' is not defined
Traceback (most recent call last):
  File "/home/user/DisasterAI/DisasterAI_Model.py", line 1315, in process_reward
    for cell in cells_to_relieve:
                ^^^^^^^^^^^^^^^^
NameError: name 'cells_to_relieve' is not defined
ERROR in Agent H_9 process_reward at tick 27: name 'cells_to_relieve' is not defined
Traceback (most recent call last):
  File "/home/user/DisasterAI/DisasterAI_Model.py", line 1315, in process_reward
    for cell in cells_to_relieve:
                ^^^^^^^^^^^^^^^^
NameError: name 'cells_to_relieve' is not defined
ERROR in Agent H_44 process_reward at tick 27: name 'cells_to_relieve' is not defined
Traceback (most recent call last):
  File "/home/user/DisasterAI/DisasterAI_Model.py", line 1315, in process_reward
    for cell in cells_to_relieve:
                ^^^^^^^^^^^^^^^^
NameError: name 'cells_to_relieve' is not defined
ERROR in Agent H_37 process_reward at tick 27: name 'cells_to_relieve' is not defined
Traceback (most recent call last):
  File "/home/user/DisasterAI/DisasterAI_Model.py", line 1315, in process_reward
    for cell in cells_to_relieve:
                ^^^^^^^^^^^^^^^^
NameError: name 'cells_to_relieve' is not defined
ERROR in Agent H_34 process_reward at tick 27: name 'cells_to_relieve' is not defined
Traceback (most recent call last):
  File "/home/user/DisasterAI/DisasterAI_Model.py", line 1315, in process_reward
    for cell in cells_to_relieve:
                ^^^^^^^^^^^^^^^^
NameError: name 'cells_to_relieve' is not defined
ERROR in Agent H_13 process_reward at tick 27: name 'cells_to_relieve' is not defined
Traceback (most recent call last):
  File "/home/user/DisasterAI/DisasterAI_Model.py", line 1315, in process_reward
    for cell in cells_to_relieve:
                ^^^^^^^^^^^^^^^^
NameError: name 'cells_to_relieve' is not defined
ERROR in Agent H_20 process_reward at tick 27: name 'cells_to_relieve' is not defined
Traceback (most recent call last):
  File "/home/user/DisasterAI/DisasterAI_Model.py", line 1315, in process_reward
    for cell in cells_to_relieve:
                ^^^^^^^^^^^^^^^^
NameError: name 'cells_to_relieve' is not defined
ERROR in Agent H_49 process_reward at tick 27: name 'cells_to_relieve' is not defined
Traceback (most recent call last):
  File "/home/user/DisasterAI/DisasterAI_Model.py", line 1315, in process_reward
    for cell in cells_to_relieve:
                ^^^^^^^^^^^^^^^^
NameError: name 'cells_to_relieve' is not defined
ERROR in Agent H_46 process_reward at tick 27: name 'cells_to_relieve' is not defined
Traceback (most recent call last):
  File "/home/user/DisasterAI/DisasterAI_Model.py", line 1315, in process_reward
    for cell in cells_to_relieve:
                ^^^^^^^^^^^^^^^^
NameError: name 'cells_to_relieve' is not defined
ERROR in Agent H_35 process_reward at tick 27: name 'cells_to_relieve' is not defined
Traceback (most recent call last):
  File "/home/user/DisasterAI/DisasterAI_Model.py", line 1315, in process_reward
    for cell in cells_to_relieve:
                ^^^^^^^^^^^^^^^^
NameError: name 'cells_to_relieve' is not defined
ERROR in Agent H_10 process_reward at tick 27: name 'cells_to_relieve' is not defined
Traceback (most recent call last):
  File "/home/user/DisasterAI/DisasterAI_Model.py", line 1315, in process_reward
    for cell in cells_to_relieve:
                ^^^^^^^^^^^^^^^^
NameError: name 'cells_to_relieve' is not defined
ERROR in Agent H_47 process_reward at tick 27: name 'cells_to_relieve' is not defined
Traceback (most recent call last):
  File "/home/user/DisasterAI/DisasterAI_Model.py", line 1315, in process_reward
    for cell in cells_to_relieve:
                ^^^^^^^^^^^^^^^^
NameError: name 'cells_to_relieve' is not defined
ERROR in Agent H_7 process_reward at tick 27: name 'cells_to_relieve' is not defined
Traceback (most recent call last):
  File "/home/user/DisasterAI/DisasterAI_Model.py", line 1315, in process_reward
    for cell in cells_to_relieve:
                ^^^^^^^^^^^^^^^^
NameError: name 'cells_to_relieve' is not defined
ERROR in Agent H_4 process_reward at tick 28: name 'cells_to_relieve' is not defined
Traceback (most recent call last):
  File "/home/user/DisasterAI/DisasterAI_Model.py", line 1315, in process_reward
    for cell in cells_to_relieve:
                ^^^^^^^^^^^^^^^^
NameError: name 'cells_to_relieve' is not defined
ERROR in Agent H_27 process_reward at tick 28: name 'cells_to_relieve' is not defined
Traceback (most recent call last):
  File "/home/user/DisasterAI/DisasterAI_Model.py", line 1315, in process_reward
    for cell in cells_to_relieve:
                ^^^^^^^^^^^^^^^^
NameError: name 'cells_to_relieve' is not defined
ERROR in Agent H_17 process_reward at tick 28: name 'cells_to_relieve' is not defined
Traceback (most recent call last):
  File "/home/user/DisasterAI/DisasterAI_Model.py", line 1315, in process_reward
    for cell in cells_to_relieve:
                ^^^^^^^^^^^^^^^^
NameError: name 'cells_to_relieve' is not defined
ERROR in Agent H_36 process_reward at tick 28: name 'cells_to_relieve' is not defined
Traceback (most recent call last):
  File "/home/user/DisasterAI/DisasterAI_Model.py", line 1315, in process_reward
    for cell in cells_to_relieve:
                ^^^^^^^^^^^^^^^^
NameError: name 'cells_to_relieve' is not defined
ERROR in Agent H_43 process_reward at tick 28: name 'cells_to_relieve' is not defined
Traceback (most recent call last):
  File "/home/user/DisasterAI/DisasterAI_Model.py", line 1315, in process_reward
    for cell in cells_to_relieve:
                ^^^^^^^^^^^^^^^^
NameError: name 'cells_to_relieve' is not defined
ERROR in Agent H_42 process_reward at tick 28: name 'cells_to_relieve' is not defined
Traceback (most recent call last):
  File "/home/user/DisasterAI/DisasterAI_Model.py", line 1315, in process_reward
    for cell in cells_to_relieve:
                ^^^^^^^^^^^^^^^^
NameError: name 'cells_to_relieve' is not defined
ERROR in Agent H_21 process_reward at tick 28: name 'cells_to_relieve' is not defined
Traceback (most recent call last):
  File "/home/user/DisasterAI/DisasterAI_Model.py", line 1315, in process_reward
    for cell in cells_to_relieve:
                ^^^^^^^^^^^^^^^^
NameError: name 'cells_to_relieve' is not defined
ERROR in Agent H_40 process_reward at tick 28: name 'cells_to_relieve' is not defined
Traceback (most recent call last):
  File "/home/user/DisasterAI/DisasterAI_Model.py", line 1315, in process_reward
    for cell in cells_to_relieve:
                ^^^^^^^^^^^^^^^^
NameError: name 'cells_to_relieve' is not defined
ERROR in Agent H_5 process_reward at tick 28: name 'cells_to_relieve' is not defined
Traceback (most recent call last):
  File "/home/user/DisasterAI/DisasterAI_Model.py", line 1315, in process_reward
    for cell in cells_to_relieve:
                ^^^^^^^^^^^^^^^^
NameError: name 'cells_to_relieve' is not defined
ERROR in Agent H_25 process_reward at tick 28: name 'cells_to_relieve' is not defined
Traceback (most recent call last):
  File "/home/user/DisasterAI/DisasterAI_Model.py", line 1315, in process_reward
    for cell in cells_to_relieve:
                ^^^^^^^^^^^^^^^^
NameError: name 'cells_to_relieve' is not defined
ERROR in Agent H_12 process_reward at tick 28: name 'cells_to_relieve' is not defined
Traceback (most recent call last):
  File "/home/user/DisasterAI/DisasterAI_Model.py", line 1315, in process_reward
    for cell in cells_to_relieve:
                ^^^^^^^^^^^^^^^^
NameError: name 'cells_to_relieve' is not defined
ERROR in Agent H_19 process_reward at tick 28: name 'cells_to_relieve' is not defined
Traceback (most recent call last):
  File "/home/user/DisasterAI/DisasterAI_Model.py", line 1315, in process_reward
    for cell in cells_to_relieve:
                ^^^^^^^^^^^^^^^^
NameError: name 'cells_to_relieve' is not defined
ERROR in Agent H_49 process_reward at tick 28: name 'cells_to_relieve' is not defined
Traceback (most recent call last):
  File "/home/user/DisasterAI/DisasterAI_Model.py", line 1315, in process_reward
    for cell in cells_to_relieve:
                ^^^^^^^^^^^^^^^^
NameError: name 'cells_to_relieve' is not defined
ERROR in Agent H_1 process_reward at tick 28: name 'cells_to_relieve' is not defined
Traceback (most recent call last):
  File "/home/user/DisasterAI/DisasterAI_Model.py", line 1315, in process_reward
    for cell in cells_to_relieve:
                ^^^^^^^^^^^^^^^^
NameError: name 'cells_to_relieve' is not defined
ERROR in Agent H_8 process_reward at tick 28: name 'cells_to_relieve' is not defined
Traceback (most recent call last):
  File "/home/user/DisasterAI/DisasterAI_Model.py", line 1315, in process_reward
    for cell in cells_to_relieve:
                ^^^^^^^^^^^^^^^^
NameError: name 'cells_to_relieve' is not defined
ERROR in Agent H_30 process_reward at tick 28: name 'cells_to_relieve' is not defined
Traceback (most recent call last):
  File "/home/user/DisasterAI/DisasterAI_Model.py", line 1315, in process_reward
    for cell in cells_to_relieve:
                ^^^^^^^^^^^^^^^^
NameError: name 'cells_to_relieve' is not defined
ERROR in Agent H_11 process_reward at tick 28: name 'cells_to_relieve' is not defined
Traceback (most recent call last):
  File "/home/user/DisasterAI/DisasterAI_Model.py", line 1315, in process_reward
    for cell in cells_to_relieve:
                ^^^^^^^^^^^^^^^^
NameError: name 'cells_to_relieve' is not defined
ERROR in Agent H_44 process_reward at tick 28: name 'cells_to_relieve' is not defined
Traceback (most recent call last):
  File "/home/user/DisasterAI/DisasterAI_Model.py", line 1315, in process_reward
    for cell in cells_to_relieve:
                ^^^^^^^^^^^^^^^^
NameError: name 'cells_to_relieve' is not defined
ERROR in Agent H_15 process_reward at tick 28: name 'cells_to_relieve' is not defined
Traceback (most recent call last):
  File "/home/user/DisasterAI/DisasterAI_Model.py", line 1315, in process_reward
    for cell in cells_to_relieve:
                ^^^^^^^^^^^^^^^^
NameError: name 'cells_to_relieve' is not defined
ERROR in Agent H_9 process_reward at tick 28: name 'cells_to_relieve' is not defined
Traceback (most recent call last):
  File "/home/user/DisasterAI/DisasterAI_Model.py", line 1315, in process_reward
    for cell in cells_to_relieve:
                ^^^^^^^^^^^^^^^^
NameError: name 'cells_to_relieve' is not defined
ERROR in Agent H_2 process_reward at tick 28: name 'cells_to_relieve' is not defined
Traceback (most recent call last):
  File "/home/user/DisasterAI/DisasterAI_Model.py", line 1315, in process_reward
    for cell in cells_to_relieve:
                ^^^^^^^^^^^^^^^^
NameError: name 'cells_to_relieve' is not defined
ERROR in Agent H_32 process_reward at tick 28: name 'cells_to_relieve' is not defined
Traceback (most recent call last):
  File "/home/user/DisasterAI/DisasterAI_Model.py", line 1315, in process_reward
    for cell in cells_to_relieve:
                ^^^^^^^^^^^^^^^^
NameError: name 'cells_to_relieve' is not defined
ERROR in Agent H_20 process_reward at tick 28: name 'cells_to_relieve' is not defined
Traceback (most recent call last):
  File "/home/user/DisasterAI/DisasterAI_Model.py", line 1315, in process_reward
    for cell in cells_to_relieve:
                ^^^^^^^^^^^^^^^^
NameError: name 'cells_to_relieve' is not defined
ERROR in Agent H_41 process_reward at tick 28: name 'cells_to_relieve' is not defined
Traceback (most recent call last):
  File "/home/user/DisasterAI/DisasterAI_Model.py", line 1315, in process_reward
    for cell in cells_to_relieve:
                ^^^^^^^^^^^^^^^^
NameError: name 'cells_to_relieve' is not defined
ERROR in Agent H_38 process_reward at tick 28: name 'cells_to_relieve' is not defined
Traceback (most recent call last):
  File "/home/user/DisasterAI/DisasterAI_Model.py", line 1315, in process_reward
    for cell in cells_to_relieve:
                ^^^^^^^^^^^^^^^^
NameError: name 'cells_to_relieve' is not defined
ERROR in Agent H_28 process_reward at tick 28: name 'cells_to_relieve' is not defined
Traceback (most recent call last):
  File "/home/user/DisasterAI/DisasterAI_Model.py", line 1315, in process_reward
    for cell in cells_to_relieve:
                ^^^^^^^^^^^^^^^^
NameError: name 'cells_to_relieve' is not defined
ERROR in Agent H_14 process_reward at tick 28: name 'cells_to_relieve' is not defined
Traceback (most recent call last):
  File "/home/user/DisasterAI/DisasterAI_Model.py", line 1315, in process_reward
    for cell in cells_to_relieve:
                ^^^^^^^^^^^^^^^^
NameError: name 'cells_to_relieve' is not defined
ERROR in Agent H_35 process_reward at tick 28: name 'cells_to_relieve' is not defined
Traceback (most recent call last):
  File "/home/user/DisasterAI/DisasterAI_Model.py", line 1315, in process_reward
    for cell in cells_to_relieve:
                ^^^^^^^^^^^^^^^^
NameError: name 'cells_to_relieve' is not defined
ERROR in Agent H_0 process_reward at tick 28: name 'cells_to_relieve' is not defined
Traceback (most recent call last):
  File "/home/user/DisasterAI/DisasterAI_Model.py", line 1315, in process_reward
    for cell in cells_to_relieve:
                ^^^^^^^^^^^^^^^^
NameError: name 'cells_to_relieve' is not defined
ERROR in Agent H_42 process_reward at tick 29: name 'cells_to_relieve' is not defined
Traceback (most recent call last):
  File "/home/user/DisasterAI/DisasterAI_Model.py", line 1315, in process_reward
    for cell in cells_to_relieve:
                ^^^^^^^^^^^^^^^^
NameError: name 'cells_to_relieve' is not defined
ERROR in Agent H_46 process_reward at tick 29: name 'cells_to_relieve' is not defined
Traceback (most recent call last):
  File "/home/user/DisasterAI/DisasterAI_Model.py", line 1315, in process_reward
    for cell in cells_to_relieve:
                ^^^^^^^^^^^^^^^^
NameError: name 'cells_to_relieve' is not defined
ERROR in Agent H_26 process_reward at tick 29: name 'cells_to_relieve' is not defined
Traceback (most recent call last):
  File "/home/user/DisasterAI/DisasterAI_Model.py", line 1315, in process_reward
    for cell in cells_to_relieve:
                ^^^^^^^^^^^^^^^^
NameError: name 'cells_to_relieve' is not defined
ERROR in Agent H_18 process_reward at tick 29: name 'cells_to_relieve' is not defined
Traceback (most recent call last):
  File "/home/user/DisasterAI/DisasterAI_Model.py", line 1315, in process_reward
    for cell in cells_to_relieve:
                ^^^^^^^^^^^^^^^^
NameError: name 'cells_to_relieve' is not defined
ERROR in Agent H_21 process_reward at tick 29: name 'cells_to_relieve' is not defined
Traceback (most recent call last):
  File "/home/user/DisasterAI/DisasterAI_Model.py", line 1315, in process_reward
    for cell in cells_to_relieve:
                ^^^^^^^^^^^^^^^^
NameError: name 'cells_to_relieve' is not defined
ERROR in Agent H_28 process_reward at tick 29: name 'cells_to_relieve' is not defined
Traceback (most recent call last):
  File "/home/user/DisasterAI/DisasterAI_Model.py", line 1315, in process_reward
    for cell in cells_to_relieve:
                ^^^^^^^^^^^^^^^^
NameError: name 'cells_to_relieve' is not defined
ERROR in Agent H_8 process_reward at tick 29: name 'cells_to_relieve' is not defined
Traceback (most recent call last):
  File "/home/user/DisasterAI/DisasterAI_Model.py", line 1315, in process_reward
    for cell in cells_to_relieve:
                ^^^^^^^^^^^^^^^^
NameError: name 'cells_to_relieve' is not defined
ERROR in Agent H_45 process_reward at tick 29: name 'cells_to_relieve' is not defined
Traceback (most recent call last):
  File "/home/user/DisasterAI/DisasterAI_Model.py", line 1315, in process_reward
    for cell in cells_to_relieve:
                ^^^^^^^^^^^^^^^^
NameError: name 'cells_to_relieve' is not defined
ERROR in Agent H_13 process_reward at tick 29: name 'cells_to_relieve' is not defined
Traceback (most recent call last):
  File "/home/user/DisasterAI/DisasterAI_Model.py", line 1315, in process_reward
    for cell in cells_to_relieve:
                ^^^^^^^^^^^^^^^^
NameError: name 'cells_to_relieve' is not defined
ERROR in Agent H_49 process_reward at tick 29: name 'cells_to_relieve' is not defined
Traceback (most recent call last):
  File "/home/user/DisasterAI/DisasterAI_Model.py", line 1315, in process_reward
    for cell in cells_to_relieve:
                ^^^^^^^^^^^^^^^^
NameError: name 'cells_to_relieve' is not defined
ERROR in Agent H_23 process_reward at tick 29: name 'cells_to_relieve' is not defined
Traceback (most recent call last):
  File "/home/user/DisasterAI/DisasterAI_Model.py", line 1315, in process_reward
    for cell in cells_to_relieve:
                ^^^^^^^^^^^^^^^^
NameError: name 'cells_to_relieve' is not defined
ERROR in Agent H_12 process_reward at tick 29: name 'cells_to_relieve' is not defined
Traceback (most recent call last):
  File "/home/user/DisasterAI/DisasterAI_Model.py", line 1315, in process_reward
    for cell in cells_to_relieve:
                ^^^^^^^^^^^^^^^^
NameError: name 'cells_to_relieve' is not defined
ERROR in Agent H_32 process_reward at tick 29: name 'cells_to_relieve' is not defined
Traceback (most recent call last):
  File "/home/user/DisasterAI/DisasterAI_Model.py", line 1315, in process_reward
    for cell in cells_to_relieve:
                ^^^^^^^^^^^^^^^^
NameError: name 'cells_to_relieve' is not defined
ERROR in Agent H_34 process_reward at tick 29: name 'cells_to_relieve' is not defined
Traceback (most recent call last):
  File "/home/user/DisasterAI/DisasterAI_Model.py", line 1315, in process_reward
    for cell in cells_to_relieve:
                ^^^^^^^^^^^^^^^^
NameError: name 'cells_to_relieve' is not defined
ERROR in Agent H_7 process_reward at tick 29: name 'cells_to_relieve' is not defined
Traceback (most recent call last):
  File "/home/user/DisasterAI/DisasterAI_Model.py", line 1315, in process_reward
    for cell in cells_to_relieve:
                ^^^^^^^^^^^^^^^^
NameError: name 'cells_to_relieve' is not defined
ERROR in Agent H_3 process_reward at tick 29: name 'cells_to_relieve' is not defined
Traceback (most recent call last):
  File "/home/user/DisasterAI/DisasterAI_Model.py", line 1315, in process_reward
    for cell in cells_to_relieve:
                ^^^^^^^^^^^^^^^^
NameError: name 'cells_to_relieve' is not defined
ERROR in Agent H_2 process_reward at tick 29: name 'cells_to_relieve' is not defined
Traceback (most recent call last):
  File "/home/user/DisasterAI/DisasterAI_Model.py", line 1315, in process_reward
    for cell in cells_to_relieve:
                ^^^^^^^^^^^^^^^^
NameError: name 'cells_to_relieve' is not defined
ERROR in Agent H_15 process_reward at tick 29: name 'cells_to_relieve' is not defined
Traceback (most recent call last):
  File "/home/user/DisasterAI/DisasterAI_Model.py", line 1315, in process_reward
    for cell in cells_to_relieve:
                ^^^^^^^^^^^^^^^^
NameError: name 'cells_to_relieve' is not defined
ERROR in Agent H_48 process_reward at tick 29: name 'cells_to_relieve' is not defined
Traceback (most recent call last):
  File "/home/user/DisasterAI/DisasterAI_Model.py", line 1315, in process_reward
    for cell in cells_to_relieve:
                ^^^^^^^^^^^^^^^^
NameError: name 'cells_to_relieve' is not defined
ERROR in Agent H_25 process_reward at tick 29: name 'cells_to_relieve' is not defined
Traceback (most recent call last):
  File "/home/user/DisasterAI/DisasterAI_Model.py", line 1315, in process_reward
    for cell in cells_to_relieve:
                ^^^^^^^^^^^^^^^^
NameError: name 'cells_to_relieve' is not defined
ERROR in Agent H_9 process_reward at tick 29: name 'cells_to_relieve' is not defined
Traceback (most recent call last):
  File "/home/user/DisasterAI/DisasterAI_Model.py", line 1315, in process_reward
    for cell in cells_to_relieve:
                ^^^^^^^^^^^^^^^^
NameError: name 'cells_to_relieve' is not defined
ERROR in Agent H_36 process_reward at tick 29: name 'cells_to_relieve' is not defined
Traceback (most recent call last):
  File "/home/user/DisasterAI/DisasterAI_Model.py", line 1315, in process_reward
    for cell in cells_to_relieve:
                ^^^^^^^^^^^^^^^^
NameError: name 'cells_to_relieve' is not defined
ERROR in Agent H_20 process_reward at tick 29: name 'cells_to_relieve' is not defined
Traceback (most recent call last):
  File "/home/user/DisasterAI/DisasterAI_Model.py", line 1315, in process_reward
    for cell in cells_to_relieve:
                ^^^^^^^^^^^^^^^^
NameError: name 'cells_to_relieve' is not defined
ERROR in Agent H_1 process_reward at tick 29: name 'cells_to_relieve' is not defined
Traceback (most recent call last):
  File "/home/user/DisasterAI/DisasterAI_Model.py", line 1315, in process_reward
    for cell in cells_to_relieve:
                ^^^^^^^^^^^^^^^^
NameError: name 'cells_to_relieve' is not defined
ERROR in Agent H_31 process_reward at tick 29: name 'cells_to_relieve' is not defined
Traceback (most recent call last):
  File "/home/user/DisasterAI/DisasterAI_Model.py", line 1315, in process_reward
    for cell in cells_to_relieve:
                ^^^^^^^^^^^^^^^^
NameError: name 'cells_to_relieve' is not defined
ERROR in Agent H_16 process_reward at tick 29: name 'cells_to_relieve' is not defined
Traceback (most recent call last):
  File "/home/user/DisasterAI/DisasterAI_Model.py", line 1315, in process_reward
    for cell in cells_to_relieve:
                ^^^^^^^^^^^^^^^^
NameError: name 'cells_to_relieve' is not defined
ERROR in Agent H_47 process_reward at tick 29: name 'cells_to_relieve' is not defined
Traceback (most recent call last):
  File "/home/user/DisasterAI/DisasterAI_Model.py", line 1315, in process_reward
    for cell in cells_to_relieve:
                ^^^^^^^^^^^^^^^^
NameError: name 'cells_to_relieve' is not defined
ERROR in Agent H_30 process_reward at tick 29: name 'cells_to_relieve' is not defined
Traceback (most recent call last):
  File "/home/user/DisasterAI/DisasterAI_Model.py", line 1315, in process_reward
    for cell in cells_to_relieve:
                ^^^^^^^^^^^^^^^^
NameError: name 'cells_to_relieve' is not defined
ERROR in Agent H_11 process_reward at tick 29: name 'cells_to_relieve' is not defined
Traceback (most recent call last):
  File "/home/user/DisasterAI/DisasterAI_Model.py", line 1315, in process_reward
    for cell in cells_to_relieve:
                ^^^^^^^^^^^^^^^^
NameError: name 'cells_to_relieve' is not defined
ERROR in Agent H_38 process_reward at tick 29: name 'cells_to_relieve' is not defined
Traceback (most recent call last):
  File "/home/user/DisasterAI/DisasterAI_Model.py", line 1315, in process_reward
    for cell in cells_to_relieve:
                ^^^^^^^^^^^^^^^^
NameError: name 'cells_to_relieve' is not defined
ERROR in Agent H_35 process_reward at tick 29: name 'cells_to_relieve' is not defined
Traceback (most recent call last):
  File "/home/user/DisasterAI/DisasterAI_Model.py", line 1315, in process_reward
    for cell in cells_to_relieve:
                ^^^^^^^^^^^^^^^^
NameError: name 'cells_to_relieve' is not defined
ERROR in Agent H_17 process_reward at tick 29: name 'cells_to_relieve' is not defined
Traceback (most recent call last):
  File "/home/user/DisasterAI/DisasterAI_Model.py", line 1315, in process_reward
    for cell in cells_to_relieve:
                ^^^^^^^^^^^^^^^^
NameError: name 'cells_to_relieve' is not defined
ERROR in Agent H_10 process_reward at tick 29: name 'cells_to_relieve' is not defined
Traceback (most recent call last):
  File "/home/user/DisasterAI/DisasterAI_Model.py", line 1315, in process_reward
    for cell in cells_to_relieve:
                ^^^^^^^^^^^^^^^^
NameError: name 'cells_to_relieve' is not defined
ERROR in Agent H_36 process_reward at tick 30: name 'cells_to_relieve' is not defined
Traceback (most recent call last):
  File "/home/user/DisasterAI/DisasterAI_Model.py", line 1315, in process_reward
    for cell in cells_to_relieve:
                ^^^^^^^^^^^^^^^^
NameError: name 'cells_to_relieve' is not defined
ERROR in Agent H_6 process_reward at tick 30: name 'cells_to_relieve' is not defined
Traceback (most recent call last):
  File "/home/user/DisasterAI/DisasterAI_Model.py", line 1315, in process_reward
    for cell in cells_to_relieve:
                ^^^^^^^^^^^^^^^^
NameError: name 'cells_to_relieve' is not defined
ERROR in Agent H_21 process_reward at tick 30: name 'cells_to_relieve' is not defined
Traceback (most recent call last):
  File "/home/user/DisasterAI/DisasterAI_Model.py", line 1315, in process_reward
    for cell in cells_to_relieve:
                ^^^^^^^^^^^^^^^^
NameError: name 'cells_to_relieve' is not defined
ERROR in Agent H_12 process_reward at tick 30: name 'cells_to_relieve' is not defined
Traceback (most recent call last):
  File "/home/user/DisasterAI/DisasterAI_Model.py", line 1315, in process_reward
    for cell in cells_to_relieve:
                ^^^^^^^^^^^^^^^^
NameError: name 'cells_to_relieve' is not defined
ERROR in Agent H_18 process_reward at tick 30: name 'cells_to_relieve' is not defined
Traceback (most recent call last):
  File "/home/user/DisasterAI/DisasterAI_Model.py", line 1315, in process_reward
    for cell in cells_to_relieve:
                ^^^^^^^^^^^^^^^^
NameError: name 'cells_to_relieve' is not defined
ERROR in Agent H_32 process_reward at tick 30: name 'cells_to_relieve' is not defined
Traceback (most recent call last):
  File "/home/user/DisasterAI/DisasterAI_Model.py", line 1315, in process_reward
    for cell in cells_to_relieve:
                ^^^^^^^^^^^^^^^^
NameError: name 'cells_to_relieve' is not defined
ERROR in Agent H_20 process_reward at tick 30: name 'cells_to_relieve' is not defined
Traceback (most recent call last):
  File "/home/user/DisasterAI/DisasterAI_Model.py", line 1315, in process_reward
    for cell in cells_to_relieve:
                ^^^^^^^^^^^^^^^^
NameError: name 'cells_to_relieve' is not defined
ERROR in Agent H_5 process_reward at tick 30: name 'cells_to_relieve' is not defined
Traceback (most recent call last):
  File "/home/user/DisasterAI/DisasterAI_Model.py", line 1315, in process_reward
    for cell in cells_to_relieve:
                ^^^^^^^^^^^^^^^^
NameError: name 'cells_to_relieve' is not defined
ERROR in Agent H_47 process_reward at tick 30: name 'cells_to_relieve' is not defined
Traceback (most recent call last):
  File "/home/user/DisasterAI/DisasterAI_Model.py", line 1315, in process_reward
    for cell in cells_to_relieve:
                ^^^^^^^^^^^^^^^^
NameError: name 'cells_to_relieve' is not defined
ERROR in Agent H_23 process_reward at tick 30: name 'cells_to_relieve' is not defined
Traceback (most recent call last):
  File "/home/user/DisasterAI/DisasterAI_Model.py", line 1315, in process_reward
    for cell in cells_to_relieve:
                ^^^^^^^^^^^^^^^^
NameError: name 'cells_to_relieve' is not defined
ERROR in Agent H_14 process_reward at tick 30: name 'cells_to_relieve' is not defined
Traceback (most recent call last):
  File "/home/user/DisasterAI/DisasterAI_Model.py", line 1315, in process_reward
    for cell in cells_to_relieve:
                ^^^^^^^^^^^^^^^^
NameError: name 'cells_to_relieve' is not defined
ERROR in Agent H_43 process_reward at tick 30: name 'cells_to_relieve' is not defined
Traceback (most recent call last):
  File "/home/user/DisasterAI/DisasterAI_Model.py", line 1315, in process_reward
    for cell in cells_to_relieve:
                ^^^^^^^^^^^^^^^^
NameError: name 'cells_to_relieve' is not defined
ERROR in Agent H_38 process_reward at tick 30: name 'cells_to_relieve' is not defined
Traceback (most recent call last):
  File "/home/user/DisasterAI/DisasterAI_Model.py", line 1315, in process_reward
    for cell in cells_to_relieve:
                ^^^^^^^^^^^^^^^^
NameError: name 'cells_to_relieve' is not defined
ERROR in Agent H_22 process_reward at tick 30: name 'cells_to_relieve' is not defined
Traceback (most recent call last):
  File "/home/user/DisasterAI/DisasterAI_Model.py", line 1315, in process_reward
    for cell in cells_to_relieve:
                ^^^^^^^^^^^^^^^^
NameError: name 'cells_to_relieve' is not defined
ERROR in Agent H_37 process_reward at tick 30: name 'cells_to_relieve' is not defined
Traceback (most recent call last):
  File "/home/user/DisasterAI/DisasterAI_Model.py", line 1315, in process_reward
    for cell in cells_to_relieve:
                ^^^^^^^^^^^^^^^^
NameError: name 'cells_to_relieve' is not defined
ERROR in Agent H_8 process_reward at tick 30: name 'cells_to_relieve' is not defined
Traceback (most recent call last):
  File "/home/user/DisasterAI/DisasterAI_Model.py", line 1315, in process_reward
    for cell in cells_to_relieve:
                ^^^^^^^^^^^^^^^^
NameError: name 'cells_to_relieve' is not defined
ERROR in Agent H_44 process_reward at tick 30: name 'cells_to_relieve' is not defined
Traceback (most recent call last):
  File "/home/user/DisasterAI/DisasterAI_Model.py", line 1315, in process_reward
    for cell in cells_to_relieve:
                ^^^^^^^^^^^^^^^^
NameError: name 'cells_to_relieve' is not defined
ERROR in Agent H_16 process_reward at tick 30: name 'cells_to_relieve' is not defined
Traceback (most recent call last):
  File "/home/user/DisasterAI/DisasterAI_Model.py", line 1315, in process_reward
    for cell in cells_to_relieve:
                ^^^^^^^^^^^^^^^^
NameError: name 'cells_to_relieve' is not defined
ERROR in Agent H_2 process_reward at tick 30: name 'cells_to_relieve' is not defined
Traceback (most recent call last):
  File "/home/user/DisasterAI/DisasterAI_Model.py", line 1315, in process_reward
    for cell in cells_to_relieve:
                ^^^^^^^^^^^^^^^^
NameError: name 'cells_to_relieve' is not defined
ERROR in Agent H_11 process_reward at tick 30: name 'cells_to_relieve' is not defined
Traceback (most recent call last):
  File "/home/user/DisasterAI/DisasterAI_Model.py", line 1315, in process_reward
    for cell in cells_to_relieve:
                ^^^^^^^^^^^^^^^^
NameError: name 'cells_to_relieve' is not defined
ERROR in Agent H_19 process_reward at tick 30: name 'cells_to_relieve' is not defined
Traceback (most recent call last):
  File "/home/user/DisasterAI/DisasterAI_Model.py", line 1315, in process_reward
    for cell in cells_to_relieve:
                ^^^^^^^^^^^^^^^^
NameError: name 'cells_to_relieve' is not defined
ERROR in Agent H_29 process_reward at tick 30: name 'cells_to_relieve' is not defined
Traceback (most recent call last):
  File "/home/user/DisasterAI/DisasterAI_Model.py", line 1315, in process_reward
    for cell in cells_to_relieve:
                ^^^^^^^^^^^^^^^^
NameError: name 'cells_to_relieve' is not defined
ERROR in Agent H_28 process_reward at tick 30: name 'cells_to_relieve' is not defined
Traceback (most recent call last):
  File "/home/user/DisasterAI/DisasterAI_Model.py", line 1315, in process_reward
    for cell in cells_to_relieve:
                ^^^^^^^^^^^^^^^^
NameError: name 'cells_to_relieve' is not defined
ERROR in Agent H_42 process_reward at tick 30: name 'cells_to_relieve' is not defined
Traceback (most recent call last):
  File "/home/user/DisasterAI/DisasterAI_Model.py", line 1315, in process_reward
    for cell in cells_to_relieve:
                ^^^^^^^^^^^^^^^^
NameError: name 'cells_to_relieve' is not defined
ERROR in Agent H_27 process_reward at tick 30: name 'cells_to_relieve' is not defined
Traceback (most recent call last):
  File "/home/user/DisasterAI/DisasterAI_Model.py", line 1315, in process_reward
    for cell in cells_to_relieve:
                ^^^^^^^^^^^^^^^^
NameError: name 'cells_to_relieve' is not defined
ERROR in Agent H_26 process_reward at tick 30: name 'cells_to_relieve' is not defined
Traceback (most recent call last):
  File "/home/user/DisasterAI/DisasterAI_Model.py", line 1315, in process_reward
    for cell in cells_to_relieve:
                ^^^^^^^^^^^^^^^^
NameError: name 'cells_to_relieve' is not defined
ERROR in Agent H_1 process_reward at tick 30: name 'cells_to_relieve' is not defined
Traceback (most recent call last):
  File "/home/user/DisasterAI/DisasterAI_Model.py", line 1315, in process_reward
    for cell in cells_to_relieve:
                ^^^^^^^^^^^^^^^^
NameError: name 'cells_to_relieve' is not defined
ERROR in Agent H_7 process_reward at tick 30: name 'cells_to_relieve' is not defined
Traceback (most recent call last):
  File "/home/user/DisasterAI/DisasterAI_Model.py", line 1315, in process_reward
    for cell in cells_to_relieve:
                ^^^^^^^^^^^^^^^^
NameError: name 'cells_to_relieve' is not defined
ERROR in Agent H_39 process_reward at tick 30: name 'cells_to_relieve' is not defined
Traceback (most recent call last):
  File "/home/user/DisasterAI/DisasterAI_Model.py", line 1315, in process_reward
    for cell in cells_to_relieve:
                ^^^^^^^^^^^^^^^^
NameError: name 'cells_to_relieve' is not defined
ERROR in Agent H_48 process_reward at tick 30: name 'cells_to_relieve' is not defined
Traceback (most recent call last):
  File "/home/user/DisasterAI/DisasterAI_Model.py", line 1315, in process_reward
    for cell in cells_to_relieve:
                ^^^^^^^^^^^^^^^^
NameError: name 'cells_to_relieve' is not defined
ERROR in Agent H_35 process_reward at tick 30: name 'cells_to_relieve' is not defined
Traceback (most recent call last):
  File "/home/user/DisasterAI/DisasterAI_Model.py", line 1315, in process_reward
    for cell in cells_to_relieve:
                ^^^^^^^^^^^^^^^^
NameError: name 'cells_to_relieve' is not defined
ERROR in Agent H_31 process_reward at tick 30: name 'cells_to_relieve' is not defined
Traceback (most recent call last):
  File "/home/user/DisasterAI/DisasterAI_Model.py", line 1315, in process_reward
    for cell in cells_to_relieve:
                ^^^^^^^^^^^^^^^^
NameError: name 'cells_to_relieve' is not defined
ERROR in Agent H_45 process_reward at tick 30: name 'cells_to_relieve' is not defined
Traceback (most recent call last):
  File "/home/user/DisasterAI/DisasterAI_Model.py", line 1315, in process_reward
    for cell in cells_to_relieve:
                ^^^^^^^^^^^^^^^^
NameError: name 'cells_to_relieve' is not defined
ERROR in Agent H_25 process_reward at tick 30: name 'cells_to_relieve' is not defined
Traceback (most recent call last):
  File "/home/user/DisasterAI/DisasterAI_Model.py", line 1315, in process_reward
    for cell in cells_to_relieve:
                ^^^^^^^^^^^^^^^^
NameError: name 'cells_to_relieve' is not defined
ERROR in Agent H_49 process_reward at tick 30: name 'cells_to_relieve' is not defined
Traceback (most recent call last):
  File "/home/user/DisasterAI/DisasterAI_Model.py", line 1315, in process_reward
    for cell in cells_to_relieve:
                ^^^^^^^^^^^^^^^^
NameError: name 'cells_to_relieve' is not defined
ERROR in Agent H_4 process_reward at tick 30: name 'cells_to_relieve' is not defined
Traceback (most recent call last):
  File "/home/user/DisasterAI/DisasterAI_Model.py", line 1315, in process_reward
    for cell in cells_to_relieve:
                ^^^^^^^^^^^^^^^^
NameError: name 'cells_to_relieve' is not defined
ERROR in Agent H_9 process_reward at tick 30: name 'cells_to_relieve' is not defined
Traceback (most recent call last):
  File "/home/user/DisasterAI/DisasterAI_Model.py", line 1315, in process_reward
    for cell in cells_to_relieve:
                ^^^^^^^^^^^^^^^^
NameError: name 'cells_to_relieve' is not defined
ERROR in Agent H_0 process_reward at tick 30: name 'cells_to_relieve' is not defined
Traceback (most recent call last):
  File "/home/user/DisasterAI/DisasterAI_Model.py", line 1315, in process_reward
    for cell in cells_to_relieve:
                ^^^^^^^^^^^^^^^^
NameError: name 'cells_to_relieve' is not defined
ERROR in Agent H_24 process_reward at tick 30: name 'cells_to_relieve' is not defined
Traceback (most recent call last):
  File "/home/user/DisasterAI/DisasterAI_Model.py", line 1315, in process_reward
    for cell in cells_to_relieve:
                ^^^^^^^^^^^^^^^^
NameError: name 'cells_to_relieve' is not defined
ERROR in Agent H_41 process_reward at tick 30: name 'cells_to_relieve' is not defined
Traceback (most recent call last):
  File "/home/user/DisasterAI/DisasterAI_Model.py", line 1315, in process_reward
    for cell in cells_to_relieve:
                ^^^^^^^^^^^^^^^^
NameError: name 'cells_to_relieve' is not defined

DEBUG: Starting AECI variance calculation at tick 30
  Found 0/50 AI-reliant agents
  Global belief variance: 0.0254
  WARNING: Invalid global variance (0.02543756) or no AI-reliant agents
  Returning AECI variance tuple: (30, 0.0)
  Current aeci_variance_data length: 30
  Last 3 entries: [(28, 0.0), (29, 0.0), (30, 0.0)]

--- Retainment Diagnostics at Tick 30 ---
Agent H_0 (exploitative) retainment stats:
  accepted_human: 0, accepted_friend: 0, accepted_ai: 1
  retain_aeci: 1.00, retain_seci: 0.00
Agent H_1 (exploitative) retainment stats:
  accepted_human: 23, accepted_friend: 23, accepted_ai: 0
  retain_aeci: 0.00, retain_seci: 1.00
Agent H_2 (exploitative) retainment stats:
  accepted_human: 46, accepted_friend: 46, accepted_ai: 0
  retain_aeci: 0.00, retain_seci: 1.00
ERROR in Agent H_21 process_reward at tick 31: name 'cells_to_relieve' is not defined
Traceback (most recent call last):
  File "/home/user/DisasterAI/DisasterAI_Model.py", line 1315, in process_reward
    for cell in cells_to_relieve:
                ^^^^^^^^^^^^^^^^
NameError: name 'cells_to_relieve' is not defined
ERROR in Agent H_29 process_reward at tick 31: name 'cells_to_relieve' is not defined
Traceback (most recent call last):
  File "/home/user/DisasterAI/DisasterAI_Model.py", line 1315, in process_reward
    for cell in cells_to_relieve:
                ^^^^^^^^^^^^^^^^
NameError: name 'cells_to_relieve' is not defined
ERROR in Agent H_6 process_reward at tick 31: name 'cells_to_relieve' is not defined
Traceback (most recent call last):
  File "/home/user/DisasterAI/DisasterAI_Model.py", line 1315, in process_reward
    for cell in cells_to_relieve:
                ^^^^^^^^^^^^^^^^
NameError: name 'cells_to_relieve' is not defined
ERROR in Agent H_8 process_reward at tick 31: name 'cells_to_relieve' is not defined
Traceback (most recent call last):
  File "/home/user/DisasterAI/DisasterAI_Model.py", line 1315, in process_reward
    for cell in cells_to_relieve:
                ^^^^^^^^^^^^^^^^
NameError: name 'cells_to_relieve' is not defined
ERROR in Agent H_47 process_reward at tick 31: name 'cells_to_relieve' is not defined
Traceback (most recent call last):
  File "/home/user/DisasterAI/DisasterAI_Model.py", line 1315, in process_reward
    for cell in cells_to_relieve:
                ^^^^^^^^^^^^^^^^
NameError: name 'cells_to_relieve' is not defined
ERROR in Agent H_0 process_reward at tick 31: name 'cells_to_relieve' is not defined
Traceback (most recent call last):
  File "/home/user/DisasterAI/DisasterAI_Model.py", line 1315, in process_reward
    for cell in cells_to_relieve:
                ^^^^^^^^^^^^^^^^
NameError: name 'cells_to_relieve' is not defined
ERROR in Agent H_5 process_reward at tick 31: name 'cells_to_relieve' is not defined
Traceback (most recent call last):
  File "/home/user/DisasterAI/DisasterAI_Model.py", line 1315, in process_reward
    for cell in cells_to_relieve:
                ^^^^^^^^^^^^^^^^
NameError: name 'cells_to_relieve' is not defined
ERROR in Agent H_49 process_reward at tick 31: name 'cells_to_relieve' is not defined
Traceback (most recent call last):
  File "/home/user/DisasterAI/DisasterAI_Model.py", line 1315, in process_reward
    for cell in cells_to_relieve:
                ^^^^^^^^^^^^^^^^
NameError: name 'cells_to_relieve' is not defined
ERROR in Agent H_43 process_reward at tick 31: name 'cells_to_relieve' is not defined
Traceback (most recent call last):
  File "/home/user/DisasterAI/DisasterAI_Model.py", line 1315, in process_reward
    for cell in cells_to_relieve:
                ^^^^^^^^^^^^^^^^
NameError: name 'cells_to_relieve' is not defined
ERROR in Agent H_19 process_reward at tick 31: name 'cells_to_relieve' is not defined
Traceback (most recent call last):
  File "/home/user/DisasterAI/DisasterAI_Model.py", line 1315, in process_reward
    for cell in cells_to_relieve:
                ^^^^^^^^^^^^^^^^
NameError: name 'cells_to_relieve' is not defined
ERROR in Agent H_34 process_reward at tick 31: name 'cells_to_relieve' is not defined
Traceback (most recent call last):
  File "/home/user/DisasterAI/DisasterAI_Model.py", line 1315, in process_reward
    for cell in cells_to_relieve:
                ^^^^^^^^^^^^^^^^
NameError: name 'cells_to_relieve' is not defined
ERROR in Agent H_45 process_reward at tick 31: name 'cells_to_relieve' is not defined
Traceback (most recent call last):
  File "/home/user/DisasterAI/DisasterAI_Model.py", line 1315, in process_reward
    for cell in cells_to_relieve:
                ^^^^^^^^^^^^^^^^
NameError: name 'cells_to_relieve' is not defined
ERROR in Agent H_16 process_reward at tick 31: name 'cells_to_relieve' is not defined
Traceback (most recent call last):
  File "/home/user/DisasterAI/DisasterAI_Model.py", line 1315, in process_reward
    for cell in cells_to_relieve:
                ^^^^^^^^^^^^^^^^
NameError: name 'cells_to_relieve' is not defined
ERROR in Agent H_12 process_reward at tick 31: name 'cells_to_relieve' is not defined
Traceback (most recent call last):
  File "/home/user/DisasterAI/DisasterAI_Model.py", line 1315, in process_reward
    for cell in cells_to_relieve:
                ^^^^^^^^^^^^^^^^
NameError: name 'cells_to_relieve' is not defined
ERROR in Agent H_24 process_reward at tick 31: name 'cells_to_relieve' is not defined
Traceback (most recent call last):
  File "/home/user/DisasterAI/DisasterAI_Model.py", line 1315, in process_reward
    for cell in cells_to_relieve:
                ^^^^^^^^^^^^^^^^
NameError: name 'cells_to_relieve' is not defined
ERROR in Agent H_31 process_reward at tick 31: name 'cells_to_relieve' is not defined
Traceback (most recent call last):
  File "/home/user/DisasterAI/DisasterAI_Model.py", line 1315, in process_reward
    for cell in cells_to_relieve:
                ^^^^^^^^^^^^^^^^
NameError: name 'cells_to_relieve' is not defined
ERROR in Agent H_14 process_reward at tick 31: name 'cells_to_relieve' is not defined
Traceback (most recent call last):
  File "/home/user/DisasterAI/DisasterAI_Model.py", line 1315, in process_reward
    for cell in cells_to_relieve:
                ^^^^^^^^^^^^^^^^
NameError: name 'cells_to_relieve' is not defined
ERROR in Agent H_10 process_reward at tick 31: name 'cells_to_relieve' is not defined
Traceback (most recent call last):
  File "/home/user/DisasterAI/DisasterAI_Model.py", line 1315, in process_reward
    for cell in cells_to_relieve:
                ^^^^^^^^^^^^^^^^
NameError: name 'cells_to_relieve' is not defined
ERROR in Agent H_17 process_reward at tick 31: name 'cells_to_relieve' is not defined
Traceback (most recent call last):
  File "/home/user/DisasterAI/DisasterAI_Model.py", line 1315, in process_reward
    for cell in cells_to_relieve:
                ^^^^^^^^^^^^^^^^
NameError: name 'cells_to_relieve' is not defined
ERROR in Agent H_28 process_reward at tick 31: name 'cells_to_relieve' is not defined
Traceback (most recent call last):
  File "/home/user/DisasterAI/DisasterAI_Model.py", line 1315, in process_reward
    for cell in cells_to_relieve:
                ^^^^^^^^^^^^^^^^
NameError: name 'cells_to_relieve' is not defined
ERROR in Agent H_37 process_reward at tick 31: name 'cells_to_relieve' is not defined
Traceback (most recent call last):
  File "/home/user/DisasterAI/DisasterAI_Model.py", line 1315, in process_reward
    for cell in cells_to_relieve:
                ^^^^^^^^^^^^^^^^
NameError: name 'cells_to_relieve' is not defined
ERROR in Agent H_38 process_reward at tick 31: name 'cells_to_relieve' is not defined
Traceback (most recent call last):
  File "/home/user/DisasterAI/DisasterAI_Model.py", line 1315, in process_reward
    for cell in cells_to_relieve:
                ^^^^^^^^^^^^^^^^
NameError: name 'cells_to_relieve' is not defined
ERROR in Agent H_11 process_reward at tick 31: name 'cells_to_relieve' is not defined
Traceback (most recent call last):
  File "/home/user/DisasterAI/DisasterAI_Model.py", line 1315, in process_reward
    for cell in cells_to_relieve:
                ^^^^^^^^^^^^^^^^
NameError: name 'cells_to_relieve' is not defined
ERROR in Agent H_48 process_reward at tick 31: name 'cells_to_relieve' is not defined
Traceback (most recent call last):
  File "/home/user/DisasterAI/DisasterAI_Model.py", line 1315, in process_reward
    for cell in cells_to_relieve:
                ^^^^^^^^^^^^^^^^
NameError: name 'cells_to_relieve' is not defined
ERROR in Agent H_30 process_reward at tick 31: name 'cells_to_relieve' is not defined
Traceback (most recent call last):
  File "/home/user/DisasterAI/DisasterAI_Model.py", line 1315, in process_reward
    for cell in cells_to_relieve:
                ^^^^^^^^^^^^^^^^
NameError: name 'cells_to_relieve' is not defined
ERROR in Agent H_2 process_reward at tick 31: name 'cells_to_relieve' is not defined
Traceback (most recent call last):
  File "/home/user/DisasterAI/DisasterAI_Model.py", line 1315, in process_reward
    for cell in cells_to_relieve:
                ^^^^^^^^^^^^^^^^
NameError: name 'cells_to_relieve' is not defined
ERROR in Agent H_20 process_reward at tick 31: name 'cells_to_relieve' is not defined
Traceback (most recent call last):
  File "/home/user/DisasterAI/DisasterAI_Model.py", line 1315, in process_reward
    for cell in cells_to_relieve:
                ^^^^^^^^^^^^^^^^
NameError: name 'cells_to_relieve' is not defined
ERROR in Agent H_42 process_reward at tick 31: name 'cells_to_relieve' is not defined
Traceback (most recent call last):
  File "/home/user/DisasterAI/DisasterAI_Model.py", line 1315, in process_reward
    for cell in cells_to_relieve:
                ^^^^^^^^^^^^^^^^
NameError: name 'cells_to_relieve' is not defined
ERROR in Agent H_33 process_reward at tick 31: name 'cells_to_relieve' is not defined
Traceback (most recent call last):
  File "/home/user/DisasterAI/DisasterAI_Model.py", line 1315, in process_reward
    for cell in cells_to_relieve:
                ^^^^^^^^^^^^^^^^
NameError: name 'cells_to_relieve' is not defined
ERROR in Agent H_44 process_reward at tick 31: name 'cells_to_relieve' is not defined
Traceback (most recent call last):
  File "/home/user/DisasterAI/DisasterAI_Model.py", line 1315, in process_reward
    for cell in cells_to_relieve:
                ^^^^^^^^^^^^^^^^
NameError: name 'cells_to_relieve' is not defined
ERROR in Agent H_27 process_reward at tick 31: name 'cells_to_relieve' is not defined
Traceback (most recent call last):
  File "/home/user/DisasterAI/DisasterAI_Model.py", line 1315, in process_reward
    for cell in cells_to_relieve:
                ^^^^^^^^^^^^^^^^
NameError: name 'cells_to_relieve' is not defined
ERROR in Agent H_22 process_reward at tick 31: name 'cells_to_relieve' is not defined
Traceback (most recent call last):
  File "/home/user/DisasterAI/DisasterAI_Model.py", line 1315, in process_reward
    for cell in cells_to_relieve:
                ^^^^^^^^^^^^^^^^
NameError: name 'cells_to_relieve' is not defined
ERROR in Agent H_4 process_reward at tick 31: name 'cells_to_relieve' is not defined
Traceback (most recent call last):
  File "/home/user/DisasterAI/DisasterAI_Model.py", line 1315, in process_reward
    for cell in cells_to_relieve:
                ^^^^^^^^^^^^^^^^
NameError: name 'cells_to_relieve' is not defined
ERROR in Agent H_1 process_reward at tick 31: name 'cells_to_relieve' is not defined
Traceback (most recent call last):
  File "/home/user/DisasterAI/DisasterAI_Model.py", line 1315, in process_reward
    for cell in cells_to_relieve:
                ^^^^^^^^^^^^^^^^
NameError: name 'cells_to_relieve' is not defined
ERROR in Agent H_41 process_reward at tick 31: name 'cells_to_relieve' is not defined
Traceback (most recent call last):
  File "/home/user/DisasterAI/DisasterAI_Model.py", line 1315, in process_reward
    for cell in cells_to_relieve:
                ^^^^^^^^^^^^^^^^
NameError: name 'cells_to_relieve' is not defined
ERROR in Agent H_36 process_reward at tick 32: name 'cells_to_relieve' is not defined
Traceback (most recent call last):
  File "/home/user/DisasterAI/DisasterAI_Model.py", line 1315, in process_reward
    for cell in cells_to_relieve:
                ^^^^^^^^^^^^^^^^
NameError: name 'cells_to_relieve' is not defined
ERROR in Agent H_9 process_reward at tick 32: name 'cells_to_relieve' is not defined
Traceback (most recent call last):
  File "/home/user/DisasterAI/DisasterAI_Model.py", line 1315, in process_reward
    for cell in cells_to_relieve:
                ^^^^^^^^^^^^^^^^
NameError: name 'cells_to_relieve' is not defined
ERROR in Agent H_43 process_reward at tick 32: name 'cells_to_relieve' is not defined
Traceback (most recent call last):
  File "/home/user/DisasterAI/DisasterAI_Model.py", line 1315, in process_reward
    for cell in cells_to_relieve:
                ^^^^^^^^^^^^^^^^
NameError: name 'cells_to_relieve' is not defined
ERROR in Agent H_7 process_reward at tick 32: name 'cells_to_relieve' is not defined
Traceback (most recent call last):
  File "/home/user/DisasterAI/DisasterAI_Model.py", line 1315, in process_reward
    for cell in cells_to_relieve:
                ^^^^^^^^^^^^^^^^
NameError: name 'cells_to_relieve' is not defined
ERROR in Agent H_31 process_reward at tick 32: name 'cells_to_relieve' is not defined
Traceback (most recent call last):
  File "/home/user/DisasterAI/DisasterAI_Model.py", line 1315, in process_reward
    for cell in cells_to_relieve:
                ^^^^^^^^^^^^^^^^
NameError: name 'cells_to_relieve' is not defined
ERROR in Agent H_15 process_reward at tick 32: name 'cells_to_relieve' is not defined
Traceback (most recent call last):
  File "/home/user/DisasterAI/DisasterAI_Model.py", line 1315, in process_reward
    for cell in cells_to_relieve:
                ^^^^^^^^^^^^^^^^
NameError: name 'cells_to_relieve' is not defined
ERROR in Agent H_1 process_reward at tick 32: name 'cells_to_relieve' is not defined
Traceback (most recent call last):
  File "/home/user/DisasterAI/DisasterAI_Model.py", line 1315, in process_reward
    for cell in cells_to_relieve:
                ^^^^^^^^^^^^^^^^
NameError: name 'cells_to_relieve' is not defined
ERROR in Agent H_16 process_reward at tick 32: name 'cells_to_relieve' is not defined
Traceback (most recent call last):
  File "/home/user/DisasterAI/DisasterAI_Model.py", line 1315, in process_reward
    for cell in cells_to_relieve:
                ^^^^^^^^^^^^^^^^
NameError: name 'cells_to_relieve' is not defined
ERROR in Agent H_29 process_reward at tick 32: name 'cells_to_relieve' is not defined
Traceback (most recent call last):
  File "/home/user/DisasterAI/DisasterAI_Model.py", line 1315, in process_reward
    for cell in cells_to_relieve:
                ^^^^^^^^^^^^^^^^
NameError: name 'cells_to_relieve' is not defined
ERROR in Agent H_24 process_reward at tick 32: name 'cells_to_relieve' is not defined
Traceback (most recent call last):
  File "/home/user/DisasterAI/DisasterAI_Model.py", line 1315, in process_reward
    for cell in cells_to_relieve:
                ^^^^^^^^^^^^^^^^
NameError: name 'cells_to_relieve' is not defined
ERROR in Agent H_27 process_reward at tick 32: name 'cells_to_relieve' is not defined
Traceback (most recent call last):
  File "/home/user/DisasterAI/DisasterAI_Model.py", line 1315, in process_reward
    for cell in cells_to_relieve:
                ^^^^^^^^^^^^^^^^
NameError: name 'cells_to_relieve' is not defined
ERROR in Agent H_18 process_reward at tick 32: name 'cells_to_relieve' is not defined
Traceback (most recent call last):
  File "/home/user/DisasterAI/DisasterAI_Model.py", line 1315, in process_reward
    for cell in cells_to_relieve:
                ^^^^^^^^^^^^^^^^
NameError: name 'cells_to_relieve' is not defined
ERROR in Agent H_3 process_reward at tick 32: name 'cells_to_relieve' is not defined
Traceback (most recent call last):
  File "/home/user/DisasterAI/DisasterAI_Model.py", line 1315, in process_reward
    for cell in cells_to_relieve:
                ^^^^^^^^^^^^^^^^
NameError: name 'cells_to_relieve' is not defined
ERROR in Agent H_14 process_reward at tick 32: name 'cells_to_relieve' is not defined
Traceback (most recent call last):
  File "/home/user/DisasterAI/DisasterAI_Model.py", line 1315, in process_reward
    for cell in cells_to_relieve:
                ^^^^^^^^^^^^^^^^
NameError: name 'cells_to_relieve' is not defined
ERROR in Agent H_10 process_reward at tick 32: name 'cells_to_relieve' is not defined
Traceback (most recent call last):
  File "/home/user/DisasterAI/DisasterAI_Model.py", line 1315, in process_reward
    for cell in cells_to_relieve:
                ^^^^^^^^^^^^^^^^
NameError: name 'cells_to_relieve' is not defined
ERROR in Agent H_48 process_reward at tick 32: name 'cells_to_relieve' is not defined
Traceback (most recent call last):
  File "/home/user/DisasterAI/DisasterAI_Model.py", line 1315, in process_reward
    for cell in cells_to_relieve:
                ^^^^^^^^^^^^^^^^
NameError: name 'cells_to_relieve' is not defined
ERROR in Agent H_37 process_reward at tick 32: name 'cells_to_relieve' is not defined
Traceback (most recent call last):
  File "/home/user/DisasterAI/DisasterAI_Model.py", line 1315, in process_reward
    for cell in cells_to_relieve:
                ^^^^^^^^^^^^^^^^
NameError: name 'cells_to_relieve' is not defined
ERROR in Agent H_23 process_reward at tick 32: name 'cells_to_relieve' is not defined
Traceback (most recent call last):
  File "/home/user/DisasterAI/DisasterAI_Model.py", line 1315, in process_reward
    for cell in cells_to_relieve:
                ^^^^^^^^^^^^^^^^
NameError: name 'cells_to_relieve' is not defined
ERROR in Agent H_4 process_reward at tick 32: name 'cells_to_relieve' is not defined
Traceback (most recent call last):
  File "/home/user/DisasterAI/DisasterAI_Model.py", line 1315, in process_reward
    for cell in cells_to_relieve:
                ^^^^^^^^^^^^^^^^
NameError: name 'cells_to_relieve' is not defined
ERROR in Agent H_22 process_reward at tick 32: name 'cells_to_relieve' is not defined
Traceback (most recent call last):
  File "/home/user/DisasterAI/DisasterAI_Model.py", line 1315, in process_reward
    for cell in cells_to_relieve:
                ^^^^^^^^^^^^^^^^
NameError: name 'cells_to_relieve' is not defined
ERROR in Agent H_0 process_reward at tick 32: name 'cells_to_relieve' is not defined
Traceback (most recent call last):
  File "/home/user/DisasterAI/DisasterAI_Model.py", line 1315, in process_reward
    for cell in cells_to_relieve:
                ^^^^^^^^^^^^^^^^
NameError: name 'cells_to_relieve' is not defined
ERROR in Agent H_26 process_reward at tick 32: name 'cells_to_relieve' is not defined
Traceback (most recent call last):
  File "/home/user/DisasterAI/DisasterAI_Model.py", line 1315, in process_reward
    for cell in cells_to_relieve:
                ^^^^^^^^^^^^^^^^
NameError: name 'cells_to_relieve' is not defined
ERROR in Agent H_11 process_reward at tick 32: name 'cells_to_relieve' is not defined
Traceback (most recent call last):
  File "/home/user/DisasterAI/DisasterAI_Model.py", line 1315, in process_reward
    for cell in cells_to_relieve:
                ^^^^^^^^^^^^^^^^
NameError: name 'cells_to_relieve' is not defined
ERROR in Agent H_41 process_reward at tick 32: name 'cells_to_relieve' is not defined
Traceback (most recent call last):
  File "/home/user/DisasterAI/DisasterAI_Model.py", line 1315, in process_reward
    for cell in cells_to_relieve:
                ^^^^^^^^^^^^^^^^
NameError: name 'cells_to_relieve' is not defined
ERROR in Agent H_30 process_reward at tick 32: name 'cells_to_relieve' is not defined
Traceback (most recent call last):
  File "/home/user/DisasterAI/DisasterAI_Model.py", line 1315, in process_reward
    for cell in cells_to_relieve:
                ^^^^^^^^^^^^^^^^
NameError: name 'cells_to_relieve' is not defined
ERROR in Agent H_40 process_reward at tick 32: name 'cells_to_relieve' is not defined
Traceback (most recent call last):
  File "/home/user/DisasterAI/DisasterAI_Model.py", line 1315, in process_reward
    for cell in cells_to_relieve:
                ^^^^^^^^^^^^^^^^
NameError: name 'cells_to_relieve' is not defined
ERROR in Agent H_25 process_reward at tick 32: name 'cells_to_relieve' is not defined
Traceback (most recent call last):
  File "/home/user/DisasterAI/DisasterAI_Model.py", line 1315, in process_reward
    for cell in cells_to_relieve:
                ^^^^^^^^^^^^^^^^
NameError: name 'cells_to_relieve' is not defined
ERROR in Agent H_34 process_reward at tick 32: name 'cells_to_relieve' is not defined
Traceback (most recent call last):
  File "/home/user/DisasterAI/DisasterAI_Model.py", line 1315, in process_reward
    for cell in cells_to_relieve:
                ^^^^^^^^^^^^^^^^
NameError: name 'cells_to_relieve' is not defined
ERROR in Agent H_17 process_reward at tick 32: name 'cells_to_relieve' is not defined
Traceback (most recent call last):
  File "/home/user/DisasterAI/DisasterAI_Model.py", line 1315, in process_reward
    for cell in cells_to_relieve:
                ^^^^^^^^^^^^^^^^
NameError: name 'cells_to_relieve' is not defined
ERROR in Agent H_39 process_reward at tick 32: name 'cells_to_relieve' is not defined
Traceback (most recent call last):
  File "/home/user/DisasterAI/DisasterAI_Model.py", line 1315, in process_reward
    for cell in cells_to_relieve:
                ^^^^^^^^^^^^^^^^
NameError: name 'cells_to_relieve' is not defined
ERROR in Agent H_33 process_reward at tick 32: name 'cells_to_relieve' is not defined
Traceback (most recent call last):
  File "/home/user/DisasterAI/DisasterAI_Model.py", line 1315, in process_reward
    for cell in cells_to_relieve:
                ^^^^^^^^^^^^^^^^
NameError: name 'cells_to_relieve' is not defined
ERROR in Agent H_44 process_reward at tick 33: name 'cells_to_relieve' is not defined
Traceback (most recent call last):
  File "/home/user/DisasterAI/DisasterAI_Model.py", line 1315, in process_reward
    for cell in cells_to_relieve:
                ^^^^^^^^^^^^^^^^
NameError: name 'cells_to_relieve' is not defined
ERROR in Agent H_23 process_reward at tick 33: name 'cells_to_relieve' is not defined
Traceback (most recent call last):
  File "/home/user/DisasterAI/DisasterAI_Model.py", line 1315, in process_reward
    for cell in cells_to_relieve:
                ^^^^^^^^^^^^^^^^
NameError: name 'cells_to_relieve' is not defined
ERROR in Agent H_9 process_reward at tick 33: name 'cells_to_relieve' is not defined
Traceback (most recent call last):
  File "/home/user/DisasterAI/DisasterAI_Model.py", line 1315, in process_reward
    for cell in cells_to_relieve:
                ^^^^^^^^^^^^^^^^
NameError: name 'cells_to_relieve' is not defined
ERROR in Agent H_26 process_reward at tick 33: name 'cells_to_relieve' is not defined
Traceback (most recent call last):
  File "/home/user/DisasterAI/DisasterAI_Model.py", line 1315, in process_reward
    for cell in cells_to_relieve:
                ^^^^^^^^^^^^^^^^
NameError: name 'cells_to_relieve' is not defined
ERROR in Agent H_38 process_reward at tick 33: name 'cells_to_relieve' is not defined
Traceback (most recent call last):
  File "/home/user/DisasterAI/DisasterAI_Model.py", line 1315, in process_reward
    for cell in cells_to_relieve:
                ^^^^^^^^^^^^^^^^
NameError: name 'cells_to_relieve' is not defined
ERROR in Agent H_46 process_reward at tick 33: name 'cells_to_relieve' is not defined
Traceback (most recent call last):
  File "/home/user/DisasterAI/DisasterAI_Model.py", line 1315, in process_reward
    for cell in cells_to_relieve:
                ^^^^^^^^^^^^^^^^
NameError: name 'cells_to_relieve' is not defined
ERROR in Agent H_36 process_reward at tick 33: name 'cells_to_relieve' is not defined
Traceback (most recent call last):
  File "/home/user/DisasterAI/DisasterAI_Model.py", line 1315, in process_reward
    for cell in cells_to_relieve:
                ^^^^^^^^^^^^^^^^
NameError: name 'cells_to_relieve' is not defined
ERROR in Agent H_14 process_reward at tick 33: name 'cells_to_relieve' is not defined
Traceback (most recent call last):
  File "/home/user/DisasterAI/DisasterAI_Model.py", line 1315, in process_reward
    for cell in cells_to_relieve:
                ^^^^^^^^^^^^^^^^
NameError: name 'cells_to_relieve' is not defined
ERROR in Agent H_4 process_reward at tick 33: name 'cells_to_relieve' is not defined
Traceback (most recent call last):
  File "/home/user/DisasterAI/DisasterAI_Model.py", line 1315, in process_reward
    for cell in cells_to_relieve:
                ^^^^^^^^^^^^^^^^
NameError: name 'cells_to_relieve' is not defined
ERROR in Agent H_11 process_reward at tick 33: name 'cells_to_relieve' is not defined
Traceback (most recent call last):
  File "/home/user/DisasterAI/DisasterAI_Model.py", line 1315, in process_reward
    for cell in cells_to_relieve:
                ^^^^^^^^^^^^^^^^
NameError: name 'cells_to_relieve' is not defined
ERROR in Agent H_28 process_reward at tick 33: name 'cells_to_relieve' is not defined
Traceback (most recent call last):
  File "/home/user/DisasterAI/DisasterAI_Model.py", line 1315, in process_reward
    for cell in cells_to_relieve:
                ^^^^^^^^^^^^^^^^
NameError: name 'cells_to_relieve' is not defined
ERROR in Agent H_47 process_reward at tick 33: name 'cells_to_relieve' is not defined
Traceback (most recent call last):
  File "/home/user/DisasterAI/DisasterAI_Model.py", line 1315, in process_reward
    for cell in cells_to_relieve:
                ^^^^^^^^^^^^^^^^
NameError: name 'cells_to_relieve' is not defined
ERROR in Agent H_18 process_reward at tick 33: name 'cells_to_relieve' is not defined
Traceback (most recent call last):
  File "/home/user/DisasterAI/DisasterAI_Model.py", line 1315, in process_reward
    for cell in cells_to_relieve:
                ^^^^^^^^^^^^^^^^
NameError: name 'cells_to_relieve' is not defined
ERROR in Agent H_24 process_reward at tick 33: name 'cells_to_relieve' is not defined
Traceback (most recent call last):
  File "/home/user/DisasterAI/DisasterAI_Model.py", line 1315, in process_reward
    for cell in cells_to_relieve:
                ^^^^^^^^^^^^^^^^
NameError: name 'cells_to_relieve' is not defined
ERROR in Agent H_41 process_reward at tick 33: name 'cells_to_relieve' is not defined
Traceback (most recent call last):
  File "/home/user/DisasterAI/DisasterAI_Model.py", line 1315, in process_reward
    for cell in cells_to_relieve:
                ^^^^^^^^^^^^^^^^
NameError: name 'cells_to_relieve' is not defined
ERROR in Agent H_43 process_reward at tick 33: name 'cells_to_relieve' is not defined
Traceback (most recent call last):
  File "/home/user/DisasterAI/DisasterAI_Model.py", line 1315, in process_reward
    for cell in cells_to_relieve:
                ^^^^^^^^^^^^^^^^
NameError: name 'cells_to_relieve' is not defined
ERROR in Agent H_15 process_reward at tick 33: name 'cells_to_relieve' is not defined
Traceback (most recent call last):
  File "/home/user/DisasterAI/DisasterAI_Model.py", line 1315, in process_reward
    for cell in cells_to_relieve:
                ^^^^^^^^^^^^^^^^
NameError: name 'cells_to_relieve' is not defined
ERROR in Agent H_27 process_reward at tick 33: name 'cells_to_relieve' is not defined
Traceback (most recent call last):
  File "/home/user/DisasterAI/DisasterAI_Model.py", line 1315, in process_reward
    for cell in cells_to_relieve:
                ^^^^^^^^^^^^^^^^
NameError: name 'cells_to_relieve' is not defined
ERROR in Agent H_25 process_reward at tick 33: name 'cells_to_relieve' is not defined
Traceback (most recent call last):
  File "/home/user/DisasterAI/DisasterAI_Model.py", line 1315, in process_reward
    for cell in cells_to_relieve:
                ^^^^^^^^^^^^^^^^
NameError: name 'cells_to_relieve' is not defined
ERROR in Agent H_7 process_reward at tick 33: name 'cells_to_relieve' is not defined
Traceback (most recent call last):
  File "/home/user/DisasterAI/DisasterAI_Model.py", line 1315, in process_reward
    for cell in cells_to_relieve:
                ^^^^^^^^^^^^^^^^
NameError: name 'cells_to_relieve' is not defined
ERROR in Agent H_35 process_reward at tick 33: name 'cells_to_relieve' is not defined
Traceback (most recent call last):
  File "/home/user/DisasterAI/DisasterAI_Model.py", line 1315, in process_reward
    for cell in cells_to_relieve:
                ^^^^^^^^^^^^^^^^
NameError: name 'cells_to_relieve' is not defined
ERROR in Agent H_21 process_reward at tick 33: name 'cells_to_relieve' is not defined
Traceback (most recent call last):
  File "/home/user/DisasterAI/DisasterAI_Model.py", line 1315, in process_reward
    for cell in cells_to_relieve:
                ^^^^^^^^^^^^^^^^
NameError: name 'cells_to_relieve' is not defined
ERROR in Agent H_0 process_reward at tick 33: name 'cells_to_relieve' is not defined
Traceback (most recent call last):
  File "/home/user/DisasterAI/DisasterAI_Model.py", line 1315, in process_reward
    for cell in cells_to_relieve:
                ^^^^^^^^^^^^^^^^
NameError: name 'cells_to_relieve' is not defined
ERROR in Agent H_16 process_reward at tick 33: name 'cells_to_relieve' is not defined
Traceback (most recent call last):
  File "/home/user/DisasterAI/DisasterAI_Model.py", line 1315, in process_reward
    for cell in cells_to_relieve:
                ^^^^^^^^^^^^^^^^
NameError: name 'cells_to_relieve' is not defined
ERROR in Agent H_2 process_reward at tick 33: name 'cells_to_relieve' is not defined
Traceback (most recent call last):
  File "/home/user/DisasterAI/DisasterAI_Model.py", line 1315, in process_reward
    for cell in cells_to_relieve:
                ^^^^^^^^^^^^^^^^
NameError: name 'cells_to_relieve' is not defined
ERROR in Agent H_10 process_reward at tick 33: name 'cells_to_relieve' is not defined
Traceback (most recent call last):
  File "/home/user/DisasterAI/DisasterAI_Model.py", line 1315, in process_reward
    for cell in cells_to_relieve:
                ^^^^^^^^^^^^^^^^
NameError: name 'cells_to_relieve' is not defined
ERROR in Agent H_12 process_reward at tick 33: name 'cells_to_relieve' is not defined
Traceback (most recent call last):
  File "/home/user/DisasterAI/DisasterAI_Model.py", line 1315, in process_reward
    for cell in cells_to_relieve:
                ^^^^^^^^^^^^^^^^
NameError: name 'cells_to_relieve' is not defined
ERROR in Agent H_13 process_reward at tick 33: name 'cells_to_relieve' is not defined
Traceback (most recent call last):
  File "/home/user/DisasterAI/DisasterAI_Model.py", line 1315, in process_reward
    for cell in cells_to_relieve:
                ^^^^^^^^^^^^^^^^
NameError: name 'cells_to_relieve' is not defined
ERROR in Agent H_3 process_reward at tick 33: name 'cells_to_relieve' is not defined
Traceback (most recent call last):
  File "/home/user/DisasterAI/DisasterAI_Model.py", line 1315, in process_reward
    for cell in cells_to_relieve:
                ^^^^^^^^^^^^^^^^
NameError: name 'cells_to_relieve' is not defined
ERROR in Agent H_5 process_reward at tick 33: name 'cells_to_relieve' is not defined
Traceback (most recent call last):
  File "/home/user/DisasterAI/DisasterAI_Model.py", line 1315, in process_reward
    for cell in cells_to_relieve:
                ^^^^^^^^^^^^^^^^
NameError: name 'cells_to_relieve' is not defined
ERROR in Agent H_8 process_reward at tick 33: name 'cells_to_relieve' is not defined
Traceback (most recent call last):
  File "/home/user/DisasterAI/DisasterAI_Model.py", line 1315, in process_reward
    for cell in cells_to_relieve:
                ^^^^^^^^^^^^^^^^
NameError: name 'cells_to_relieve' is not defined
ERROR in Agent H_22 process_reward at tick 33: name 'cells_to_relieve' is not defined
Traceback (most recent call last):
  File "/home/user/DisasterAI/DisasterAI_Model.py", line 1315, in process_reward
    for cell in cells_to_relieve:
                ^^^^^^^^^^^^^^^^
NameError: name 'cells_to_relieve' is not defined
ERROR in Agent H_40 process_reward at tick 33: name 'cells_to_relieve' is not defined
Traceback (most recent call last):
  File "/home/user/DisasterAI/DisasterAI_Model.py", line 1315, in process_reward
    for cell in cells_to_relieve:
                ^^^^^^^^^^^^^^^^
NameError: name 'cells_to_relieve' is not defined
ERROR in Agent H_45 process_reward at tick 33: name 'cells_to_relieve' is not defined
Traceback (most recent call last):
  File "/home/user/DisasterAI/DisasterAI_Model.py", line 1315, in process_reward
    for cell in cells_to_relieve:
                ^^^^^^^^^^^^^^^^
NameError: name 'cells_to_relieve' is not defined
ERROR in Agent H_20 process_reward at tick 33: name 'cells_to_relieve' is not defined
Traceback (most recent call last):
  File "/home/user/DisasterAI/DisasterAI_Model.py", line 1315, in process_reward
    for cell in cells_to_relieve:
                ^^^^^^^^^^^^^^^^
NameError: name 'cells_to_relieve' is not defined
ERROR in Agent H_32 process_reward at tick 33: name 'cells_to_relieve' is not defined
Traceback (most recent call last):
  File "/home/user/DisasterAI/DisasterAI_Model.py", line 1315, in process_reward
    for cell in cells_to_relieve:
                ^^^^^^^^^^^^^^^^
NameError: name 'cells_to_relieve' is not defined
ERROR in Agent H_30 process_reward at tick 33: name 'cells_to_relieve' is not defined
Traceback (most recent call last):
  File "/home/user/DisasterAI/DisasterAI_Model.py", line 1315, in process_reward
    for cell in cells_to_relieve:
                ^^^^^^^^^^^^^^^^
NameError: name 'cells_to_relieve' is not defined
ERROR in Agent H_12 process_reward at tick 34: name 'cells_to_relieve' is not defined
Traceback (most recent call last):
  File "/home/user/DisasterAI/DisasterAI_Model.py", line 1315, in process_reward
    for cell in cells_to_relieve:
                ^^^^^^^^^^^^^^^^
NameError: name 'cells_to_relieve' is not defined
ERROR in Agent H_20 process_reward at tick 34: name 'cells_to_relieve' is not defined
Traceback (most recent call last):
  File "/home/user/DisasterAI/DisasterAI_Model.py", line 1315, in process_reward
    for cell in cells_to_relieve:
                ^^^^^^^^^^^^^^^^
NameError: name 'cells_to_relieve' is not defined
ERROR in Agent H_15 process_reward at tick 34: name 'cells_to_relieve' is not defined
Traceback (most recent call last):
  File "/home/user/DisasterAI/DisasterAI_Model.py", line 1315, in process_reward
    for cell in cells_to_relieve:
                ^^^^^^^^^^^^^^^^
NameError: name 'cells_to_relieve' is not defined
ERROR in Agent H_23 process_reward at tick 34: name 'cells_to_relieve' is not defined
Traceback (most recent call last):
  File "/home/user/DisasterAI/DisasterAI_Model.py", line 1315, in process_reward
    for cell in cells_to_relieve:
                ^^^^^^^^^^^^^^^^
NameError: name 'cells_to_relieve' is not defined
ERROR in Agent H_28 process_reward at tick 34: name 'cells_to_relieve' is not defined
Traceback (most recent call last):
  File "/home/user/DisasterAI/DisasterAI_Model.py", line 1315, in process_reward
    for cell in cells_to_relieve:
                ^^^^^^^^^^^^^^^^
NameError: name 'cells_to_relieve' is not defined
ERROR in Agent H_7 process_reward at tick 34: name 'cells_to_relieve' is not defined
Traceback (most recent call last):
  File "/home/user/DisasterAI/DisasterAI_Model.py", line 1315, in process_reward
    for cell in cells_to_relieve:
                ^^^^^^^^^^^^^^^^
NameError: name 'cells_to_relieve' is not defined
ERROR in Agent H_31 process_reward at tick 34: name 'cells_to_relieve' is not defined
Traceback (most recent call last):
  File "/home/user/DisasterAI/DisasterAI_Model.py", line 1315, in process_reward
    for cell in cells_to_relieve:
                ^^^^^^^^^^^^^^^^
NameError: name 'cells_to_relieve' is not defined
ERROR in Agent H_17 process_reward at tick 34: name 'cells_to_relieve' is not defined
Traceback (most recent call last):
  File "/home/user/DisasterAI/DisasterAI_Model.py", line 1315, in process_reward
    for cell in cells_to_relieve:
                ^^^^^^^^^^^^^^^^
NameError: name 'cells_to_relieve' is not defined
ERROR in Agent H_41 process_reward at tick 34: name 'cells_to_relieve' is not defined
Traceback (most recent call last):
  File "/home/user/DisasterAI/DisasterAI_Model.py", line 1315, in process_reward
    for cell in cells_to_relieve:
                ^^^^^^^^^^^^^^^^
NameError: name 'cells_to_relieve' is not defined
ERROR in Agent H_4 process_reward at tick 34: name 'cells_to_relieve' is not defined
Traceback (most recent call last):
  File "/home/user/DisasterAI/DisasterAI_Model.py", line 1315, in process_reward
    for cell in cells_to_relieve:
                ^^^^^^^^^^^^^^^^
NameError: name 'cells_to_relieve' is not defined
ERROR in Agent H_49 process_reward at tick 34: name 'cells_to_relieve' is not defined
Traceback (most recent call last):
  File "/home/user/DisasterAI/DisasterAI_Model.py", line 1315, in process_reward
    for cell in cells_to_relieve:
                ^^^^^^^^^^^^^^^^
NameError: name 'cells_to_relieve' is not defined
ERROR in Agent H_45 process_reward at tick 34: name 'cells_to_relieve' is not defined
Traceback (most recent call last):
  File "/home/user/DisasterAI/DisasterAI_Model.py", line 1315, in process_reward
    for cell in cells_to_relieve:
                ^^^^^^^^^^^^^^^^
NameError: name 'cells_to_relieve' is not defined
ERROR in Agent H_26 process_reward at tick 34: name 'cells_to_relieve' is not defined
Traceback (most recent call last):
  File "/home/user/DisasterAI/DisasterAI_Model.py", line 1315, in process_reward
    for cell in cells_to_relieve:
                ^^^^^^^^^^^^^^^^
NameError: name 'cells_to_relieve' is not defined
ERROR in Agent H_44 process_reward at tick 34: name 'cells_to_relieve' is not defined
Traceback (most recent call last):
  File "/home/user/DisasterAI/DisasterAI_Model.py", line 1315, in process_reward
    for cell in cells_to_relieve:
                ^^^^^^^^^^^^^^^^
NameError: name 'cells_to_relieve' is not defined
ERROR in Agent H_2 process_reward at tick 34: name 'cells_to_relieve' is not defined
Traceback (most recent call last):
  File "/home/user/DisasterAI/DisasterAI_Model.py", line 1315, in process_reward
    for cell in cells_to_relieve:
                ^^^^^^^^^^^^^^^^
NameError: name 'cells_to_relieve' is not defined
ERROR in Agent H_13 process_reward at tick 34: name 'cells_to_relieve' is not defined
Traceback (most recent call last):
  File "/home/user/DisasterAI/DisasterAI_Model.py", line 1315, in process_reward
    for cell in cells_to_relieve:
                ^^^^^^^^^^^^^^^^
NameError: name 'cells_to_relieve' is not defined
ERROR in Agent H_14 process_reward at tick 34: name 'cells_to_relieve' is not defined
Traceback (most recent call last):
  File "/home/user/DisasterAI/DisasterAI_Model.py", line 1315, in process_reward
    for cell in cells_to_relieve:
                ^^^^^^^^^^^^^^^^
NameError: name 'cells_to_relieve' is not defined
ERROR in Agent H_10 process_reward at tick 34: name 'cells_to_relieve' is not defined
Traceback (most recent call last):
  File "/home/user/DisasterAI/DisasterAI_Model.py", line 1315, in process_reward
    for cell in cells_to_relieve:
                ^^^^^^^^^^^^^^^^
NameError: name 'cells_to_relieve' is not defined
ERROR in Agent H_32 process_reward at tick 34: name 'cells_to_relieve' is not defined
Traceback (most recent call last):
  File "/home/user/DisasterAI/DisasterAI_Model.py", line 1315, in process_reward
    for cell in cells_to_relieve:
                ^^^^^^^^^^^^^^^^
NameError: name 'cells_to_relieve' is not defined
ERROR in Agent H_48 process_reward at tick 34: name 'cells_to_relieve' is not defined
Traceback (most recent call last):
  File "/home/user/DisasterAI/DisasterAI_Model.py", line 1315, in process_reward
    for cell in cells_to_relieve:
                ^^^^^^^^^^^^^^^^
NameError: name 'cells_to_relieve' is not defined
ERROR in Agent H_5 process_reward at tick 34: name 'cells_to_relieve' is not defined
Traceback (most recent call last):
  File "/home/user/DisasterAI/DisasterAI_Model.py", line 1315, in process_reward
    for cell in cells_to_relieve:
                ^^^^^^^^^^^^^^^^
NameError: name 'cells_to_relieve' is not defined
ERROR in Agent H_39 process_reward at tick 34: name 'cells_to_relieve' is not defined
Traceback (most recent call last):
  File "/home/user/DisasterAI/DisasterAI_Model.py", line 1315, in process_reward
    for cell in cells_to_relieve:
                ^^^^^^^^^^^^^^^^
NameError: name 'cells_to_relieve' is not defined
ERROR in Agent H_46 process_reward at tick 34: name 'cells_to_relieve' is not defined
Traceback (most recent call last):
  File "/home/user/DisasterAI/DisasterAI_Model.py", line 1315, in process_reward
    for cell in cells_to_relieve:
                ^^^^^^^^^^^^^^^^
NameError: name 'cells_to_relieve' is not defined
ERROR in Agent H_33 process_reward at tick 34: name 'cells_to_relieve' is not defined
Traceback (most recent call last):
  File "/home/user/DisasterAI/DisasterAI_Model.py", line 1315, in process_reward
    for cell in cells_to_relieve:
                ^^^^^^^^^^^^^^^^
NameError: name 'cells_to_relieve' is not defined
ERROR in Agent H_34 process_reward at tick 34: name 'cells_to_relieve' is not defined
Traceback (most recent call last):
  File "/home/user/DisasterAI/DisasterAI_Model.py", line 1315, in process_reward
    for cell in cells_to_relieve:
                ^^^^^^^^^^^^^^^^
NameError: name 'cells_to_relieve' is not defined
ERROR in Agent H_1 process_reward at tick 34: name 'cells_to_relieve' is not defined
Traceback (most recent call last):
  File "/home/user/DisasterAI/DisasterAI_Model.py", line 1315, in process_reward
    for cell in cells_to_relieve:
                ^^^^^^^^^^^^^^^^
NameError: name 'cells_to_relieve' is not defined
ERROR in Agent H_18 process_reward at tick 34: name 'cells_to_relieve' is not defined
Traceback (most recent call last):
  File "/home/user/DisasterAI/DisasterAI_Model.py", line 1315, in process_reward
    for cell in cells_to_relieve:
                ^^^^^^^^^^^^^^^^
NameError: name 'cells_to_relieve' is not defined
ERROR in Agent H_36 process_reward at tick 34: name 'cells_to_relieve' is not defined
Traceback (most recent call last):
  File "/home/user/DisasterAI/DisasterAI_Model.py", line 1315, in process_reward
    for cell in cells_to_relieve:
                ^^^^^^^^^^^^^^^^
NameError: name 'cells_to_relieve' is not defined
ERROR in Agent H_38 process_reward at tick 34: name 'cells_to_relieve' is not defined
Traceback (most recent call last):
  File "/home/user/DisasterAI/DisasterAI_Model.py", line 1315, in process_reward
    for cell in cells_to_relieve:
                ^^^^^^^^^^^^^^^^
NameError: name 'cells_to_relieve' is not defined
ERROR in Agent H_36 process_reward at tick 35: name 'cells_to_relieve' is not defined
Traceback (most recent call last):
  File "/home/user/DisasterAI/DisasterAI_Model.py", line 1315, in process_reward
    for cell in cells_to_relieve:
                ^^^^^^^^^^^^^^^^
NameError: name 'cells_to_relieve' is not defined
ERROR in Agent H_41 process_reward at tick 35: name 'cells_to_relieve' is not defined
Traceback (most recent call last):
  File "/home/user/DisasterAI/DisasterAI_Model.py", line 1315, in process_reward
    for cell in cells_to_relieve:
                ^^^^^^^^^^^^^^^^
NameError: name 'cells_to_relieve' is not defined
ERROR in Agent H_4 process_reward at tick 35: name 'cells_to_relieve' is not defined
Traceback (most recent call last):
  File "/home/user/DisasterAI/DisasterAI_Model.py", line 1315, in process_reward
    for cell in cells_to_relieve:
                ^^^^^^^^^^^^^^^^
NameError: name 'cells_to_relieve' is not defined
ERROR in Agent H_43 process_reward at tick 35: name 'cells_to_relieve' is not defined
Traceback (most recent call last):
  File "/home/user/DisasterAI/DisasterAI_Model.py", line 1315, in process_reward
    for cell in cells_to_relieve:
                ^^^^^^^^^^^^^^^^
NameError: name 'cells_to_relieve' is not defined
ERROR in Agent H_45 process_reward at tick 35: name 'cells_to_relieve' is not defined
Traceback (most recent call last):
  File "/home/user/DisasterAI/DisasterAI_Model.py", line 1315, in process_reward
    for cell in cells_to_relieve:
                ^^^^^^^^^^^^^^^^
NameError: name 'cells_to_relieve' is not defined
ERROR in Agent H_25 process_reward at tick 35: name 'cells_to_relieve' is not defined
Traceback (most recent call last):
  File "/home/user/DisasterAI/DisasterAI_Model.py", line 1315, in process_reward
    for cell in cells_to_relieve:
                ^^^^^^^^^^^^^^^^
NameError: name 'cells_to_relieve' is not defined
ERROR in Agent H_20 process_reward at tick 35: name 'cells_to_relieve' is not defined
Traceback (most recent call last):
  File "/home/user/DisasterAI/DisasterAI_Model.py", line 1315, in process_reward
    for cell in cells_to_relieve:
                ^^^^^^^^^^^^^^^^
NameError: name 'cells_to_relieve' is not defined
ERROR in Agent H_11 process_reward at tick 35: name 'cells_to_relieve' is not defined
Traceback (most recent call last):
  File "/home/user/DisasterAI/DisasterAI_Model.py", line 1315, in process_reward
    for cell in cells_to_relieve:
                ^^^^^^^^^^^^^^^^
NameError: name 'cells_to_relieve' is not defined
ERROR in Agent H_6 process_reward at tick 35: name 'cells_to_relieve' is not defined
Traceback (most recent call last):
  File "/home/user/DisasterAI/DisasterAI_Model.py", line 1315, in process_reward
    for cell in cells_to_relieve:
                ^^^^^^^^^^^^^^^^
NameError: name 'cells_to_relieve' is not defined
ERROR in Agent H_34 process_reward at tick 35: name 'cells_to_relieve' is not defined
Traceback (most recent call last):
  File "/home/user/DisasterAI/DisasterAI_Model.py", line 1315, in process_reward
    for cell in cells_to_relieve:
                ^^^^^^^^^^^^^^^^
NameError: name 'cells_to_relieve' is not defined
ERROR in Agent H_2 process_reward at tick 35: name 'cells_to_relieve' is not defined
Traceback (most recent call last):
  File "/home/user/DisasterAI/DisasterAI_Model.py", line 1315, in process_reward
    for cell in cells_to_relieve:
                ^^^^^^^^^^^^^^^^
NameError: name 'cells_to_relieve' is not defined
ERROR in Agent H_29 process_reward at tick 35: name 'cells_to_relieve' is not defined
Traceback (most recent call last):
  File "/home/user/DisasterAI/DisasterAI_Model.py", line 1315, in process_reward
    for cell in cells_to_relieve:
                ^^^^^^^^^^^^^^^^
NameError: name 'cells_to_relieve' is not defined
ERROR in Agent H_21 process_reward at tick 35: name 'cells_to_relieve' is not defined
Traceback (most recent call last):
  File "/home/user/DisasterAI/DisasterAI_Model.py", line 1315, in process_reward
    for cell in cells_to_relieve:
                ^^^^^^^^^^^^^^^^
NameError: name 'cells_to_relieve' is not defined
ERROR in Agent H_15 process_reward at tick 35: name 'cells_to_relieve' is not defined
Traceback (most recent call last):
  File "/home/user/DisasterAI/DisasterAI_Model.py", line 1315, in process_reward
    for cell in cells_to_relieve:
                ^^^^^^^^^^^^^^^^
NameError: name 'cells_to_relieve' is not defined
ERROR in Agent H_35 process_reward at tick 35: name 'cells_to_relieve' is not defined
Traceback (most recent call last):
  File "/home/user/DisasterAI/DisasterAI_Model.py", line 1315, in process_reward
    for cell in cells_to_relieve:
                ^^^^^^^^^^^^^^^^
NameError: name 'cells_to_relieve' is not defined
ERROR in Agent H_39 process_reward at tick 35: name 'cells_to_relieve' is not defined
Traceback (most recent call last):
  File "/home/user/DisasterAI/DisasterAI_Model.py", line 1315, in process_reward
    for cell in cells_to_relieve:
                ^^^^^^^^^^^^^^^^
NameError: name 'cells_to_relieve' is not defined
ERROR in Agent H_16 process_reward at tick 35: name 'cells_to_relieve' is not defined
Traceback (most recent call last):
  File "/home/user/DisasterAI/DisasterAI_Model.py", line 1315, in process_reward
    for cell in cells_to_relieve:
                ^^^^^^^^^^^^^^^^
NameError: name 'cells_to_relieve' is not defined
ERROR in Agent H_8 process_reward at tick 35: name 'cells_to_relieve' is not defined
Traceback (most recent call last):
  File "/home/user/DisasterAI/DisasterAI_Model.py", line 1315, in process_reward
    for cell in cells_to_relieve:
                ^^^^^^^^^^^^^^^^
NameError: name 'cells_to_relieve' is not defined
ERROR in Agent H_3 process_reward at tick 35: name 'cells_to_relieve' is not defined
Traceback (most recent call last):
  File "/home/user/DisasterAI/DisasterAI_Model.py", line 1315, in process_reward
    for cell in cells_to_relieve:
                ^^^^^^^^^^^^^^^^
NameError: name 'cells_to_relieve' is not defined
ERROR in Agent H_31 process_reward at tick 35: name 'cells_to_relieve' is not defined
Traceback (most recent call last):
  File "/home/user/DisasterAI/DisasterAI_Model.py", line 1315, in process_reward
    for cell in cells_to_relieve:
                ^^^^^^^^^^^^^^^^
NameError: name 'cells_to_relieve' is not defined
ERROR in Agent H_38 process_reward at tick 35: name 'cells_to_relieve' is not defined
Traceback (most recent call last):
  File "/home/user/DisasterAI/DisasterAI_Model.py", line 1315, in process_reward
    for cell in cells_to_relieve:
                ^^^^^^^^^^^^^^^^
NameError: name 'cells_to_relieve' is not defined
ERROR in Agent H_17 process_reward at tick 35: name 'cells_to_relieve' is not defined
Traceback (most recent call last):
  File "/home/user/DisasterAI/DisasterAI_Model.py", line 1315, in process_reward
    for cell in cells_to_relieve:
                ^^^^^^^^^^^^^^^^
NameError: name 'cells_to_relieve' is not defined
ERROR in Agent H_12 process_reward at tick 35: name 'cells_to_relieve' is not defined
Traceback (most recent call last):
  File "/home/user/DisasterAI/DisasterAI_Model.py", line 1315, in process_reward
    for cell in cells_to_relieve:
                ^^^^^^^^^^^^^^^^
NameError: name 'cells_to_relieve' is not defined
ERROR in Agent H_22 process_reward at tick 35: name 'cells_to_relieve' is not defined
Traceback (most recent call last):
  File "/home/user/DisasterAI/DisasterAI_Model.py", line 1315, in process_reward
    for cell in cells_to_relieve:
                ^^^^^^^^^^^^^^^^
NameError: name 'cells_to_relieve' is not defined
ERROR in Agent H_32 process_reward at tick 35: name 'cells_to_relieve' is not defined
Traceback (most recent call last):
  File "/home/user/DisasterAI/DisasterAI_Model.py", line 1315, in process_reward
    for cell in cells_to_relieve:
                ^^^^^^^^^^^^^^^^
NameError: name 'cells_to_relieve' is not defined
ERROR in Agent H_23 process_reward at tick 35: name 'cells_to_relieve' is not defined
Traceback (most recent call last):
  File "/home/user/DisasterAI/DisasterAI_Model.py", line 1315, in process_reward
    for cell in cells_to_relieve:
                ^^^^^^^^^^^^^^^^
NameError: name 'cells_to_relieve' is not defined
ERROR in Agent H_49 process_reward at tick 35: name 'cells_to_relieve' is not defined
Traceback (most recent call last):
  File "/home/user/DisasterAI/DisasterAI_Model.py", line 1315, in process_reward
    for cell in cells_to_relieve:
                ^^^^^^^^^^^^^^^^
NameError: name 'cells_to_relieve' is not defined
ERROR in Agent H_42 process_reward at tick 35: name 'cells_to_relieve' is not defined
Traceback (most recent call last):
  File "/home/user/DisasterAI/DisasterAI_Model.py", line 1315, in process_reward
    for cell in cells_to_relieve:
                ^^^^^^^^^^^^^^^^
NameError: name 'cells_to_relieve' is not defined
ERROR in Agent H_13 process_reward at tick 35: name 'cells_to_relieve' is not defined
Traceback (most recent call last):
  File "/home/user/DisasterAI/DisasterAI_Model.py", line 1315, in process_reward
    for cell in cells_to_relieve:
                ^^^^^^^^^^^^^^^^
NameError: name 'cells_to_relieve' is not defined
ERROR in Agent H_40 process_reward at tick 35: name 'cells_to_relieve' is not defined
Traceback (most recent call last):
  File "/home/user/DisasterAI/DisasterAI_Model.py", line 1315, in process_reward
    for cell in cells_to_relieve:
                ^^^^^^^^^^^^^^^^
NameError: name 'cells_to_relieve' is not defined
ERROR in Agent H_33 process_reward at tick 35: name 'cells_to_relieve' is not defined
Traceback (most recent call last):
  File "/home/user/DisasterAI/DisasterAI_Model.py", line 1315, in process_reward
    for cell in cells_to_relieve:
                ^^^^^^^^^^^^^^^^
NameError: name 'cells_to_relieve' is not defined
ERROR in Agent H_19 process_reward at tick 35: name 'cells_to_relieve' is not defined
Traceback (most recent call last):
  File "/home/user/DisasterAI/DisasterAI_Model.py", line 1315, in process_reward
    for cell in cells_to_relieve:
                ^^^^^^^^^^^^^^^^
NameError: name 'cells_to_relieve' is not defined
ERROR in Agent H_27 process_reward at tick 35: name 'cells_to_relieve' is not defined
Traceback (most recent call last):
  File "/home/user/DisasterAI/DisasterAI_Model.py", line 1315, in process_reward
    for cell in cells_to_relieve:
                ^^^^^^^^^^^^^^^^
NameError: name 'cells_to_relieve' is not defined
ERROR in Agent H_10 process_reward at tick 35: name 'cells_to_relieve' is not defined
Traceback (most recent call last):
  File "/home/user/DisasterAI/DisasterAI_Model.py", line 1315, in process_reward
    for cell in cells_to_relieve:
                ^^^^^^^^^^^^^^^^
NameError: name 'cells_to_relieve' is not defined
ERROR in Agent H_44 process_reward at tick 35: name 'cells_to_relieve' is not defined
Traceback (most recent call last):
  File "/home/user/DisasterAI/DisasterAI_Model.py", line 1315, in process_reward
    for cell in cells_to_relieve:
                ^^^^^^^^^^^^^^^^
NameError: name 'cells_to_relieve' is not defined
ERROR in Agent H_48 process_reward at tick 35: name 'cells_to_relieve' is not defined
Traceback (most recent call last):
  File "/home/user/DisasterAI/DisasterAI_Model.py", line 1315, in process_reward
    for cell in cells_to_relieve:
                ^^^^^^^^^^^^^^^^
NameError: name 'cells_to_relieve' is not defined
ERROR in Agent H_47 process_reward at tick 35: name 'cells_to_relieve' is not defined
Traceback (most recent call last):
  File "/home/user/DisasterAI/DisasterAI_Model.py", line 1315, in process_reward
    for cell in cells_to_relieve:
                ^^^^^^^^^^^^^^^^
NameError: name 'cells_to_relieve' is not defined

DEBUG: Starting AECI variance calculation at tick 35
  Found 0/50 AI-reliant agents
  Global belief variance: 0.0293
  WARNING: Invalid global variance (0.029305897500000004) or no AI-reliant agents
  Returning AECI variance tuple: (35, 0.0)
  Current aeci_variance_data length: 35
  Last 3 entries: [(33, 0.0), (34, 0.0), (35, 0.0)]
ERROR in Agent H_5 process_reward at tick 36: name 'cells_to_relieve' is not defined
Traceback (most recent call last):
  File "/home/user/DisasterAI/DisasterAI_Model.py", line 1315, in process_reward
    for cell in cells_to_relieve:
                ^^^^^^^^^^^^^^^^
NameError: name 'cells_to_relieve' is not defined
ERROR in Agent H_32 process_reward at tick 36: name 'cells_to_relieve' is not defined
Traceback (most recent call last):
  File "/home/user/DisasterAI/DisasterAI_Model.py", line 1315, in process_reward
    for cell in cells_to_relieve:
                ^^^^^^^^^^^^^^^^
NameError: name 'cells_to_relieve' is not defined
ERROR in Agent H_30 process_reward at tick 36: name 'cells_to_relieve' is not defined
Traceback (most recent call last):
  File "/home/user/DisasterAI/DisasterAI_Model.py", line 1315, in process_reward
    for cell in cells_to_relieve:
                ^^^^^^^^^^^^^^^^
NameError: name 'cells_to_relieve' is not defined
ERROR in Agent H_0 process_reward at tick 36: name 'cells_to_relieve' is not defined
Traceback (most recent call last):
  File "/home/user/DisasterAI/DisasterAI_Model.py", line 1315, in process_reward
    for cell in cells_to_relieve:
                ^^^^^^^^^^^^^^^^
NameError: name 'cells_to_relieve' is not defined
ERROR in Agent H_8 process_reward at tick 36: name 'cells_to_relieve' is not defined
Traceback (most recent call last):
  File "/home/user/DisasterAI/DisasterAI_Model.py", line 1315, in process_reward
    for cell in cells_to_relieve:
                ^^^^^^^^^^^^^^^^
NameError: name 'cells_to_relieve' is not defined
ERROR in Agent H_6 process_reward at tick 36: name 'cells_to_relieve' is not defined
Traceback (most recent call last):
  File "/home/user/DisasterAI/DisasterAI_Model.py", line 1315, in process_reward
    for cell in cells_to_relieve:
                ^^^^^^^^^^^^^^^^
NameError: name 'cells_to_relieve' is not defined
ERROR in Agent H_2 process_reward at tick 36: name 'cells_to_relieve' is not defined
Traceback (most recent call last):
  File "/home/user/DisasterAI/DisasterAI_Model.py", line 1315, in process_reward
    for cell in cells_to_relieve:
                ^^^^^^^^^^^^^^^^
NameError: name 'cells_to_relieve' is not defined
ERROR in Agent H_44 process_reward at tick 36: name 'cells_to_relieve' is not defined
Traceback (most recent call last):
  File "/home/user/DisasterAI/DisasterAI_Model.py", line 1315, in process_reward
    for cell in cells_to_relieve:
                ^^^^^^^^^^^^^^^^
NameError: name 'cells_to_relieve' is not defined
ERROR in Agent H_28 process_reward at tick 36: name 'cells_to_relieve' is not defined
Traceback (most recent call last):
  File "/home/user/DisasterAI/DisasterAI_Model.py", line 1315, in process_reward
    for cell in cells_to_relieve:
                ^^^^^^^^^^^^^^^^
NameError: name 'cells_to_relieve' is not defined
ERROR in Agent H_12 process_reward at tick 36: name 'cells_to_relieve' is not defined
Traceback (most recent call last):
  File "/home/user/DisasterAI/DisasterAI_Model.py", line 1315, in process_reward
    for cell in cells_to_relieve:
                ^^^^^^^^^^^^^^^^
NameError: name 'cells_to_relieve' is not defined
ERROR in Agent H_13 process_reward at tick 36: name 'cells_to_relieve' is not defined
Traceback (most recent call last):
  File "/home/user/DisasterAI/DisasterAI_Model.py", line 1315, in process_reward
    for cell in cells_to_relieve:
                ^^^^^^^^^^^^^^^^
NameError: name 'cells_to_relieve' is not defined
ERROR in Agent H_47 process_reward at tick 36: name 'cells_to_relieve' is not defined
Traceback (most recent call last):
  File "/home/user/DisasterAI/DisasterAI_Model.py", line 1315, in process_reward
    for cell in cells_to_relieve:
                ^^^^^^^^^^^^^^^^
NameError: name 'cells_to_relieve' is not defined
ERROR in Agent H_23 process_reward at tick 36: name 'cells_to_relieve' is not defined
Traceback (most recent call last):
  File "/home/user/DisasterAI/DisasterAI_Model.py", line 1315, in process_reward
    for cell in cells_to_relieve:
                ^^^^^^^^^^^^^^^^
NameError: name 'cells_to_relieve' is not defined
ERROR in Agent H_26 process_reward at tick 36: name 'cells_to_relieve' is not defined
Traceback (most recent call last):
  File "/home/user/DisasterAI/DisasterAI_Model.py", line 1315, in process_reward
    for cell in cells_to_relieve:
                ^^^^^^^^^^^^^^^^
NameError: name 'cells_to_relieve' is not defined
ERROR in Agent H_45 process_reward at tick 36: name 'cells_to_relieve' is not defined
Traceback (most recent call last):
  File "/home/user/DisasterAI/DisasterAI_Model.py", line 1315, in process_reward
    for cell in cells_to_relieve:
                ^^^^^^^^^^^^^^^^
NameError: name 'cells_to_relieve' is not defined
ERROR in Agent H_38 process_reward at tick 36: name 'cells_to_relieve' is not defined
Traceback (most recent call last):
  File "/home/user/DisasterAI/DisasterAI_Model.py", line 1315, in process_reward
    for cell in cells_to_relieve:
                ^^^^^^^^^^^^^^^^
NameError: name 'cells_to_relieve' is not defined
ERROR in Agent H_49 process_reward at tick 36: name 'cells_to_relieve' is not defined
Traceback (most recent call last):
  File "/home/user/DisasterAI/DisasterAI_Model.py", line 1315, in process_reward
    for cell in cells_to_relieve:
                ^^^^^^^^^^^^^^^^
NameError: name 'cells_to_relieve' is not defined
ERROR in Agent H_35 process_reward at tick 36: name 'cells_to_relieve' is not defined
Traceback (most recent call last):
  File "/home/user/DisasterAI/DisasterAI_Model.py", line 1315, in process_reward
    for cell in cells_to_relieve:
                ^^^^^^^^^^^^^^^^
NameError: name 'cells_to_relieve' is not defined
ERROR in Agent H_42 process_reward at tick 36: name 'cells_to_relieve' is not defined
Traceback (most recent call last):
  File "/home/user/DisasterAI/DisasterAI_Model.py", line 1315, in process_reward
    for cell in cells_to_relieve:
                ^^^^^^^^^^^^^^^^
NameError: name 'cells_to_relieve' is not defined
ERROR in Agent H_31 process_reward at tick 36: name 'cells_to_relieve' is not defined
Traceback (most recent call last):
  File "/home/user/DisasterAI/DisasterAI_Model.py", line 1315, in process_reward
    for cell in cells_to_relieve:
                ^^^^^^^^^^^^^^^^
NameError: name 'cells_to_relieve' is not defined
ERROR in Agent H_25 process_reward at tick 36: name 'cells_to_relieve' is not defined
Traceback (most recent call last):
  File "/home/user/DisasterAI/DisasterAI_Model.py", line 1315, in process_reward
    for cell in cells_to_relieve:
                ^^^^^^^^^^^^^^^^
NameError: name 'cells_to_relieve' is not defined
ERROR in Agent H_16 process_reward at tick 36: name 'cells_to_relieve' is not defined
Traceback (most recent call last):
  File "/home/user/DisasterAI/DisasterAI_Model.py", line 1315, in process_reward
    for cell in cells_to_relieve:
                ^^^^^^^^^^^^^^^^
NameError: name 'cells_to_relieve' is not defined
ERROR in Agent H_43 process_reward at tick 36: name 'cells_to_relieve' is not defined
Traceback (most recent call last):
  File "/home/user/DisasterAI/DisasterAI_Model.py", line 1315, in process_reward
    for cell in cells_to_relieve:
                ^^^^^^^^^^^^^^^^
NameError: name 'cells_to_relieve' is not defined
ERROR in Agent H_17 process_reward at tick 36: name 'cells_to_relieve' is not defined
Traceback (most recent call last):
  File "/home/user/DisasterAI/DisasterAI_Model.py", line 1315, in process_reward
    for cell in cells_to_relieve:
                ^^^^^^^^^^^^^^^^
NameError: name 'cells_to_relieve' is not defined
ERROR in Agent H_10 process_reward at tick 36: name 'cells_to_relieve' is not defined
Traceback (most recent call last):
  File "/home/user/DisasterAI/DisasterAI_Model.py", line 1315, in process_reward
    for cell in cells_to_relieve:
                ^^^^^^^^^^^^^^^^
NameError: name 'cells_to_relieve' is not defined
ERROR in Agent H_41 process_reward at tick 36: name 'cells_to_relieve' is not defined
Traceback (most recent call last):
  File "/home/user/DisasterAI/DisasterAI_Model.py", line 1315, in process_reward
    for cell in cells_to_relieve:
                ^^^^^^^^^^^^^^^^
NameError: name 'cells_to_relieve' is not defined
ERROR in Agent H_7 process_reward at tick 36: name 'cells_to_relieve' is not defined
Traceback (most recent call last):
  File "/home/user/DisasterAI/DisasterAI_Model.py", line 1315, in process_reward
    for cell in cells_to_relieve:
                ^^^^^^^^^^^^^^^^
NameError: name 'cells_to_relieve' is not defined
ERROR in Agent H_22 process_reward at tick 36: name 'cells_to_relieve' is not defined
Traceback (most recent call last):
  File "/home/user/DisasterAI/DisasterAI_Model.py", line 1315, in process_reward
    for cell in cells_to_relieve:
                ^^^^^^^^^^^^^^^^
NameError: name 'cells_to_relieve' is not defined
ERROR in Agent H_39 process_reward at tick 36: name 'cells_to_relieve' is not defined
Traceback (most recent call last):
  File "/home/user/DisasterAI/DisasterAI_Model.py", line 1315, in process_reward
    for cell in cells_to_relieve:
                ^^^^^^^^^^^^^^^^
NameError: name 'cells_to_relieve' is not defined
ERROR in Agent H_29 process_reward at tick 36: name 'cells_to_relieve' is not defined
Traceback (most recent call last):
  File "/home/user/DisasterAI/DisasterAI_Model.py", line 1315, in process_reward
    for cell in cells_to_relieve:
                ^^^^^^^^^^^^^^^^
NameError: name 'cells_to_relieve' is not defined
ERROR in Agent H_34 process_reward at tick 36: name 'cells_to_relieve' is not defined
Traceback (most recent call last):
  File "/home/user/DisasterAI/DisasterAI_Model.py", line 1315, in process_reward
    for cell in cells_to_relieve:
                ^^^^^^^^^^^^^^^^
NameError: name 'cells_to_relieve' is not defined
ERROR in Agent H_36 process_reward at tick 36: name 'cells_to_relieve' is not defined
Traceback (most recent call last):
  File "/home/user/DisasterAI/DisasterAI_Model.py", line 1315, in process_reward
    for cell in cells_to_relieve:
                ^^^^^^^^^^^^^^^^
NameError: name 'cells_to_relieve' is not defined
ERROR in Agent H_19 process_reward at tick 36: name 'cells_to_relieve' is not defined
Traceback (most recent call last):
  File "/home/user/DisasterAI/DisasterAI_Model.py", line 1315, in process_reward
    for cell in cells_to_relieve:
                ^^^^^^^^^^^^^^^^
NameError: name 'cells_to_relieve' is not defined
ERROR in Agent H_24 process_reward at tick 36: name 'cells_to_relieve' is not defined
Traceback (most recent call last):
  File "/home/user/DisasterAI/DisasterAI_Model.py", line 1315, in process_reward
    for cell in cells_to_relieve:
                ^^^^^^^^^^^^^^^^
NameError: name 'cells_to_relieve' is not defined
ERROR in Agent H_31 process_reward at tick 37: name 'cells_to_relieve' is not defined
Traceback (most recent call last):
  File "/home/user/DisasterAI/DisasterAI_Model.py", line 1315, in process_reward
    for cell in cells_to_relieve:
                ^^^^^^^^^^^^^^^^
NameError: name 'cells_to_relieve' is not defined
ERROR in Agent H_9 process_reward at tick 37: name 'cells_to_relieve' is not defined
Traceback (most recent call last):
  File "/home/user/DisasterAI/DisasterAI_Model.py", line 1315, in process_reward
    for cell in cells_to_relieve:
                ^^^^^^^^^^^^^^^^
NameError: name 'cells_to_relieve' is not defined
ERROR in Agent H_41 process_reward at tick 37: name 'cells_to_relieve' is not defined
Traceback (most recent call last):
  File "/home/user/DisasterAI/DisasterAI_Model.py", line 1315, in process_reward
    for cell in cells_to_relieve:
                ^^^^^^^^^^^^^^^^
NameError: name 'cells_to_relieve' is not defined
ERROR in Agent H_4 process_reward at tick 37: name 'cells_to_relieve' is not defined
Traceback (most recent call last):
  File "/home/user/DisasterAI/DisasterAI_Model.py", line 1315, in process_reward
    for cell in cells_to_relieve:
                ^^^^^^^^^^^^^^^^
NameError: name 'cells_to_relieve' is not defined
ERROR in Agent H_5 process_reward at tick 37: name 'cells_to_relieve' is not defined
Traceback (most recent call last):
  File "/home/user/DisasterAI/DisasterAI_Model.py", line 1315, in process_reward
    for cell in cells_to_relieve:
                ^^^^^^^^^^^^^^^^
NameError: name 'cells_to_relieve' is not defined
ERROR in Agent H_3 process_reward at tick 37: name 'cells_to_relieve' is not defined
Traceback (most recent call last):
  File "/home/user/DisasterAI/DisasterAI_Model.py", line 1315, in process_reward
    for cell in cells_to_relieve:
                ^^^^^^^^^^^^^^^^
NameError: name 'cells_to_relieve' is not defined
ERROR in Agent H_34 process_reward at tick 37: name 'cells_to_relieve' is not defined
Traceback (most recent call last):
  File "/home/user/DisasterAI/DisasterAI_Model.py", line 1315, in process_reward
    for cell in cells_to_relieve:
                ^^^^^^^^^^^^^^^^
NameError: name 'cells_to_relieve' is not defined
ERROR in Agent H_39 process_reward at tick 37: name 'cells_to_relieve' is not defined
Traceback (most recent call last):
  File "/home/user/DisasterAI/DisasterAI_Model.py", line 1315, in process_reward
    for cell in cells_to_relieve:
                ^^^^^^^^^^^^^^^^
NameError: name 'cells_to_relieve' is not defined
ERROR in Agent H_18 process_reward at tick 37: name 'cells_to_relieve' is not defined
Traceback (most recent call last):
  File "/home/user/DisasterAI/DisasterAI_Model.py", line 1315, in process_reward
    for cell in cells_to_relieve:
                ^^^^^^^^^^^^^^^^
NameError: name 'cells_to_relieve' is not defined
ERROR in Agent H_40 process_reward at tick 37: name 'cells_to_relieve' is not defined
Traceback (most recent call last):
  File "/home/user/DisasterAI/DisasterAI_Model.py", line 1315, in process_reward
    for cell in cells_to_relieve:
                ^^^^^^^^^^^^^^^^
NameError: name 'cells_to_relieve' is not defined
ERROR in Agent H_35 process_reward at tick 37: name 'cells_to_relieve' is not defined
Traceback (most recent call last):
  File "/home/user/DisasterAI/DisasterAI_Model.py", line 1315, in process_reward
    for cell in cells_to_relieve:
                ^^^^^^^^^^^^^^^^
NameError: name 'cells_to_relieve' is not defined
ERROR in Agent H_15 process_reward at tick 37: name 'cells_to_relieve' is not defined
Traceback (most recent call last):
  File "/home/user/DisasterAI/DisasterAI_Model.py", line 1315, in process_reward
    for cell in cells_to_relieve:
                ^^^^^^^^^^^^^^^^
NameError: name 'cells_to_relieve' is not defined
ERROR in Agent H_10 process_reward at tick 37: name 'cells_to_relieve' is not defined
Traceback (most recent call last):
  File "/home/user/DisasterAI/DisasterAI_Model.py", line 1315, in process_reward
    for cell in cells_to_relieve:
                ^^^^^^^^^^^^^^^^
NameError: name 'cells_to_relieve' is not defined
ERROR in Agent H_17 process_reward at tick 37: name 'cells_to_relieve' is not defined
Traceback (most recent call last):
  File "/home/user/DisasterAI/DisasterAI_Model.py", line 1315, in process_reward
    for cell in cells_to_relieve:
                ^^^^^^^^^^^^^^^^
NameError: name 'cells_to_relieve' is not defined
ERROR in Agent H_30 process_reward at tick 37: name 'cells_to_relieve' is not defined
Traceback (most recent call last):
  File "/home/user/DisasterAI/DisasterAI_Model.py", line 1315, in process_reward
    for cell in cells_to_relieve:
                ^^^^^^^^^^^^^^^^
NameError: name 'cells_to_relieve' is not defined
ERROR in Agent H_19 process_reward at tick 37: name 'cells_to_relieve' is not defined
Traceback (most recent call last):
  File "/home/user/DisasterAI/DisasterAI_Model.py", line 1315, in process_reward
    for cell in cells_to_relieve:
                ^^^^^^^^^^^^^^^^
NameError: name 'cells_to_relieve' is not defined
ERROR in Agent H_27 process_reward at tick 37: name 'cells_to_relieve' is not defined
Traceback (most recent call last):
  File "/home/user/DisasterAI/DisasterAI_Model.py", line 1315, in process_reward
    for cell in cells_to_relieve:
                ^^^^^^^^^^^^^^^^
NameError: name 'cells_to_relieve' is not defined
ERROR in Agent H_7 process_reward at tick 37: name 'cells_to_relieve' is not defined
Traceback (most recent call last):
  File "/home/user/DisasterAI/DisasterAI_Model.py", line 1315, in process_reward
    for cell in cells_to_relieve:
                ^^^^^^^^^^^^^^^^
NameError: name 'cells_to_relieve' is not defined
ERROR in Agent H_49 process_reward at tick 37: name 'cells_to_relieve' is not defined
Traceback (most recent call last):
  File "/home/user/DisasterAI/DisasterAI_Model.py", line 1315, in process_reward
    for cell in cells_to_relieve:
                ^^^^^^^^^^^^^^^^
NameError: name 'cells_to_relieve' is not defined
ERROR in Agent H_33 process_reward at tick 37: name 'cells_to_relieve' is not defined
Traceback (most recent call last):
  File "/home/user/DisasterAI/DisasterAI_Model.py", line 1315, in process_reward
    for cell in cells_to_relieve:
                ^^^^^^^^^^^^^^^^
NameError: name 'cells_to_relieve' is not defined
ERROR in Agent H_26 process_reward at tick 37: name 'cells_to_relieve' is not defined
Traceback (most recent call last):
  File "/home/user/DisasterAI/DisasterAI_Model.py", line 1315, in process_reward
    for cell in cells_to_relieve:
                ^^^^^^^^^^^^^^^^
NameError: name 'cells_to_relieve' is not defined
ERROR in Agent H_1 process_reward at tick 37: name 'cells_to_relieve' is not defined
Traceback (most recent call last):
  File "/home/user/DisasterAI/DisasterAI_Model.py", line 1315, in process_reward
    for cell in cells_to_relieve:
                ^^^^^^^^^^^^^^^^
NameError: name 'cells_to_relieve' is not defined
ERROR in Agent H_24 process_reward at tick 37: name 'cells_to_relieve' is not defined
Traceback (most recent call last):
  File "/home/user/DisasterAI/DisasterAI_Model.py", line 1315, in process_reward
    for cell in cells_to_relieve:
                ^^^^^^^^^^^^^^^^
NameError: name 'cells_to_relieve' is not defined
ERROR in Agent H_11 process_reward at tick 37: name 'cells_to_relieve' is not defined
Traceback (most recent call last):
  File "/home/user/DisasterAI/DisasterAI_Model.py", line 1315, in process_reward
    for cell in cells_to_relieve:
                ^^^^^^^^^^^^^^^^
NameError: name 'cells_to_relieve' is not defined
ERROR in Agent H_2 process_reward at tick 37: name 'cells_to_relieve' is not defined
Traceback (most recent call last):
  File "/home/user/DisasterAI/DisasterAI_Model.py", line 1315, in process_reward
    for cell in cells_to_relieve:
                ^^^^^^^^^^^^^^^^
NameError: name 'cells_to_relieve' is not defined
ERROR in Agent H_46 process_reward at tick 37: name 'cells_to_relieve' is not defined
Traceback (most recent call last):
  File "/home/user/DisasterAI/DisasterAI_Model.py", line 1315, in process_reward
    for cell in cells_to_relieve:
                ^^^^^^^^^^^^^^^^
NameError: name 'cells_to_relieve' is not defined
ERROR in Agent H_14 process_reward at tick 37: name 'cells_to_relieve' is not defined
Traceback (most recent call last):
  File "/home/user/DisasterAI/DisasterAI_Model.py", line 1315, in process_reward
    for cell in cells_to_relieve:
                ^^^^^^^^^^^^^^^^
NameError: name 'cells_to_relieve' is not defined
ERROR in Agent H_6 process_reward at tick 37: name 'cells_to_relieve' is not defined
Traceback (most recent call last):
  File "/home/user/DisasterAI/DisasterAI_Model.py", line 1315, in process_reward
    for cell in cells_to_relieve:
                ^^^^^^^^^^^^^^^^
NameError: name 'cells_to_relieve' is not defined
ERROR in Agent H_38 process_reward at tick 37: name 'cells_to_relieve' is not defined
Traceback (most recent call last):
  File "/home/user/DisasterAI/DisasterAI_Model.py", line 1315, in process_reward
    for cell in cells_to_relieve:
                ^^^^^^^^^^^^^^^^
NameError: name 'cells_to_relieve' is not defined
ERROR in Agent H_45 process_reward at tick 37: name 'cells_to_relieve' is not defined
Traceback (most recent call last):
  File "/home/user/DisasterAI/DisasterAI_Model.py", line 1315, in process_reward
    for cell in cells_to_relieve:
                ^^^^^^^^^^^^^^^^
NameError: name 'cells_to_relieve' is not defined
ERROR in Agent H_8 process_reward at tick 37: name 'cells_to_relieve' is not defined
Traceback (most recent call last):
  File "/home/user/DisasterAI/DisasterAI_Model.py", line 1315, in process_reward
    for cell in cells_to_relieve:
                ^^^^^^^^^^^^^^^^
NameError: name 'cells_to_relieve' is not defined
ERROR in Agent H_45 process_reward at tick 38: name 'cells_to_relieve' is not defined
Traceback (most recent call last):
  File "/home/user/DisasterAI/DisasterAI_Model.py", line 1315, in process_reward
    for cell in cells_to_relieve:
                ^^^^^^^^^^^^^^^^
NameError: name 'cells_to_relieve' is not defined
ERROR in Agent H_21 process_reward at tick 38: name 'cells_to_relieve' is not defined
Traceback (most recent call last):
  File "/home/user/DisasterAI/DisasterAI_Model.py", line 1315, in process_reward
    for cell in cells_to_relieve:
                ^^^^^^^^^^^^^^^^
NameError: name 'cells_to_relieve' is not defined
ERROR in Agent H_26 process_reward at tick 38: name 'cells_to_relieve' is not defined
Traceback (most recent call last):
  File "/home/user/DisasterAI/DisasterAI_Model.py", line 1315, in process_reward
    for cell in cells_to_relieve:
                ^^^^^^^^^^^^^^^^
NameError: name 'cells_to_relieve' is not defined
ERROR in Agent H_10 process_reward at tick 38: name 'cells_to_relieve' is not defined
Traceback (most recent call last):
  File "/home/user/DisasterAI/DisasterAI_Model.py", line 1315, in process_reward
    for cell in cells_to_relieve:
                ^^^^^^^^^^^^^^^^
NameError: name 'cells_to_relieve' is not defined
ERROR in Agent H_25 process_reward at tick 38: name 'cells_to_relieve' is not defined
Traceback (most recent call last):
  File "/home/user/DisasterAI/DisasterAI_Model.py", line 1315, in process_reward
    for cell in cells_to_relieve:
                ^^^^^^^^^^^^^^^^
NameError: name 'cells_to_relieve' is not defined
ERROR in Agent H_44 process_reward at tick 38: name 'cells_to_relieve' is not defined
Traceback (most recent call last):
  File "/home/user/DisasterAI/DisasterAI_Model.py", line 1315, in process_reward
    for cell in cells_to_relieve:
                ^^^^^^^^^^^^^^^^
NameError: name 'cells_to_relieve' is not defined
ERROR in Agent H_5 process_reward at tick 38: name 'cells_to_relieve' is not defined
Traceback (most recent call last):
  File "/home/user/DisasterAI/DisasterAI_Model.py", line 1315, in process_reward
    for cell in cells_to_relieve:
                ^^^^^^^^^^^^^^^^
NameError: name 'cells_to_relieve' is not defined
ERROR in Agent H_11 process_reward at tick 38: name 'cells_to_relieve' is not defined
Traceback (most recent call last):
  File "/home/user/DisasterAI/DisasterAI_Model.py", line 1315, in process_reward
    for cell in cells_to_relieve:
                ^^^^^^^^^^^^^^^^
NameError: name 'cells_to_relieve' is not defined
ERROR in Agent H_36 process_reward at tick 38: name 'cells_to_relieve' is not defined
Traceback (most recent call last):
  File "/home/user/DisasterAI/DisasterAI_Model.py", line 1315, in process_reward
    for cell in cells_to_relieve:
                ^^^^^^^^^^^^^^^^
NameError: name 'cells_to_relieve' is not defined
ERROR in Agent H_18 process_reward at tick 38: name 'cells_to_relieve' is not defined
Traceback (most recent call last):
  File "/home/user/DisasterAI/DisasterAI_Model.py", line 1315, in process_reward
    for cell in cells_to_relieve:
                ^^^^^^^^^^^^^^^^
NameError: name 'cells_to_relieve' is not defined
ERROR in Agent H_48 process_reward at tick 38: name 'cells_to_relieve' is not defined
Traceback (most recent call last):
  File "/home/user/DisasterAI/DisasterAI_Model.py", line 1315, in process_reward
    for cell in cells_to_relieve:
                ^^^^^^^^^^^^^^^^
NameError: name 'cells_to_relieve' is not defined
ERROR in Agent H_16 process_reward at tick 38: name 'cells_to_relieve' is not defined
Traceback (most recent call last):
  File "/home/user/DisasterAI/DisasterAI_Model.py", line 1315, in process_reward
    for cell in cells_to_relieve:
                ^^^^^^^^^^^^^^^^
NameError: name 'cells_to_relieve' is not defined
ERROR in Agent H_29 process_reward at tick 38: name 'cells_to_relieve' is not defined
Traceback (most recent call last):
  File "/home/user/DisasterAI/DisasterAI_Model.py", line 1315, in process_reward
    for cell in cells_to_relieve:
                ^^^^^^^^^^^^^^^^
NameError: name 'cells_to_relieve' is not defined
ERROR in Agent H_19 process_reward at tick 38: name 'cells_to_relieve' is not defined
Traceback (most recent call last):
  File "/home/user/DisasterAI/DisasterAI_Model.py", line 1315, in process_reward
    for cell in cells_to_relieve:
                ^^^^^^^^^^^^^^^^
NameError: name 'cells_to_relieve' is not defined
ERROR in Agent H_24 process_reward at tick 38: name 'cells_to_relieve' is not defined
Traceback (most recent call last):
  File "/home/user/DisasterAI/DisasterAI_Model.py", line 1315, in process_reward
    for cell in cells_to_relieve:
                ^^^^^^^^^^^^^^^^
NameError: name 'cells_to_relieve' is not defined
ERROR in Agent H_14 process_reward at tick 38: name 'cells_to_relieve' is not defined
Traceback (most recent call last):
  File "/home/user/DisasterAI/DisasterAI_Model.py", line 1315, in process_reward
    for cell in cells_to_relieve:
                ^^^^^^^^^^^^^^^^
NameError: name 'cells_to_relieve' is not defined
ERROR in Agent H_2 process_reward at tick 38: name 'cells_to_relieve' is not defined
Traceback (most recent call last):
  File "/home/user/DisasterAI/DisasterAI_Model.py", line 1315, in process_reward
    for cell in cells_to_relieve:
                ^^^^^^^^^^^^^^^^
NameError: name 'cells_to_relieve' is not defined
ERROR in Agent H_39 process_reward at tick 38: name 'cells_to_relieve' is not defined
Traceback (most recent call last):
  File "/home/user/DisasterAI/DisasterAI_Model.py", line 1315, in process_reward
    for cell in cells_to_relieve:
                ^^^^^^^^^^^^^^^^
NameError: name 'cells_to_relieve' is not defined
ERROR in Agent H_35 process_reward at tick 38: name 'cells_to_relieve' is not defined
Traceback (most recent call last):
  File "/home/user/DisasterAI/DisasterAI_Model.py", line 1315, in process_reward
    for cell in cells_to_relieve:
                ^^^^^^^^^^^^^^^^
NameError: name 'cells_to_relieve' is not defined
ERROR in Agent H_15 process_reward at tick 38: name 'cells_to_relieve' is not defined
Traceback (most recent call last):
  File "/home/user/DisasterAI/DisasterAI_Model.py", line 1315, in process_reward
    for cell in cells_to_relieve:
                ^^^^^^^^^^^^^^^^
NameError: name 'cells_to_relieve' is not defined
ERROR in Agent H_0 process_reward at tick 38: name 'cells_to_relieve' is not defined
Traceback (most recent call last):
  File "/home/user/DisasterAI/DisasterAI_Model.py", line 1315, in process_reward
    for cell in cells_to_relieve:
                ^^^^^^^^^^^^^^^^
NameError: name 'cells_to_relieve' is not defined
ERROR in Agent H_13 process_reward at tick 38: name 'cells_to_relieve' is not defined
Traceback (most recent call last):
  File "/home/user/DisasterAI/DisasterAI_Model.py", line 1315, in process_reward
    for cell in cells_to_relieve:
                ^^^^^^^^^^^^^^^^
NameError: name 'cells_to_relieve' is not defined
ERROR in Agent H_43 process_reward at tick 38: name 'cells_to_relieve' is not defined
Traceback (most recent call last):
  File "/home/user/DisasterAI/DisasterAI_Model.py", line 1315, in process_reward
    for cell in cells_to_relieve:
                ^^^^^^^^^^^^^^^^
NameError: name 'cells_to_relieve' is not defined
ERROR in Agent H_37 process_reward at tick 38: name 'cells_to_relieve' is not defined
Traceback (most recent call last):
  File "/home/user/DisasterAI/DisasterAI_Model.py", line 1315, in process_reward
    for cell in cells_to_relieve:
                ^^^^^^^^^^^^^^^^
NameError: name 'cells_to_relieve' is not defined
ERROR in Agent H_1 process_reward at tick 38: name 'cells_to_relieve' is not defined
Traceback (most recent call last):
  File "/home/user/DisasterAI/DisasterAI_Model.py", line 1315, in process_reward
    for cell in cells_to_relieve:
                ^^^^^^^^^^^^^^^^
NameError: name 'cells_to_relieve' is not defined
ERROR in Agent H_10 process_reward at tick 39: name 'cells_to_relieve' is not defined
Traceback (most recent call last):
  File "/home/user/DisasterAI/DisasterAI_Model.py", line 1315, in process_reward
    for cell in cells_to_relieve:
                ^^^^^^^^^^^^^^^^
NameError: name 'cells_to_relieve' is not defined
ERROR in Agent H_16 process_reward at tick 39: name 'cells_to_relieve' is not defined
Traceback (most recent call last):
  File "/home/user/DisasterAI/DisasterAI_Model.py", line 1315, in process_reward
    for cell in cells_to_relieve:
                ^^^^^^^^^^^^^^^^
NameError: name 'cells_to_relieve' is not defined
ERROR in Agent H_11 process_reward at tick 39: name 'cells_to_relieve' is not defined
Traceback (most recent call last):
  File "/home/user/DisasterAI/DisasterAI_Model.py", line 1315, in process_reward
    for cell in cells_to_relieve:
                ^^^^^^^^^^^^^^^^
NameError: name 'cells_to_relieve' is not defined
ERROR in Agent H_6 process_reward at tick 39: name 'cells_to_relieve' is not defined
Traceback (most recent call last):
  File "/home/user/DisasterAI/DisasterAI_Model.py", line 1315, in process_reward
    for cell in cells_to_relieve:
                ^^^^^^^^^^^^^^^^
NameError: name 'cells_to_relieve' is not defined
ERROR in Agent H_17 process_reward at tick 39: name 'cells_to_relieve' is not defined
Traceback (most recent call last):
  File "/home/user/DisasterAI/DisasterAI_Model.py", line 1315, in process_reward
    for cell in cells_to_relieve:
                ^^^^^^^^^^^^^^^^
NameError: name 'cells_to_relieve' is not defined
ERROR in Agent H_37 process_reward at tick 39: name 'cells_to_relieve' is not defined
Traceback (most recent call last):
  File "/home/user/DisasterAI/DisasterAI_Model.py", line 1315, in process_reward
    for cell in cells_to_relieve:
                ^^^^^^^^^^^^^^^^
NameError: name 'cells_to_relieve' is not defined
ERROR in Agent H_20 process_reward at tick 39: name 'cells_to_relieve' is not defined
Traceback (most recent call last):
  File "/home/user/DisasterAI/DisasterAI_Model.py", line 1315, in process_reward
    for cell in cells_to_relieve:
                ^^^^^^^^^^^^^^^^
NameError: name 'cells_to_relieve' is not defined
ERROR in Agent H_14 process_reward at tick 39: name 'cells_to_relieve' is not defined
Traceback (most recent call last):
  File "/home/user/DisasterAI/DisasterAI_Model.py", line 1315, in process_reward
    for cell in cells_to_relieve:
                ^^^^^^^^^^^^^^^^
NameError: name 'cells_to_relieve' is not defined
ERROR in Agent H_29 process_reward at tick 39: name 'cells_to_relieve' is not defined
Traceback (most recent call last):
  File "/home/user/DisasterAI/DisasterAI_Model.py", line 1315, in process_reward
    for cell in cells_to_relieve:
                ^^^^^^^^^^^^^^^^
NameError: name 'cells_to_relieve' is not defined
ERROR in Agent H_25 process_reward at tick 39: name 'cells_to_relieve' is not defined
Traceback (most recent call last):
  File "/home/user/DisasterAI/DisasterAI_Model.py", line 1315, in process_reward
    for cell in cells_to_relieve:
                ^^^^^^^^^^^^^^^^
NameError: name 'cells_to_relieve' is not defined
ERROR in Agent H_22 process_reward at tick 39: name 'cells_to_relieve' is not defined
Traceback (most recent call last):
  File "/home/user/DisasterAI/DisasterAI_Model.py", line 1315, in process_reward
    for cell in cells_to_relieve:
                ^^^^^^^^^^^^^^^^
NameError: name 'cells_to_relieve' is not defined
ERROR in Agent H_49 process_reward at tick 39: name 'cells_to_relieve' is not defined
Traceback (most recent call last):
  File "/home/user/DisasterAI/DisasterAI_Model.py", line 1315, in process_reward
    for cell in cells_to_relieve:
                ^^^^^^^^^^^^^^^^
NameError: name 'cells_to_relieve' is not defined
ERROR in Agent H_42 process_reward at tick 39: name 'cells_to_relieve' is not defined
Traceback (most recent call last):
  File "/home/user/DisasterAI/DisasterAI_Model.py", line 1315, in process_reward
    for cell in cells_to_relieve:
                ^^^^^^^^^^^^^^^^
NameError: name 'cells_to_relieve' is not defined
ERROR in Agent H_40 process_reward at tick 39: name 'cells_to_relieve' is not defined
Traceback (most recent call last):
  File "/home/user/DisasterAI/DisasterAI_Model.py", line 1315, in process_reward
    for cell in cells_to_relieve:
                ^^^^^^^^^^^^^^^^
NameError: name 'cells_to_relieve' is not defined
ERROR in Agent H_3 process_reward at tick 39: name 'cells_to_relieve' is not defined
Traceback (most recent call last):
  File "/home/user/DisasterAI/DisasterAI_Model.py", line 1315, in process_reward
    for cell in cells_to_relieve:
                ^^^^^^^^^^^^^^^^
NameError: name 'cells_to_relieve' is not defined
ERROR in Agent H_21 process_reward at tick 39: name 'cells_to_relieve' is not defined
Traceback (most recent call last):
  File "/home/user/DisasterAI/DisasterAI_Model.py", line 1315, in process_reward
    for cell in cells_to_relieve:
                ^^^^^^^^^^^^^^^^
NameError: name 'cells_to_relieve' is not defined
ERROR in Agent H_19 process_reward at tick 39: name 'cells_to_relieve' is not defined
Traceback (most recent call last):
  File "/home/user/DisasterAI/DisasterAI_Model.py", line 1315, in process_reward
    for cell in cells_to_relieve:
                ^^^^^^^^^^^^^^^^
NameError: name 'cells_to_relieve' is not defined
ERROR in Agent H_27 process_reward at tick 39: name 'cells_to_relieve' is not defined
Traceback (most recent call last):
  File "/home/user/DisasterAI/DisasterAI_Model.py", line 1315, in process_reward
    for cell in cells_to_relieve:
                ^^^^^^^^^^^^^^^^
NameError: name 'cells_to_relieve' is not defined
ERROR in Agent H_41 process_reward at tick 39: name 'cells_to_relieve' is not defined
Traceback (most recent call last):
  File "/home/user/DisasterAI/DisasterAI_Model.py", line 1315, in process_reward
    for cell in cells_to_relieve:
                ^^^^^^^^^^^^^^^^
NameError: name 'cells_to_relieve' is not defined
ERROR in Agent H_46 process_reward at tick 39: name 'cells_to_relieve' is not defined
Traceback (most recent call last):
  File "/home/user/DisasterAI/DisasterAI_Model.py", line 1315, in process_reward
    for cell in cells_to_relieve:
                ^^^^^^^^^^^^^^^^
NameError: name 'cells_to_relieve' is not defined
ERROR in Agent H_44 process_reward at tick 39: name 'cells_to_relieve' is not defined
Traceback (most recent call last):
  File "/home/user/DisasterAI/DisasterAI_Model.py", line 1315, in process_reward
    for cell in cells_to_relieve:
                ^^^^^^^^^^^^^^^^
NameError: name 'cells_to_relieve' is not defined
ERROR in Agent H_4 process_reward at tick 39: name 'cells_to_relieve' is not defined
Traceback (most recent call last):
  File "/home/user/DisasterAI/DisasterAI_Model.py", line 1315, in process_reward
    for cell in cells_to_relieve:
                ^^^^^^^^^^^^^^^^
NameError: name 'cells_to_relieve' is not defined
ERROR in Agent H_45 process_reward at tick 39: name 'cells_to_relieve' is not defined
Traceback (most recent call last):
  File "/home/user/DisasterAI/DisasterAI_Model.py", line 1315, in process_reward
    for cell in cells_to_relieve:
                ^^^^^^^^^^^^^^^^
NameError: name 'cells_to_relieve' is not defined
ERROR in Agent H_35 process_reward at tick 39: name 'cells_to_relieve' is not defined
Traceback (most recent call last):
  File "/home/user/DisasterAI/DisasterAI_Model.py", line 1315, in process_reward
    for cell in cells_to_relieve:
                ^^^^^^^^^^^^^^^^
NameError: name 'cells_to_relieve' is not defined
ERROR in Agent H_48 process_reward at tick 39: name 'cells_to_relieve' is not defined
Traceback (most recent call last):
  File "/home/user/DisasterAI/DisasterAI_Model.py", line 1315, in process_reward
    for cell in cells_to_relieve:
                ^^^^^^^^^^^^^^^^
NameError: name 'cells_to_relieve' is not defined
ERROR in Agent H_28 process_reward at tick 39: name 'cells_to_relieve' is not defined
Traceback (most recent call last):
  File "/home/user/DisasterAI/DisasterAI_Model.py", line 1315, in process_reward
    for cell in cells_to_relieve:
                ^^^^^^^^^^^^^^^^
NameError: name 'cells_to_relieve' is not defined
ERROR in Agent H_31 process_reward at tick 39: name 'cells_to_relieve' is not defined
Traceback (most recent call last):
  File "/home/user/DisasterAI/DisasterAI_Model.py", line 1315, in process_reward
    for cell in cells_to_relieve:
                ^^^^^^^^^^^^^^^^
NameError: name 'cells_to_relieve' is not defined
ERROR in Agent H_47 process_reward at tick 39: name 'cells_to_relieve' is not defined
Traceback (most recent call last):
  File "/home/user/DisasterAI/DisasterAI_Model.py", line 1315, in process_reward
    for cell in cells_to_relieve:
                ^^^^^^^^^^^^^^^^
NameError: name 'cells_to_relieve' is not defined
ERROR in Agent H_7 process_reward at tick 39: name 'cells_to_relieve' is not defined
Traceback (most recent call last):
  File "/home/user/DisasterAI/DisasterAI_Model.py", line 1315, in process_reward
    for cell in cells_to_relieve:
                ^^^^^^^^^^^^^^^^
NameError: name 'cells_to_relieve' is not defined
ERROR in Agent H_5 process_reward at tick 39: name 'cells_to_relieve' is not defined
Traceback (most recent call last):
  File "/home/user/DisasterAI/DisasterAI_Model.py", line 1315, in process_reward
    for cell in cells_to_relieve:
                ^^^^^^^^^^^^^^^^
NameError: name 'cells_to_relieve' is not defined
ERROR in Agent H_32 process_reward at tick 39: name 'cells_to_relieve' is not defined
Traceback (most recent call last):
  File "/home/user/DisasterAI/DisasterAI_Model.py", line 1315, in process_reward
    for cell in cells_to_relieve:
                ^^^^^^^^^^^^^^^^
NameError: name 'cells_to_relieve' is not defined
ERROR in Agent H_17 process_reward at tick 40: name 'cells_to_relieve' is not defined
Traceback (most recent call last):
  File "/home/user/DisasterAI/DisasterAI_Model.py", line 1315, in process_reward
    for cell in cells_to_relieve:
                ^^^^^^^^^^^^^^^^
NameError: name 'cells_to_relieve' is not defined
ERROR in Agent H_46 process_reward at tick 40: name 'cells_to_relieve' is not defined
Traceback (most recent call last):
  File "/home/user/DisasterAI/DisasterAI_Model.py", line 1315, in process_reward
    for cell in cells_to_relieve:
                ^^^^^^^^^^^^^^^^
NameError: name 'cells_to_relieve' is not defined
ERROR in Agent H_14 process_reward at tick 40: name 'cells_to_relieve' is not defined
Traceback (most recent call last):
  File "/home/user/DisasterAI/DisasterAI_Model.py", line 1315, in process_reward
    for cell in cells_to_relieve:
                ^^^^^^^^^^^^^^^^
NameError: name 'cells_to_relieve' is not defined
ERROR in Agent H_29 process_reward at tick 40: name 'cells_to_relieve' is not defined
Traceback (most recent call last):
  File "/home/user/DisasterAI/DisasterAI_Model.py", line 1315, in process_reward
    for cell in cells_to_relieve:
                ^^^^^^^^^^^^^^^^
NameError: name 'cells_to_relieve' is not defined
ERROR in Agent H_37 process_reward at tick 40: name 'cells_to_relieve' is not defined
Traceback (most recent call last):
  File "/home/user/DisasterAI/DisasterAI_Model.py", line 1315, in process_reward
    for cell in cells_to_relieve:
                ^^^^^^^^^^^^^^^^
NameError: name 'cells_to_relieve' is not defined
ERROR in Agent H_22 process_reward at tick 40: name 'cells_to_relieve' is not defined
Traceback (most recent call last):
  File "/home/user/DisasterAI/DisasterAI_Model.py", line 1315, in process_reward
    for cell in cells_to_relieve:
                ^^^^^^^^^^^^^^^^
NameError: name 'cells_to_relieve' is not defined
ERROR in Agent H_16 process_reward at tick 40: name 'cells_to_relieve' is not defined
Traceback (most recent call last):
  File "/home/user/DisasterAI/DisasterAI_Model.py", line 1315, in process_reward
    for cell in cells_to_relieve:
                ^^^^^^^^^^^^^^^^
NameError: name 'cells_to_relieve' is not defined
ERROR in Agent H_49 process_reward at tick 40: name 'cells_to_relieve' is not defined
Traceback (most recent call last):
  File "/home/user/DisasterAI/DisasterAI_Model.py", line 1315, in process_reward
    for cell in cells_to_relieve:
                ^^^^^^^^^^^^^^^^
NameError: name 'cells_to_relieve' is not defined
ERROR in Agent H_26 process_reward at tick 40: name 'cells_to_relieve' is not defined
Traceback (most recent call last):
  File "/home/user/DisasterAI/DisasterAI_Model.py", line 1315, in process_reward
    for cell in cells_to_relieve:
                ^^^^^^^^^^^^^^^^
NameError: name 'cells_to_relieve' is not defined
ERROR in Agent H_33 process_reward at tick 40: name 'cells_to_relieve' is not defined
Traceback (most recent call last):
  File "/home/user/DisasterAI/DisasterAI_Model.py", line 1315, in process_reward
    for cell in cells_to_relieve:
                ^^^^^^^^^^^^^^^^
NameError: name 'cells_to_relieve' is not defined
ERROR in Agent H_18 process_reward at tick 40: name 'cells_to_relieve' is not defined
Traceback (most recent call last):
  File "/home/user/DisasterAI/DisasterAI_Model.py", line 1315, in process_reward
    for cell in cells_to_relieve:
                ^^^^^^^^^^^^^^^^
NameError: name 'cells_to_relieve' is not defined
ERROR in Agent H_10 process_reward at tick 40: name 'cells_to_relieve' is not defined
Traceback (most recent call last):
  File "/home/user/DisasterAI/DisasterAI_Model.py", line 1315, in process_reward
    for cell in cells_to_relieve:
                ^^^^^^^^^^^^^^^^
NameError: name 'cells_to_relieve' is not defined
ERROR in Agent H_2 process_reward at tick 40: name 'cells_to_relieve' is not defined
Traceback (most recent call last):
  File "/home/user/DisasterAI/DisasterAI_Model.py", line 1315, in process_reward
    for cell in cells_to_relieve:
                ^^^^^^^^^^^^^^^^
NameError: name 'cells_to_relieve' is not defined
ERROR in Agent H_47 process_reward at tick 40: name 'cells_to_relieve' is not defined
Traceback (most recent call last):
  File "/home/user/DisasterAI/DisasterAI_Model.py", line 1315, in process_reward
    for cell in cells_to_relieve:
                ^^^^^^^^^^^^^^^^
NameError: name 'cells_to_relieve' is not defined
ERROR in Agent H_19 process_reward at tick 40: name 'cells_to_relieve' is not defined
Traceback (most recent call last):
  File "/home/user/DisasterAI/DisasterAI_Model.py", line 1315, in process_reward
    for cell in cells_to_relieve:
                ^^^^^^^^^^^^^^^^
NameError: name 'cells_to_relieve' is not defined
ERROR in Agent H_15 process_reward at tick 40: name 'cells_to_relieve' is not defined
Traceback (most recent call last):
  File "/home/user/DisasterAI/DisasterAI_Model.py", line 1315, in process_reward
    for cell in cells_to_relieve:
                ^^^^^^^^^^^^^^^^
NameError: name 'cells_to_relieve' is not defined
ERROR in Agent H_11 process_reward at tick 40: name 'cells_to_relieve' is not defined
Traceback (most recent call last):
  File "/home/user/DisasterAI/DisasterAI_Model.py", line 1315, in process_reward
    for cell in cells_to_relieve:
                ^^^^^^^^^^^^^^^^
NameError: name 'cells_to_relieve' is not defined
ERROR in Agent H_6 process_reward at tick 40: name 'cells_to_relieve' is not defined
Traceback (most recent call last):
  File "/home/user/DisasterAI/DisasterAI_Model.py", line 1315, in process_reward
    for cell in cells_to_relieve:
                ^^^^^^^^^^^^^^^^
NameError: name 'cells_to_relieve' is not defined
ERROR in Agent H_40 process_reward at tick 40: name 'cells_to_relieve' is not defined
Traceback (most recent call last):
  File "/home/user/DisasterAI/DisasterAI_Model.py", line 1315, in process_reward
    for cell in cells_to_relieve:
                ^^^^^^^^^^^^^^^^
NameError: name 'cells_to_relieve' is not defined
ERROR in Agent H_0 process_reward at tick 40: name 'cells_to_relieve' is not defined
Traceback (most recent call last):
  File "/home/user/DisasterAI/DisasterAI_Model.py", line 1315, in process_reward
    for cell in cells_to_relieve:
                ^^^^^^^^^^^^^^^^
NameError: name 'cells_to_relieve' is not defined
ERROR in Agent H_30 process_reward at tick 40: name 'cells_to_relieve' is not defined
Traceback (most recent call last):
  File "/home/user/DisasterAI/DisasterAI_Model.py", line 1315, in process_reward
    for cell in cells_to_relieve:
                ^^^^^^^^^^^^^^^^
NameError: name 'cells_to_relieve' is not defined
ERROR in Agent H_34 process_reward at tick 40: name 'cells_to_relieve' is not defined
Traceback (most recent call last):
  File "/home/user/DisasterAI/DisasterAI_Model.py", line 1315, in process_reward
    for cell in cells_to_relieve:
                ^^^^^^^^^^^^^^^^
NameError: name 'cells_to_relieve' is not defined
ERROR in Agent H_4 process_reward at tick 40: name 'cells_to_relieve' is not defined
Traceback (most recent call last):
  File "/home/user/DisasterAI/DisasterAI_Model.py", line 1315, in process_reward
    for cell in cells_to_relieve:
                ^^^^^^^^^^^^^^^^
NameError: name 'cells_to_relieve' is not defined
ERROR in Agent H_8 process_reward at tick 40: name 'cells_to_relieve' is not defined
Traceback (most recent call last):
  File "/home/user/DisasterAI/DisasterAI_Model.py", line 1315, in process_reward
    for cell in cells_to_relieve:
                ^^^^^^^^^^^^^^^^
NameError: name 'cells_to_relieve' is not defined
ERROR in Agent H_39 process_reward at tick 40: name 'cells_to_relieve' is not defined
Traceback (most recent call last):
  File "/home/user/DisasterAI/DisasterAI_Model.py", line 1315, in process_reward
    for cell in cells_to_relieve:
                ^^^^^^^^^^^^^^^^
NameError: name 'cells_to_relieve' is not defined
ERROR in Agent H_20 process_reward at tick 40: name 'cells_to_relieve' is not defined
Traceback (most recent call last):
  File "/home/user/DisasterAI/DisasterAI_Model.py", line 1315, in process_reward
    for cell in cells_to_relieve:
                ^^^^^^^^^^^^^^^^
NameError: name 'cells_to_relieve' is not defined
ERROR in Agent H_45 process_reward at tick 40: name 'cells_to_relieve' is not defined
Traceback (most recent call last):
  File "/home/user/DisasterAI/DisasterAI_Model.py", line 1315, in process_reward
    for cell in cells_to_relieve:
                ^^^^^^^^^^^^^^^^
NameError: name 'cells_to_relieve' is not defined
ERROR in Agent H_7 process_reward at tick 40: name 'cells_to_relieve' is not defined
Traceback (most recent call last):
  File "/home/user/DisasterAI/DisasterAI_Model.py", line 1315, in process_reward
    for cell in cells_to_relieve:
                ^^^^^^^^^^^^^^^^
NameError: name 'cells_to_relieve' is not defined
ERROR in Agent H_3 process_reward at tick 40: name 'cells_to_relieve' is not defined
Traceback (most recent call last):
  File "/home/user/DisasterAI/DisasterAI_Model.py", line 1315, in process_reward
    for cell in cells_to_relieve:
                ^^^^^^^^^^^^^^^^
NameError: name 'cells_to_relieve' is not defined
ERROR in Agent H_27 process_reward at tick 40: name 'cells_to_relieve' is not defined
Traceback (most recent call last):
  File "/home/user/DisasterAI/DisasterAI_Model.py", line 1315, in process_reward
    for cell in cells_to_relieve:
                ^^^^^^^^^^^^^^^^
NameError: name 'cells_to_relieve' is not defined
ERROR in Agent H_36 process_reward at tick 40: name 'cells_to_relieve' is not defined
Traceback (most recent call last):
  File "/home/user/DisasterAI/DisasterAI_Model.py", line 1315, in process_reward
    for cell in cells_to_relieve:
                ^^^^^^^^^^^^^^^^
NameError: name 'cells_to_relieve' is not defined
ERROR in Agent H_25 process_reward at tick 40: name 'cells_to_relieve' is not defined
Traceback (most recent call last):
  File "/home/user/DisasterAI/DisasterAI_Model.py", line 1315, in process_reward
    for cell in cells_to_relieve:
                ^^^^^^^^^^^^^^^^
NameError: name 'cells_to_relieve' is not defined

DEBUG: Starting AECI variance calculation at tick 40
  Found 0/50 AI-reliant agents
  Global belief variance: 0.0323
  WARNING: Invalid global variance (0.03230398999999999) or no AI-reliant agents
  Returning AECI variance tuple: (40, 0.0)
  Current aeci_variance_data length: 40
  Last 3 entries: [(38, 0.0), (39, 0.0), (40, 0.0)]

--- Retainment Diagnostics at Tick 40 ---
Agent H_0 (exploitative) retainment stats:
  accepted_human: 1, accepted_friend: 1, accepted_ai: 0
  retain_aeci: 0.00, retain_seci: 1.00
Agent H_1 (exploitative) retainment stats:
  accepted_human: 26, accepted_friend: 26, accepted_ai: 9
  retain_aeci: 0.26, retain_seci: 0.74
Agent H_2 (exploitative) retainment stats:
  accepted_human: 0, accepted_friend: 0, accepted_ai: 0
  No acceptances recorded
ERROR in Agent H_37 process_reward at tick 41: name 'cells_to_relieve' is not defined
Traceback (most recent call last):
  File "/home/user/DisasterAI/DisasterAI_Model.py", line 1315, in process_reward
    for cell in cells_to_relieve:
                ^^^^^^^^^^^^^^^^
NameError: name 'cells_to_relieve' is not defined
ERROR in Agent H_22 process_reward at tick 41: name 'cells_to_relieve' is not defined
Traceback (most recent call last):
  File "/home/user/DisasterAI/DisasterAI_Model.py", line 1315, in process_reward
    for cell in cells_to_relieve:
                ^^^^^^^^^^^^^^^^
NameError: name 'cells_to_relieve' is not defined
ERROR in Agent H_24 process_reward at tick 41: name 'cells_to_relieve' is not defined
Traceback (most recent call last):
  File "/home/user/DisasterAI/DisasterAI_Model.py", line 1315, in process_reward
    for cell in cells_to_relieve:
                ^^^^^^^^^^^^^^^^
NameError: name 'cells_to_relieve' is not defined
ERROR in Agent H_16 process_reward at tick 41: name 'cells_to_relieve' is not defined
Traceback (most recent call last):
  File "/home/user/DisasterAI/DisasterAI_Model.py", line 1315, in process_reward
    for cell in cells_to_relieve:
                ^^^^^^^^^^^^^^^^
NameError: name 'cells_to_relieve' is not defined
ERROR in Agent H_49 process_reward at tick 41: name 'cells_to_relieve' is not defined
Traceback (most recent call last):
  File "/home/user/DisasterAI/DisasterAI_Model.py", line 1315, in process_reward
    for cell in cells_to_relieve:
                ^^^^^^^^^^^^^^^^
NameError: name 'cells_to_relieve' is not defined
ERROR in Agent H_13 process_reward at tick 41: name 'cells_to_relieve' is not defined
Traceback (most recent call last):
  File "/home/user/DisasterAI/DisasterAI_Model.py", line 1315, in process_reward
    for cell in cells_to_relieve:
                ^^^^^^^^^^^^^^^^
NameError: name 'cells_to_relieve' is not defined
ERROR in Agent H_48 process_reward at tick 41: name 'cells_to_relieve' is not defined
Traceback (most recent call last):
  File "/home/user/DisasterAI/DisasterAI_Model.py", line 1315, in process_reward
    for cell in cells_to_relieve:
                ^^^^^^^^^^^^^^^^
NameError: name 'cells_to_relieve' is not defined
ERROR in Agent H_1 process_reward at tick 41: name 'cells_to_relieve' is not defined
Traceback (most recent call last):
  File "/home/user/DisasterAI/DisasterAI_Model.py", line 1315, in process_reward
    for cell in cells_to_relieve:
                ^^^^^^^^^^^^^^^^
NameError: name 'cells_to_relieve' is not defined
ERROR in Agent H_43 process_reward at tick 41: name 'cells_to_relieve' is not defined
Traceback (most recent call last):
  File "/home/user/DisasterAI/DisasterAI_Model.py", line 1315, in process_reward
    for cell in cells_to_relieve:
                ^^^^^^^^^^^^^^^^
NameError: name 'cells_to_relieve' is not defined
ERROR in Agent H_29 process_reward at tick 41: name 'cells_to_relieve' is not defined
Traceback (most recent call last):
  File "/home/user/DisasterAI/DisasterAI_Model.py", line 1315, in process_reward
    for cell in cells_to_relieve:
                ^^^^^^^^^^^^^^^^
NameError: name 'cells_to_relieve' is not defined
ERROR in Agent H_15 process_reward at tick 41: name 'cells_to_relieve' is not defined
Traceback (most recent call last):
  File "/home/user/DisasterAI/DisasterAI_Model.py", line 1315, in process_reward
    for cell in cells_to_relieve:
                ^^^^^^^^^^^^^^^^
NameError: name 'cells_to_relieve' is not defined
ERROR in Agent H_20 process_reward at tick 41: name 'cells_to_relieve' is not defined
Traceback (most recent call last):
  File "/home/user/DisasterAI/DisasterAI_Model.py", line 1315, in process_reward
    for cell in cells_to_relieve:
                ^^^^^^^^^^^^^^^^
NameError: name 'cells_to_relieve' is not defined
ERROR in Agent H_35 process_reward at tick 41: name 'cells_to_relieve' is not defined
Traceback (most recent call last):
  File "/home/user/DisasterAI/DisasterAI_Model.py", line 1315, in process_reward
    for cell in cells_to_relieve:
                ^^^^^^^^^^^^^^^^
NameError: name 'cells_to_relieve' is not defined
ERROR in Agent H_2 process_reward at tick 41: name 'cells_to_relieve' is not defined
Traceback (most recent call last):
  File "/home/user/DisasterAI/DisasterAI_Model.py", line 1315, in process_reward
    for cell in cells_to_relieve:
                ^^^^^^^^^^^^^^^^
NameError: name 'cells_to_relieve' is not defined
ERROR in Agent H_11 process_reward at tick 41: name 'cells_to_relieve' is not defined
Traceback (most recent call last):
  File "/home/user/DisasterAI/DisasterAI_Model.py", line 1315, in process_reward
    for cell in cells_to_relieve:
                ^^^^^^^^^^^^^^^^
NameError: name 'cells_to_relieve' is not defined
ERROR in Agent H_30 process_reward at tick 41: name 'cells_to_relieve' is not defined
Traceback (most recent call last):
  File "/home/user/DisasterAI/DisasterAI_Model.py", line 1315, in process_reward
    for cell in cells_to_relieve:
                ^^^^^^^^^^^^^^^^
NameError: name 'cells_to_relieve' is not defined
ERROR in Agent H_40 process_reward at tick 41: name 'cells_to_relieve' is not defined
Traceback (most recent call last):
  File "/home/user/DisasterAI/DisasterAI_Model.py", line 1315, in process_reward
    for cell in cells_to_relieve:
                ^^^^^^^^^^^^^^^^
NameError: name 'cells_to_relieve' is not defined
ERROR in Agent H_21 process_reward at tick 41: name 'cells_to_relieve' is not defined
Traceback (most recent call last):
  File "/home/user/DisasterAI/DisasterAI_Model.py", line 1315, in process_reward
    for cell in cells_to_relieve:
                ^^^^^^^^^^^^^^^^
NameError: name 'cells_to_relieve' is not defined
ERROR in Agent H_17 process_reward at tick 41: name 'cells_to_relieve' is not defined
Traceback (most recent call last):
  File "/home/user/DisasterAI/DisasterAI_Model.py", line 1315, in process_reward
    for cell in cells_to_relieve:
                ^^^^^^^^^^^^^^^^
NameError: name 'cells_to_relieve' is not defined
ERROR in Agent H_28 process_reward at tick 41: name 'cells_to_relieve' is not defined
Traceback (most recent call last):
  File "/home/user/DisasterAI/DisasterAI_Model.py", line 1315, in process_reward
    for cell in cells_to_relieve:
                ^^^^^^^^^^^^^^^^
NameError: name 'cells_to_relieve' is not defined
ERROR in Agent H_33 process_reward at tick 41: name 'cells_to_relieve' is not defined
Traceback (most recent call last):
  File "/home/user/DisasterAI/DisasterAI_Model.py", line 1315, in process_reward
    for cell in cells_to_relieve:
                ^^^^^^^^^^^^^^^^
NameError: name 'cells_to_relieve' is not defined
ERROR in Agent H_32 process_reward at tick 41: name 'cells_to_relieve' is not defined
Traceback (most recent call last):
  File "/home/user/DisasterAI/DisasterAI_Model.py", line 1315, in process_reward
    for cell in cells_to_relieve:
                ^^^^^^^^^^^^^^^^
NameError: name 'cells_to_relieve' is not defined
ERROR in Agent H_9 process_reward at tick 41: name 'cells_to_relieve' is not defined
Traceback (most recent call last):
  File "/home/user/DisasterAI/DisasterAI_Model.py", line 1315, in process_reward
    for cell in cells_to_relieve:
                ^^^^^^^^^^^^^^^^
NameError: name 'cells_to_relieve' is not defined
ERROR in Agent H_38 process_reward at tick 41: name 'cells_to_relieve' is not defined
Traceback (most recent call last):
  File "/home/user/DisasterAI/DisasterAI_Model.py", line 1315, in process_reward
    for cell in cells_to_relieve:
                ^^^^^^^^^^^^^^^^
NameError: name 'cells_to_relieve' is not defined
ERROR in Agent H_31 process_reward at tick 41: name 'cells_to_relieve' is not defined
Traceback (most recent call last):
  File "/home/user/DisasterAI/DisasterAI_Model.py", line 1315, in process_reward
    for cell in cells_to_relieve:
                ^^^^^^^^^^^^^^^^
NameError: name 'cells_to_relieve' is not defined
ERROR in Agent H_0 process_reward at tick 41: name 'cells_to_relieve' is not defined
Traceback (most recent call last):
  File "/home/user/DisasterAI/DisasterAI_Model.py", line 1315, in process_reward
    for cell in cells_to_relieve:
                ^^^^^^^^^^^^^^^^
NameError: name 'cells_to_relieve' is not defined
ERROR in Agent H_14 process_reward at tick 41: name 'cells_to_relieve' is not defined
Traceback (most recent call last):
  File "/home/user/DisasterAI/DisasterAI_Model.py", line 1315, in process_reward
    for cell in cells_to_relieve:
                ^^^^^^^^^^^^^^^^
NameError: name 'cells_to_relieve' is not defined
ERROR in Agent H_33 process_reward at tick 42: name 'cells_to_relieve' is not defined
Traceback (most recent call last):
  File "/home/user/DisasterAI/DisasterAI_Model.py", line 1315, in process_reward
    for cell in cells_to_relieve:
                ^^^^^^^^^^^^^^^^
NameError: name 'cells_to_relieve' is not defined
ERROR in Agent H_6 process_reward at tick 42: name 'cells_to_relieve' is not defined
Traceback (most recent call last):
  File "/home/user/DisasterAI/DisasterAI_Model.py", line 1315, in process_reward
    for cell in cells_to_relieve:
                ^^^^^^^^^^^^^^^^
NameError: name 'cells_to_relieve' is not defined
ERROR in Agent H_48 process_reward at tick 42: name 'cells_to_relieve' is not defined
Traceback (most recent call last):
  File "/home/user/DisasterAI/DisasterAI_Model.py", line 1315, in process_reward
    for cell in cells_to_relieve:
                ^^^^^^^^^^^^^^^^
NameError: name 'cells_to_relieve' is not defined
ERROR in Agent H_41 process_reward at tick 42: name 'cells_to_relieve' is not defined
Traceback (most recent call last):
  File "/home/user/DisasterAI/DisasterAI_Model.py", line 1315, in process_reward
    for cell in cells_to_relieve:
                ^^^^^^^^^^^^^^^^
NameError: name 'cells_to_relieve' is not defined
ERROR in Agent H_21 process_reward at tick 42: name 'cells_to_relieve' is not defined
Traceback (most recent call last):
  File "/home/user/DisasterAI/DisasterAI_Model.py", line 1315, in process_reward
    for cell in cells_to_relieve:
                ^^^^^^^^^^^^^^^^
NameError: name 'cells_to_relieve' is not defined
ERROR in Agent H_49 process_reward at tick 42: name 'cells_to_relieve' is not defined
Traceback (most recent call last):
  File "/home/user/DisasterAI/DisasterAI_Model.py", line 1315, in process_reward
    for cell in cells_to_relieve:
                ^^^^^^^^^^^^^^^^
NameError: name 'cells_to_relieve' is not defined
ERROR in Agent H_20 process_reward at tick 42: name 'cells_to_relieve' is not defined
Traceback (most recent call last):
  File "/home/user/DisasterAI/DisasterAI_Model.py", line 1315, in process_reward
    for cell in cells_to_relieve:
                ^^^^^^^^^^^^^^^^
NameError: name 'cells_to_relieve' is not defined
ERROR in Agent H_25 process_reward at tick 42: name 'cells_to_relieve' is not defined
Traceback (most recent call last):
  File "/home/user/DisasterAI/DisasterAI_Model.py", line 1315, in process_reward
    for cell in cells_to_relieve:
                ^^^^^^^^^^^^^^^^
NameError: name 'cells_to_relieve' is not defined
ERROR in Agent H_46 process_reward at tick 42: name 'cells_to_relieve' is not defined
Traceback (most recent call last):
  File "/home/user/DisasterAI/DisasterAI_Model.py", line 1315, in process_reward
    for cell in cells_to_relieve:
                ^^^^^^^^^^^^^^^^
NameError: name 'cells_to_relieve' is not defined
ERROR in Agent H_31 process_reward at tick 42: name 'cells_to_relieve' is not defined
Traceback (most recent call last):
  File "/home/user/DisasterAI/DisasterAI_Model.py", line 1315, in process_reward
    for cell in cells_to_relieve:
                ^^^^^^^^^^^^^^^^
NameError: name 'cells_to_relieve' is not defined
ERROR in Agent H_11 process_reward at tick 42: name 'cells_to_relieve' is not defined
Traceback (most recent call last):
  File "/home/user/DisasterAI/DisasterAI_Model.py", line 1315, in process_reward
    for cell in cells_to_relieve:
                ^^^^^^^^^^^^^^^^
NameError: name 'cells_to_relieve' is not defined
ERROR in Agent H_23 process_reward at tick 42: name 'cells_to_relieve' is not defined
Traceback (most recent call last):
  File "/home/user/DisasterAI/DisasterAI_Model.py", line 1315, in process_reward
    for cell in cells_to_relieve:
                ^^^^^^^^^^^^^^^^
NameError: name 'cells_to_relieve' is not defined
ERROR in Agent H_8 process_reward at tick 42: name 'cells_to_relieve' is not defined
Traceback (most recent call last):
  File "/home/user/DisasterAI/DisasterAI_Model.py", line 1315, in process_reward
    for cell in cells_to_relieve:
                ^^^^^^^^^^^^^^^^
NameError: name 'cells_to_relieve' is not defined
ERROR in Agent H_17 process_reward at tick 42: name 'cells_to_relieve' is not defined
Traceback (most recent call last):
  File "/home/user/DisasterAI/DisasterAI_Model.py", line 1315, in process_reward
    for cell in cells_to_relieve:
                ^^^^^^^^^^^^^^^^
NameError: name 'cells_to_relieve' is not defined
ERROR in Agent H_9 process_reward at tick 42: name 'cells_to_relieve' is not defined
Traceback (most recent call last):
  File "/home/user/DisasterAI/DisasterAI_Model.py", line 1315, in process_reward
    for cell in cells_to_relieve:
                ^^^^^^^^^^^^^^^^
NameError: name 'cells_to_relieve' is not defined
ERROR in Agent H_43 process_reward at tick 42: name 'cells_to_relieve' is not defined
Traceback (most recent call last):
  File "/home/user/DisasterAI/DisasterAI_Model.py", line 1315, in process_reward
    for cell in cells_to_relieve:
                ^^^^^^^^^^^^^^^^
NameError: name 'cells_to_relieve' is not defined
ERROR in Agent H_12 process_reward at tick 42: name 'cells_to_relieve' is not defined
Traceback (most recent call last):
  File "/home/user/DisasterAI/DisasterAI_Model.py", line 1315, in process_reward
    for cell in cells_to_relieve:
                ^^^^^^^^^^^^^^^^
NameError: name 'cells_to_relieve' is not defined
ERROR in Agent H_38 process_reward at tick 42: name 'cells_to_relieve' is not defined
Traceback (most recent call last):
  File "/home/user/DisasterAI/DisasterAI_Model.py", line 1315, in process_reward
    for cell in cells_to_relieve:
                ^^^^^^^^^^^^^^^^
NameError: name 'cells_to_relieve' is not defined
ERROR in Agent H_5 process_reward at tick 42: name 'cells_to_relieve' is not defined
Traceback (most recent call last):
  File "/home/user/DisasterAI/DisasterAI_Model.py", line 1315, in process_reward
    for cell in cells_to_relieve:
                ^^^^^^^^^^^^^^^^
NameError: name 'cells_to_relieve' is not defined
ERROR in Agent H_2 process_reward at tick 42: name 'cells_to_relieve' is not defined
Traceback (most recent call last):
  File "/home/user/DisasterAI/DisasterAI_Model.py", line 1315, in process_reward
    for cell in cells_to_relieve:
                ^^^^^^^^^^^^^^^^
NameError: name 'cells_to_relieve' is not defined
ERROR in Agent H_37 process_reward at tick 42: name 'cells_to_relieve' is not defined
Traceback (most recent call last):
  File "/home/user/DisasterAI/DisasterAI_Model.py", line 1315, in process_reward
    for cell in cells_to_relieve:
                ^^^^^^^^^^^^^^^^
NameError: name 'cells_to_relieve' is not defined
ERROR in Agent H_28 process_reward at tick 42: name 'cells_to_relieve' is not defined
Traceback (most recent call last):
  File "/home/user/DisasterAI/DisasterAI_Model.py", line 1315, in process_reward
    for cell in cells_to_relieve:
                ^^^^^^^^^^^^^^^^
NameError: name 'cells_to_relieve' is not defined
ERROR in Agent H_26 process_reward at tick 42: name 'cells_to_relieve' is not defined
Traceback (most recent call last):
  File "/home/user/DisasterAI/DisasterAI_Model.py", line 1315, in process_reward
    for cell in cells_to_relieve:
                ^^^^^^^^^^^^^^^^
NameError: name 'cells_to_relieve' is not defined
ERROR in Agent H_45 process_reward at tick 42: name 'cells_to_relieve' is not defined
Traceback (most recent call last):
  File "/home/user/DisasterAI/DisasterAI_Model.py", line 1315, in process_reward
    for cell in cells_to_relieve:
                ^^^^^^^^^^^^^^^^
NameError: name 'cells_to_relieve' is not defined
ERROR in Agent H_14 process_reward at tick 42: name 'cells_to_relieve' is not defined
Traceback (most recent call last):
  File "/home/user/DisasterAI/DisasterAI_Model.py", line 1315, in process_reward
    for cell in cells_to_relieve:
                ^^^^^^^^^^^^^^^^
NameError: name 'cells_to_relieve' is not defined
ERROR in Agent H_32 process_reward at tick 42: name 'cells_to_relieve' is not defined
Traceback (most recent call last):
  File "/home/user/DisasterAI/DisasterAI_Model.py", line 1315, in process_reward
    for cell in cells_to_relieve:
                ^^^^^^^^^^^^^^^^
NameError: name 'cells_to_relieve' is not defined
ERROR in Agent H_40 process_reward at tick 42: name 'cells_to_relieve' is not defined
Traceback (most recent call last):
  File "/home/user/DisasterAI/DisasterAI_Model.py", line 1315, in process_reward
    for cell in cells_to_relieve:
                ^^^^^^^^^^^^^^^^
NameError: name 'cells_to_relieve' is not defined
ERROR in Agent H_4 process_reward at tick 42: name 'cells_to_relieve' is not defined
Traceback (most recent call last):
  File "/home/user/DisasterAI/DisasterAI_Model.py", line 1315, in process_reward
    for cell in cells_to_relieve:
                ^^^^^^^^^^^^^^^^
NameError: name 'cells_to_relieve' is not defined
ERROR in Agent H_13 process_reward at tick 42: name 'cells_to_relieve' is not defined
Traceback (most recent call last):
  File "/home/user/DisasterAI/DisasterAI_Model.py", line 1315, in process_reward
    for cell in cells_to_relieve:
                ^^^^^^^^^^^^^^^^
NameError: name 'cells_to_relieve' is not defined
ERROR in Agent H_44 process_reward at tick 42: name 'cells_to_relieve' is not defined
Traceback (most recent call last):
  File "/home/user/DisasterAI/DisasterAI_Model.py", line 1315, in process_reward
    for cell in cells_to_relieve:
                ^^^^^^^^^^^^^^^^
NameError: name 'cells_to_relieve' is not defined
ERROR in Agent H_39 process_reward at tick 42: name 'cells_to_relieve' is not defined
Traceback (most recent call last):
  File "/home/user/DisasterAI/DisasterAI_Model.py", line 1315, in process_reward
    for cell in cells_to_relieve:
                ^^^^^^^^^^^^^^^^
NameError: name 'cells_to_relieve' is not defined
ERROR in Agent H_35 process_reward at tick 42: name 'cells_to_relieve' is not defined
Traceback (most recent call last):
  File "/home/user/DisasterAI/DisasterAI_Model.py", line 1315, in process_reward
    for cell in cells_to_relieve:
                ^^^^^^^^^^^^^^^^
NameError: name 'cells_to_relieve' is not defined
ERROR in Agent H_42 process_reward at tick 42: name 'cells_to_relieve' is not defined
Traceback (most recent call last):
  File "/home/user/DisasterAI/DisasterAI_Model.py", line 1315, in process_reward
    for cell in cells_to_relieve:
                ^^^^^^^^^^^^^^^^
NameError: name 'cells_to_relieve' is not defined
ERROR in Agent H_47 process_reward at tick 42: name 'cells_to_relieve' is not defined
Traceback (most recent call last):
  File "/home/user/DisasterAI/DisasterAI_Model.py", line 1315, in process_reward
    for cell in cells_to_relieve:
                ^^^^^^^^^^^^^^^^
NameError: name 'cells_to_relieve' is not defined
ERROR in Agent H_43 process_reward at tick 43: name 'cells_to_relieve' is not defined
Traceback (most recent call last):
  File "/home/user/DisasterAI/DisasterAI_Model.py", line 1315, in process_reward
    for cell in cells_to_relieve:
                ^^^^^^^^^^^^^^^^
NameError: name 'cells_to_relieve' is not defined
ERROR in Agent H_34 process_reward at tick 43: name 'cells_to_relieve' is not defined
Traceback (most recent call last):
  File "/home/user/DisasterAI/DisasterAI_Model.py", line 1315, in process_reward
    for cell in cells_to_relieve:
                ^^^^^^^^^^^^^^^^
NameError: name 'cells_to_relieve' is not defined
ERROR in Agent H_12 process_reward at tick 43: name 'cells_to_relieve' is not defined
Traceback (most recent call last):
  File "/home/user/DisasterAI/DisasterAI_Model.py", line 1315, in process_reward
    for cell in cells_to_relieve:
                ^^^^^^^^^^^^^^^^
NameError: name 'cells_to_relieve' is not defined
ERROR in Agent H_31 process_reward at tick 43: name 'cells_to_relieve' is not defined
Traceback (most recent call last):
  File "/home/user/DisasterAI/DisasterAI_Model.py", line 1315, in process_reward
    for cell in cells_to_relieve:
                ^^^^^^^^^^^^^^^^
NameError: name 'cells_to_relieve' is not defined
ERROR in Agent H_15 process_reward at tick 43: name 'cells_to_relieve' is not defined
Traceback (most recent call last):
  File "/home/user/DisasterAI/DisasterAI_Model.py", line 1315, in process_reward
    for cell in cells_to_relieve:
                ^^^^^^^^^^^^^^^^
NameError: name 'cells_to_relieve' is not defined
ERROR in Agent H_22 process_reward at tick 43: name 'cells_to_relieve' is not defined
Traceback (most recent call last):
  File "/home/user/DisasterAI/DisasterAI_Model.py", line 1315, in process_reward
    for cell in cells_to_relieve:
                ^^^^^^^^^^^^^^^^
NameError: name 'cells_to_relieve' is not defined
ERROR in Agent H_8 process_reward at tick 43: name 'cells_to_relieve' is not defined
Traceback (most recent call last):
  File "/home/user/DisasterAI/DisasterAI_Model.py", line 1315, in process_reward
    for cell in cells_to_relieve:
                ^^^^^^^^^^^^^^^^
NameError: name 'cells_to_relieve' is not defined
ERROR in Agent H_14 process_reward at tick 43: name 'cells_to_relieve' is not defined
Traceback (most recent call last):
  File "/home/user/DisasterAI/DisasterAI_Model.py", line 1315, in process_reward
    for cell in cells_to_relieve:
                ^^^^^^^^^^^^^^^^
NameError: name 'cells_to_relieve' is not defined
ERROR in Agent H_41 process_reward at tick 43: name 'cells_to_relieve' is not defined
Traceback (most recent call last):
  File "/home/user/DisasterAI/DisasterAI_Model.py", line 1315, in process_reward
    for cell in cells_to_relieve:
                ^^^^^^^^^^^^^^^^
NameError: name 'cells_to_relieve' is not defined
ERROR in Agent H_0 process_reward at tick 43: name 'cells_to_relieve' is not defined
Traceback (most recent call last):
  File "/home/user/DisasterAI/DisasterAI_Model.py", line 1315, in process_reward
    for cell in cells_to_relieve:
                ^^^^^^^^^^^^^^^^
NameError: name 'cells_to_relieve' is not defined
ERROR in Agent H_7 process_reward at tick 43: name 'cells_to_relieve' is not defined
Traceback (most recent call last):
  File "/home/user/DisasterAI/DisasterAI_Model.py", line 1315, in process_reward
    for cell in cells_to_relieve:
                ^^^^^^^^^^^^^^^^
NameError: name 'cells_to_relieve' is not defined
ERROR in Agent H_5 process_reward at tick 43: name 'cells_to_relieve' is not defined
Traceback (most recent call last):
  File "/home/user/DisasterAI/DisasterAI_Model.py", line 1315, in process_reward
    for cell in cells_to_relieve:
                ^^^^^^^^^^^^^^^^
NameError: name 'cells_to_relieve' is not defined
ERROR in Agent H_42 process_reward at tick 43: name 'cells_to_relieve' is not defined
Traceback (most recent call last):
  File "/home/user/DisasterAI/DisasterAI_Model.py", line 1315, in process_reward
    for cell in cells_to_relieve:
                ^^^^^^^^^^^^^^^^
NameError: name 'cells_to_relieve' is not defined
ERROR in Agent H_4 process_reward at tick 43: name 'cells_to_relieve' is not defined
Traceback (most recent call last):
  File "/home/user/DisasterAI/DisasterAI_Model.py", line 1315, in process_reward
    for cell in cells_to_relieve:
                ^^^^^^^^^^^^^^^^
NameError: name 'cells_to_relieve' is not defined
ERROR in Agent H_39 process_reward at tick 43: name 'cells_to_relieve' is not defined
Traceback (most recent call last):
  File "/home/user/DisasterAI/DisasterAI_Model.py", line 1315, in process_reward
    for cell in cells_to_relieve:
                ^^^^^^^^^^^^^^^^
NameError: name 'cells_to_relieve' is not defined
ERROR in Agent H_13 process_reward at tick 43: name 'cells_to_relieve' is not defined
Traceback (most recent call last):
  File "/home/user/DisasterAI/DisasterAI_Model.py", line 1315, in process_reward
    for cell in cells_to_relieve:
                ^^^^^^^^^^^^^^^^
NameError: name 'cells_to_relieve' is not defined
ERROR in Agent H_30 process_reward at tick 43: name 'cells_to_relieve' is not defined
Traceback (most recent call last):
  File "/home/user/DisasterAI/DisasterAI_Model.py", line 1315, in process_reward
    for cell in cells_to_relieve:
                ^^^^^^^^^^^^^^^^
NameError: name 'cells_to_relieve' is not defined
ERROR in Agent H_20 process_reward at tick 43: name 'cells_to_relieve' is not defined
Traceback (most recent call last):
  File "/home/user/DisasterAI/DisasterAI_Model.py", line 1315, in process_reward
    for cell in cells_to_relieve:
                ^^^^^^^^^^^^^^^^
NameError: name 'cells_to_relieve' is not defined
ERROR in Agent H_25 process_reward at tick 43: name 'cells_to_relieve' is not defined
Traceback (most recent call last):
  File "/home/user/DisasterAI/DisasterAI_Model.py", line 1315, in process_reward
    for cell in cells_to_relieve:
                ^^^^^^^^^^^^^^^^
NameError: name 'cells_to_relieve' is not defined
ERROR in Agent H_46 process_reward at tick 43: name 'cells_to_relieve' is not defined
Traceback (most recent call last):
  File "/home/user/DisasterAI/DisasterAI_Model.py", line 1315, in process_reward
    for cell in cells_to_relieve:
                ^^^^^^^^^^^^^^^^
NameError: name 'cells_to_relieve' is not defined
ERROR in Agent H_23 process_reward at tick 43: name 'cells_to_relieve' is not defined
Traceback (most recent call last):
  File "/home/user/DisasterAI/DisasterAI_Model.py", line 1315, in process_reward
    for cell in cells_to_relieve:
                ^^^^^^^^^^^^^^^^
NameError: name 'cells_to_relieve' is not defined
ERROR in Agent H_24 process_reward at tick 43: name 'cells_to_relieve' is not defined
Traceback (most recent call last):
  File "/home/user/DisasterAI/DisasterAI_Model.py", line 1315, in process_reward
    for cell in cells_to_relieve:
                ^^^^^^^^^^^^^^^^
NameError: name 'cells_to_relieve' is not defined
ERROR in Agent H_44 process_reward at tick 43: name 'cells_to_relieve' is not defined
Traceback (most recent call last):
  File "/home/user/DisasterAI/DisasterAI_Model.py", line 1315, in process_reward
    for cell in cells_to_relieve:
                ^^^^^^^^^^^^^^^^
NameError: name 'cells_to_relieve' is not defined
ERROR in Agent H_6 process_reward at tick 43: name 'cells_to_relieve' is not defined
Traceback (most recent call last):
  File "/home/user/DisasterAI/DisasterAI_Model.py", line 1315, in process_reward
    for cell in cells_to_relieve:
                ^^^^^^^^^^^^^^^^
NameError: name 'cells_to_relieve' is not defined
ERROR in Agent H_45 process_reward at tick 43: name 'cells_to_relieve' is not defined
Traceback (most recent call last):
  File "/home/user/DisasterAI/DisasterAI_Model.py", line 1315, in process_reward
    for cell in cells_to_relieve:
                ^^^^^^^^^^^^^^^^
NameError: name 'cells_to_relieve' is not defined
ERROR in Agent H_1 process_reward at tick 43: name 'cells_to_relieve' is not defined
Traceback (most recent call last):
  File "/home/user/DisasterAI/DisasterAI_Model.py", line 1315, in process_reward
    for cell in cells_to_relieve:
                ^^^^^^^^^^^^^^^^
NameError: name 'cells_to_relieve' is not defined
ERROR in Agent H_36 process_reward at tick 43: name 'cells_to_relieve' is not defined
Traceback (most recent call last):
  File "/home/user/DisasterAI/DisasterAI_Model.py", line 1315, in process_reward
    for cell in cells_to_relieve:
                ^^^^^^^^^^^^^^^^
NameError: name 'cells_to_relieve' is not defined
ERROR in Agent H_27 process_reward at tick 43: name 'cells_to_relieve' is not defined
Traceback (most recent call last):
  File "/home/user/DisasterAI/DisasterAI_Model.py", line 1315, in process_reward
    for cell in cells_to_relieve:
                ^^^^^^^^^^^^^^^^
NameError: name 'cells_to_relieve' is not defined
ERROR in Agent H_9 process_reward at tick 43: name 'cells_to_relieve' is not defined
Traceback (most recent call last):
  File "/home/user/DisasterAI/DisasterAI_Model.py", line 1315, in process_reward
    for cell in cells_to_relieve:
                ^^^^^^^^^^^^^^^^
NameError: name 'cells_to_relieve' is not defined
ERROR in Agent H_47 process_reward at tick 43: name 'cells_to_relieve' is not defined
Traceback (most recent call last):
  File "/home/user/DisasterAI/DisasterAI_Model.py", line 1315, in process_reward
    for cell in cells_to_relieve:
                ^^^^^^^^^^^^^^^^
NameError: name 'cells_to_relieve' is not defined
ERROR in Agent H_11 process_reward at tick 43: name 'cells_to_relieve' is not defined
Traceback (most recent call last):
  File "/home/user/DisasterAI/DisasterAI_Model.py", line 1315, in process_reward
    for cell in cells_to_relieve:
                ^^^^^^^^^^^^^^^^
NameError: name 'cells_to_relieve' is not defined
ERROR in Agent H_21 process_reward at tick 43: name 'cells_to_relieve' is not defined
Traceback (most recent call last):
  File "/home/user/DisasterAI/DisasterAI_Model.py", line 1315, in process_reward
    for cell in cells_to_relieve:
                ^^^^^^^^^^^^^^^^
NameError: name 'cells_to_relieve' is not defined
ERROR in Agent H_32 process_reward at tick 43: name 'cells_to_relieve' is not defined
Traceback (most recent call last):
  File "/home/user/DisasterAI/DisasterAI_Model.py", line 1315, in process_reward
    for cell in cells_to_relieve:
                ^^^^^^^^^^^^^^^^
NameError: name 'cells_to_relieve' is not defined
ERROR in Agent H_10 process_reward at tick 43: name 'cells_to_relieve' is not defined
Traceback (most recent call last):
  File "/home/user/DisasterAI/DisasterAI_Model.py", line 1315, in process_reward
    for cell in cells_to_relieve:
                ^^^^^^^^^^^^^^^^
NameError: name 'cells_to_relieve' is not defined
ERROR in Agent H_21 process_reward at tick 44: name 'cells_to_relieve' is not defined
Traceback (most recent call last):
  File "/home/user/DisasterAI/DisasterAI_Model.py", line 1315, in process_reward
    for cell in cells_to_relieve:
                ^^^^^^^^^^^^^^^^
NameError: name 'cells_to_relieve' is not defined
ERROR in Agent H_38 process_reward at tick 44: name 'cells_to_relieve' is not defined
Traceback (most recent call last):
  File "/home/user/DisasterAI/DisasterAI_Model.py", line 1315, in process_reward
    for cell in cells_to_relieve:
                ^^^^^^^^^^^^^^^^
NameError: name 'cells_to_relieve' is not defined
ERROR in Agent H_1 process_reward at tick 44: name 'cells_to_relieve' is not defined
Traceback (most recent call last):
  File "/home/user/DisasterAI/DisasterAI_Model.py", line 1315, in process_reward
    for cell in cells_to_relieve:
                ^^^^^^^^^^^^^^^^
NameError: name 'cells_to_relieve' is not defined
ERROR in Agent H_4 process_reward at tick 44: name 'cells_to_relieve' is not defined
Traceback (most recent call last):
  File "/home/user/DisasterAI/DisasterAI_Model.py", line 1315, in process_reward
    for cell in cells_to_relieve:
                ^^^^^^^^^^^^^^^^
NameError: name 'cells_to_relieve' is not defined
ERROR in Agent H_48 process_reward at tick 44: name 'cells_to_relieve' is not defined
Traceback (most recent call last):
  File "/home/user/DisasterAI/DisasterAI_Model.py", line 1315, in process_reward
    for cell in cells_to_relieve:
                ^^^^^^^^^^^^^^^^
NameError: name 'cells_to_relieve' is not defined
ERROR in Agent H_33 process_reward at tick 44: name 'cells_to_relieve' is not defined
Traceback (most recent call last):
  File "/home/user/DisasterAI/DisasterAI_Model.py", line 1315, in process_reward
    for cell in cells_to_relieve:
                ^^^^^^^^^^^^^^^^
NameError: name 'cells_to_relieve' is not defined
ERROR in Agent H_3 process_reward at tick 44: name 'cells_to_relieve' is not defined
Traceback (most recent call last):
  File "/home/user/DisasterAI/DisasterAI_Model.py", line 1315, in process_reward
    for cell in cells_to_relieve:
                ^^^^^^^^^^^^^^^^
NameError: name 'cells_to_relieve' is not defined
ERROR in Agent H_47 process_reward at tick 44: name 'cells_to_relieve' is not defined
Traceback (most recent call last):
  File "/home/user/DisasterAI/DisasterAI_Model.py", line 1315, in process_reward
    for cell in cells_to_relieve:
                ^^^^^^^^^^^^^^^^
NameError: name 'cells_to_relieve' is not defined
ERROR in Agent H_42 process_reward at tick 44: name 'cells_to_relieve' is not defined
Traceback (most recent call last):
  File "/home/user/DisasterAI/DisasterAI_Model.py", line 1315, in process_reward
    for cell in cells_to_relieve:
                ^^^^^^^^^^^^^^^^
NameError: name 'cells_to_relieve' is not defined
ERROR in Agent H_15 process_reward at tick 44: name 'cells_to_relieve' is not defined
Traceback (most recent call last):
  File "/home/user/DisasterAI/DisasterAI_Model.py", line 1315, in process_reward
    for cell in cells_to_relieve:
                ^^^^^^^^^^^^^^^^
NameError: name 'cells_to_relieve' is not defined
ERROR in Agent H_22 process_reward at tick 44: name 'cells_to_relieve' is not defined
Traceback (most recent call last):
  File "/home/user/DisasterAI/DisasterAI_Model.py", line 1315, in process_reward
    for cell in cells_to_relieve:
                ^^^^^^^^^^^^^^^^
NameError: name 'cells_to_relieve' is not defined
ERROR in Agent H_28 process_reward at tick 44: name 'cells_to_relieve' is not defined
Traceback (most recent call last):
  File "/home/user/DisasterAI/DisasterAI_Model.py", line 1315, in process_reward
    for cell in cells_to_relieve:
                ^^^^^^^^^^^^^^^^
NameError: name 'cells_to_relieve' is not defined
ERROR in Agent H_27 process_reward at tick 44: name 'cells_to_relieve' is not defined
Traceback (most recent call last):
  File "/home/user/DisasterAI/DisasterAI_Model.py", line 1315, in process_reward
    for cell in cells_to_relieve:
                ^^^^^^^^^^^^^^^^
NameError: name 'cells_to_relieve' is not defined
ERROR in Agent H_12 process_reward at tick 44: name 'cells_to_relieve' is not defined
Traceback (most recent call last):
  File "/home/user/DisasterAI/DisasterAI_Model.py", line 1315, in process_reward
    for cell in cells_to_relieve:
                ^^^^^^^^^^^^^^^^
NameError: name 'cells_to_relieve' is not defined
ERROR in Agent H_14 process_reward at tick 44: name 'cells_to_relieve' is not defined
Traceback (most recent call last):
  File "/home/user/DisasterAI/DisasterAI_Model.py", line 1315, in process_reward
    for cell in cells_to_relieve:
                ^^^^^^^^^^^^^^^^
NameError: name 'cells_to_relieve' is not defined
ERROR in Agent H_30 process_reward at tick 44: name 'cells_to_relieve' is not defined
Traceback (most recent call last):
  File "/home/user/DisasterAI/DisasterAI_Model.py", line 1315, in process_reward
    for cell in cells_to_relieve:
                ^^^^^^^^^^^^^^^^
NameError: name 'cells_to_relieve' is not defined
ERROR in Agent H_9 process_reward at tick 44: name 'cells_to_relieve' is not defined
Traceback (most recent call last):
  File "/home/user/DisasterAI/DisasterAI_Model.py", line 1315, in process_reward
    for cell in cells_to_relieve:
                ^^^^^^^^^^^^^^^^
NameError: name 'cells_to_relieve' is not defined
ERROR in Agent H_34 process_reward at tick 44: name 'cells_to_relieve' is not defined
Traceback (most recent call last):
  File "/home/user/DisasterAI/DisasterAI_Model.py", line 1315, in process_reward
    for cell in cells_to_relieve:
                ^^^^^^^^^^^^^^^^
NameError: name 'cells_to_relieve' is not defined
ERROR in Agent H_13 process_reward at tick 44: name 'cells_to_relieve' is not defined
Traceback (most recent call last):
  File "/home/user/DisasterAI/DisasterAI_Model.py", line 1315, in process_reward
    for cell in cells_to_relieve:
                ^^^^^^^^^^^^^^^^
NameError: name 'cells_to_relieve' is not defined
ERROR in Agent H_18 process_reward at tick 44: name 'cells_to_relieve' is not defined
Traceback (most recent call last):
  File "/home/user/DisasterAI/DisasterAI_Model.py", line 1315, in process_reward
    for cell in cells_to_relieve:
                ^^^^^^^^^^^^^^^^
NameError: name 'cells_to_relieve' is not defined
ERROR in Agent H_25 process_reward at tick 44: name 'cells_to_relieve' is not defined
Traceback (most recent call last):
  File "/home/user/DisasterAI/DisasterAI_Model.py", line 1315, in process_reward
    for cell in cells_to_relieve:
                ^^^^^^^^^^^^^^^^
NameError: name 'cells_to_relieve' is not defined
ERROR in Agent H_19 process_reward at tick 44: name 'cells_to_relieve' is not defined
Traceback (most recent call last):
  File "/home/user/DisasterAI/DisasterAI_Model.py", line 1315, in process_reward
    for cell in cells_to_relieve:
                ^^^^^^^^^^^^^^^^
NameError: name 'cells_to_relieve' is not defined
ERROR in Agent H_45 process_reward at tick 44: name 'cells_to_relieve' is not defined
Traceback (most recent call last):
  File "/home/user/DisasterAI/DisasterAI_Model.py", line 1315, in process_reward
    for cell in cells_to_relieve:
                ^^^^^^^^^^^^^^^^
NameError: name 'cells_to_relieve' is not defined
ERROR in Agent H_37 process_reward at tick 44: name 'cells_to_relieve' is not defined
Traceback (most recent call last):
  File "/home/user/DisasterAI/DisasterAI_Model.py", line 1315, in process_reward
    for cell in cells_to_relieve:
                ^^^^^^^^^^^^^^^^
NameError: name 'cells_to_relieve' is not defined
ERROR in Agent H_23 process_reward at tick 44: name 'cells_to_relieve' is not defined
Traceback (most recent call last):
  File "/home/user/DisasterAI/DisasterAI_Model.py", line 1315, in process_reward
    for cell in cells_to_relieve:
                ^^^^^^^^^^^^^^^^
NameError: name 'cells_to_relieve' is not defined
ERROR in Agent H_41 process_reward at tick 44: name 'cells_to_relieve' is not defined
Traceback (most recent call last):
  File "/home/user/DisasterAI/DisasterAI_Model.py", line 1315, in process_reward
    for cell in cells_to_relieve:
                ^^^^^^^^^^^^^^^^
NameError: name 'cells_to_relieve' is not defined
ERROR in Agent H_24 process_reward at tick 44: name 'cells_to_relieve' is not defined
Traceback (most recent call last):
  File "/home/user/DisasterAI/DisasterAI_Model.py", line 1315, in process_reward
    for cell in cells_to_relieve:
                ^^^^^^^^^^^^^^^^
NameError: name 'cells_to_relieve' is not defined
ERROR in Agent H_39 process_reward at tick 44: name 'cells_to_relieve' is not defined
Traceback (most recent call last):
  File "/home/user/DisasterAI/DisasterAI_Model.py", line 1315, in process_reward
    for cell in cells_to_relieve:
                ^^^^^^^^^^^^^^^^
NameError: name 'cells_to_relieve' is not defined
ERROR in Agent H_5 process_reward at tick 44: name 'cells_to_relieve' is not defined
Traceback (most recent call last):
  File "/home/user/DisasterAI/DisasterAI_Model.py", line 1315, in process_reward
    for cell in cells_to_relieve:
                ^^^^^^^^^^^^^^^^
NameError: name 'cells_to_relieve' is not defined
ERROR in Agent H_20 process_reward at tick 44: name 'cells_to_relieve' is not defined
Traceback (most recent call last):
  File "/home/user/DisasterAI/DisasterAI_Model.py", line 1315, in process_reward
    for cell in cells_to_relieve:
                ^^^^^^^^^^^^^^^^
NameError: name 'cells_to_relieve' is not defined
ERROR in Agent H_32 process_reward at tick 44: name 'cells_to_relieve' is not defined
Traceback (most recent call last):
  File "/home/user/DisasterAI/DisasterAI_Model.py", line 1315, in process_reward
    for cell in cells_to_relieve:
                ^^^^^^^^^^^^^^^^
NameError: name 'cells_to_relieve' is not defined
ERROR in Agent H_43 process_reward at tick 44: name 'cells_to_relieve' is not defined
Traceback (most recent call last):
  File "/home/user/DisasterAI/DisasterAI_Model.py", line 1315, in process_reward
    for cell in cells_to_relieve:
                ^^^^^^^^^^^^^^^^
NameError: name 'cells_to_relieve' is not defined
ERROR in Agent H_6 process_reward at tick 45: name 'cells_to_relieve' is not defined
Traceback (most recent call last):
  File "/home/user/DisasterAI/DisasterAI_Model.py", line 1315, in process_reward
    for cell in cells_to_relieve:
                ^^^^^^^^^^^^^^^^
NameError: name 'cells_to_relieve' is not defined
ERROR in Agent H_17 process_reward at tick 45: name 'cells_to_relieve' is not defined
Traceback (most recent call last):
  File "/home/user/DisasterAI/DisasterAI_Model.py", line 1315, in process_reward
    for cell in cells_to_relieve:
                ^^^^^^^^^^^^^^^^
NameError: name 'cells_to_relieve' is not defined
ERROR in Agent H_24 process_reward at tick 45: name 'cells_to_relieve' is not defined
Traceback (most recent call last):
  File "/home/user/DisasterAI/DisasterAI_Model.py", line 1315, in process_reward
    for cell in cells_to_relieve:
                ^^^^^^^^^^^^^^^^
NameError: name 'cells_to_relieve' is not defined
ERROR in Agent H_10 process_reward at tick 45: name 'cells_to_relieve' is not defined
Traceback (most recent call last):
  File "/home/user/DisasterAI/DisasterAI_Model.py", line 1315, in process_reward
    for cell in cells_to_relieve:
                ^^^^^^^^^^^^^^^^
NameError: name 'cells_to_relieve' is not defined
ERROR in Agent H_48 process_reward at tick 45: name 'cells_to_relieve' is not defined
Traceback (most recent call last):
  File "/home/user/DisasterAI/DisasterAI_Model.py", line 1315, in process_reward
    for cell in cells_to_relieve:
                ^^^^^^^^^^^^^^^^
NameError: name 'cells_to_relieve' is not defined
ERROR in Agent H_0 process_reward at tick 45: name 'cells_to_relieve' is not defined
Traceback (most recent call last):
  File "/home/user/DisasterAI/DisasterAI_Model.py", line 1315, in process_reward
    for cell in cells_to_relieve:
                ^^^^^^^^^^^^^^^^
NameError: name 'cells_to_relieve' is not defined
ERROR in Agent H_27 process_reward at tick 45: name 'cells_to_relieve' is not defined
Traceback (most recent call last):
  File "/home/user/DisasterAI/DisasterAI_Model.py", line 1315, in process_reward
    for cell in cells_to_relieve:
                ^^^^^^^^^^^^^^^^
NameError: name 'cells_to_relieve' is not defined
ERROR in Agent H_9 process_reward at tick 45: name 'cells_to_relieve' is not defined
Traceback (most recent call last):
  File "/home/user/DisasterAI/DisasterAI_Model.py", line 1315, in process_reward
    for cell in cells_to_relieve:
                ^^^^^^^^^^^^^^^^
NameError: name 'cells_to_relieve' is not defined
ERROR in Agent H_35 process_reward at tick 45: name 'cells_to_relieve' is not defined
Traceback (most recent call last):
  File "/home/user/DisasterAI/DisasterAI_Model.py", line 1315, in process_reward
    for cell in cells_to_relieve:
                ^^^^^^^^^^^^^^^^
NameError: name 'cells_to_relieve' is not defined
ERROR in Agent H_45 process_reward at tick 45: name 'cells_to_relieve' is not defined
Traceback (most recent call last):
  File "/home/user/DisasterAI/DisasterAI_Model.py", line 1315, in process_reward
    for cell in cells_to_relieve:
                ^^^^^^^^^^^^^^^^
NameError: name 'cells_to_relieve' is not defined
ERROR in Agent H_19 process_reward at tick 45: name 'cells_to_relieve' is not defined
Traceback (most recent call last):
  File "/home/user/DisasterAI/DisasterAI_Model.py", line 1315, in process_reward
    for cell in cells_to_relieve:
                ^^^^^^^^^^^^^^^^
NameError: name 'cells_to_relieve' is not defined
ERROR in Agent H_33 process_reward at tick 45: name 'cells_to_relieve' is not defined
Traceback (most recent call last):
  File "/home/user/DisasterAI/DisasterAI_Model.py", line 1315, in process_reward
    for cell in cells_to_relieve:
                ^^^^^^^^^^^^^^^^
NameError: name 'cells_to_relieve' is not defined
ERROR in Agent H_22 process_reward at tick 45: name 'cells_to_relieve' is not defined
Traceback (most recent call last):
  File "/home/user/DisasterAI/DisasterAI_Model.py", line 1315, in process_reward
    for cell in cells_to_relieve:
                ^^^^^^^^^^^^^^^^
NameError: name 'cells_to_relieve' is not defined
ERROR in Agent H_12 process_reward at tick 45: name 'cells_to_relieve' is not defined
Traceback (most recent call last):
  File "/home/user/DisasterAI/DisasterAI_Model.py", line 1315, in process_reward
    for cell in cells_to_relieve:
                ^^^^^^^^^^^^^^^^
NameError: name 'cells_to_relieve' is not defined
ERROR in Agent H_39 process_reward at tick 45: name 'cells_to_relieve' is not defined
Traceback (most recent call last):
  File "/home/user/DisasterAI/DisasterAI_Model.py", line 1315, in process_reward
    for cell in cells_to_relieve:
                ^^^^^^^^^^^^^^^^
NameError: name 'cells_to_relieve' is not defined
ERROR in Agent H_26 process_reward at tick 45: name 'cells_to_relieve' is not defined
Traceback (most recent call last):
  File "/home/user/DisasterAI/DisasterAI_Model.py", line 1315, in process_reward
    for cell in cells_to_relieve:
                ^^^^^^^^^^^^^^^^
NameError: name 'cells_to_relieve' is not defined
ERROR in Agent H_29 process_reward at tick 45: name 'cells_to_relieve' is not defined
Traceback (most recent call last):
  File "/home/user/DisasterAI/DisasterAI_Model.py", line 1315, in process_reward
    for cell in cells_to_relieve:
                ^^^^^^^^^^^^^^^^
NameError: name 'cells_to_relieve' is not defined
ERROR in Agent H_44 process_reward at tick 45: name 'cells_to_relieve' is not defined
Traceback (most recent call last):
  File "/home/user/DisasterAI/DisasterAI_Model.py", line 1315, in process_reward
    for cell in cells_to_relieve:
                ^^^^^^^^^^^^^^^^
NameError: name 'cells_to_relieve' is not defined
ERROR in Agent H_8 process_reward at tick 45: name 'cells_to_relieve' is not defined
Traceback (most recent call last):
  File "/home/user/DisasterAI/DisasterAI_Model.py", line 1315, in process_reward
    for cell in cells_to_relieve:
                ^^^^^^^^^^^^^^^^
NameError: name 'cells_to_relieve' is not defined
ERROR in Agent H_31 process_reward at tick 45: name 'cells_to_relieve' is not defined
Traceback (most recent call last):
  File "/home/user/DisasterAI/DisasterAI_Model.py", line 1315, in process_reward
    for cell in cells_to_relieve:
                ^^^^^^^^^^^^^^^^
NameError: name 'cells_to_relieve' is not defined
ERROR in Agent H_32 process_reward at tick 45: name 'cells_to_relieve' is not defined
Traceback (most recent call last):
  File "/home/user/DisasterAI/DisasterAI_Model.py", line 1315, in process_reward
    for cell in cells_to_relieve:
                ^^^^^^^^^^^^^^^^
NameError: name 'cells_to_relieve' is not defined
ERROR in Agent H_14 process_reward at tick 45: name 'cells_to_relieve' is not defined
Traceback (most recent call last):
  File "/home/user/DisasterAI/DisasterAI_Model.py", line 1315, in process_reward
    for cell in cells_to_relieve:
                ^^^^^^^^^^^^^^^^
NameError: name 'cells_to_relieve' is not defined
ERROR in Agent H_23 process_reward at tick 45: name 'cells_to_relieve' is not defined
Traceback (most recent call last):
  File "/home/user/DisasterAI/DisasterAI_Model.py", line 1315, in process_reward
    for cell in cells_to_relieve:
                ^^^^^^^^^^^^^^^^
NameError: name 'cells_to_relieve' is not defined
ERROR in Agent H_34 process_reward at tick 45: name 'cells_to_relieve' is not defined
Traceback (most recent call last):
  File "/home/user/DisasterAI/DisasterAI_Model.py", line 1315, in process_reward
    for cell in cells_to_relieve:
                ^^^^^^^^^^^^^^^^
NameError: name 'cells_to_relieve' is not defined
ERROR in Agent H_47 process_reward at tick 45: name 'cells_to_relieve' is not defined
Traceback (most recent call last):
  File "/home/user/DisasterAI/DisasterAI_Model.py", line 1315, in process_reward
    for cell in cells_to_relieve:
                ^^^^^^^^^^^^^^^^
NameError: name 'cells_to_relieve' is not defined
ERROR in Agent H_18 process_reward at tick 45: name 'cells_to_relieve' is not defined
Traceback (most recent call last):
  File "/home/user/DisasterAI/DisasterAI_Model.py", line 1315, in process_reward
    for cell in cells_to_relieve:
                ^^^^^^^^^^^^^^^^
NameError: name 'cells_to_relieve' is not defined
ERROR in Agent H_7 process_reward at tick 45: name 'cells_to_relieve' is not defined
Traceback (most recent call last):
  File "/home/user/DisasterAI/DisasterAI_Model.py", line 1315, in process_reward
    for cell in cells_to_relieve:
                ^^^^^^^^^^^^^^^^
NameError: name 'cells_to_relieve' is not defined
ERROR in Agent H_28 process_reward at tick 45: name 'cells_to_relieve' is not defined
Traceback (most recent call last):
  File "/home/user/DisasterAI/DisasterAI_Model.py", line 1315, in process_reward
    for cell in cells_to_relieve:
                ^^^^^^^^^^^^^^^^
NameError: name 'cells_to_relieve' is not defined
ERROR in Agent H_16 process_reward at tick 45: name 'cells_to_relieve' is not defined
Traceback (most recent call last):
  File "/home/user/DisasterAI/DisasterAI_Model.py", line 1315, in process_reward
    for cell in cells_to_relieve:
                ^^^^^^^^^^^^^^^^
NameError: name 'cells_to_relieve' is not defined
ERROR in Agent H_21 process_reward at tick 45: name 'cells_to_relieve' is not defined
Traceback (most recent call last):
  File "/home/user/DisasterAI/DisasterAI_Model.py", line 1315, in process_reward
    for cell in cells_to_relieve:
                ^^^^^^^^^^^^^^^^
NameError: name 'cells_to_relieve' is not defined
ERROR in Agent H_37 process_reward at tick 45: name 'cells_to_relieve' is not defined
Traceback (most recent call last):
  File "/home/user/DisasterAI/DisasterAI_Model.py", line 1315, in process_reward
    for cell in cells_to_relieve:
                ^^^^^^^^^^^^^^^^
NameError: name 'cells_to_relieve' is not defined
ERROR in Agent H_25 process_reward at tick 45: name 'cells_to_relieve' is not defined
Traceback (most recent call last):
  File "/home/user/DisasterAI/DisasterAI_Model.py", line 1315, in process_reward
    for cell in cells_to_relieve:
                ^^^^^^^^^^^^^^^^
NameError: name 'cells_to_relieve' is not defined
ERROR in Agent H_30 process_reward at tick 45: name 'cells_to_relieve' is not defined
Traceback (most recent call last):
  File "/home/user/DisasterAI/DisasterAI_Model.py", line 1315, in process_reward
    for cell in cells_to_relieve:
                ^^^^^^^^^^^^^^^^
NameError: name 'cells_to_relieve' is not defined
ERROR in Agent H_38 process_reward at tick 45: name 'cells_to_relieve' is not defined
Traceback (most recent call last):
  File "/home/user/DisasterAI/DisasterAI_Model.py", line 1315, in process_reward
    for cell in cells_to_relieve:
                ^^^^^^^^^^^^^^^^
NameError: name 'cells_to_relieve' is not defined
ERROR in Agent H_1 process_reward at tick 45: name 'cells_to_relieve' is not defined
Traceback (most recent call last):
  File "/home/user/DisasterAI/DisasterAI_Model.py", line 1315, in process_reward
    for cell in cells_to_relieve:
                ^^^^^^^^^^^^^^^^
NameError: name 'cells_to_relieve' is not defined
ERROR in Agent H_5 process_reward at tick 45: name 'cells_to_relieve' is not defined
Traceback (most recent call last):
  File "/home/user/DisasterAI/DisasterAI_Model.py", line 1315, in process_reward
    for cell in cells_to_relieve:
                ^^^^^^^^^^^^^^^^
NameError: name 'cells_to_relieve' is not defined
ERROR in Agent H_46 process_reward at tick 45: name 'cells_to_relieve' is not defined
Traceback (most recent call last):
  File "/home/user/DisasterAI/DisasterAI_Model.py", line 1315, in process_reward
    for cell in cells_to_relieve:
                ^^^^^^^^^^^^^^^^
NameError: name 'cells_to_relieve' is not defined

DEBUG: Starting AECI variance calculation at tick 45
  Found 0/50 AI-reliant agents
  Global belief variance: 0.0326
  WARNING: Invalid global variance (0.03259089750000001) or no AI-reliant agents
  Returning AECI variance tuple: (45, 0.0)
  Current aeci_variance_data length: 45
  Last 3 entries: [(43, 0.0), (44, 0.0), (45, 0.0)]
ERROR in Agent H_24 process_reward at tick 46: name 'cells_to_relieve' is not defined
Traceback (most recent call last):
  File "/home/user/DisasterAI/DisasterAI_Model.py", line 1315, in process_reward
    for cell in cells_to_relieve:
                ^^^^^^^^^^^^^^^^
NameError: name 'cells_to_relieve' is not defined
ERROR in Agent H_16 process_reward at tick 46: name 'cells_to_relieve' is not defined
Traceback (most recent call last):
  File "/home/user/DisasterAI/DisasterAI_Model.py", line 1315, in process_reward
    for cell in cells_to_relieve:
                ^^^^^^^^^^^^^^^^
NameError: name 'cells_to_relieve' is not defined
ERROR in Agent H_0 process_reward at tick 46: name 'cells_to_relieve' is not defined
Traceback (most recent call last):
  File "/home/user/DisasterAI/DisasterAI_Model.py", line 1315, in process_reward
    for cell in cells_to_relieve:
                ^^^^^^^^^^^^^^^^
NameError: name 'cells_to_relieve' is not defined
ERROR in Agent H_20 process_reward at tick 46: name 'cells_to_relieve' is not defined
Traceback (most recent call last):
  File "/home/user/DisasterAI/DisasterAI_Model.py", line 1315, in process_reward
    for cell in cells_to_relieve:
                ^^^^^^^^^^^^^^^^
NameError: name 'cells_to_relieve' is not defined
ERROR in Agent H_40 process_reward at tick 46: name 'cells_to_relieve' is not defined
Traceback (most recent call last):
  File "/home/user/DisasterAI/DisasterAI_Model.py", line 1315, in process_reward
    for cell in cells_to_relieve:
                ^^^^^^^^^^^^^^^^
NameError: name 'cells_to_relieve' is not defined
ERROR in Agent H_28 process_reward at tick 46: name 'cells_to_relieve' is not defined
Traceback (most recent call last):
  File "/home/user/DisasterAI/DisasterAI_Model.py", line 1315, in process_reward
    for cell in cells_to_relieve:
                ^^^^^^^^^^^^^^^^
NameError: name 'cells_to_relieve' is not defined
ERROR in Agent H_3 process_reward at tick 46: name 'cells_to_relieve' is not defined
Traceback (most recent call last):
  File "/home/user/DisasterAI/DisasterAI_Model.py", line 1315, in process_reward
    for cell in cells_to_relieve:
                ^^^^^^^^^^^^^^^^
NameError: name 'cells_to_relieve' is not defined
ERROR in Agent H_37 process_reward at tick 46: name 'cells_to_relieve' is not defined
Traceback (most recent call last):
  File "/home/user/DisasterAI/DisasterAI_Model.py", line 1315, in process_reward
    for cell in cells_to_relieve:
                ^^^^^^^^^^^^^^^^
NameError: name 'cells_to_relieve' is not defined
ERROR in Agent H_43 process_reward at tick 46: name 'cells_to_relieve' is not defined
Traceback (most recent call last):
  File "/home/user/DisasterAI/DisasterAI_Model.py", line 1315, in process_reward
    for cell in cells_to_relieve:
                ^^^^^^^^^^^^^^^^
NameError: name 'cells_to_relieve' is not defined
ERROR in Agent H_6 process_reward at tick 46: name 'cells_to_relieve' is not defined
Traceback (most recent call last):
  File "/home/user/DisasterAI/DisasterAI_Model.py", line 1315, in process_reward
    for cell in cells_to_relieve:
                ^^^^^^^^^^^^^^^^
NameError: name 'cells_to_relieve' is not defined
ERROR in Agent H_47 process_reward at tick 46: name 'cells_to_relieve' is not defined
Traceback (most recent call last):
  File "/home/user/DisasterAI/DisasterAI_Model.py", line 1315, in process_reward
    for cell in cells_to_relieve:
                ^^^^^^^^^^^^^^^^
NameError: name 'cells_to_relieve' is not defined
ERROR in Agent H_25 process_reward at tick 46: name 'cells_to_relieve' is not defined
Traceback (most recent call last):
  File "/home/user/DisasterAI/DisasterAI_Model.py", line 1315, in process_reward
    for cell in cells_to_relieve:
                ^^^^^^^^^^^^^^^^
NameError: name 'cells_to_relieve' is not defined
ERROR in Agent H_2 process_reward at tick 46: name 'cells_to_relieve' is not defined
Traceback (most recent call last):
  File "/home/user/DisasterAI/DisasterAI_Model.py", line 1315, in process_reward
    for cell in cells_to_relieve:
                ^^^^^^^^^^^^^^^^
NameError: name 'cells_to_relieve' is not defined
ERROR in Agent H_49 process_reward at tick 46: name 'cells_to_relieve' is not defined
Traceback (most recent call last):
  File "/home/user/DisasterAI/DisasterAI_Model.py", line 1315, in process_reward
    for cell in cells_to_relieve:
                ^^^^^^^^^^^^^^^^
NameError: name 'cells_to_relieve' is not defined
ERROR in Agent H_35 process_reward at tick 46: name 'cells_to_relieve' is not defined
Traceback (most recent call last):
  File "/home/user/DisasterAI/DisasterAI_Model.py", line 1315, in process_reward
    for cell in cells_to_relieve:
                ^^^^^^^^^^^^^^^^
NameError: name 'cells_to_relieve' is not defined
ERROR in Agent H_9 process_reward at tick 46: name 'cells_to_relieve' is not defined
Traceback (most recent call last):
  File "/home/user/DisasterAI/DisasterAI_Model.py", line 1315, in process_reward
    for cell in cells_to_relieve:
                ^^^^^^^^^^^^^^^^
NameError: name 'cells_to_relieve' is not defined
ERROR in Agent H_26 process_reward at tick 46: name 'cells_to_relieve' is not defined
Traceback (most recent call last):
  File "/home/user/DisasterAI/DisasterAI_Model.py", line 1315, in process_reward
    for cell in cells_to_relieve:
                ^^^^^^^^^^^^^^^^
NameError: name 'cells_to_relieve' is not defined
ERROR in Agent H_38 process_reward at tick 46: name 'cells_to_relieve' is not defined
Traceback (most recent call last):
  File "/home/user/DisasterAI/DisasterAI_Model.py", line 1315, in process_reward
    for cell in cells_to_relieve:
                ^^^^^^^^^^^^^^^^
NameError: name 'cells_to_relieve' is not defined
ERROR in Agent H_42 process_reward at tick 46: name 'cells_to_relieve' is not defined
Traceback (most recent call last):
  File "/home/user/DisasterAI/DisasterAI_Model.py", line 1315, in process_reward
    for cell in cells_to_relieve:
                ^^^^^^^^^^^^^^^^
NameError: name 'cells_to_relieve' is not defined
ERROR in Agent H_29 process_reward at tick 46: name 'cells_to_relieve' is not defined
Traceback (most recent call last):
  File "/home/user/DisasterAI/DisasterAI_Model.py", line 1315, in process_reward
    for cell in cells_to_relieve:
                ^^^^^^^^^^^^^^^^
NameError: name 'cells_to_relieve' is not defined
ERROR in Agent H_4 process_reward at tick 46: name 'cells_to_relieve' is not defined
Traceback (most recent call last):
  File "/home/user/DisasterAI/DisasterAI_Model.py", line 1315, in process_reward
    for cell in cells_to_relieve:
                ^^^^^^^^^^^^^^^^
NameError: name 'cells_to_relieve' is not defined
ERROR in Agent H_1 process_reward at tick 46: name 'cells_to_relieve' is not defined
Traceback (most recent call last):
  File "/home/user/DisasterAI/DisasterAI_Model.py", line 1315, in process_reward
    for cell in cells_to_relieve:
                ^^^^^^^^^^^^^^^^
NameError: name 'cells_to_relieve' is not defined
ERROR in Agent H_19 process_reward at tick 46: name 'cells_to_relieve' is not defined
Traceback (most recent call last):
  File "/home/user/DisasterAI/DisasterAI_Model.py", line 1315, in process_reward
    for cell in cells_to_relieve:
                ^^^^^^^^^^^^^^^^
NameError: name 'cells_to_relieve' is not defined
ERROR in Agent H_18 process_reward at tick 46: name 'cells_to_relieve' is not defined
Traceback (most recent call last):
  File "/home/user/DisasterAI/DisasterAI_Model.py", line 1315, in process_reward
    for cell in cells_to_relieve:
                ^^^^^^^^^^^^^^^^
NameError: name 'cells_to_relieve' is not defined
ERROR in Agent H_44 process_reward at tick 46: name 'cells_to_relieve' is not defined
Traceback (most recent call last):
  File "/home/user/DisasterAI/DisasterAI_Model.py", line 1315, in process_reward
    for cell in cells_to_relieve:
                ^^^^^^^^^^^^^^^^
NameError: name 'cells_to_relieve' is not defined
ERROR in Agent H_17 process_reward at tick 46: name 'cells_to_relieve' is not defined
Traceback (most recent call last):
  File "/home/user/DisasterAI/DisasterAI_Model.py", line 1315, in process_reward
    for cell in cells_to_relieve:
                ^^^^^^^^^^^^^^^^
NameError: name 'cells_to_relieve' is not defined
ERROR in Agent H_34 process_reward at tick 46: name 'cells_to_relieve' is not defined
Traceback (most recent call last):
  File "/home/user/DisasterAI/DisasterAI_Model.py", line 1315, in process_reward
    for cell in cells_to_relieve:
                ^^^^^^^^^^^^^^^^
NameError: name 'cells_to_relieve' is not defined
ERROR in Agent H_7 process_reward at tick 46: name 'cells_to_relieve' is not defined
Traceback (most recent call last):
  File "/home/user/DisasterAI/DisasterAI_Model.py", line 1315, in process_reward
    for cell in cells_to_relieve:
                ^^^^^^^^^^^^^^^^
NameError: name 'cells_to_relieve' is not defined
ERROR in Agent H_31 process_reward at tick 46: name 'cells_to_relieve' is not defined
Traceback (most recent call last):
  File "/home/user/DisasterAI/DisasterAI_Model.py", line 1315, in process_reward
    for cell in cells_to_relieve:
                ^^^^^^^^^^^^^^^^
NameError: name 'cells_to_relieve' is not defined
ERROR in Agent H_46 process_reward at tick 46: name 'cells_to_relieve' is not defined
Traceback (most recent call last):
  File "/home/user/DisasterAI/DisasterAI_Model.py", line 1315, in process_reward
    for cell in cells_to_relieve:
                ^^^^^^^^^^^^^^^^
NameError: name 'cells_to_relieve' is not defined
ERROR in Agent H_36 process_reward at tick 46: name 'cells_to_relieve' is not defined
Traceback (most recent call last):
  File "/home/user/DisasterAI/DisasterAI_Model.py", line 1315, in process_reward
    for cell in cells_to_relieve:
                ^^^^^^^^^^^^^^^^
NameError: name 'cells_to_relieve' is not defined
ERROR in Agent H_23 process_reward at tick 46: name 'cells_to_relieve' is not defined
Traceback (most recent call last):
  File "/home/user/DisasterAI/DisasterAI_Model.py", line 1315, in process_reward
    for cell in cells_to_relieve:
                ^^^^^^^^^^^^^^^^
NameError: name 'cells_to_relieve' is not defined
ERROR in Agent H_32 process_reward at tick 46: name 'cells_to_relieve' is not defined
Traceback (most recent call last):
  File "/home/user/DisasterAI/DisasterAI_Model.py", line 1315, in process_reward
    for cell in cells_to_relieve:
                ^^^^^^^^^^^^^^^^
NameError: name 'cells_to_relieve' is not defined
ERROR in Agent H_13 process_reward at tick 46: name 'cells_to_relieve' is not defined
Traceback (most recent call last):
  File "/home/user/DisasterAI/DisasterAI_Model.py", line 1315, in process_reward
    for cell in cells_to_relieve:
                ^^^^^^^^^^^^^^^^
NameError: name 'cells_to_relieve' is not defined
ERROR in Agent H_5 process_reward at tick 46: name 'cells_to_relieve' is not defined
Traceback (most recent call last):
  File "/home/user/DisasterAI/DisasterAI_Model.py", line 1315, in process_reward
    for cell in cells_to_relieve:
                ^^^^^^^^^^^^^^^^
NameError: name 'cells_to_relieve' is not defined
ERROR in Agent H_8 process_reward at tick 46: name 'cells_to_relieve' is not defined
Traceback (most recent call last):
  File "/home/user/DisasterAI/DisasterAI_Model.py", line 1315, in process_reward
    for cell in cells_to_relieve:
                ^^^^^^^^^^^^^^^^
NameError: name 'cells_to_relieve' is not defined
ERROR in Agent H_30 process_reward at tick 47: name 'cells_to_relieve' is not defined
Traceback (most recent call last):
  File "/home/user/DisasterAI/DisasterAI_Model.py", line 1315, in process_reward
    for cell in cells_to_relieve:
                ^^^^^^^^^^^^^^^^
NameError: name 'cells_to_relieve' is not defined
ERROR in Agent H_22 process_reward at tick 47: name 'cells_to_relieve' is not defined
Traceback (most recent call last):
  File "/home/user/DisasterAI/DisasterAI_Model.py", line 1315, in process_reward
    for cell in cells_to_relieve:
                ^^^^^^^^^^^^^^^^
NameError: name 'cells_to_relieve' is not defined
ERROR in Agent H_44 process_reward at tick 47: name 'cells_to_relieve' is not defined
Traceback (most recent call last):
  File "/home/user/DisasterAI/DisasterAI_Model.py", line 1315, in process_reward
    for cell in cells_to_relieve:
                ^^^^^^^^^^^^^^^^
NameError: name 'cells_to_relieve' is not defined
ERROR in Agent H_9 process_reward at tick 47: name 'cells_to_relieve' is not defined
Traceback (most recent call last):
  File "/home/user/DisasterAI/DisasterAI_Model.py", line 1315, in process_reward
    for cell in cells_to_relieve:
                ^^^^^^^^^^^^^^^^
NameError: name 'cells_to_relieve' is not defined
ERROR in Agent H_5 process_reward at tick 47: name 'cells_to_relieve' is not defined
Traceback (most recent call last):
  File "/home/user/DisasterAI/DisasterAI_Model.py", line 1315, in process_reward
    for cell in cells_to_relieve:
                ^^^^^^^^^^^^^^^^
NameError: name 'cells_to_relieve' is not defined
ERROR in Agent H_7 process_reward at tick 47: name 'cells_to_relieve' is not defined
Traceback (most recent call last):
  File "/home/user/DisasterAI/DisasterAI_Model.py", line 1315, in process_reward
    for cell in cells_to_relieve:
                ^^^^^^^^^^^^^^^^
NameError: name 'cells_to_relieve' is not defined
ERROR in Agent H_12 process_reward at tick 47: name 'cells_to_relieve' is not defined
Traceback (most recent call last):
  File "/home/user/DisasterAI/DisasterAI_Model.py", line 1315, in process_reward
    for cell in cells_to_relieve:
                ^^^^^^^^^^^^^^^^
NameError: name 'cells_to_relieve' is not defined
ERROR in Agent H_47 process_reward at tick 47: name 'cells_to_relieve' is not defined
Traceback (most recent call last):
  File "/home/user/DisasterAI/DisasterAI_Model.py", line 1315, in process_reward
    for cell in cells_to_relieve:
                ^^^^^^^^^^^^^^^^
NameError: name 'cells_to_relieve' is not defined
ERROR in Agent H_48 process_reward at tick 47: name 'cells_to_relieve' is not defined
Traceback (most recent call last):
  File "/home/user/DisasterAI/DisasterAI_Model.py", line 1315, in process_reward
    for cell in cells_to_relieve:
                ^^^^^^^^^^^^^^^^
NameError: name 'cells_to_relieve' is not defined
ERROR in Agent H_35 process_reward at tick 47: name 'cells_to_relieve' is not defined
Traceback (most recent call last):
  File "/home/user/DisasterAI/DisasterAI_Model.py", line 1315, in process_reward
    for cell in cells_to_relieve:
                ^^^^^^^^^^^^^^^^
NameError: name 'cells_to_relieve' is not defined
ERROR in Agent H_27 process_reward at tick 47: name 'cells_to_relieve' is not defined
Traceback (most recent call last):
  File "/home/user/DisasterAI/DisasterAI_Model.py", line 1315, in process_reward
    for cell in cells_to_relieve:
                ^^^^^^^^^^^^^^^^
NameError: name 'cells_to_relieve' is not defined
ERROR in Agent H_40 process_reward at tick 47: name 'cells_to_relieve' is not defined
Traceback (most recent call last):
  File "/home/user/DisasterAI/DisasterAI_Model.py", line 1315, in process_reward
    for cell in cells_to_relieve:
                ^^^^^^^^^^^^^^^^
NameError: name 'cells_to_relieve' is not defined
ERROR in Agent H_36 process_reward at tick 47: name 'cells_to_relieve' is not defined
Traceback (most recent call last):
  File "/home/user/DisasterAI/DisasterAI_Model.py", line 1315, in process_reward
    for cell in cells_to_relieve:
                ^^^^^^^^^^^^^^^^
NameError: name 'cells_to_relieve' is not defined
ERROR in Agent H_4 process_reward at tick 47: name 'cells_to_relieve' is not defined
Traceback (most recent call last):
  File "/home/user/DisasterAI/DisasterAI_Model.py", line 1315, in process_reward
    for cell in cells_to_relieve:
                ^^^^^^^^^^^^^^^^
NameError: name 'cells_to_relieve' is not defined
ERROR in Agent H_0 process_reward at tick 47: name 'cells_to_relieve' is not defined
Traceback (most recent call last):
  File "/home/user/DisasterAI/DisasterAI_Model.py", line 1315, in process_reward
    for cell in cells_to_relieve:
                ^^^^^^^^^^^^^^^^
NameError: name 'cells_to_relieve' is not defined
ERROR in Agent H_24 process_reward at tick 47: name 'cells_to_relieve' is not defined
Traceback (most recent call last):
  File "/home/user/DisasterAI/DisasterAI_Model.py", line 1315, in process_reward
    for cell in cells_to_relieve:
                ^^^^^^^^^^^^^^^^
NameError: name 'cells_to_relieve' is not defined
ERROR in Agent H_37 process_reward at tick 47: name 'cells_to_relieve' is not defined
Traceback (most recent call last):
  File "/home/user/DisasterAI/DisasterAI_Model.py", line 1315, in process_reward
    for cell in cells_to_relieve:
                ^^^^^^^^^^^^^^^^
NameError: name 'cells_to_relieve' is not defined
ERROR in Agent H_26 process_reward at tick 47: name 'cells_to_relieve' is not defined
Traceback (most recent call last):
  File "/home/user/DisasterAI/DisasterAI_Model.py", line 1315, in process_reward
    for cell in cells_to_relieve:
                ^^^^^^^^^^^^^^^^
NameError: name 'cells_to_relieve' is not defined
ERROR in Agent H_1 process_reward at tick 47: name 'cells_to_relieve' is not defined
Traceback (most recent call last):
  File "/home/user/DisasterAI/DisasterAI_Model.py", line 1315, in process_reward
    for cell in cells_to_relieve:
                ^^^^^^^^^^^^^^^^
NameError: name 'cells_to_relieve' is not defined
ERROR in Agent H_46 process_reward at tick 47: name 'cells_to_relieve' is not defined
Traceback (most recent call last):
  File "/home/user/DisasterAI/DisasterAI_Model.py", line 1315, in process_reward
    for cell in cells_to_relieve:
                ^^^^^^^^^^^^^^^^
NameError: name 'cells_to_relieve' is not defined
ERROR in Agent H_3 process_reward at tick 47: name 'cells_to_relieve' is not defined
Traceback (most recent call last):
  File "/home/user/DisasterAI/DisasterAI_Model.py", line 1315, in process_reward
    for cell in cells_to_relieve:
                ^^^^^^^^^^^^^^^^
NameError: name 'cells_to_relieve' is not defined
ERROR in Agent H_17 process_reward at tick 47: name 'cells_to_relieve' is not defined
Traceback (most recent call last):
  File "/home/user/DisasterAI/DisasterAI_Model.py", line 1315, in process_reward
    for cell in cells_to_relieve:
                ^^^^^^^^^^^^^^^^
NameError: name 'cells_to_relieve' is not defined
ERROR in Agent H_21 process_reward at tick 47: name 'cells_to_relieve' is not defined
Traceback (most recent call last):
  File "/home/user/DisasterAI/DisasterAI_Model.py", line 1315, in process_reward
    for cell in cells_to_relieve:
                ^^^^^^^^^^^^^^^^
NameError: name 'cells_to_relieve' is not defined
ERROR in Agent H_13 process_reward at tick 47: name 'cells_to_relieve' is not defined
Traceback (most recent call last):
  File "/home/user/DisasterAI/DisasterAI_Model.py", line 1315, in process_reward
    for cell in cells_to_relieve:
                ^^^^^^^^^^^^^^^^
NameError: name 'cells_to_relieve' is not defined
ERROR in Agent H_41 process_reward at tick 47: name 'cells_to_relieve' is not defined
Traceback (most recent call last):
  File "/home/user/DisasterAI/DisasterAI_Model.py", line 1315, in process_reward
    for cell in cells_to_relieve:
                ^^^^^^^^^^^^^^^^
NameError: name 'cells_to_relieve' is not defined
ERROR in Agent H_43 process_reward at tick 47: name 'cells_to_relieve' is not defined
Traceback (most recent call last):
  File "/home/user/DisasterAI/DisasterAI_Model.py", line 1315, in process_reward
    for cell in cells_to_relieve:
                ^^^^^^^^^^^^^^^^
NameError: name 'cells_to_relieve' is not defined
ERROR in Agent H_8 process_reward at tick 47: name 'cells_to_relieve' is not defined
Traceback (most recent call last):
  File "/home/user/DisasterAI/DisasterAI_Model.py", line 1315, in process_reward
    for cell in cells_to_relieve:
                ^^^^^^^^^^^^^^^^
NameError: name 'cells_to_relieve' is not defined
ERROR in Agent H_18 process_reward at tick 47: name 'cells_to_relieve' is not defined
Traceback (most recent call last):
  File "/home/user/DisasterAI/DisasterAI_Model.py", line 1315, in process_reward
    for cell in cells_to_relieve:
                ^^^^^^^^^^^^^^^^
NameError: name 'cells_to_relieve' is not defined
ERROR in Agent H_15 process_reward at tick 47: name 'cells_to_relieve' is not defined
Traceback (most recent call last):
  File "/home/user/DisasterAI/DisasterAI_Model.py", line 1315, in process_reward
    for cell in cells_to_relieve:
                ^^^^^^^^^^^^^^^^
NameError: name 'cells_to_relieve' is not defined
ERROR in Agent H_20 process_reward at tick 47: name 'cells_to_relieve' is not defined
Traceback (most recent call last):
  File "/home/user/DisasterAI/DisasterAI_Model.py", line 1315, in process_reward
    for cell in cells_to_relieve:
                ^^^^^^^^^^^^^^^^
NameError: name 'cells_to_relieve' is not defined
ERROR in Agent H_42 process_reward at tick 48: name 'cells_to_relieve' is not defined
Traceback (most recent call last):
  File "/home/user/DisasterAI/DisasterAI_Model.py", line 1315, in process_reward
    for cell in cells_to_relieve:
                ^^^^^^^^^^^^^^^^
NameError: name 'cells_to_relieve' is not defined
ERROR in Agent H_18 process_reward at tick 48: name 'cells_to_relieve' is not defined
Traceback (most recent call last):
  File "/home/user/DisasterAI/DisasterAI_Model.py", line 1315, in process_reward
    for cell in cells_to_relieve:
                ^^^^^^^^^^^^^^^^
NameError: name 'cells_to_relieve' is not defined
ERROR in Agent H_19 process_reward at tick 48: name 'cells_to_relieve' is not defined
Traceback (most recent call last):
  File "/home/user/DisasterAI/DisasterAI_Model.py", line 1315, in process_reward
    for cell in cells_to_relieve:
                ^^^^^^^^^^^^^^^^
NameError: name 'cells_to_relieve' is not defined
ERROR in Agent H_32 process_reward at tick 48: name 'cells_to_relieve' is not defined
Traceback (most recent call last):
  File "/home/user/DisasterAI/DisasterAI_Model.py", line 1315, in process_reward
    for cell in cells_to_relieve:
                ^^^^^^^^^^^^^^^^
NameError: name 'cells_to_relieve' is not defined
ERROR in Agent H_33 process_reward at tick 48: name 'cells_to_relieve' is not defined
Traceback (most recent call last):
  File "/home/user/DisasterAI/DisasterAI_Model.py", line 1315, in process_reward
    for cell in cells_to_relieve:
                ^^^^^^^^^^^^^^^^
NameError: name 'cells_to_relieve' is not defined
ERROR in Agent H_28 process_reward at tick 48: name 'cells_to_relieve' is not defined
Traceback (most recent call last):
  File "/home/user/DisasterAI/DisasterAI_Model.py", line 1315, in process_reward
    for cell in cells_to_relieve:
                ^^^^^^^^^^^^^^^^
NameError: name 'cells_to_relieve' is not defined
ERROR in Agent H_12 process_reward at tick 48: name 'cells_to_relieve' is not defined
Traceback (most recent call last):
  File "/home/user/DisasterAI/DisasterAI_Model.py", line 1315, in process_reward
    for cell in cells_to_relieve:
                ^^^^^^^^^^^^^^^^
NameError: name 'cells_to_relieve' is not defined
ERROR in Agent H_2 process_reward at tick 48: name 'cells_to_relieve' is not defined
Traceback (most recent call last):
  File "/home/user/DisasterAI/DisasterAI_Model.py", line 1315, in process_reward
    for cell in cells_to_relieve:
                ^^^^^^^^^^^^^^^^
NameError: name 'cells_to_relieve' is not defined
ERROR in Agent H_43 process_reward at tick 48: name 'cells_to_relieve' is not defined
Traceback (most recent call last):
  File "/home/user/DisasterAI/DisasterAI_Model.py", line 1315, in process_reward
    for cell in cells_to_relieve:
                ^^^^^^^^^^^^^^^^
NameError: name 'cells_to_relieve' is not defined
ERROR in Agent H_34 process_reward at tick 48: name 'cells_to_relieve' is not defined
Traceback (most recent call last):
  File "/home/user/DisasterAI/DisasterAI_Model.py", line 1315, in process_reward
    for cell in cells_to_relieve:
                ^^^^^^^^^^^^^^^^
NameError: name 'cells_to_relieve' is not defined
ERROR in Agent H_21 process_reward at tick 48: name 'cells_to_relieve' is not defined
Traceback (most recent call last):
  File "/home/user/DisasterAI/DisasterAI_Model.py", line 1315, in process_reward
    for cell in cells_to_relieve:
                ^^^^^^^^^^^^^^^^
NameError: name 'cells_to_relieve' is not defined
ERROR in Agent H_14 process_reward at tick 48: name 'cells_to_relieve' is not defined
Traceback (most recent call last):
  File "/home/user/DisasterAI/DisasterAI_Model.py", line 1315, in process_reward
    for cell in cells_to_relieve:
                ^^^^^^^^^^^^^^^^
NameError: name 'cells_to_relieve' is not defined
ERROR in Agent H_41 process_reward at tick 48: name 'cells_to_relieve' is not defined
Traceback (most recent call last):
  File "/home/user/DisasterAI/DisasterAI_Model.py", line 1315, in process_reward
    for cell in cells_to_relieve:
                ^^^^^^^^^^^^^^^^
NameError: name 'cells_to_relieve' is not defined
ERROR in Agent H_46 process_reward at tick 48: name 'cells_to_relieve' is not defined
Traceback (most recent call last):
  File "/home/user/DisasterAI/DisasterAI_Model.py", line 1315, in process_reward
    for cell in cells_to_relieve:
                ^^^^^^^^^^^^^^^^
NameError: name 'cells_to_relieve' is not defined
ERROR in Agent H_47 process_reward at tick 48: name 'cells_to_relieve' is not defined
Traceback (most recent call last):
  File "/home/user/DisasterAI/DisasterAI_Model.py", line 1315, in process_reward
    for cell in cells_to_relieve:
                ^^^^^^^^^^^^^^^^
NameError: name 'cells_to_relieve' is not defined
ERROR in Agent H_15 process_reward at tick 48: name 'cells_to_relieve' is not defined
Traceback (most recent call last):
  File "/home/user/DisasterAI/DisasterAI_Model.py", line 1315, in process_reward
    for cell in cells_to_relieve:
                ^^^^^^^^^^^^^^^^
NameError: name 'cells_to_relieve' is not defined
ERROR in Agent H_31 process_reward at tick 48: name 'cells_to_relieve' is not defined
Traceback (most recent call last):
  File "/home/user/DisasterAI/DisasterAI_Model.py", line 1315, in process_reward
    for cell in cells_to_relieve:
                ^^^^^^^^^^^^^^^^
NameError: name 'cells_to_relieve' is not defined
ERROR in Agent H_11 process_reward at tick 48: name 'cells_to_relieve' is not defined
Traceback (most recent call last):
  File "/home/user/DisasterAI/DisasterAI_Model.py", line 1315, in process_reward
    for cell in cells_to_relieve:
                ^^^^^^^^^^^^^^^^
NameError: name 'cells_to_relieve' is not defined
ERROR in Agent H_13 process_reward at tick 48: name 'cells_to_relieve' is not defined
Traceback (most recent call last):
  File "/home/user/DisasterAI/DisasterAI_Model.py", line 1315, in process_reward
    for cell in cells_to_relieve:
                ^^^^^^^^^^^^^^^^
NameError: name 'cells_to_relieve' is not defined
ERROR in Agent H_40 process_reward at tick 48: name 'cells_to_relieve' is not defined
Traceback (most recent call last):
  File "/home/user/DisasterAI/DisasterAI_Model.py", line 1315, in process_reward
    for cell in cells_to_relieve:
                ^^^^^^^^^^^^^^^^
NameError: name 'cells_to_relieve' is not defined
ERROR in Agent H_27 process_reward at tick 48: name 'cells_to_relieve' is not defined
Traceback (most recent call last):
  File "/home/user/DisasterAI/DisasterAI_Model.py", line 1315, in process_reward
    for cell in cells_to_relieve:
                ^^^^^^^^^^^^^^^^
NameError: name 'cells_to_relieve' is not defined
ERROR in Agent H_49 process_reward at tick 48: name 'cells_to_relieve' is not defined
Traceback (most recent call last):
  File "/home/user/DisasterAI/DisasterAI_Model.py", line 1315, in process_reward
    for cell in cells_to_relieve:
                ^^^^^^^^^^^^^^^^
NameError: name 'cells_to_relieve' is not defined
ERROR in Agent H_1 process_reward at tick 48: name 'cells_to_relieve' is not defined
Traceback (most recent call last):
  File "/home/user/DisasterAI/DisasterAI_Model.py", line 1315, in process_reward
    for cell in cells_to_relieve:
                ^^^^^^^^^^^^^^^^
NameError: name 'cells_to_relieve' is not defined
ERROR in Agent H_9 process_reward at tick 48: name 'cells_to_relieve' is not defined
Traceback (most recent call last):
  File "/home/user/DisasterAI/DisasterAI_Model.py", line 1315, in process_reward
    for cell in cells_to_relieve:
                ^^^^^^^^^^^^^^^^
NameError: name 'cells_to_relieve' is not defined
ERROR in Agent H_35 process_reward at tick 48: name 'cells_to_relieve' is not defined
Traceback (most recent call last):
  File "/home/user/DisasterAI/DisasterAI_Model.py", line 1315, in process_reward
    for cell in cells_to_relieve:
                ^^^^^^^^^^^^^^^^
NameError: name 'cells_to_relieve' is not defined
ERROR in Agent H_44 process_reward at tick 48: name 'cells_to_relieve' is not defined
Traceback (most recent call last):
  File "/home/user/DisasterAI/DisasterAI_Model.py", line 1315, in process_reward
    for cell in cells_to_relieve:
                ^^^^^^^^^^^^^^^^
NameError: name 'cells_to_relieve' is not defined
ERROR in Agent H_36 process_reward at tick 48: name 'cells_to_relieve' is not defined
Traceback (most recent call last):
  File "/home/user/DisasterAI/DisasterAI_Model.py", line 1315, in process_reward
    for cell in cells_to_relieve:
                ^^^^^^^^^^^^^^^^
NameError: name 'cells_to_relieve' is not defined
ERROR in Agent H_17 process_reward at tick 48: name 'cells_to_relieve' is not defined
Traceback (most recent call last):
  File "/home/user/DisasterAI/DisasterAI_Model.py", line 1315, in process_reward
    for cell in cells_to_relieve:
                ^^^^^^^^^^^^^^^^
NameError: name 'cells_to_relieve' is not defined
ERROR in Agent H_23 process_reward at tick 48: name 'cells_to_relieve' is not defined
Traceback (most recent call last):
  File "/home/user/DisasterAI/DisasterAI_Model.py", line 1315, in process_reward
    for cell in cells_to_relieve:
                ^^^^^^^^^^^^^^^^
NameError: name 'cells_to_relieve' is not defined
ERROR in Agent H_5 process_reward at tick 48: name 'cells_to_relieve' is not defined
Traceback (most recent call last):
  File "/home/user/DisasterAI/DisasterAI_Model.py", line 1315, in process_reward
    for cell in cells_to_relieve:
                ^^^^^^^^^^^^^^^^
NameError: name 'cells_to_relieve' is not defined
ERROR in Agent H_22 process_reward at tick 48: name 'cells_to_relieve' is not defined
Traceback (most recent call last):
  File "/home/user/DisasterAI/DisasterAI_Model.py", line 1315, in process_reward
    for cell in cells_to_relieve:
                ^^^^^^^^^^^^^^^^
NameError: name 'cells_to_relieve' is not defined
ERROR in Agent H_0 process_reward at tick 48: name 'cells_to_relieve' is not defined
Traceback (most recent call last):
  File "/home/user/DisasterAI/DisasterAI_Model.py", line 1315, in process_reward
    for cell in cells_to_relieve:
                ^^^^^^^^^^^^^^^^
NameError: name 'cells_to_relieve' is not defined
ERROR in Agent H_25 process_reward at tick 48: name 'cells_to_relieve' is not defined
Traceback (most recent call last):
  File "/home/user/DisasterAI/DisasterAI_Model.py", line 1315, in process_reward
    for cell in cells_to_relieve:
                ^^^^^^^^^^^^^^^^
NameError: name 'cells_to_relieve' is not defined
ERROR in Agent H_38 process_reward at tick 49: name 'cells_to_relieve' is not defined
Traceback (most recent call last):
  File "/home/user/DisasterAI/DisasterAI_Model.py", line 1315, in process_reward
    for cell in cells_to_relieve:
                ^^^^^^^^^^^^^^^^
NameError: name 'cells_to_relieve' is not defined
ERROR in Agent H_37 process_reward at tick 49: name 'cells_to_relieve' is not defined
Traceback (most recent call last):
  File "/home/user/DisasterAI/DisasterAI_Model.py", line 1315, in process_reward
    for cell in cells_to_relieve:
                ^^^^^^^^^^^^^^^^
NameError: name 'cells_to_relieve' is not defined
ERROR in Agent H_18 process_reward at tick 49: name 'cells_to_relieve' is not defined
Traceback (most recent call last):
  File "/home/user/DisasterAI/DisasterAI_Model.py", line 1315, in process_reward
    for cell in cells_to_relieve:
                ^^^^^^^^^^^^^^^^
NameError: name 'cells_to_relieve' is not defined
ERROR in Agent H_25 process_reward at tick 49: name 'cells_to_relieve' is not defined
Traceback (most recent call last):
  File "/home/user/DisasterAI/DisasterAI_Model.py", line 1315, in process_reward
    for cell in cells_to_relieve:
                ^^^^^^^^^^^^^^^^
NameError: name 'cells_to_relieve' is not defined
ERROR in Agent H_5 process_reward at tick 49: name 'cells_to_relieve' is not defined
Traceback (most recent call last):
  File "/home/user/DisasterAI/DisasterAI_Model.py", line 1315, in process_reward
    for cell in cells_to_relieve:
                ^^^^^^^^^^^^^^^^
NameError: name 'cells_to_relieve' is not defined
ERROR in Agent H_30 process_reward at tick 49: name 'cells_to_relieve' is not defined
Traceback (most recent call last):
  File "/home/user/DisasterAI/DisasterAI_Model.py", line 1315, in process_reward
    for cell in cells_to_relieve:
                ^^^^^^^^^^^^^^^^
NameError: name 'cells_to_relieve' is not defined
ERROR in Agent H_20 process_reward at tick 49: name 'cells_to_relieve' is not defined
Traceback (most recent call last):
  File "/home/user/DisasterAI/DisasterAI_Model.py", line 1315, in process_reward
    for cell in cells_to_relieve:
                ^^^^^^^^^^^^^^^^
NameError: name 'cells_to_relieve' is not defined
ERROR in Agent H_8 process_reward at tick 49: name 'cells_to_relieve' is not defined
Traceback (most recent call last):
  File "/home/user/DisasterAI/DisasterAI_Model.py", line 1315, in process_reward
    for cell in cells_to_relieve:
                ^^^^^^^^^^^^^^^^
NameError: name 'cells_to_relieve' is not defined
ERROR in Agent H_16 process_reward at tick 49: name 'cells_to_relieve' is not defined
Traceback (most recent call last):
  File "/home/user/DisasterAI/DisasterAI_Model.py", line 1315, in process_reward
    for cell in cells_to_relieve:
                ^^^^^^^^^^^^^^^^
NameError: name 'cells_to_relieve' is not defined
ERROR in Agent H_48 process_reward at tick 49: name 'cells_to_relieve' is not defined
Traceback (most recent call last):
  File "/home/user/DisasterAI/DisasterAI_Model.py", line 1315, in process_reward
    for cell in cells_to_relieve:
                ^^^^^^^^^^^^^^^^
NameError: name 'cells_to_relieve' is not defined
ERROR in Agent H_31 process_reward at tick 49: name 'cells_to_relieve' is not defined
Traceback (most recent call last):
  File "/home/user/DisasterAI/DisasterAI_Model.py", line 1315, in process_reward
    for cell in cells_to_relieve:
                ^^^^^^^^^^^^^^^^
NameError: name 'cells_to_relieve' is not defined
ERROR in Agent H_34 process_reward at tick 49: name 'cells_to_relieve' is not defined
Traceback (most recent call last):
  File "/home/user/DisasterAI/DisasterAI_Model.py", line 1315, in process_reward
    for cell in cells_to_relieve:
                ^^^^^^^^^^^^^^^^
NameError: name 'cells_to_relieve' is not defined
ERROR in Agent H_21 process_reward at tick 49: name 'cells_to_relieve' is not defined
Traceback (most recent call last):
  File "/home/user/DisasterAI/DisasterAI_Model.py", line 1315, in process_reward
    for cell in cells_to_relieve:
                ^^^^^^^^^^^^^^^^
NameError: name 'cells_to_relieve' is not defined
ERROR in Agent H_33 process_reward at tick 49: name 'cells_to_relieve' is not defined
Traceback (most recent call last):
  File "/home/user/DisasterAI/DisasterAI_Model.py", line 1315, in process_reward
    for cell in cells_to_relieve:
                ^^^^^^^^^^^^^^^^
NameError: name 'cells_to_relieve' is not defined
ERROR in Agent H_15 process_reward at tick 49: name 'cells_to_relieve' is not defined
Traceback (most recent call last):
  File "/home/user/DisasterAI/DisasterAI_Model.py", line 1315, in process_reward
    for cell in cells_to_relieve:
                ^^^^^^^^^^^^^^^^
NameError: name 'cells_to_relieve' is not defined
ERROR in Agent H_7 process_reward at tick 49: name 'cells_to_relieve' is not defined
Traceback (most recent call last):
  File "/home/user/DisasterAI/DisasterAI_Model.py", line 1315, in process_reward
    for cell in cells_to_relieve:
                ^^^^^^^^^^^^^^^^
NameError: name 'cells_to_relieve' is not defined
ERROR in Agent H_41 process_reward at tick 49: name 'cells_to_relieve' is not defined
Traceback (most recent call last):
  File "/home/user/DisasterAI/DisasterAI_Model.py", line 1315, in process_reward
    for cell in cells_to_relieve:
                ^^^^^^^^^^^^^^^^
NameError: name 'cells_to_relieve' is not defined
ERROR in Agent H_27 process_reward at tick 49: name 'cells_to_relieve' is not defined
Traceback (most recent call last):
  File "/home/user/DisasterAI/DisasterAI_Model.py", line 1315, in process_reward
    for cell in cells_to_relieve:
                ^^^^^^^^^^^^^^^^
NameError: name 'cells_to_relieve' is not defined
ERROR in Agent H_3 process_reward at tick 49: name 'cells_to_relieve' is not defined
Traceback (most recent call last):
  File "/home/user/DisasterAI/DisasterAI_Model.py", line 1315, in process_reward
    for cell in cells_to_relieve:
                ^^^^^^^^^^^^^^^^
NameError: name 'cells_to_relieve' is not defined
ERROR in Agent H_24 process_reward at tick 49: name 'cells_to_relieve' is not defined
Traceback (most recent call last):
  File "/home/user/DisasterAI/DisasterAI_Model.py", line 1315, in process_reward
    for cell in cells_to_relieve:
                ^^^^^^^^^^^^^^^^
NameError: name 'cells_to_relieve' is not defined
ERROR in Agent H_40 process_reward at tick 49: name 'cells_to_relieve' is not defined
Traceback (most recent call last):
  File "/home/user/DisasterAI/DisasterAI_Model.py", line 1315, in process_reward
    for cell in cells_to_relieve:
                ^^^^^^^^^^^^^^^^
NameError: name 'cells_to_relieve' is not defined
ERROR in Agent H_23 process_reward at tick 49: name 'cells_to_relieve' is not defined
Traceback (most recent call last):
  File "/home/user/DisasterAI/DisasterAI_Model.py", line 1315, in process_reward
    for cell in cells_to_relieve:
                ^^^^^^^^^^^^^^^^
NameError: name 'cells_to_relieve' is not defined
ERROR in Agent H_49 process_reward at tick 49: name 'cells_to_relieve' is not defined
Traceback (most recent call last):
  File "/home/user/DisasterAI/DisasterAI_Model.py", line 1315, in process_reward
    for cell in cells_to_relieve:
                ^^^^^^^^^^^^^^^^
NameError: name 'cells_to_relieve' is not defined
ERROR in Agent H_28 process_reward at tick 49: name 'cells_to_relieve' is not defined
Traceback (most recent call last):
  File "/home/user/DisasterAI/DisasterAI_Model.py", line 1315, in process_reward
    for cell in cells_to_relieve:
                ^^^^^^^^^^^^^^^^
NameError: name 'cells_to_relieve' is not defined
ERROR in Agent H_1 process_reward at tick 49: name 'cells_to_relieve' is not defined
Traceback (most recent call last):
  File "/home/user/DisasterAI/DisasterAI_Model.py", line 1315, in process_reward
    for cell in cells_to_relieve:
                ^^^^^^^^^^^^^^^^
NameError: name 'cells_to_relieve' is not defined
ERROR in Agent H_10 process_reward at tick 49: name 'cells_to_relieve' is not defined
Traceback (most recent call last):
  File "/home/user/DisasterAI/DisasterAI_Model.py", line 1315, in process_reward
    for cell in cells_to_relieve:
                ^^^^^^^^^^^^^^^^
NameError: name 'cells_to_relieve' is not defined
ERROR in Agent H_39 process_reward at tick 49: name 'cells_to_relieve' is not defined
Traceback (most recent call last):
  File "/home/user/DisasterAI/DisasterAI_Model.py", line 1315, in process_reward
    for cell in cells_to_relieve:
                ^^^^^^^^^^^^^^^^
NameError: name 'cells_to_relieve' is not defined
ERROR in Agent H_4 process_reward at tick 49: name 'cells_to_relieve' is not defined
Traceback (most recent call last):
  File "/home/user/DisasterAI/DisasterAI_Model.py", line 1315, in process_reward
    for cell in cells_to_relieve:
                ^^^^^^^^^^^^^^^^
NameError: name 'cells_to_relieve' is not defined
ERROR in Agent H_43 process_reward at tick 49: name 'cells_to_relieve' is not defined
Traceback (most recent call last):
  File "/home/user/DisasterAI/DisasterAI_Model.py", line 1315, in process_reward
    for cell in cells_to_relieve:
                ^^^^^^^^^^^^^^^^
NameError: name 'cells_to_relieve' is not defined
ERROR in Agent H_22 process_reward at tick 49: name 'cells_to_relieve' is not defined
Traceback (most recent call last):
  File "/home/user/DisasterAI/DisasterAI_Model.py", line 1315, in process_reward
    for cell in cells_to_relieve:
                ^^^^^^^^^^^^^^^^
NameError: name 'cells_to_relieve' is not defined
ERROR in Agent H_14 process_reward at tick 50: name 'cells_to_relieve' is not defined
Traceback (most recent call last):
  File "/home/user/DisasterAI/DisasterAI_Model.py", line 1315, in process_reward
    for cell in cells_to_relieve:
                ^^^^^^^^^^^^^^^^
NameError: name 'cells_to_relieve' is not defined
ERROR in Agent H_9 process_reward at tick 50: name 'cells_to_relieve' is not defined
Traceback (most recent call last):
  File "/home/user/DisasterAI/DisasterAI_Model.py", line 1315, in process_reward
    for cell in cells_to_relieve:
                ^^^^^^^^^^^^^^^^
NameError: name 'cells_to_relieve' is not defined
ERROR in Agent H_35 process_reward at tick 50: name 'cells_to_relieve' is not defined
Traceback (most recent call last):
  File "/home/user/DisasterAI/DisasterAI_Model.py", line 1315, in process_reward
    for cell in cells_to_relieve:
                ^^^^^^^^^^^^^^^^
NameError: name 'cells_to_relieve' is not defined
ERROR in Agent H_45 process_reward at tick 50: name 'cells_to_relieve' is not defined
Traceback (most recent call last):
  File "/home/user/DisasterAI/DisasterAI_Model.py", line 1315, in process_reward
    for cell in cells_to_relieve:
                ^^^^^^^^^^^^^^^^
NameError: name 'cells_to_relieve' is not defined
ERROR in Agent H_48 process_reward at tick 50: name 'cells_to_relieve' is not defined
Traceback (most recent call last):
  File "/home/user/DisasterAI/DisasterAI_Model.py", line 1315, in process_reward
    for cell in cells_to_relieve:
                ^^^^^^^^^^^^^^^^
NameError: name 'cells_to_relieve' is not defined
ERROR in Agent H_41 process_reward at tick 50: name 'cells_to_relieve' is not defined
Traceback (most recent call last):
  File "/home/user/DisasterAI/DisasterAI_Model.py", line 1315, in process_reward
    for cell in cells_to_relieve:
                ^^^^^^^^^^^^^^^^
NameError: name 'cells_to_relieve' is not defined
ERROR in Agent H_18 process_reward at tick 50: name 'cells_to_relieve' is not defined
Traceback (most recent call last):
  File "/home/user/DisasterAI/DisasterAI_Model.py", line 1315, in process_reward
    for cell in cells_to_relieve:
                ^^^^^^^^^^^^^^^^
NameError: name 'cells_to_relieve' is not defined
ERROR in Agent H_31 process_reward at tick 50: name 'cells_to_relieve' is not defined
Traceback (most recent call last):
  File "/home/user/DisasterAI/DisasterAI_Model.py", line 1315, in process_reward
    for cell in cells_to_relieve:
                ^^^^^^^^^^^^^^^^
NameError: name 'cells_to_relieve' is not defined
ERROR in Agent H_24 process_reward at tick 50: name 'cells_to_relieve' is not defined
Traceback (most recent call last):
  File "/home/user/DisasterAI/DisasterAI_Model.py", line 1315, in process_reward
    for cell in cells_to_relieve:
                ^^^^^^^^^^^^^^^^
NameError: name 'cells_to_relieve' is not defined
ERROR in Agent H_4 process_reward at tick 50: name 'cells_to_relieve' is not defined
Traceback (most recent call last):
  File "/home/user/DisasterAI/DisasterAI_Model.py", line 1315, in process_reward
    for cell in cells_to_relieve:
                ^^^^^^^^^^^^^^^^
NameError: name 'cells_to_relieve' is not defined
ERROR in Agent H_3 process_reward at tick 50: name 'cells_to_relieve' is not defined
Traceback (most recent call last):
  File "/home/user/DisasterAI/DisasterAI_Model.py", line 1315, in process_reward
    for cell in cells_to_relieve:
                ^^^^^^^^^^^^^^^^
NameError: name 'cells_to_relieve' is not defined
ERROR in Agent H_8 process_reward at tick 50: name 'cells_to_relieve' is not defined
Traceback (most recent call last):
  File "/home/user/DisasterAI/DisasterAI_Model.py", line 1315, in process_reward
    for cell in cells_to_relieve:
                ^^^^^^^^^^^^^^^^
NameError: name 'cells_to_relieve' is not defined
ERROR in Agent H_12 process_reward at tick 50: name 'cells_to_relieve' is not defined
Traceback (most recent call last):
  File "/home/user/DisasterAI/DisasterAI_Model.py", line 1315, in process_reward
    for cell in cells_to_relieve:
                ^^^^^^^^^^^^^^^^
NameError: name 'cells_to_relieve' is not defined
ERROR in Agent H_43 process_reward at tick 50: name 'cells_to_relieve' is not defined
Traceback (most recent call last):
  File "/home/user/DisasterAI/DisasterAI_Model.py", line 1315, in process_reward
    for cell in cells_to_relieve:
                ^^^^^^^^^^^^^^^^
NameError: name 'cells_to_relieve' is not defined
ERROR in Agent H_6 process_reward at tick 50: name 'cells_to_relieve' is not defined
Traceback (most recent call last):
  File "/home/user/DisasterAI/DisasterAI_Model.py", line 1315, in process_reward
    for cell in cells_to_relieve:
                ^^^^^^^^^^^^^^^^
NameError: name 'cells_to_relieve' is not defined
ERROR in Agent H_5 process_reward at tick 50: name 'cells_to_relieve' is not defined
Traceback (most recent call last):
  File "/home/user/DisasterAI/DisasterAI_Model.py", line 1315, in process_reward
    for cell in cells_to_relieve:
                ^^^^^^^^^^^^^^^^
NameError: name 'cells_to_relieve' is not defined
ERROR in Agent H_47 process_reward at tick 50: name 'cells_to_relieve' is not defined
Traceback (most recent call last):
  File "/home/user/DisasterAI/DisasterAI_Model.py", line 1315, in process_reward
    for cell in cells_to_relieve:
                ^^^^^^^^^^^^^^^^
NameError: name 'cells_to_relieve' is not defined
ERROR in Agent H_33 process_reward at tick 50: name 'cells_to_relieve' is not defined
Traceback (most recent call last):
  File "/home/user/DisasterAI/DisasterAI_Model.py", line 1315, in process_reward
    for cell in cells_to_relieve:
                ^^^^^^^^^^^^^^^^
NameError: name 'cells_to_relieve' is not defined
ERROR in Agent H_16 process_reward at tick 50: name 'cells_to_relieve' is not defined
Traceback (most recent call last):
  File "/home/user/DisasterAI/DisasterAI_Model.py", line 1315, in process_reward
    for cell in cells_to_relieve:
                ^^^^^^^^^^^^^^^^
NameError: name 'cells_to_relieve' is not defined
ERROR in Agent H_26 process_reward at tick 50: name 'cells_to_relieve' is not defined
Traceback (most recent call last):
  File "/home/user/DisasterAI/DisasterAI_Model.py", line 1315, in process_reward
    for cell in cells_to_relieve:
                ^^^^^^^^^^^^^^^^
NameError: name 'cells_to_relieve' is not defined
ERROR in Agent H_34 process_reward at tick 50: name 'cells_to_relieve' is not defined
Traceback (most recent call last):
  File "/home/user/DisasterAI/DisasterAI_Model.py", line 1315, in process_reward
    for cell in cells_to_relieve:
                ^^^^^^^^^^^^^^^^
NameError: name 'cells_to_relieve' is not defined
ERROR in Agent H_37 process_reward at tick 50: name 'cells_to_relieve' is not defined
Traceback (most recent call last):
  File "/home/user/DisasterAI/DisasterAI_Model.py", line 1315, in process_reward
    for cell in cells_to_relieve:
                ^^^^^^^^^^^^^^^^
NameError: name 'cells_to_relieve' is not defined
ERROR in Agent H_28 process_reward at tick 50: name 'cells_to_relieve' is not defined
Traceback (most recent call last):
  File "/home/user/DisasterAI/DisasterAI_Model.py", line 1315, in process_reward
    for cell in cells_to_relieve:
                ^^^^^^^^^^^^^^^^
NameError: name 'cells_to_relieve' is not defined
ERROR in Agent H_7 process_reward at tick 50: name 'cells_to_relieve' is not defined
Traceback (most recent call last):
  File "/home/user/DisasterAI/DisasterAI_Model.py", line 1315, in process_reward
    for cell in cells_to_relieve:
                ^^^^^^^^^^^^^^^^
NameError: name 'cells_to_relieve' is not defined
ERROR in Agent H_1 process_reward at tick 50: name 'cells_to_relieve' is not defined
Traceback (most recent call last):
  File "/home/user/DisasterAI/DisasterAI_Model.py", line 1315, in process_reward
    for cell in cells_to_relieve:
                ^^^^^^^^^^^^^^^^
NameError: name 'cells_to_relieve' is not defined
ERROR in Agent H_10 process_reward at tick 50: name 'cells_to_relieve' is not defined
Traceback (most recent call last):
  File "/home/user/DisasterAI/DisasterAI_Model.py", line 1315, in process_reward
    for cell in cells_to_relieve:
                ^^^^^^^^^^^^^^^^
NameError: name 'cells_to_relieve' is not defined
ERROR in Agent H_39 process_reward at tick 50: name 'cells_to_relieve' is not defined
Traceback (most recent call last):
  File "/home/user/DisasterAI/DisasterAI_Model.py", line 1315, in process_reward
    for cell in cells_to_relieve:
                ^^^^^^^^^^^^^^^^
NameError: name 'cells_to_relieve' is not defined
ERROR in Agent H_11 process_reward at tick 50: name 'cells_to_relieve' is not defined
Traceback (most recent call last):
  File "/home/user/DisasterAI/DisasterAI_Model.py", line 1315, in process_reward
    for cell in cells_to_relieve:
                ^^^^^^^^^^^^^^^^
NameError: name 'cells_to_relieve' is not defined
ERROR in Agent H_20 process_reward at tick 50: name 'cells_to_relieve' is not defined
Traceback (most recent call last):
  File "/home/user/DisasterAI/DisasterAI_Model.py", line 1315, in process_reward
    for cell in cells_to_relieve:
                ^^^^^^^^^^^^^^^^
NameError: name 'cells_to_relieve' is not defined
ERROR in Agent H_27 process_reward at tick 50: name 'cells_to_relieve' is not defined
Traceback (most recent call last):
  File "/home/user/DisasterAI/DisasterAI_Model.py", line 1315, in process_reward
    for cell in cells_to_relieve:
                ^^^^^^^^^^^^^^^^
NameError: name 'cells_to_relieve' is not defined
ERROR in Agent H_42 process_reward at tick 50: name 'cells_to_relieve' is not defined
Traceback (most recent call last):
  File "/home/user/DisasterAI/DisasterAI_Model.py", line 1315, in process_reward
    for cell in cells_to_relieve:
                ^^^^^^^^^^^^^^^^
NameError: name 'cells_to_relieve' is not defined
ERROR in Agent H_29 process_reward at tick 50: name 'cells_to_relieve' is not defined
Traceback (most recent call last):
  File "/home/user/DisasterAI/DisasterAI_Model.py", line 1315, in process_reward
    for cell in cells_to_relieve:
                ^^^^^^^^^^^^^^^^
NameError: name 'cells_to_relieve' is not defined

DEBUG: Starting AECI variance calculation at tick 50
  Found 0/50 AI-reliant agents
  Global belief variance: 0.0479
  WARNING: Invalid global variance (0.04789207749999999) or no AI-reliant agents
  Returning AECI variance tuple: (50, 0.0)
  Current aeci_variance_data length: 50
  Last 3 entries: [(48, 0.0), (49, 0.0), (50, 0.0)]

--- Retainment Diagnostics at Tick 50 ---
Agent H_0 (exploitative) retainment stats:
  accepted_human: 4, accepted_friend: 4, accepted_ai: 0
  retain_aeci: 0.00, retain_seci: 1.00
Agent H_1 (exploitative) retainment stats:
  accepted_human: 20, accepted_friend: 20, accepted_ai: 0
  retain_aeci: 0.00, retain_seci: 1.00
Agent H_2 (exploitative) retainment stats:
  accepted_human: 29, accepted_friend: 29, accepted_ai: 0
  retain_aeci: 0.00, retain_seci: 1.00
Tick 50:
  Exploratory avg trust in A_0: 0.792
  Exploitative avg trust in A_0: 0.836
ERROR in Agent H_36 process_reward at tick 51: name 'cells_to_relieve' is not defined
Traceback (most recent call last):
  File "/home/user/DisasterAI/DisasterAI_Model.py", line 1315, in process_reward
    for cell in cells_to_relieve:
                ^^^^^^^^^^^^^^^^
NameError: name 'cells_to_relieve' is not defined
ERROR in Agent H_10 process_reward at tick 51: name 'cells_to_relieve' is not defined
Traceback (most recent call last):
  File "/home/user/DisasterAI/DisasterAI_Model.py", line 1315, in process_reward
    for cell in cells_to_relieve:
                ^^^^^^^^^^^^^^^^
NameError: name 'cells_to_relieve' is not defined
ERROR in Agent H_16 process_reward at tick 51: name 'cells_to_relieve' is not defined
Traceback (most recent call last):
  File "/home/user/DisasterAI/DisasterAI_Model.py", line 1315, in process_reward
    for cell in cells_to_relieve:
                ^^^^^^^^^^^^^^^^
NameError: name 'cells_to_relieve' is not defined
ERROR in Agent H_22 process_reward at tick 51: name 'cells_to_relieve' is not defined
Traceback (most recent call last):
  File "/home/user/DisasterAI/DisasterAI_Model.py", line 1315, in process_reward
    for cell in cells_to_relieve:
                ^^^^^^^^^^^^^^^^
NameError: name 'cells_to_relieve' is not defined
ERROR in Agent H_35 process_reward at tick 51: name 'cells_to_relieve' is not defined
Traceback (most recent call last):
  File "/home/user/DisasterAI/DisasterAI_Model.py", line 1315, in process_reward
    for cell in cells_to_relieve:
                ^^^^^^^^^^^^^^^^
NameError: name 'cells_to_relieve' is not defined
ERROR in Agent H_43 process_reward at tick 51: name 'cells_to_relieve' is not defined
Traceback (most recent call last):
  File "/home/user/DisasterAI/DisasterAI_Model.py", line 1315, in process_reward
    for cell in cells_to_relieve:
                ^^^^^^^^^^^^^^^^
NameError: name 'cells_to_relieve' is not defined
ERROR in Agent H_29 process_reward at tick 51: name 'cells_to_relieve' is not defined
Traceback (most recent call last):
  File "/home/user/DisasterAI/DisasterAI_Model.py", line 1315, in process_reward
    for cell in cells_to_relieve:
                ^^^^^^^^^^^^^^^^
NameError: name 'cells_to_relieve' is not defined
ERROR in Agent H_17 process_reward at tick 51: name 'cells_to_relieve' is not defined
Traceback (most recent call last):
  File "/home/user/DisasterAI/DisasterAI_Model.py", line 1315, in process_reward
    for cell in cells_to_relieve:
                ^^^^^^^^^^^^^^^^
NameError: name 'cells_to_relieve' is not defined
ERROR in Agent H_28 process_reward at tick 51: name 'cells_to_relieve' is not defined
Traceback (most recent call last):
  File "/home/user/DisasterAI/DisasterAI_Model.py", line 1315, in process_reward
    for cell in cells_to_relieve:
                ^^^^^^^^^^^^^^^^
NameError: name 'cells_to_relieve' is not defined
ERROR in Agent H_34 process_reward at tick 51: name 'cells_to_relieve' is not defined
Traceback (most recent call last):
  File "/home/user/DisasterAI/DisasterAI_Model.py", line 1315, in process_reward
    for cell in cells_to_relieve:
                ^^^^^^^^^^^^^^^^
NameError: name 'cells_to_relieve' is not defined
ERROR in Agent H_4 process_reward at tick 51: name 'cells_to_relieve' is not defined
Traceback (most recent call last):
  File "/home/user/DisasterAI/DisasterAI_Model.py", line 1315, in process_reward
    for cell in cells_to_relieve:
                ^^^^^^^^^^^^^^^^
NameError: name 'cells_to_relieve' is not defined
ERROR in Agent H_11 process_reward at tick 51: name 'cells_to_relieve' is not defined
Traceback (most recent call last):
  File "/home/user/DisasterAI/DisasterAI_Model.py", line 1315, in process_reward
    for cell in cells_to_relieve:
                ^^^^^^^^^^^^^^^^
NameError: name 'cells_to_relieve' is not defined
ERROR in Agent H_25 process_reward at tick 51: name 'cells_to_relieve' is not defined
Traceback (most recent call last):
  File "/home/user/DisasterAI/DisasterAI_Model.py", line 1315, in process_reward
    for cell in cells_to_relieve:
                ^^^^^^^^^^^^^^^^
NameError: name 'cells_to_relieve' is not defined
ERROR in Agent H_26 process_reward at tick 51: name 'cells_to_relieve' is not defined
Traceback (most recent call last):
  File "/home/user/DisasterAI/DisasterAI_Model.py", line 1315, in process_reward
    for cell in cells_to_relieve:
                ^^^^^^^^^^^^^^^^
NameError: name 'cells_to_relieve' is not defined
ERROR in Agent H_23 process_reward at tick 51: name 'cells_to_relieve' is not defined
Traceback (most recent call last):
  File "/home/user/DisasterAI/DisasterAI_Model.py", line 1315, in process_reward
    for cell in cells_to_relieve:
                ^^^^^^^^^^^^^^^^
NameError: name 'cells_to_relieve' is not defined
ERROR in Agent H_1 process_reward at tick 51: name 'cells_to_relieve' is not defined
Traceback (most recent call last):
  File "/home/user/DisasterAI/DisasterAI_Model.py", line 1315, in process_reward
    for cell in cells_to_relieve:
                ^^^^^^^^^^^^^^^^
NameError: name 'cells_to_relieve' is not defined
ERROR in Agent H_20 process_reward at tick 51: name 'cells_to_relieve' is not defined
Traceback (most recent call last):
  File "/home/user/DisasterAI/DisasterAI_Model.py", line 1315, in process_reward
    for cell in cells_to_relieve:
                ^^^^^^^^^^^^^^^^
NameError: name 'cells_to_relieve' is not defined
ERROR in Agent H_6 process_reward at tick 51: name 'cells_to_relieve' is not defined
Traceback (most recent call last):
  File "/home/user/DisasterAI/DisasterAI_Model.py", line 1315, in process_reward
    for cell in cells_to_relieve:
                ^^^^^^^^^^^^^^^^
NameError: name 'cells_to_relieve' is not defined
ERROR in Agent H_44 process_reward at tick 51: name 'cells_to_relieve' is not defined
Traceback (most recent call last):
  File "/home/user/DisasterAI/DisasterAI_Model.py", line 1315, in process_reward
    for cell in cells_to_relieve:
                ^^^^^^^^^^^^^^^^
NameError: name 'cells_to_relieve' is not defined
ERROR in Agent H_7 process_reward at tick 51: name 'cells_to_relieve' is not defined
Traceback (most recent call last):
  File "/home/user/DisasterAI/DisasterAI_Model.py", line 1315, in process_reward
    for cell in cells_to_relieve:
                ^^^^^^^^^^^^^^^^
NameError: name 'cells_to_relieve' is not defined
ERROR in Agent H_21 process_reward at tick 51: name 'cells_to_relieve' is not defined
Traceback (most recent call last):
  File "/home/user/DisasterAI/DisasterAI_Model.py", line 1315, in process_reward
    for cell in cells_to_relieve:
                ^^^^^^^^^^^^^^^^
NameError: name 'cells_to_relieve' is not defined
ERROR in Agent H_33 process_reward at tick 51: name 'cells_to_relieve' is not defined
Traceback (most recent call last):
  File "/home/user/DisasterAI/DisasterAI_Model.py", line 1315, in process_reward
    for cell in cells_to_relieve:
                ^^^^^^^^^^^^^^^^
NameError: name 'cells_to_relieve' is not defined
ERROR in Agent H_27 process_reward at tick 51: name 'cells_to_relieve' is not defined
Traceback (most recent call last):
  File "/home/user/DisasterAI/DisasterAI_Model.py", line 1315, in process_reward
    for cell in cells_to_relieve:
                ^^^^^^^^^^^^^^^^
NameError: name 'cells_to_relieve' is not defined
ERROR in Agent H_12 process_reward at tick 51: name 'cells_to_relieve' is not defined
Traceback (most recent call last):
  File "/home/user/DisasterAI/DisasterAI_Model.py", line 1315, in process_reward
    for cell in cells_to_relieve:
                ^^^^^^^^^^^^^^^^
NameError: name 'cells_to_relieve' is not defined
ERROR in Agent H_8 process_reward at tick 51: name 'cells_to_relieve' is not defined
Traceback (most recent call last):
  File "/home/user/DisasterAI/DisasterAI_Model.py", line 1315, in process_reward
    for cell in cells_to_relieve:
                ^^^^^^^^^^^^^^^^
NameError: name 'cells_to_relieve' is not defined
ERROR in Agent H_24 process_reward at tick 51: name 'cells_to_relieve' is not defined
Traceback (most recent call last):
  File "/home/user/DisasterAI/DisasterAI_Model.py", line 1315, in process_reward
    for cell in cells_to_relieve:
                ^^^^^^^^^^^^^^^^
NameError: name 'cells_to_relieve' is not defined
ERROR in Agent H_14 process_reward at tick 51: name 'cells_to_relieve' is not defined
Traceback (most recent call last):
  File "/home/user/DisasterAI/DisasterAI_Model.py", line 1315, in process_reward
    for cell in cells_to_relieve:
                ^^^^^^^^^^^^^^^^
NameError: name 'cells_to_relieve' is not defined
ERROR in Agent H_40 process_reward at tick 51: name 'cells_to_relieve' is not defined
Traceback (most recent call last):
  File "/home/user/DisasterAI/DisasterAI_Model.py", line 1315, in process_reward
    for cell in cells_to_relieve:
                ^^^^^^^^^^^^^^^^
NameError: name 'cells_to_relieve' is not defined
ERROR in Agent H_19 process_reward at tick 51: name 'cells_to_relieve' is not defined
Traceback (most recent call last):
  File "/home/user/DisasterAI/DisasterAI_Model.py", line 1315, in process_reward
    for cell in cells_to_relieve:
                ^^^^^^^^^^^^^^^^
NameError: name 'cells_to_relieve' is not defined
ERROR in Agent H_41 process_reward at tick 51: name 'cells_to_relieve' is not defined
Traceback (most recent call last):
  File "/home/user/DisasterAI/DisasterAI_Model.py", line 1315, in process_reward
    for cell in cells_to_relieve:
                ^^^^^^^^^^^^^^^^
NameError: name 'cells_to_relieve' is not defined
ERROR in Agent H_49 process_reward at tick 51: name 'cells_to_relieve' is not defined
Traceback (most recent call last):
  File "/home/user/DisasterAI/DisasterAI_Model.py", line 1315, in process_reward
    for cell in cells_to_relieve:
                ^^^^^^^^^^^^^^^^
NameError: name 'cells_to_relieve' is not defined
ERROR in Agent H_13 process_reward at tick 51: name 'cells_to_relieve' is not defined
Traceback (most recent call last):
  File "/home/user/DisasterAI/DisasterAI_Model.py", line 1315, in process_reward
    for cell in cells_to_relieve:
                ^^^^^^^^^^^^^^^^
NameError: name 'cells_to_relieve' is not defined
ERROR in Agent H_3 process_reward at tick 52: name 'cells_to_relieve' is not defined
Traceback (most recent call last):
  File "/home/user/DisasterAI/DisasterAI_Model.py", line 1315, in process_reward
    for cell in cells_to_relieve:
                ^^^^^^^^^^^^^^^^
NameError: name 'cells_to_relieve' is not defined
ERROR in Agent H_18 process_reward at tick 52: name 'cells_to_relieve' is not defined
Traceback (most recent call last):
  File "/home/user/DisasterAI/DisasterAI_Model.py", line 1315, in process_reward
    for cell in cells_to_relieve:
                ^^^^^^^^^^^^^^^^
NameError: name 'cells_to_relieve' is not defined
ERROR in Agent H_10 process_reward at tick 52: name 'cells_to_relieve' is not defined
Traceback (most recent call last):
  File "/home/user/DisasterAI/DisasterAI_Model.py", line 1315, in process_reward
    for cell in cells_to_relieve:
                ^^^^^^^^^^^^^^^^
NameError: name 'cells_to_relieve' is not defined
ERROR in Agent H_14 process_reward at tick 52: name 'cells_to_relieve' is not defined
Traceback (most recent call last):
  File "/home/user/DisasterAI/DisasterAI_Model.py", line 1315, in process_reward
    for cell in cells_to_relieve:
                ^^^^^^^^^^^^^^^^
NameError: name 'cells_to_relieve' is not defined
ERROR in Agent H_38 process_reward at tick 52: name 'cells_to_relieve' is not defined
Traceback (most recent call last):
  File "/home/user/DisasterAI/DisasterAI_Model.py", line 1315, in process_reward
    for cell in cells_to_relieve:
                ^^^^^^^^^^^^^^^^
NameError: name 'cells_to_relieve' is not defined
ERROR in Agent H_45 process_reward at tick 52: name 'cells_to_relieve' is not defined
Traceback (most recent call last):
  File "/home/user/DisasterAI/DisasterAI_Model.py", line 1315, in process_reward
    for cell in cells_to_relieve:
                ^^^^^^^^^^^^^^^^
NameError: name 'cells_to_relieve' is not defined
ERROR in Agent H_26 process_reward at tick 52: name 'cells_to_relieve' is not defined
Traceback (most recent call last):
  File "/home/user/DisasterAI/DisasterAI_Model.py", line 1315, in process_reward
    for cell in cells_to_relieve:
                ^^^^^^^^^^^^^^^^
NameError: name 'cells_to_relieve' is not defined
ERROR in Agent H_33 process_reward at tick 52: name 'cells_to_relieve' is not defined
Traceback (most recent call last):
  File "/home/user/DisasterAI/DisasterAI_Model.py", line 1315, in process_reward
    for cell in cells_to_relieve:
                ^^^^^^^^^^^^^^^^
NameError: name 'cells_to_relieve' is not defined
ERROR in Agent H_48 process_reward at tick 52: name 'cells_to_relieve' is not defined
Traceback (most recent call last):
  File "/home/user/DisasterAI/DisasterAI_Model.py", line 1315, in process_reward
    for cell in cells_to_relieve:
                ^^^^^^^^^^^^^^^^
NameError: name 'cells_to_relieve' is not defined
ERROR in Agent H_15 process_reward at tick 52: name 'cells_to_relieve' is not defined
Traceback (most recent call last):
  File "/home/user/DisasterAI/DisasterAI_Model.py", line 1315, in process_reward
    for cell in cells_to_relieve:
                ^^^^^^^^^^^^^^^^
NameError: name 'cells_to_relieve' is not defined
ERROR in Agent H_4 process_reward at tick 52: name 'cells_to_relieve' is not defined
Traceback (most recent call last):
  File "/home/user/DisasterAI/DisasterAI_Model.py", line 1315, in process_reward
    for cell in cells_to_relieve:
                ^^^^^^^^^^^^^^^^
NameError: name 'cells_to_relieve' is not defined
ERROR in Agent H_2 process_reward at tick 52: name 'cells_to_relieve' is not defined
Traceback (most recent call last):
  File "/home/user/DisasterAI/DisasterAI_Model.py", line 1315, in process_reward
    for cell in cells_to_relieve:
                ^^^^^^^^^^^^^^^^
NameError: name 'cells_to_relieve' is not defined
ERROR in Agent H_19 process_reward at tick 52: name 'cells_to_relieve' is not defined
Traceback (most recent call last):
  File "/home/user/DisasterAI/DisasterAI_Model.py", line 1315, in process_reward
    for cell in cells_to_relieve:
                ^^^^^^^^^^^^^^^^
NameError: name 'cells_to_relieve' is not defined
ERROR in Agent H_23 process_reward at tick 52: name 'cells_to_relieve' is not defined
Traceback (most recent call last):
  File "/home/user/DisasterAI/DisasterAI_Model.py", line 1315, in process_reward
    for cell in cells_to_relieve:
                ^^^^^^^^^^^^^^^^
NameError: name 'cells_to_relieve' is not defined
ERROR in Agent H_8 process_reward at tick 52: name 'cells_to_relieve' is not defined
Traceback (most recent call last):
  File "/home/user/DisasterAI/DisasterAI_Model.py", line 1315, in process_reward
    for cell in cells_to_relieve:
                ^^^^^^^^^^^^^^^^
NameError: name 'cells_to_relieve' is not defined
ERROR in Agent H_30 process_reward at tick 52: name 'cells_to_relieve' is not defined
Traceback (most recent call last):
  File "/home/user/DisasterAI/DisasterAI_Model.py", line 1315, in process_reward
    for cell in cells_to_relieve:
                ^^^^^^^^^^^^^^^^
NameError: name 'cells_to_relieve' is not defined
ERROR in Agent H_27 process_reward at tick 52: name 'cells_to_relieve' is not defined
Traceback (most recent call last):
  File "/home/user/DisasterAI/DisasterAI_Model.py", line 1315, in process_reward
    for cell in cells_to_relieve:
                ^^^^^^^^^^^^^^^^
NameError: name 'cells_to_relieve' is not defined
ERROR in Agent H_25 process_reward at tick 52: name 'cells_to_relieve' is not defined
Traceback (most recent call last):
  File "/home/user/DisasterAI/DisasterAI_Model.py", line 1315, in process_reward
    for cell in cells_to_relieve:
                ^^^^^^^^^^^^^^^^
NameError: name 'cells_to_relieve' is not defined
ERROR in Agent H_11 process_reward at tick 52: name 'cells_to_relieve' is not defined
Traceback (most recent call last):
  File "/home/user/DisasterAI/DisasterAI_Model.py", line 1315, in process_reward
    for cell in cells_to_relieve:
                ^^^^^^^^^^^^^^^^
NameError: name 'cells_to_relieve' is not defined
ERROR in Agent H_28 process_reward at tick 52: name 'cells_to_relieve' is not defined
Traceback (most recent call last):
  File "/home/user/DisasterAI/DisasterAI_Model.py", line 1315, in process_reward
    for cell in cells_to_relieve:
                ^^^^^^^^^^^^^^^^
NameError: name 'cells_to_relieve' is not defined
ERROR in Agent H_7 process_reward at tick 52: name 'cells_to_relieve' is not defined
Traceback (most recent call last):
  File "/home/user/DisasterAI/DisasterAI_Model.py", line 1315, in process_reward
    for cell in cells_to_relieve:
                ^^^^^^^^^^^^^^^^
NameError: name 'cells_to_relieve' is not defined
ERROR in Agent H_17 process_reward at tick 52: name 'cells_to_relieve' is not defined
Traceback (most recent call last):
  File "/home/user/DisasterAI/DisasterAI_Model.py", line 1315, in process_reward
    for cell in cells_to_relieve:
                ^^^^^^^^^^^^^^^^
NameError: name 'cells_to_relieve' is not defined
ERROR in Agent H_37 process_reward at tick 52: name 'cells_to_relieve' is not defined
Traceback (most recent call last):
  File "/home/user/DisasterAI/DisasterAI_Model.py", line 1315, in process_reward
    for cell in cells_to_relieve:
                ^^^^^^^^^^^^^^^^
NameError: name 'cells_to_relieve' is not defined
ERROR in Agent H_21 process_reward at tick 52: name 'cells_to_relieve' is not defined
Traceback (most recent call last):
  File "/home/user/DisasterAI/DisasterAI_Model.py", line 1315, in process_reward
    for cell in cells_to_relieve:
                ^^^^^^^^^^^^^^^^
NameError: name 'cells_to_relieve' is not defined
ERROR in Agent H_47 process_reward at tick 52: name 'cells_to_relieve' is not defined
Traceback (most recent call last):
  File "/home/user/DisasterAI/DisasterAI_Model.py", line 1315, in process_reward
    for cell in cells_to_relieve:
                ^^^^^^^^^^^^^^^^
NameError: name 'cells_to_relieve' is not defined
ERROR in Agent H_35 process_reward at tick 52: name 'cells_to_relieve' is not defined
Traceback (most recent call last):
  File "/home/user/DisasterAI/DisasterAI_Model.py", line 1315, in process_reward
    for cell in cells_to_relieve:
                ^^^^^^^^^^^^^^^^
NameError: name 'cells_to_relieve' is not defined
ERROR in Agent H_32 process_reward at tick 52: name 'cells_to_relieve' is not defined
Traceback (most recent call last):
  File "/home/user/DisasterAI/DisasterAI_Model.py", line 1315, in process_reward
    for cell in cells_to_relieve:
                ^^^^^^^^^^^^^^^^
NameError: name 'cells_to_relieve' is not defined
ERROR in Agent H_16 process_reward at tick 52: name 'cells_to_relieve' is not defined
Traceback (most recent call last):
  File "/home/user/DisasterAI/DisasterAI_Model.py", line 1315, in process_reward
    for cell in cells_to_relieve:
                ^^^^^^^^^^^^^^^^
NameError: name 'cells_to_relieve' is not defined
ERROR in Agent H_0 process_reward at tick 52: name 'cells_to_relieve' is not defined
Traceback (most recent call last):
  File "/home/user/DisasterAI/DisasterAI_Model.py", line 1315, in process_reward
    for cell in cells_to_relieve:
                ^^^^^^^^^^^^^^^^
NameError: name 'cells_to_relieve' is not defined
ERROR in Agent H_9 process_reward at tick 52: name 'cells_to_relieve' is not defined
Traceback (most recent call last):
  File "/home/user/DisasterAI/DisasterAI_Model.py", line 1315, in process_reward
    for cell in cells_to_relieve:
                ^^^^^^^^^^^^^^^^
NameError: name 'cells_to_relieve' is not defined
ERROR in Agent H_40 process_reward at tick 52: name 'cells_to_relieve' is not defined
Traceback (most recent call last):
  File "/home/user/DisasterAI/DisasterAI_Model.py", line 1315, in process_reward
    for cell in cells_to_relieve:
                ^^^^^^^^^^^^^^^^
NameError: name 'cells_to_relieve' is not defined
ERROR in Agent H_12 process_reward at tick 52: name 'cells_to_relieve' is not defined
Traceback (most recent call last):
  File "/home/user/DisasterAI/DisasterAI_Model.py", line 1315, in process_reward
    for cell in cells_to_relieve:
                ^^^^^^^^^^^^^^^^
NameError: name 'cells_to_relieve' is not defined
ERROR in Agent H_36 process_reward at tick 52: name 'cells_to_relieve' is not defined
Traceback (most recent call last):
  File "/home/user/DisasterAI/DisasterAI_Model.py", line 1315, in process_reward
    for cell in cells_to_relieve:
                ^^^^^^^^^^^^^^^^
NameError: name 'cells_to_relieve' is not defined
ERROR in Agent H_6 process_reward at tick 52: name 'cells_to_relieve' is not defined
Traceback (most recent call last):
  File "/home/user/DisasterAI/DisasterAI_Model.py", line 1315, in process_reward
    for cell in cells_to_relieve:
                ^^^^^^^^^^^^^^^^
NameError: name 'cells_to_relieve' is not defined
ERROR in Agent H_29 process_reward at tick 52: name 'cells_to_relieve' is not defined
Traceback (most recent call last):
  File "/home/user/DisasterAI/DisasterAI_Model.py", line 1315, in process_reward
    for cell in cells_to_relieve:
                ^^^^^^^^^^^^^^^^
NameError: name 'cells_to_relieve' is not defined
ERROR in Agent H_39 process_reward at tick 52: name 'cells_to_relieve' is not defined
Traceback (most recent call last):
  File "/home/user/DisasterAI/DisasterAI_Model.py", line 1315, in process_reward
    for cell in cells_to_relieve:
                ^^^^^^^^^^^^^^^^
NameError: name 'cells_to_relieve' is not defined
ERROR in Agent H_49 process_reward at tick 52: name 'cells_to_relieve' is not defined
Traceback (most recent call last):
  File "/home/user/DisasterAI/DisasterAI_Model.py", line 1315, in process_reward
    for cell in cells_to_relieve:
                ^^^^^^^^^^^^^^^^
NameError: name 'cells_to_relieve' is not defined
ERROR in Agent H_24 process_reward at tick 52: name 'cells_to_relieve' is not defined
Traceback (most recent call last):
  File "/home/user/DisasterAI/DisasterAI_Model.py", line 1315, in process_reward
    for cell in cells_to_relieve:
                ^^^^^^^^^^^^^^^^
NameError: name 'cells_to_relieve' is not defined
ERROR in Agent H_5 process_reward at tick 52: name 'cells_to_relieve' is not defined
Traceback (most recent call last):
  File "/home/user/DisasterAI/DisasterAI_Model.py", line 1315, in process_reward
    for cell in cells_to_relieve:
                ^^^^^^^^^^^^^^^^
NameError: name 'cells_to_relieve' is not defined
ERROR in Agent H_24 process_reward at tick 53: name 'cells_to_relieve' is not defined
Traceback (most recent call last):
  File "/home/user/DisasterAI/DisasterAI_Model.py", line 1315, in process_reward
    for cell in cells_to_relieve:
                ^^^^^^^^^^^^^^^^
NameError: name 'cells_to_relieve' is not defined
ERROR in Agent H_7 process_reward at tick 53: name 'cells_to_relieve' is not defined
Traceback (most recent call last):
  File "/home/user/DisasterAI/DisasterAI_Model.py", line 1315, in process_reward
    for cell in cells_to_relieve:
                ^^^^^^^^^^^^^^^^
NameError: name 'cells_to_relieve' is not defined
ERROR in Agent H_4 process_reward at tick 53: name 'cells_to_relieve' is not defined
Traceback (most recent call last):
  File "/home/user/DisasterAI/DisasterAI_Model.py", line 1315, in process_reward
    for cell in cells_to_relieve:
                ^^^^^^^^^^^^^^^^
NameError: name 'cells_to_relieve' is not defined
ERROR in Agent H_14 process_reward at tick 53: name 'cells_to_relieve' is not defined
Traceback (most recent call last):
  File "/home/user/DisasterAI/DisasterAI_Model.py", line 1315, in process_reward
    for cell in cells_to_relieve:
                ^^^^^^^^^^^^^^^^
NameError: name 'cells_to_relieve' is not defined
ERROR in Agent H_41 process_reward at tick 53: name 'cells_to_relieve' is not defined
Traceback (most recent call last):
  File "/home/user/DisasterAI/DisasterAI_Model.py", line 1315, in process_reward
    for cell in cells_to_relieve:
                ^^^^^^^^^^^^^^^^
NameError: name 'cells_to_relieve' is not defined
ERROR in Agent H_28 process_reward at tick 53: name 'cells_to_relieve' is not defined
Traceback (most recent call last):
  File "/home/user/DisasterAI/DisasterAI_Model.py", line 1315, in process_reward
    for cell in cells_to_relieve:
                ^^^^^^^^^^^^^^^^
NameError: name 'cells_to_relieve' is not defined
ERROR in Agent H_35 process_reward at tick 53: name 'cells_to_relieve' is not defined
Traceback (most recent call last):
  File "/home/user/DisasterAI/DisasterAI_Model.py", line 1315, in process_reward
    for cell in cells_to_relieve:
                ^^^^^^^^^^^^^^^^
NameError: name 'cells_to_relieve' is not defined
ERROR in Agent H_42 process_reward at tick 53: name 'cells_to_relieve' is not defined
Traceback (most recent call last):
  File "/home/user/DisasterAI/DisasterAI_Model.py", line 1315, in process_reward
    for cell in cells_to_relieve:
                ^^^^^^^^^^^^^^^^
NameError: name 'cells_to_relieve' is not defined
ERROR in Agent H_18 process_reward at tick 53: name 'cells_to_relieve' is not defined
Traceback (most recent call last):
  File "/home/user/DisasterAI/DisasterAI_Model.py", line 1315, in process_reward
    for cell in cells_to_relieve:
                ^^^^^^^^^^^^^^^^
NameError: name 'cells_to_relieve' is not defined
ERROR in Agent H_17 process_reward at tick 53: name 'cells_to_relieve' is not defined
Traceback (most recent call last):
  File "/home/user/DisasterAI/DisasterAI_Model.py", line 1315, in process_reward
    for cell in cells_to_relieve:
                ^^^^^^^^^^^^^^^^
NameError: name 'cells_to_relieve' is not defined
ERROR in Agent H_19 process_reward at tick 53: name 'cells_to_relieve' is not defined
Traceback (most recent call last):
  File "/home/user/DisasterAI/DisasterAI_Model.py", line 1315, in process_reward
    for cell in cells_to_relieve:
                ^^^^^^^^^^^^^^^^
NameError: name 'cells_to_relieve' is not defined
ERROR in Agent H_33 process_reward at tick 53: name 'cells_to_relieve' is not defined
Traceback (most recent call last):
  File "/home/user/DisasterAI/DisasterAI_Model.py", line 1315, in process_reward
    for cell in cells_to_relieve:
                ^^^^^^^^^^^^^^^^
NameError: name 'cells_to_relieve' is not defined
ERROR in Agent H_43 process_reward at tick 53: name 'cells_to_relieve' is not defined
Traceback (most recent call last):
  File "/home/user/DisasterAI/DisasterAI_Model.py", line 1315, in process_reward
    for cell in cells_to_relieve:
                ^^^^^^^^^^^^^^^^
NameError: name 'cells_to_relieve' is not defined
ERROR in Agent H_2 process_reward at tick 53: name 'cells_to_relieve' is not defined
Traceback (most recent call last):
  File "/home/user/DisasterAI/DisasterAI_Model.py", line 1315, in process_reward
    for cell in cells_to_relieve:
                ^^^^^^^^^^^^^^^^
NameError: name 'cells_to_relieve' is not defined
ERROR in Agent H_32 process_reward at tick 53: name 'cells_to_relieve' is not defined
Traceback (most recent call last):
  File "/home/user/DisasterAI/DisasterAI_Model.py", line 1315, in process_reward
    for cell in cells_to_relieve:
                ^^^^^^^^^^^^^^^^
NameError: name 'cells_to_relieve' is not defined
ERROR in Agent H_26 process_reward at tick 53: name 'cells_to_relieve' is not defined
Traceback (most recent call last):
  File "/home/user/DisasterAI/DisasterAI_Model.py", line 1315, in process_reward
    for cell in cells_to_relieve:
                ^^^^^^^^^^^^^^^^
NameError: name 'cells_to_relieve' is not defined
ERROR in Agent H_6 process_reward at tick 53: name 'cells_to_relieve' is not defined
Traceback (most recent call last):
  File "/home/user/DisasterAI/DisasterAI_Model.py", line 1315, in process_reward
    for cell in cells_to_relieve:
                ^^^^^^^^^^^^^^^^
NameError: name 'cells_to_relieve' is not defined
ERROR in Agent H_48 process_reward at tick 53: name 'cells_to_relieve' is not defined
Traceback (most recent call last):
  File "/home/user/DisasterAI/DisasterAI_Model.py", line 1315, in process_reward
    for cell in cells_to_relieve:
                ^^^^^^^^^^^^^^^^
NameError: name 'cells_to_relieve' is not defined
ERROR in Agent H_47 process_reward at tick 53: name 'cells_to_relieve' is not defined
Traceback (most recent call last):
  File "/home/user/DisasterAI/DisasterAI_Model.py", line 1315, in process_reward
    for cell in cells_to_relieve:
                ^^^^^^^^^^^^^^^^
NameError: name 'cells_to_relieve' is not defined
ERROR in Agent H_45 process_reward at tick 53: name 'cells_to_relieve' is not defined
Traceback (most recent call last):
  File "/home/user/DisasterAI/DisasterAI_Model.py", line 1315, in process_reward
    for cell in cells_to_relieve:
                ^^^^^^^^^^^^^^^^
NameError: name 'cells_to_relieve' is not defined
ERROR in Agent H_34 process_reward at tick 53: name 'cells_to_relieve' is not defined
Traceback (most recent call last):
  File "/home/user/DisasterAI/DisasterAI_Model.py", line 1315, in process_reward
    for cell in cells_to_relieve:
                ^^^^^^^^^^^^^^^^
NameError: name 'cells_to_relieve' is not defined
ERROR in Agent H_23 process_reward at tick 53: name 'cells_to_relieve' is not defined
Traceback (most recent call last):
  File "/home/user/DisasterAI/DisasterAI_Model.py", line 1315, in process_reward
    for cell in cells_to_relieve:
                ^^^^^^^^^^^^^^^^
NameError: name 'cells_to_relieve' is not defined
ERROR in Agent H_49 process_reward at tick 53: name 'cells_to_relieve' is not defined
Traceback (most recent call last):
  File "/home/user/DisasterAI/DisasterAI_Model.py", line 1315, in process_reward
    for cell in cells_to_relieve:
                ^^^^^^^^^^^^^^^^
NameError: name 'cells_to_relieve' is not defined
ERROR in Agent H_10 process_reward at tick 53: name 'cells_to_relieve' is not defined
Traceback (most recent call last):
  File "/home/user/DisasterAI/DisasterAI_Model.py", line 1315, in process_reward
    for cell in cells_to_relieve:
                ^^^^^^^^^^^^^^^^
NameError: name 'cells_to_relieve' is not defined
ERROR in Agent H_46 process_reward at tick 53: name 'cells_to_relieve' is not defined
Traceback (most recent call last):
  File "/home/user/DisasterAI/DisasterAI_Model.py", line 1315, in process_reward
    for cell in cells_to_relieve:
                ^^^^^^^^^^^^^^^^
NameError: name 'cells_to_relieve' is not defined
ERROR in Agent H_44 process_reward at tick 53: name 'cells_to_relieve' is not defined
Traceback (most recent call last):
  File "/home/user/DisasterAI/DisasterAI_Model.py", line 1315, in process_reward
    for cell in cells_to_relieve:
                ^^^^^^^^^^^^^^^^
NameError: name 'cells_to_relieve' is not defined
ERROR in Agent H_31 process_reward at tick 53: name 'cells_to_relieve' is not defined
Traceback (most recent call last):
  File "/home/user/DisasterAI/DisasterAI_Model.py", line 1315, in process_reward
    for cell in cells_to_relieve:
                ^^^^^^^^^^^^^^^^
NameError: name 'cells_to_relieve' is not defined
ERROR in Agent H_39 process_reward at tick 53: name 'cells_to_relieve' is not defined
Traceback (most recent call last):
  File "/home/user/DisasterAI/DisasterAI_Model.py", line 1315, in process_reward
    for cell in cells_to_relieve:
                ^^^^^^^^^^^^^^^^
NameError: name 'cells_to_relieve' is not defined
ERROR in Agent H_40 process_reward at tick 53: name 'cells_to_relieve' is not defined
Traceback (most recent call last):
  File "/home/user/DisasterAI/DisasterAI_Model.py", line 1315, in process_reward
    for cell in cells_to_relieve:
                ^^^^^^^^^^^^^^^^
NameError: name 'cells_to_relieve' is not defined
ERROR in Agent H_3 process_reward at tick 53: name 'cells_to_relieve' is not defined
Traceback (most recent call last):
  File "/home/user/DisasterAI/DisasterAI_Model.py", line 1315, in process_reward
    for cell in cells_to_relieve:
                ^^^^^^^^^^^^^^^^
NameError: name 'cells_to_relieve' is not defined
ERROR in Agent H_35 process_reward at tick 54: name 'cells_to_relieve' is not defined
Traceback (most recent call last):
  File "/home/user/DisasterAI/DisasterAI_Model.py", line 1315, in process_reward
    for cell in cells_to_relieve:
                ^^^^^^^^^^^^^^^^
NameError: name 'cells_to_relieve' is not defined
ERROR in Agent H_23 process_reward at tick 54: name 'cells_to_relieve' is not defined
Traceback (most recent call last):
  File "/home/user/DisasterAI/DisasterAI_Model.py", line 1315, in process_reward
    for cell in cells_to_relieve:
                ^^^^^^^^^^^^^^^^
NameError: name 'cells_to_relieve' is not defined
ERROR in Agent H_2 process_reward at tick 54: name 'cells_to_relieve' is not defined
Traceback (most recent call last):
  File "/home/user/DisasterAI/DisasterAI_Model.py", line 1315, in process_reward
    for cell in cells_to_relieve:
                ^^^^^^^^^^^^^^^^
NameError: name 'cells_to_relieve' is not defined
ERROR in Agent H_3 process_reward at tick 54: name 'cells_to_relieve' is not defined
Traceback (most recent call last):
  File "/home/user/DisasterAI/DisasterAI_Model.py", line 1315, in process_reward
    for cell in cells_to_relieve:
                ^^^^^^^^^^^^^^^^
NameError: name 'cells_to_relieve' is not defined
ERROR in Agent H_45 process_reward at tick 54: name 'cells_to_relieve' is not defined
Traceback (most recent call last):
  File "/home/user/DisasterAI/DisasterAI_Model.py", line 1315, in process_reward
    for cell in cells_to_relieve:
                ^^^^^^^^^^^^^^^^
NameError: name 'cells_to_relieve' is not defined
ERROR in Agent H_31 process_reward at tick 54: name 'cells_to_relieve' is not defined
Traceback (most recent call last):
  File "/home/user/DisasterAI/DisasterAI_Model.py", line 1315, in process_reward
    for cell in cells_to_relieve:
                ^^^^^^^^^^^^^^^^
NameError: name 'cells_to_relieve' is not defined
ERROR in Agent H_32 process_reward at tick 54: name 'cells_to_relieve' is not defined
Traceback (most recent call last):
  File "/home/user/DisasterAI/DisasterAI_Model.py", line 1315, in process_reward
    for cell in cells_to_relieve:
                ^^^^^^^^^^^^^^^^
NameError: name 'cells_to_relieve' is not defined
ERROR in Agent H_6 process_reward at tick 54: name 'cells_to_relieve' is not defined
Traceback (most recent call last):
  File "/home/user/DisasterAI/DisasterAI_Model.py", line 1315, in process_reward
    for cell in cells_to_relieve:
                ^^^^^^^^^^^^^^^^
NameError: name 'cells_to_relieve' is not defined
ERROR in Agent H_14 process_reward at tick 54: name 'cells_to_relieve' is not defined
Traceback (most recent call last):
  File "/home/user/DisasterAI/DisasterAI_Model.py", line 1315, in process_reward
    for cell in cells_to_relieve:
                ^^^^^^^^^^^^^^^^
NameError: name 'cells_to_relieve' is not defined
ERROR in Agent H_46 process_reward at tick 54: name 'cells_to_relieve' is not defined
Traceback (most recent call last):
  File "/home/user/DisasterAI/DisasterAI_Model.py", line 1315, in process_reward
    for cell in cells_to_relieve:
                ^^^^^^^^^^^^^^^^
NameError: name 'cells_to_relieve' is not defined
ERROR in Agent H_26 process_reward at tick 54: name 'cells_to_relieve' is not defined
Traceback (most recent call last):
  File "/home/user/DisasterAI/DisasterAI_Model.py", line 1315, in process_reward
    for cell in cells_to_relieve:
                ^^^^^^^^^^^^^^^^
NameError: name 'cells_to_relieve' is not defined
ERROR in Agent H_1 process_reward at tick 54: name 'cells_to_relieve' is not defined
Traceback (most recent call last):
  File "/home/user/DisasterAI/DisasterAI_Model.py", line 1315, in process_reward
    for cell in cells_to_relieve:
                ^^^^^^^^^^^^^^^^
NameError: name 'cells_to_relieve' is not defined
ERROR in Agent H_38 process_reward at tick 54: name 'cells_to_relieve' is not defined
Traceback (most recent call last):
  File "/home/user/DisasterAI/DisasterAI_Model.py", line 1315, in process_reward
    for cell in cells_to_relieve:
                ^^^^^^^^^^^^^^^^
NameError: name 'cells_to_relieve' is not defined
ERROR in Agent H_13 process_reward at tick 54: name 'cells_to_relieve' is not defined
Traceback (most recent call last):
  File "/home/user/DisasterAI/DisasterAI_Model.py", line 1315, in process_reward
    for cell in cells_to_relieve:
                ^^^^^^^^^^^^^^^^
NameError: name 'cells_to_relieve' is not defined
ERROR in Agent H_47 process_reward at tick 54: name 'cells_to_relieve' is not defined
Traceback (most recent call last):
  File "/home/user/DisasterAI/DisasterAI_Model.py", line 1315, in process_reward
    for cell in cells_to_relieve:
                ^^^^^^^^^^^^^^^^
NameError: name 'cells_to_relieve' is not defined
ERROR in Agent H_49 process_reward at tick 54: name 'cells_to_relieve' is not defined
Traceback (most recent call last):
  File "/home/user/DisasterAI/DisasterAI_Model.py", line 1315, in process_reward
    for cell in cells_to_relieve:
                ^^^^^^^^^^^^^^^^
NameError: name 'cells_to_relieve' is not defined
ERROR in Agent H_22 process_reward at tick 54: name 'cells_to_relieve' is not defined
Traceback (most recent call last):
  File "/home/user/DisasterAI/DisasterAI_Model.py", line 1315, in process_reward
    for cell in cells_to_relieve:
                ^^^^^^^^^^^^^^^^
NameError: name 'cells_to_relieve' is not defined
ERROR in Agent H_15 process_reward at tick 54: name 'cells_to_relieve' is not defined
Traceback (most recent call last):
  File "/home/user/DisasterAI/DisasterAI_Model.py", line 1315, in process_reward
    for cell in cells_to_relieve:
                ^^^^^^^^^^^^^^^^
NameError: name 'cells_to_relieve' is not defined
ERROR in Agent H_30 process_reward at tick 54: name 'cells_to_relieve' is not defined
Traceback (most recent call last):
  File "/home/user/DisasterAI/DisasterAI_Model.py", line 1315, in process_reward
    for cell in cells_to_relieve:
                ^^^^^^^^^^^^^^^^
NameError: name 'cells_to_relieve' is not defined
ERROR in Agent H_7 process_reward at tick 54: name 'cells_to_relieve' is not defined
Traceback (most recent call last):
  File "/home/user/DisasterAI/DisasterAI_Model.py", line 1315, in process_reward
    for cell in cells_to_relieve:
                ^^^^^^^^^^^^^^^^
NameError: name 'cells_to_relieve' is not defined
ERROR in Agent H_33 process_reward at tick 54: name 'cells_to_relieve' is not defined
Traceback (most recent call last):
  File "/home/user/DisasterAI/DisasterAI_Model.py", line 1315, in process_reward
    for cell in cells_to_relieve:
                ^^^^^^^^^^^^^^^^
NameError: name 'cells_to_relieve' is not defined
ERROR in Agent H_29 process_reward at tick 54: name 'cells_to_relieve' is not defined
Traceback (most recent call last):
  File "/home/user/DisasterAI/DisasterAI_Model.py", line 1315, in process_reward
    for cell in cells_to_relieve:
                ^^^^^^^^^^^^^^^^
NameError: name 'cells_to_relieve' is not defined
ERROR in Agent H_11 process_reward at tick 54: name 'cells_to_relieve' is not defined
Traceback (most recent call last):
  File "/home/user/DisasterAI/DisasterAI_Model.py", line 1315, in process_reward
    for cell in cells_to_relieve:
                ^^^^^^^^^^^^^^^^
NameError: name 'cells_to_relieve' is not defined
ERROR in Agent H_20 process_reward at tick 54: name 'cells_to_relieve' is not defined
Traceback (most recent call last):
  File "/home/user/DisasterAI/DisasterAI_Model.py", line 1315, in process_reward
    for cell in cells_to_relieve:
                ^^^^^^^^^^^^^^^^
NameError: name 'cells_to_relieve' is not defined
ERROR in Agent H_9 process_reward at tick 54: name 'cells_to_relieve' is not defined
Traceback (most recent call last):
  File "/home/user/DisasterAI/DisasterAI_Model.py", line 1315, in process_reward
    for cell in cells_to_relieve:
                ^^^^^^^^^^^^^^^^
NameError: name 'cells_to_relieve' is not defined
ERROR in Agent H_44 process_reward at tick 54: name 'cells_to_relieve' is not defined
Traceback (most recent call last):
  File "/home/user/DisasterAI/DisasterAI_Model.py", line 1315, in process_reward
    for cell in cells_to_relieve:
                ^^^^^^^^^^^^^^^^
NameError: name 'cells_to_relieve' is not defined
ERROR in Agent H_40 process_reward at tick 54: name 'cells_to_relieve' is not defined
Traceback (most recent call last):
  File "/home/user/DisasterAI/DisasterAI_Model.py", line 1315, in process_reward
    for cell in cells_to_relieve:
                ^^^^^^^^^^^^^^^^
NameError: name 'cells_to_relieve' is not defined
ERROR in Agent H_25 process_reward at tick 54: name 'cells_to_relieve' is not defined
Traceback (most recent call last):
  File "/home/user/DisasterAI/DisasterAI_Model.py", line 1315, in process_reward
    for cell in cells_to_relieve:
                ^^^^^^^^^^^^^^^^
NameError: name 'cells_to_relieve' is not defined
ERROR in Agent H_19 process_reward at tick 54: name 'cells_to_relieve' is not defined
Traceback (most recent call last):
  File "/home/user/DisasterAI/DisasterAI_Model.py", line 1315, in process_reward
    for cell in cells_to_relieve:
                ^^^^^^^^^^^^^^^^
NameError: name 'cells_to_relieve' is not defined
ERROR in Agent H_16 process_reward at tick 54: name 'cells_to_relieve' is not defined
Traceback (most recent call last):
  File "/home/user/DisasterAI/DisasterAI_Model.py", line 1315, in process_reward
    for cell in cells_to_relieve:
                ^^^^^^^^^^^^^^^^
NameError: name 'cells_to_relieve' is not defined
ERROR in Agent H_48 process_reward at tick 54: name 'cells_to_relieve' is not defined
Traceback (most recent call last):
  File "/home/user/DisasterAI/DisasterAI_Model.py", line 1315, in process_reward
    for cell in cells_to_relieve:
                ^^^^^^^^^^^^^^^^
NameError: name 'cells_to_relieve' is not defined
ERROR in Agent H_8 process_reward at tick 54: name 'cells_to_relieve' is not defined
Traceback (most recent call last):
  File "/home/user/DisasterAI/DisasterAI_Model.py", line 1315, in process_reward
    for cell in cells_to_relieve:
                ^^^^^^^^^^^^^^^^
NameError: name 'cells_to_relieve' is not defined
ERROR in Agent H_42 process_reward at tick 55: name 'cells_to_relieve' is not defined
Traceback (most recent call last):
  File "/home/user/DisasterAI/DisasterAI_Model.py", line 1315, in process_reward
    for cell in cells_to_relieve:
                ^^^^^^^^^^^^^^^^
NameError: name 'cells_to_relieve' is not defined
ERROR in Agent H_46 process_reward at tick 55: name 'cells_to_relieve' is not defined
Traceback (most recent call last):
  File "/home/user/DisasterAI/DisasterAI_Model.py", line 1315, in process_reward
    for cell in cells_to_relieve:
                ^^^^^^^^^^^^^^^^
NameError: name 'cells_to_relieve' is not defined
ERROR in Agent H_7 process_reward at tick 55: name 'cells_to_relieve' is not defined
Traceback (most recent call last):
  File "/home/user/DisasterAI/DisasterAI_Model.py", line 1315, in process_reward
    for cell in cells_to_relieve:
                ^^^^^^^^^^^^^^^^
NameError: name 'cells_to_relieve' is not defined
ERROR in Agent H_5 process_reward at tick 55: name 'cells_to_relieve' is not defined
Traceback (most recent call last):
  File "/home/user/DisasterAI/DisasterAI_Model.py", line 1315, in process_reward
    for cell in cells_to_relieve:
                ^^^^^^^^^^^^^^^^
NameError: name 'cells_to_relieve' is not defined
ERROR in Agent H_21 process_reward at tick 55: name 'cells_to_relieve' is not defined
Traceback (most recent call last):
  File "/home/user/DisasterAI/DisasterAI_Model.py", line 1315, in process_reward
    for cell in cells_to_relieve:
                ^^^^^^^^^^^^^^^^
NameError: name 'cells_to_relieve' is not defined
ERROR in Agent H_40 process_reward at tick 55: name 'cells_to_relieve' is not defined
Traceback (most recent call last):
  File "/home/user/DisasterAI/DisasterAI_Model.py", line 1315, in process_reward
    for cell in cells_to_relieve:
                ^^^^^^^^^^^^^^^^
NameError: name 'cells_to_relieve' is not defined
ERROR in Agent H_41 process_reward at tick 55: name 'cells_to_relieve' is not defined
Traceback (most recent call last):
  File "/home/user/DisasterAI/DisasterAI_Model.py", line 1315, in process_reward
    for cell in cells_to_relieve:
                ^^^^^^^^^^^^^^^^
NameError: name 'cells_to_relieve' is not defined
ERROR in Agent H_30 process_reward at tick 55: name 'cells_to_relieve' is not defined
Traceback (most recent call last):
  File "/home/user/DisasterAI/DisasterAI_Model.py", line 1315, in process_reward
    for cell in cells_to_relieve:
                ^^^^^^^^^^^^^^^^
NameError: name 'cells_to_relieve' is not defined
ERROR in Agent H_27 process_reward at tick 55: name 'cells_to_relieve' is not defined
Traceback (most recent call last):
  File "/home/user/DisasterAI/DisasterAI_Model.py", line 1315, in process_reward
    for cell in cells_to_relieve:
                ^^^^^^^^^^^^^^^^
NameError: name 'cells_to_relieve' is not defined
ERROR in Agent H_16 process_reward at tick 55: name 'cells_to_relieve' is not defined
Traceback (most recent call last):
  File "/home/user/DisasterAI/DisasterAI_Model.py", line 1315, in process_reward
    for cell in cells_to_relieve:
                ^^^^^^^^^^^^^^^^
NameError: name 'cells_to_relieve' is not defined
ERROR in Agent H_11 process_reward at tick 55: name 'cells_to_relieve' is not defined
Traceback (most recent call last):
  File "/home/user/DisasterAI/DisasterAI_Model.py", line 1315, in process_reward
    for cell in cells_to_relieve:
                ^^^^^^^^^^^^^^^^
NameError: name 'cells_to_relieve' is not defined
ERROR in Agent H_4 process_reward at tick 55: name 'cells_to_relieve' is not defined
Traceback (most recent call last):
  File "/home/user/DisasterAI/DisasterAI_Model.py", line 1315, in process_reward
    for cell in cells_to_relieve:
                ^^^^^^^^^^^^^^^^
NameError: name 'cells_to_relieve' is not defined
ERROR in Agent H_38 process_reward at tick 55: name 'cells_to_relieve' is not defined
Traceback (most recent call last):
  File "/home/user/DisasterAI/DisasterAI_Model.py", line 1315, in process_reward
    for cell in cells_to_relieve:
                ^^^^^^^^^^^^^^^^
NameError: name 'cells_to_relieve' is not defined
ERROR in Agent H_17 process_reward at tick 55: name 'cells_to_relieve' is not defined
Traceback (most recent call last):
  File "/home/user/DisasterAI/DisasterAI_Model.py", line 1315, in process_reward
    for cell in cells_to_relieve:
                ^^^^^^^^^^^^^^^^
NameError: name 'cells_to_relieve' is not defined
ERROR in Agent H_45 process_reward at tick 55: name 'cells_to_relieve' is not defined
Traceback (most recent call last):
  File "/home/user/DisasterAI/DisasterAI_Model.py", line 1315, in process_reward
    for cell in cells_to_relieve:
                ^^^^^^^^^^^^^^^^
NameError: name 'cells_to_relieve' is not defined
ERROR in Agent H_26 process_reward at tick 55: name 'cells_to_relieve' is not defined
Traceback (most recent call last):
  File "/home/user/DisasterAI/DisasterAI_Model.py", line 1315, in process_reward
    for cell in cells_to_relieve:
                ^^^^^^^^^^^^^^^^
NameError: name 'cells_to_relieve' is not defined
ERROR in Agent H_25 process_reward at tick 55: name 'cells_to_relieve' is not defined
Traceback (most recent call last):
  File "/home/user/DisasterAI/DisasterAI_Model.py", line 1315, in process_reward
    for cell in cells_to_relieve:
                ^^^^^^^^^^^^^^^^
NameError: name 'cells_to_relieve' is not defined
ERROR in Agent H_0 process_reward at tick 55: name 'cells_to_relieve' is not defined
Traceback (most recent call last):
  File "/home/user/DisasterAI/DisasterAI_Model.py", line 1315, in process_reward
    for cell in cells_to_relieve:
                ^^^^^^^^^^^^^^^^
NameError: name 'cells_to_relieve' is not defined
ERROR in Agent H_37 process_reward at tick 55: name 'cells_to_relieve' is not defined
Traceback (most recent call last):
  File "/home/user/DisasterAI/DisasterAI_Model.py", line 1315, in process_reward
    for cell in cells_to_relieve:
                ^^^^^^^^^^^^^^^^
NameError: name 'cells_to_relieve' is not defined
ERROR in Agent H_3 process_reward at tick 55: name 'cells_to_relieve' is not defined
Traceback (most recent call last):
  File "/home/user/DisasterAI/DisasterAI_Model.py", line 1315, in process_reward
    for cell in cells_to_relieve:
                ^^^^^^^^^^^^^^^^
NameError: name 'cells_to_relieve' is not defined
ERROR in Agent H_10 process_reward at tick 55: name 'cells_to_relieve' is not defined
Traceback (most recent call last):
  File "/home/user/DisasterAI/DisasterAI_Model.py", line 1315, in process_reward
    for cell in cells_to_relieve:
                ^^^^^^^^^^^^^^^^
NameError: name 'cells_to_relieve' is not defined
ERROR in Agent H_8 process_reward at tick 55: name 'cells_to_relieve' is not defined
Traceback (most recent call last):
  File "/home/user/DisasterAI/DisasterAI_Model.py", line 1315, in process_reward
    for cell in cells_to_relieve:
                ^^^^^^^^^^^^^^^^
NameError: name 'cells_to_relieve' is not defined
ERROR in Agent H_12 process_reward at tick 55: name 'cells_to_relieve' is not defined
Traceback (most recent call last):
  File "/home/user/DisasterAI/DisasterAI_Model.py", line 1315, in process_reward
    for cell in cells_to_relieve:
                ^^^^^^^^^^^^^^^^
NameError: name 'cells_to_relieve' is not defined
ERROR in Agent H_9 process_reward at tick 55: name 'cells_to_relieve' is not defined
Traceback (most recent call last):
  File "/home/user/DisasterAI/DisasterAI_Model.py", line 1315, in process_reward
    for cell in cells_to_relieve:
                ^^^^^^^^^^^^^^^^
NameError: name 'cells_to_relieve' is not defined
ERROR in Agent H_29 process_reward at tick 55: name 'cells_to_relieve' is not defined
Traceback (most recent call last):
  File "/home/user/DisasterAI/DisasterAI_Model.py", line 1315, in process_reward
    for cell in cells_to_relieve:
                ^^^^^^^^^^^^^^^^
NameError: name 'cells_to_relieve' is not defined
ERROR in Agent H_13 process_reward at tick 55: name 'cells_to_relieve' is not defined
Traceback (most recent call last):
  File "/home/user/DisasterAI/DisasterAI_Model.py", line 1315, in process_reward
    for cell in cells_to_relieve:
                ^^^^^^^^^^^^^^^^
NameError: name 'cells_to_relieve' is not defined
ERROR in Agent H_18 process_reward at tick 55: name 'cells_to_relieve' is not defined
Traceback (most recent call last):
  File "/home/user/DisasterAI/DisasterAI_Model.py", line 1315, in process_reward
    for cell in cells_to_relieve:
                ^^^^^^^^^^^^^^^^
NameError: name 'cells_to_relieve' is not defined
ERROR in Agent H_1 process_reward at tick 55: name 'cells_to_relieve' is not defined
Traceback (most recent call last):
  File "/home/user/DisasterAI/DisasterAI_Model.py", line 1315, in process_reward
    for cell in cells_to_relieve:
                ^^^^^^^^^^^^^^^^
NameError: name 'cells_to_relieve' is not defined
ERROR in Agent H_35 process_reward at tick 55: name 'cells_to_relieve' is not defined
Traceback (most recent call last):
  File "/home/user/DisasterAI/DisasterAI_Model.py", line 1315, in process_reward
    for cell in cells_to_relieve:
                ^^^^^^^^^^^^^^^^
NameError: name 'cells_to_relieve' is not defined
ERROR in Agent H_22 process_reward at tick 55: name 'cells_to_relieve' is not defined
Traceback (most recent call last):
  File "/home/user/DisasterAI/DisasterAI_Model.py", line 1315, in process_reward
    for cell in cells_to_relieve:
                ^^^^^^^^^^^^^^^^
NameError: name 'cells_to_relieve' is not defined
ERROR in Agent H_15 process_reward at tick 55: name 'cells_to_relieve' is not defined
Traceback (most recent call last):
  File "/home/user/DisasterAI/DisasterAI_Model.py", line 1315, in process_reward
    for cell in cells_to_relieve:
                ^^^^^^^^^^^^^^^^
NameError: name 'cells_to_relieve' is not defined
ERROR in Agent H_39 process_reward at tick 55: name 'cells_to_relieve' is not defined
Traceback (most recent call last):
  File "/home/user/DisasterAI/DisasterAI_Model.py", line 1315, in process_reward
    for cell in cells_to_relieve:
                ^^^^^^^^^^^^^^^^
NameError: name 'cells_to_relieve' is not defined
ERROR in Agent H_48 process_reward at tick 55: name 'cells_to_relieve' is not defined
Traceback (most recent call last):
  File "/home/user/DisasterAI/DisasterAI_Model.py", line 1315, in process_reward
    for cell in cells_to_relieve:
                ^^^^^^^^^^^^^^^^
NameError: name 'cells_to_relieve' is not defined

DEBUG: Starting AECI variance calculation at tick 55
  Found 0/50 AI-reliant agents
  Global belief variance: 0.0530
  WARNING: Invalid global variance (0.05303271) or no AI-reliant agents
  Returning AECI variance tuple: (55, 0.0)
  Current aeci_variance_data length: 55
  Last 3 entries: [(53, 0.0), (54, 0.0), (55, 0.0)]
ERROR in Agent H_8 process_reward at tick 56: name 'cells_to_relieve' is not defined
Traceback (most recent call last):
  File "/home/user/DisasterAI/DisasterAI_Model.py", line 1315, in process_reward
    for cell in cells_to_relieve:
                ^^^^^^^^^^^^^^^^
NameError: name 'cells_to_relieve' is not defined
ERROR in Agent H_20 process_reward at tick 56: name 'cells_to_relieve' is not defined
Traceback (most recent call last):
  File "/home/user/DisasterAI/DisasterAI_Model.py", line 1315, in process_reward
    for cell in cells_to_relieve:
                ^^^^^^^^^^^^^^^^
NameError: name 'cells_to_relieve' is not defined
ERROR in Agent H_33 process_reward at tick 56: name 'cells_to_relieve' is not defined
Traceback (most recent call last):
  File "/home/user/DisasterAI/DisasterAI_Model.py", line 1315, in process_reward
    for cell in cells_to_relieve:
                ^^^^^^^^^^^^^^^^
NameError: name 'cells_to_relieve' is not defined
ERROR in Agent H_30 process_reward at tick 56: name 'cells_to_relieve' is not defined
Traceback (most recent call last):
  File "/home/user/DisasterAI/DisasterAI_Model.py", line 1315, in process_reward
    for cell in cells_to_relieve:
                ^^^^^^^^^^^^^^^^
NameError: name 'cells_to_relieve' is not defined
ERROR in Agent H_39 process_reward at tick 56: name 'cells_to_relieve' is not defined
Traceback (most recent call last):
  File "/home/user/DisasterAI/DisasterAI_Model.py", line 1315, in process_reward
    for cell in cells_to_relieve:
                ^^^^^^^^^^^^^^^^
NameError: name 'cells_to_relieve' is not defined
ERROR in Agent H_46 process_reward at tick 56: name 'cells_to_relieve' is not defined
Traceback (most recent call last):
  File "/home/user/DisasterAI/DisasterAI_Model.py", line 1315, in process_reward
    for cell in cells_to_relieve:
                ^^^^^^^^^^^^^^^^
NameError: name 'cells_to_relieve' is not defined
ERROR in Agent H_10 process_reward at tick 56: name 'cells_to_relieve' is not defined
Traceback (most recent call last):
  File "/home/user/DisasterAI/DisasterAI_Model.py", line 1315, in process_reward
    for cell in cells_to_relieve:
                ^^^^^^^^^^^^^^^^
NameError: name 'cells_to_relieve' is not defined
ERROR in Agent H_28 process_reward at tick 56: name 'cells_to_relieve' is not defined
Traceback (most recent call last):
  File "/home/user/DisasterAI/DisasterAI_Model.py", line 1315, in process_reward
    for cell in cells_to_relieve:
                ^^^^^^^^^^^^^^^^
NameError: name 'cells_to_relieve' is not defined
ERROR in Agent H_40 process_reward at tick 56: name 'cells_to_relieve' is not defined
Traceback (most recent call last):
  File "/home/user/DisasterAI/DisasterAI_Model.py", line 1315, in process_reward
    for cell in cells_to_relieve:
                ^^^^^^^^^^^^^^^^
NameError: name 'cells_to_relieve' is not defined
ERROR in Agent H_35 process_reward at tick 56: name 'cells_to_relieve' is not defined
Traceback (most recent call last):
  File "/home/user/DisasterAI/DisasterAI_Model.py", line 1315, in process_reward
    for cell in cells_to_relieve:
                ^^^^^^^^^^^^^^^^
NameError: name 'cells_to_relieve' is not defined
ERROR in Agent H_19 process_reward at tick 56: name 'cells_to_relieve' is not defined
Traceback (most recent call last):
  File "/home/user/DisasterAI/DisasterAI_Model.py", line 1315, in process_reward
    for cell in cells_to_relieve:
                ^^^^^^^^^^^^^^^^
NameError: name 'cells_to_relieve' is not defined
ERROR in Agent H_9 process_reward at tick 56: name 'cells_to_relieve' is not defined
Traceback (most recent call last):
  File "/home/user/DisasterAI/DisasterAI_Model.py", line 1315, in process_reward
    for cell in cells_to_relieve:
                ^^^^^^^^^^^^^^^^
NameError: name 'cells_to_relieve' is not defined
ERROR in Agent H_2 process_reward at tick 56: name 'cells_to_relieve' is not defined
Traceback (most recent call last):
  File "/home/user/DisasterAI/DisasterAI_Model.py", line 1315, in process_reward
    for cell in cells_to_relieve:
                ^^^^^^^^^^^^^^^^
NameError: name 'cells_to_relieve' is not defined
ERROR in Agent H_27 process_reward at tick 56: name 'cells_to_relieve' is not defined
Traceback (most recent call last):
  File "/home/user/DisasterAI/DisasterAI_Model.py", line 1315, in process_reward
    for cell in cells_to_relieve:
                ^^^^^^^^^^^^^^^^
NameError: name 'cells_to_relieve' is not defined
ERROR in Agent H_23 process_reward at tick 56: name 'cells_to_relieve' is not defined
Traceback (most recent call last):
  File "/home/user/DisasterAI/DisasterAI_Model.py", line 1315, in process_reward
    for cell in cells_to_relieve:
                ^^^^^^^^^^^^^^^^
NameError: name 'cells_to_relieve' is not defined
ERROR in Agent H_43 process_reward at tick 56: name 'cells_to_relieve' is not defined
Traceback (most recent call last):
  File "/home/user/DisasterAI/DisasterAI_Model.py", line 1315, in process_reward
    for cell in cells_to_relieve:
                ^^^^^^^^^^^^^^^^
NameError: name 'cells_to_relieve' is not defined
ERROR in Agent H_37 process_reward at tick 56: name 'cells_to_relieve' is not defined
Traceback (most recent call last):
  File "/home/user/DisasterAI/DisasterAI_Model.py", line 1315, in process_reward
    for cell in cells_to_relieve:
                ^^^^^^^^^^^^^^^^
NameError: name 'cells_to_relieve' is not defined
ERROR in Agent H_18 process_reward at tick 56: name 'cells_to_relieve' is not defined
Traceback (most recent call last):
  File "/home/user/DisasterAI/DisasterAI_Model.py", line 1315, in process_reward
    for cell in cells_to_relieve:
                ^^^^^^^^^^^^^^^^
NameError: name 'cells_to_relieve' is not defined
ERROR in Agent H_26 process_reward at tick 56: name 'cells_to_relieve' is not defined
Traceback (most recent call last):
  File "/home/user/DisasterAI/DisasterAI_Model.py", line 1315, in process_reward
    for cell in cells_to_relieve:
                ^^^^^^^^^^^^^^^^
NameError: name 'cells_to_relieve' is not defined
ERROR in Agent H_29 process_reward at tick 56: name 'cells_to_relieve' is not defined
Traceback (most recent call last):
  File "/home/user/DisasterAI/DisasterAI_Model.py", line 1315, in process_reward
    for cell in cells_to_relieve:
                ^^^^^^^^^^^^^^^^
NameError: name 'cells_to_relieve' is not defined
ERROR in Agent H_34 process_reward at tick 56: name 'cells_to_relieve' is not defined
Traceback (most recent call last):
  File "/home/user/DisasterAI/DisasterAI_Model.py", line 1315, in process_reward
    for cell in cells_to_relieve:
                ^^^^^^^^^^^^^^^^
NameError: name 'cells_to_relieve' is not defined
ERROR in Agent H_5 process_reward at tick 56: name 'cells_to_relieve' is not defined
Traceback (most recent call last):
  File "/home/user/DisasterAI/DisasterAI_Model.py", line 1315, in process_reward
    for cell in cells_to_relieve:
                ^^^^^^^^^^^^^^^^
NameError: name 'cells_to_relieve' is not defined
ERROR in Agent H_38 process_reward at tick 56: name 'cells_to_relieve' is not defined
Traceback (most recent call last):
  File "/home/user/DisasterAI/DisasterAI_Model.py", line 1315, in process_reward
    for cell in cells_to_relieve:
                ^^^^^^^^^^^^^^^^
NameError: name 'cells_to_relieve' is not defined
ERROR in Agent H_41 process_reward at tick 56: name 'cells_to_relieve' is not defined
Traceback (most recent call last):
  File "/home/user/DisasterAI/DisasterAI_Model.py", line 1315, in process_reward
    for cell in cells_to_relieve:
                ^^^^^^^^^^^^^^^^
NameError: name 'cells_to_relieve' is not defined
ERROR in Agent H_6 process_reward at tick 56: name 'cells_to_relieve' is not defined
Traceback (most recent call last):
  File "/home/user/DisasterAI/DisasterAI_Model.py", line 1315, in process_reward
    for cell in cells_to_relieve:
                ^^^^^^^^^^^^^^^^
NameError: name 'cells_to_relieve' is not defined
ERROR in Agent H_49 process_reward at tick 56: name 'cells_to_relieve' is not defined
Traceback (most recent call last):
  File "/home/user/DisasterAI/DisasterAI_Model.py", line 1315, in process_reward
    for cell in cells_to_relieve:
                ^^^^^^^^^^^^^^^^
NameError: name 'cells_to_relieve' is not defined
ERROR in Agent H_22 process_reward at tick 56: name 'cells_to_relieve' is not defined
Traceback (most recent call last):
  File "/home/user/DisasterAI/DisasterAI_Model.py", line 1315, in process_reward
    for cell in cells_to_relieve:
                ^^^^^^^^^^^^^^^^
NameError: name 'cells_to_relieve' is not defined
ERROR in Agent H_3 process_reward at tick 56: name 'cells_to_relieve' is not defined
Traceback (most recent call last):
  File "/home/user/DisasterAI/DisasterAI_Model.py", line 1315, in process_reward
    for cell in cells_to_relieve:
                ^^^^^^^^^^^^^^^^
NameError: name 'cells_to_relieve' is not defined
ERROR in Agent H_31 process_reward at tick 56: name 'cells_to_relieve' is not defined
Traceback (most recent call last):
  File "/home/user/DisasterAI/DisasterAI_Model.py", line 1315, in process_reward
    for cell in cells_to_relieve:
                ^^^^^^^^^^^^^^^^
NameError: name 'cells_to_relieve' is not defined
ERROR in Agent H_0 process_reward at tick 56: name 'cells_to_relieve' is not defined
Traceback (most recent call last):
  File "/home/user/DisasterAI/DisasterAI_Model.py", line 1315, in process_reward
    for cell in cells_to_relieve:
                ^^^^^^^^^^^^^^^^
NameError: name 'cells_to_relieve' is not defined
ERROR in Agent H_32 process_reward at tick 57: name 'cells_to_relieve' is not defined
Traceback (most recent call last):
  File "/home/user/DisasterAI/DisasterAI_Model.py", line 1315, in process_reward
    for cell in cells_to_relieve:
                ^^^^^^^^^^^^^^^^
NameError: name 'cells_to_relieve' is not defined
ERROR in Agent H_39 process_reward at tick 57: name 'cells_to_relieve' is not defined
Traceback (most recent call last):
  File "/home/user/DisasterAI/DisasterAI_Model.py", line 1315, in process_reward
    for cell in cells_to_relieve:
                ^^^^^^^^^^^^^^^^
NameError: name 'cells_to_relieve' is not defined
ERROR in Agent H_28 process_reward at tick 57: name 'cells_to_relieve' is not defined
Traceback (most recent call last):
  File "/home/user/DisasterAI/DisasterAI_Model.py", line 1315, in process_reward
    for cell in cells_to_relieve:
                ^^^^^^^^^^^^^^^^
NameError: name 'cells_to_relieve' is not defined
ERROR in Agent H_9 process_reward at tick 57: name 'cells_to_relieve' is not defined
Traceback (most recent call last):
  File "/home/user/DisasterAI/DisasterAI_Model.py", line 1315, in process_reward
    for cell in cells_to_relieve:
                ^^^^^^^^^^^^^^^^
NameError: name 'cells_to_relieve' is not defined
ERROR in Agent H_11 process_reward at tick 57: name 'cells_to_relieve' is not defined
Traceback (most recent call last):
  File "/home/user/DisasterAI/DisasterAI_Model.py", line 1315, in process_reward
    for cell in cells_to_relieve:
                ^^^^^^^^^^^^^^^^
NameError: name 'cells_to_relieve' is not defined
ERROR in Agent H_40 process_reward at tick 57: name 'cells_to_relieve' is not defined
Traceback (most recent call last):
  File "/home/user/DisasterAI/DisasterAI_Model.py", line 1315, in process_reward
    for cell in cells_to_relieve:
                ^^^^^^^^^^^^^^^^
NameError: name 'cells_to_relieve' is not defined
ERROR in Agent H_23 process_reward at tick 57: name 'cells_to_relieve' is not defined
Traceback (most recent call last):
  File "/home/user/DisasterAI/DisasterAI_Model.py", line 1315, in process_reward
    for cell in cells_to_relieve:
                ^^^^^^^^^^^^^^^^
NameError: name 'cells_to_relieve' is not defined
ERROR in Agent H_49 process_reward at tick 57: name 'cells_to_relieve' is not defined
Traceback (most recent call last):
  File "/home/user/DisasterAI/DisasterAI_Model.py", line 1315, in process_reward
    for cell in cells_to_relieve:
                ^^^^^^^^^^^^^^^^
NameError: name 'cells_to_relieve' is not defined
ERROR in Agent H_37 process_reward at tick 57: name 'cells_to_relieve' is not defined
Traceback (most recent call last):
  File "/home/user/DisasterAI/DisasterAI_Model.py", line 1315, in process_reward
    for cell in cells_to_relieve:
                ^^^^^^^^^^^^^^^^
NameError: name 'cells_to_relieve' is not defined
ERROR in Agent H_36 process_reward at tick 57: name 'cells_to_relieve' is not defined
Traceback (most recent call last):
  File "/home/user/DisasterAI/DisasterAI_Model.py", line 1315, in process_reward
    for cell in cells_to_relieve:
                ^^^^^^^^^^^^^^^^
NameError: name 'cells_to_relieve' is not defined
ERROR in Agent H_44 process_reward at tick 57: name 'cells_to_relieve' is not defined
Traceback (most recent call last):
  File "/home/user/DisasterAI/DisasterAI_Model.py", line 1315, in process_reward
    for cell in cells_to_relieve:
                ^^^^^^^^^^^^^^^^
NameError: name 'cells_to_relieve' is not defined
ERROR in Agent H_34 process_reward at tick 57: name 'cells_to_relieve' is not defined
Traceback (most recent call last):
  File "/home/user/DisasterAI/DisasterAI_Model.py", line 1315, in process_reward
    for cell in cells_to_relieve:
                ^^^^^^^^^^^^^^^^
NameError: name 'cells_to_relieve' is not defined
ERROR in Agent H_14 process_reward at tick 57: name 'cells_to_relieve' is not defined
Traceback (most recent call last):
  File "/home/user/DisasterAI/DisasterAI_Model.py", line 1315, in process_reward
    for cell in cells_to_relieve:
                ^^^^^^^^^^^^^^^^
NameError: name 'cells_to_relieve' is not defined
ERROR in Agent H_20 process_reward at tick 57: name 'cells_to_relieve' is not defined
Traceback (most recent call last):
  File "/home/user/DisasterAI/DisasterAI_Model.py", line 1315, in process_reward
    for cell in cells_to_relieve:
                ^^^^^^^^^^^^^^^^
NameError: name 'cells_to_relieve' is not defined
ERROR in Agent H_22 process_reward at tick 57: name 'cells_to_relieve' is not defined
Traceback (most recent call last):
  File "/home/user/DisasterAI/DisasterAI_Model.py", line 1315, in process_reward
    for cell in cells_to_relieve:
                ^^^^^^^^^^^^^^^^
NameError: name 'cells_to_relieve' is not defined
ERROR in Agent H_31 process_reward at tick 57: name 'cells_to_relieve' is not defined
Traceback (most recent call last):
  File "/home/user/DisasterAI/DisasterAI_Model.py", line 1315, in process_reward
    for cell in cells_to_relieve:
                ^^^^^^^^^^^^^^^^
NameError: name 'cells_to_relieve' is not defined
ERROR in Agent H_1 process_reward at tick 57: name 'cells_to_relieve' is not defined
Traceback (most recent call last):
  File "/home/user/DisasterAI/DisasterAI_Model.py", line 1315, in process_reward
    for cell in cells_to_relieve:
                ^^^^^^^^^^^^^^^^
NameError: name 'cells_to_relieve' is not defined
ERROR in Agent H_48 process_reward at tick 57: name 'cells_to_relieve' is not defined
Traceback (most recent call last):
  File "/home/user/DisasterAI/DisasterAI_Model.py", line 1315, in process_reward
    for cell in cells_to_relieve:
                ^^^^^^^^^^^^^^^^
NameError: name 'cells_to_relieve' is not defined
ERROR in Agent H_33 process_reward at tick 57: name 'cells_to_relieve' is not defined
Traceback (most recent call last):
  File "/home/user/DisasterAI/DisasterAI_Model.py", line 1315, in process_reward
    for cell in cells_to_relieve:
                ^^^^^^^^^^^^^^^^
NameError: name 'cells_to_relieve' is not defined
ERROR in Agent H_12 process_reward at tick 57: name 'cells_to_relieve' is not defined
Traceback (most recent call last):
  File "/home/user/DisasterAI/DisasterAI_Model.py", line 1315, in process_reward
    for cell in cells_to_relieve:
                ^^^^^^^^^^^^^^^^
NameError: name 'cells_to_relieve' is not defined
ERROR in Agent H_24 process_reward at tick 57: name 'cells_to_relieve' is not defined
Traceback (most recent call last):
  File "/home/user/DisasterAI/DisasterAI_Model.py", line 1315, in process_reward
    for cell in cells_to_relieve:
                ^^^^^^^^^^^^^^^^
NameError: name 'cells_to_relieve' is not defined
ERROR in Agent H_6 process_reward at tick 57: name 'cells_to_relieve' is not defined
Traceback (most recent call last):
  File "/home/user/DisasterAI/DisasterAI_Model.py", line 1315, in process_reward
    for cell in cells_to_relieve:
                ^^^^^^^^^^^^^^^^
NameError: name 'cells_to_relieve' is not defined
ERROR in Agent H_13 process_reward at tick 57: name 'cells_to_relieve' is not defined
Traceback (most recent call last):
  File "/home/user/DisasterAI/DisasterAI_Model.py", line 1315, in process_reward
    for cell in cells_to_relieve:
                ^^^^^^^^^^^^^^^^
NameError: name 'cells_to_relieve' is not defined
ERROR in Agent H_3 process_reward at tick 57: name 'cells_to_relieve' is not defined
Traceback (most recent call last):
  File "/home/user/DisasterAI/DisasterAI_Model.py", line 1315, in process_reward
    for cell in cells_to_relieve:
                ^^^^^^^^^^^^^^^^
NameError: name 'cells_to_relieve' is not defined
ERROR in Agent H_18 process_reward at tick 57: name 'cells_to_relieve' is not defined
Traceback (most recent call last):
  File "/home/user/DisasterAI/DisasterAI_Model.py", line 1315, in process_reward
    for cell in cells_to_relieve:
                ^^^^^^^^^^^^^^^^
NameError: name 'cells_to_relieve' is not defined
ERROR in Agent H_41 process_reward at tick 57: name 'cells_to_relieve' is not defined
Traceback (most recent call last):
  File "/home/user/DisasterAI/DisasterAI_Model.py", line 1315, in process_reward
    for cell in cells_to_relieve:
                ^^^^^^^^^^^^^^^^
NameError: name 'cells_to_relieve' is not defined
ERROR in Agent H_29 process_reward at tick 57: name 'cells_to_relieve' is not defined
Traceback (most recent call last):
  File "/home/user/DisasterAI/DisasterAI_Model.py", line 1315, in process_reward
    for cell in cells_to_relieve:
                ^^^^^^^^^^^^^^^^
NameError: name 'cells_to_relieve' is not defined
ERROR in Agent H_42 process_reward at tick 57: name 'cells_to_relieve' is not defined
Traceback (most recent call last):
  File "/home/user/DisasterAI/DisasterAI_Model.py", line 1315, in process_reward
    for cell in cells_to_relieve:
                ^^^^^^^^^^^^^^^^
NameError: name 'cells_to_relieve' is not defined
ERROR in Agent H_6 process_reward at tick 58: name 'cells_to_relieve' is not defined
Traceback (most recent call last):
  File "/home/user/DisasterAI/DisasterAI_Model.py", line 1315, in process_reward
    for cell in cells_to_relieve:
                ^^^^^^^^^^^^^^^^
NameError: name 'cells_to_relieve' is not defined
ERROR in Agent H_22 process_reward at tick 58: name 'cells_to_relieve' is not defined
Traceback (most recent call last):
  File "/home/user/DisasterAI/DisasterAI_Model.py", line 1315, in process_reward
    for cell in cells_to_relieve:
                ^^^^^^^^^^^^^^^^
NameError: name 'cells_to_relieve' is not defined
ERROR in Agent H_10 process_reward at tick 58: name 'cells_to_relieve' is not defined
Traceback (most recent call last):
  File "/home/user/DisasterAI/DisasterAI_Model.py", line 1315, in process_reward
    for cell in cells_to_relieve:
                ^^^^^^^^^^^^^^^^
NameError: name 'cells_to_relieve' is not defined
ERROR in Agent H_9 process_reward at tick 58: name 'cells_to_relieve' is not defined
Traceback (most recent call last):
  File "/home/user/DisasterAI/DisasterAI_Model.py", line 1315, in process_reward
    for cell in cells_to_relieve:
                ^^^^^^^^^^^^^^^^
NameError: name 'cells_to_relieve' is not defined
ERROR in Agent H_47 process_reward at tick 58: name 'cells_to_relieve' is not defined
Traceback (most recent call last):
  File "/home/user/DisasterAI/DisasterAI_Model.py", line 1315, in process_reward
    for cell in cells_to_relieve:
                ^^^^^^^^^^^^^^^^
NameError: name 'cells_to_relieve' is not defined
ERROR in Agent H_7 process_reward at tick 58: name 'cells_to_relieve' is not defined
Traceback (most recent call last):
  File "/home/user/DisasterAI/DisasterAI_Model.py", line 1315, in process_reward
    for cell in cells_to_relieve:
                ^^^^^^^^^^^^^^^^
NameError: name 'cells_to_relieve' is not defined
ERROR in Agent H_0 process_reward at tick 58: name 'cells_to_relieve' is not defined
Traceback (most recent call last):
  File "/home/user/DisasterAI/DisasterAI_Model.py", line 1315, in process_reward
    for cell in cells_to_relieve:
                ^^^^^^^^^^^^^^^^
NameError: name 'cells_to_relieve' is not defined
ERROR in Agent H_25 process_reward at tick 58: name 'cells_to_relieve' is not defined
Traceback (most recent call last):
  File "/home/user/DisasterAI/DisasterAI_Model.py", line 1315, in process_reward
    for cell in cells_to_relieve:
                ^^^^^^^^^^^^^^^^
NameError: name 'cells_to_relieve' is not defined
ERROR in Agent H_12 process_reward at tick 58: name 'cells_to_relieve' is not defined
Traceback (most recent call last):
  File "/home/user/DisasterAI/DisasterAI_Model.py", line 1315, in process_reward
    for cell in cells_to_relieve:
                ^^^^^^^^^^^^^^^^
NameError: name 'cells_to_relieve' is not defined
ERROR in Agent H_5 process_reward at tick 58: name 'cells_to_relieve' is not defined
Traceback (most recent call last):
  File "/home/user/DisasterAI/DisasterAI_Model.py", line 1315, in process_reward
    for cell in cells_to_relieve:
                ^^^^^^^^^^^^^^^^
NameError: name 'cells_to_relieve' is not defined
ERROR in Agent H_34 process_reward at tick 58: name 'cells_to_relieve' is not defined
Traceback (most recent call last):
  File "/home/user/DisasterAI/DisasterAI_Model.py", line 1315, in process_reward
    for cell in cells_to_relieve:
                ^^^^^^^^^^^^^^^^
NameError: name 'cells_to_relieve' is not defined
ERROR in Agent H_13 process_reward at tick 58: name 'cells_to_relieve' is not defined
Traceback (most recent call last):
  File "/home/user/DisasterAI/DisasterAI_Model.py", line 1315, in process_reward
    for cell in cells_to_relieve:
                ^^^^^^^^^^^^^^^^
NameError: name 'cells_to_relieve' is not defined
ERROR in Agent H_8 process_reward at tick 58: name 'cells_to_relieve' is not defined
Traceback (most recent call last):
  File "/home/user/DisasterAI/DisasterAI_Model.py", line 1315, in process_reward
    for cell in cells_to_relieve:
                ^^^^^^^^^^^^^^^^
NameError: name 'cells_to_relieve' is not defined
ERROR in Agent H_43 process_reward at tick 58: name 'cells_to_relieve' is not defined
Traceback (most recent call last):
  File "/home/user/DisasterAI/DisasterAI_Model.py", line 1315, in process_reward
    for cell in cells_to_relieve:
                ^^^^^^^^^^^^^^^^
NameError: name 'cells_to_relieve' is not defined
ERROR in Agent H_44 process_reward at tick 58: name 'cells_to_relieve' is not defined
Traceback (most recent call last):
  File "/home/user/DisasterAI/DisasterAI_Model.py", line 1315, in process_reward
    for cell in cells_to_relieve:
                ^^^^^^^^^^^^^^^^
NameError: name 'cells_to_relieve' is not defined
ERROR in Agent H_4 process_reward at tick 58: name 'cells_to_relieve' is not defined
Traceback (most recent call last):
  File "/home/user/DisasterAI/DisasterAI_Model.py", line 1315, in process_reward
    for cell in cells_to_relieve:
                ^^^^^^^^^^^^^^^^
NameError: name 'cells_to_relieve' is not defined
ERROR in Agent H_45 process_reward at tick 58: name 'cells_to_relieve' is not defined
Traceback (most recent call last):
  File "/home/user/DisasterAI/DisasterAI_Model.py", line 1315, in process_reward
    for cell in cells_to_relieve:
                ^^^^^^^^^^^^^^^^
NameError: name 'cells_to_relieve' is not defined
ERROR in Agent H_42 process_reward at tick 58: name 'cells_to_relieve' is not defined
Traceback (most recent call last):
  File "/home/user/DisasterAI/DisasterAI_Model.py", line 1315, in process_reward
    for cell in cells_to_relieve:
                ^^^^^^^^^^^^^^^^
NameError: name 'cells_to_relieve' is not defined
ERROR in Agent H_19 process_reward at tick 58: name 'cells_to_relieve' is not defined
Traceback (most recent call last):
  File "/home/user/DisasterAI/DisasterAI_Model.py", line 1315, in process_reward
    for cell in cells_to_relieve:
                ^^^^^^^^^^^^^^^^
NameError: name 'cells_to_relieve' is not defined
ERROR in Agent H_24 process_reward at tick 58: name 'cells_to_relieve' is not defined
Traceback (most recent call last):
  File "/home/user/DisasterAI/DisasterAI_Model.py", line 1315, in process_reward
    for cell in cells_to_relieve:
                ^^^^^^^^^^^^^^^^
NameError: name 'cells_to_relieve' is not defined
ERROR in Agent H_3 process_reward at tick 58: name 'cells_to_relieve' is not defined
Traceback (most recent call last):
  File "/home/user/DisasterAI/DisasterAI_Model.py", line 1315, in process_reward
    for cell in cells_to_relieve:
                ^^^^^^^^^^^^^^^^
NameError: name 'cells_to_relieve' is not defined
ERROR in Agent H_2 process_reward at tick 58: name 'cells_to_relieve' is not defined
Traceback (most recent call last):
  File "/home/user/DisasterAI/DisasterAI_Model.py", line 1315, in process_reward
    for cell in cells_to_relieve:
                ^^^^^^^^^^^^^^^^
NameError: name 'cells_to_relieve' is not defined
ERROR in Agent H_27 process_reward at tick 58: name 'cells_to_relieve' is not defined
Traceback (most recent call last):
  File "/home/user/DisasterAI/DisasterAI_Model.py", line 1315, in process_reward
    for cell in cells_to_relieve:
                ^^^^^^^^^^^^^^^^
NameError: name 'cells_to_relieve' is not defined
ERROR in Agent H_17 process_reward at tick 58: name 'cells_to_relieve' is not defined
Traceback (most recent call last):
  File "/home/user/DisasterAI/DisasterAI_Model.py", line 1315, in process_reward
    for cell in cells_to_relieve:
                ^^^^^^^^^^^^^^^^
NameError: name 'cells_to_relieve' is not defined
ERROR in Agent H_21 process_reward at tick 58: name 'cells_to_relieve' is not defined
Traceback (most recent call last):
  File "/home/user/DisasterAI/DisasterAI_Model.py", line 1315, in process_reward
    for cell in cells_to_relieve:
                ^^^^^^^^^^^^^^^^
NameError: name 'cells_to_relieve' is not defined
ERROR in Agent H_16 process_reward at tick 58: name 'cells_to_relieve' is not defined
Traceback (most recent call last):
  File "/home/user/DisasterAI/DisasterAI_Model.py", line 1315, in process_reward
    for cell in cells_to_relieve:
                ^^^^^^^^^^^^^^^^
NameError: name 'cells_to_relieve' is not defined
ERROR in Agent H_34 process_reward at tick 59: name 'cells_to_relieve' is not defined
Traceback (most recent call last):
  File "/home/user/DisasterAI/DisasterAI_Model.py", line 1315, in process_reward
    for cell in cells_to_relieve:
                ^^^^^^^^^^^^^^^^
NameError: name 'cells_to_relieve' is not defined
ERROR in Agent H_48 process_reward at tick 59: name 'cells_to_relieve' is not defined
Traceback (most recent call last):
  File "/home/user/DisasterAI/DisasterAI_Model.py", line 1315, in process_reward
    for cell in cells_to_relieve:
                ^^^^^^^^^^^^^^^^
NameError: name 'cells_to_relieve' is not defined
ERROR in Agent H_20 process_reward at tick 59: name 'cells_to_relieve' is not defined
Traceback (most recent call last):
  File "/home/user/DisasterAI/DisasterAI_Model.py", line 1315, in process_reward
    for cell in cells_to_relieve:
                ^^^^^^^^^^^^^^^^
NameError: name 'cells_to_relieve' is not defined
ERROR in Agent H_12 process_reward at tick 59: name 'cells_to_relieve' is not defined
Traceback (most recent call last):
  File "/home/user/DisasterAI/DisasterAI_Model.py", line 1315, in process_reward
    for cell in cells_to_relieve:
                ^^^^^^^^^^^^^^^^
NameError: name 'cells_to_relieve' is not defined
ERROR in Agent H_28 process_reward at tick 59: name 'cells_to_relieve' is not defined
Traceback (most recent call last):
  File "/home/user/DisasterAI/DisasterAI_Model.py", line 1315, in process_reward
    for cell in cells_to_relieve:
                ^^^^^^^^^^^^^^^^
NameError: name 'cells_to_relieve' is not defined
ERROR in Agent H_10 process_reward at tick 59: name 'cells_to_relieve' is not defined
Traceback (most recent call last):
  File "/home/user/DisasterAI/DisasterAI_Model.py", line 1315, in process_reward
    for cell in cells_to_relieve:
                ^^^^^^^^^^^^^^^^
NameError: name 'cells_to_relieve' is not defined
ERROR in Agent H_24 process_reward at tick 59: name 'cells_to_relieve' is not defined
Traceback (most recent call last):
  File "/home/user/DisasterAI/DisasterAI_Model.py", line 1315, in process_reward
    for cell in cells_to_relieve:
                ^^^^^^^^^^^^^^^^
NameError: name 'cells_to_relieve' is not defined
ERROR in Agent H_31 process_reward at tick 59: name 'cells_to_relieve' is not defined
Traceback (most recent call last):
  File "/home/user/DisasterAI/DisasterAI_Model.py", line 1315, in process_reward
    for cell in cells_to_relieve:
                ^^^^^^^^^^^^^^^^
NameError: name 'cells_to_relieve' is not defined
ERROR in Agent H_41 process_reward at tick 59: name 'cells_to_relieve' is not defined
Traceback (most recent call last):
  File "/home/user/DisasterAI/DisasterAI_Model.py", line 1315, in process_reward
    for cell in cells_to_relieve:
                ^^^^^^^^^^^^^^^^
NameError: name 'cells_to_relieve' is not defined
ERROR in Agent H_2 process_reward at tick 59: name 'cells_to_relieve' is not defined
Traceback (most recent call last):
  File "/home/user/DisasterAI/DisasterAI_Model.py", line 1315, in process_reward
    for cell in cells_to_relieve:
                ^^^^^^^^^^^^^^^^
NameError: name 'cells_to_relieve' is not defined
ERROR in Agent H_49 process_reward at tick 59: name 'cells_to_relieve' is not defined
Traceback (most recent call last):
  File "/home/user/DisasterAI/DisasterAI_Model.py", line 1315, in process_reward
    for cell in cells_to_relieve:
                ^^^^^^^^^^^^^^^^
NameError: name 'cells_to_relieve' is not defined
ERROR in Agent H_4 process_reward at tick 59: name 'cells_to_relieve' is not defined
Traceback (most recent call last):
  File "/home/user/DisasterAI/DisasterAI_Model.py", line 1315, in process_reward
    for cell in cells_to_relieve:
                ^^^^^^^^^^^^^^^^
NameError: name 'cells_to_relieve' is not defined
ERROR in Agent H_6 process_reward at tick 59: name 'cells_to_relieve' is not defined
Traceback (most recent call last):
  File "/home/user/DisasterAI/DisasterAI_Model.py", line 1315, in process_reward
    for cell in cells_to_relieve:
                ^^^^^^^^^^^^^^^^
NameError: name 'cells_to_relieve' is not defined
ERROR in Agent H_17 process_reward at tick 59: name 'cells_to_relieve' is not defined
Traceback (most recent call last):
  File "/home/user/DisasterAI/DisasterAI_Model.py", line 1315, in process_reward
    for cell in cells_to_relieve:
                ^^^^^^^^^^^^^^^^
NameError: name 'cells_to_relieve' is not defined
ERROR in Agent H_26 process_reward at tick 59: name 'cells_to_relieve' is not defined
Traceback (most recent call last):
  File "/home/user/DisasterAI/DisasterAI_Model.py", line 1315, in process_reward
    for cell in cells_to_relieve:
                ^^^^^^^^^^^^^^^^
NameError: name 'cells_to_relieve' is not defined
ERROR in Agent H_16 process_reward at tick 59: name 'cells_to_relieve' is not defined
Traceback (most recent call last):
  File "/home/user/DisasterAI/DisasterAI_Model.py", line 1315, in process_reward
    for cell in cells_to_relieve:
                ^^^^^^^^^^^^^^^^
NameError: name 'cells_to_relieve' is not defined
ERROR in Agent H_44 process_reward at tick 59: name 'cells_to_relieve' is not defined
Traceback (most recent call last):
  File "/home/user/DisasterAI/DisasterAI_Model.py", line 1315, in process_reward
    for cell in cells_to_relieve:
                ^^^^^^^^^^^^^^^^
NameError: name 'cells_to_relieve' is not defined
ERROR in Agent H_0 process_reward at tick 59: name 'cells_to_relieve' is not defined
Traceback (most recent call last):
  File "/home/user/DisasterAI/DisasterAI_Model.py", line 1315, in process_reward
    for cell in cells_to_relieve:
                ^^^^^^^^^^^^^^^^
NameError: name 'cells_to_relieve' is not defined
ERROR in Agent H_13 process_reward at tick 59: name 'cells_to_relieve' is not defined
Traceback (most recent call last):
  File "/home/user/DisasterAI/DisasterAI_Model.py", line 1315, in process_reward
    for cell in cells_to_relieve:
                ^^^^^^^^^^^^^^^^
NameError: name 'cells_to_relieve' is not defined
ERROR in Agent H_46 process_reward at tick 59: name 'cells_to_relieve' is not defined
Traceback (most recent call last):
  File "/home/user/DisasterAI/DisasterAI_Model.py", line 1315, in process_reward
    for cell in cells_to_relieve:
                ^^^^^^^^^^^^^^^^
NameError: name 'cells_to_relieve' is not defined
ERROR in Agent H_8 process_reward at tick 59: name 'cells_to_relieve' is not defined
Traceback (most recent call last):
  File "/home/user/DisasterAI/DisasterAI_Model.py", line 1315, in process_reward
    for cell in cells_to_relieve:
                ^^^^^^^^^^^^^^^^
NameError: name 'cells_to_relieve' is not defined
ERROR in Agent H_32 process_reward at tick 59: name 'cells_to_relieve' is not defined
Traceback (most recent call last):
  File "/home/user/DisasterAI/DisasterAI_Model.py", line 1315, in process_reward
    for cell in cells_to_relieve:
                ^^^^^^^^^^^^^^^^
NameError: name 'cells_to_relieve' is not defined
ERROR in Agent H_39 process_reward at tick 59: name 'cells_to_relieve' is not defined
Traceback (most recent call last):
  File "/home/user/DisasterAI/DisasterAI_Model.py", line 1315, in process_reward
    for cell in cells_to_relieve:
                ^^^^^^^^^^^^^^^^
NameError: name 'cells_to_relieve' is not defined
ERROR in Agent H_38 process_reward at tick 59: name 'cells_to_relieve' is not defined
Traceback (most recent call last):
  File "/home/user/DisasterAI/DisasterAI_Model.py", line 1315, in process_reward
    for cell in cells_to_relieve:
                ^^^^^^^^^^^^^^^^
NameError: name 'cells_to_relieve' is not defined
ERROR in Agent H_18 process_reward at tick 59: name 'cells_to_relieve' is not defined
Traceback (most recent call last):
  File "/home/user/DisasterAI/DisasterAI_Model.py", line 1315, in process_reward
    for cell in cells_to_relieve:
                ^^^^^^^^^^^^^^^^
NameError: name 'cells_to_relieve' is not defined
ERROR in Agent H_21 process_reward at tick 59: name 'cells_to_relieve' is not defined
Traceback (most recent call last):
  File "/home/user/DisasterAI/DisasterAI_Model.py", line 1315, in process_reward
    for cell in cells_to_relieve:
                ^^^^^^^^^^^^^^^^
NameError: name 'cells_to_relieve' is not defined
ERROR in Agent H_5 process_reward at tick 59: name 'cells_to_relieve' is not defined
Traceback (most recent call last):
  File "/home/user/DisasterAI/DisasterAI_Model.py", line 1315, in process_reward
    for cell in cells_to_relieve:
                ^^^^^^^^^^^^^^^^
NameError: name 'cells_to_relieve' is not defined
ERROR in Agent H_23 process_reward at tick 59: name 'cells_to_relieve' is not defined
Traceback (most recent call last):
  File "/home/user/DisasterAI/DisasterAI_Model.py", line 1315, in process_reward
    for cell in cells_to_relieve:
                ^^^^^^^^^^^^^^^^
NameError: name 'cells_to_relieve' is not defined
ERROR in Agent H_11 process_reward at tick 59: name 'cells_to_relieve' is not defined
Traceback (most recent call last):
  File "/home/user/DisasterAI/DisasterAI_Model.py", line 1315, in process_reward
    for cell in cells_to_relieve:
                ^^^^^^^^^^^^^^^^
NameError: name 'cells_to_relieve' is not defined
ERROR in Agent H_43 process_reward at tick 59: name 'cells_to_relieve' is not defined
Traceback (most recent call last):
  File "/home/user/DisasterAI/DisasterAI_Model.py", line 1315, in process_reward
    for cell in cells_to_relieve:
                ^^^^^^^^^^^^^^^^
NameError: name 'cells_to_relieve' is not defined
ERROR in Agent H_30 process_reward at tick 59: name 'cells_to_relieve' is not defined
Traceback (most recent call last):
  File "/home/user/DisasterAI/DisasterAI_Model.py", line 1315, in process_reward
    for cell in cells_to_relieve:
                ^^^^^^^^^^^^^^^^
NameError: name 'cells_to_relieve' is not defined
ERROR in Agent H_0 process_reward at tick 60: name 'cells_to_relieve' is not defined
Traceback (most recent call last):
  File "/home/user/DisasterAI/DisasterAI_Model.py", line 1315, in process_reward
    for cell in cells_to_relieve:
                ^^^^^^^^^^^^^^^^
NameError: name 'cells_to_relieve' is not defined
ERROR in Agent H_40 process_reward at tick 60: name 'cells_to_relieve' is not defined
Traceback (most recent call last):
  File "/home/user/DisasterAI/DisasterAI_Model.py", line 1315, in process_reward
    for cell in cells_to_relieve:
                ^^^^^^^^^^^^^^^^
NameError: name 'cells_to_relieve' is not defined
ERROR in Agent H_1 process_reward at tick 60: name 'cells_to_relieve' is not defined
Traceback (most recent call last):
  File "/home/user/DisasterAI/DisasterAI_Model.py", line 1315, in process_reward
    for cell in cells_to_relieve:
                ^^^^^^^^^^^^^^^^
NameError: name 'cells_to_relieve' is not defined
ERROR in Agent H_11 process_reward at tick 60: name 'cells_to_relieve' is not defined
Traceback (most recent call last):
  File "/home/user/DisasterAI/DisasterAI_Model.py", line 1315, in process_reward
    for cell in cells_to_relieve:
                ^^^^^^^^^^^^^^^^
NameError: name 'cells_to_relieve' is not defined
ERROR in Agent H_41 process_reward at tick 60: name 'cells_to_relieve' is not defined
Traceback (most recent call last):
  File "/home/user/DisasterAI/DisasterAI_Model.py", line 1315, in process_reward
    for cell in cells_to_relieve:
                ^^^^^^^^^^^^^^^^
NameError: name 'cells_to_relieve' is not defined
ERROR in Agent H_21 process_reward at tick 60: name 'cells_to_relieve' is not defined
Traceback (most recent call last):
  File "/home/user/DisasterAI/DisasterAI_Model.py", line 1315, in process_reward
    for cell in cells_to_relieve:
                ^^^^^^^^^^^^^^^^
NameError: name 'cells_to_relieve' is not defined
ERROR in Agent H_47 process_reward at tick 60: name 'cells_to_relieve' is not defined
Traceback (most recent call last):
  File "/home/user/DisasterAI/DisasterAI_Model.py", line 1315, in process_reward
    for cell in cells_to_relieve:
                ^^^^^^^^^^^^^^^^
NameError: name 'cells_to_relieve' is not defined
ERROR in Agent H_43 process_reward at tick 60: name 'cells_to_relieve' is not defined
Traceback (most recent call last):
  File "/home/user/DisasterAI/DisasterAI_Model.py", line 1315, in process_reward
    for cell in cells_to_relieve:
                ^^^^^^^^^^^^^^^^
NameError: name 'cells_to_relieve' is not defined
ERROR in Agent H_6 process_reward at tick 60: name 'cells_to_relieve' is not defined
Traceback (most recent call last):
  File "/home/user/DisasterAI/DisasterAI_Model.py", line 1315, in process_reward
    for cell in cells_to_relieve:
                ^^^^^^^^^^^^^^^^
NameError: name 'cells_to_relieve' is not defined
ERROR in Agent H_15 process_reward at tick 60: name 'cells_to_relieve' is not defined
Traceback (most recent call last):
  File "/home/user/DisasterAI/DisasterAI_Model.py", line 1315, in process_reward
    for cell in cells_to_relieve:
                ^^^^^^^^^^^^^^^^
NameError: name 'cells_to_relieve' is not defined
ERROR in Agent H_8 process_reward at tick 60: name 'cells_to_relieve' is not defined
Traceback (most recent call last):
  File "/home/user/DisasterAI/DisasterAI_Model.py", line 1315, in process_reward
    for cell in cells_to_relieve:
                ^^^^^^^^^^^^^^^^
NameError: name 'cells_to_relieve' is not defined
ERROR in Agent H_2 process_reward at tick 60: name 'cells_to_relieve' is not defined
Traceback (most recent call last):
  File "/home/user/DisasterAI/DisasterAI_Model.py", line 1315, in process_reward
    for cell in cells_to_relieve:
                ^^^^^^^^^^^^^^^^
NameError: name 'cells_to_relieve' is not defined
ERROR in Agent H_29 process_reward at tick 60: name 'cells_to_relieve' is not defined
Traceback (most recent call last):
  File "/home/user/DisasterAI/DisasterAI_Model.py", line 1315, in process_reward
    for cell in cells_to_relieve:
                ^^^^^^^^^^^^^^^^
NameError: name 'cells_to_relieve' is not defined
ERROR in Agent H_24 process_reward at tick 60: name 'cells_to_relieve' is not defined
Traceback (most recent call last):
  File "/home/user/DisasterAI/DisasterAI_Model.py", line 1315, in process_reward
    for cell in cells_to_relieve:
                ^^^^^^^^^^^^^^^^
NameError: name 'cells_to_relieve' is not defined
ERROR in Agent H_20 process_reward at tick 60: name 'cells_to_relieve' is not defined
Traceback (most recent call last):
  File "/home/user/DisasterAI/DisasterAI_Model.py", line 1315, in process_reward
    for cell in cells_to_relieve:
                ^^^^^^^^^^^^^^^^
NameError: name 'cells_to_relieve' is not defined
ERROR in Agent H_18 process_reward at tick 60: name 'cells_to_relieve' is not defined
Traceback (most recent call last):
  File "/home/user/DisasterAI/DisasterAI_Model.py", line 1315, in process_reward
    for cell in cells_to_relieve:
                ^^^^^^^^^^^^^^^^
NameError: name 'cells_to_relieve' is not defined
ERROR in Agent H_26 process_reward at tick 60: name 'cells_to_relieve' is not defined
Traceback (most recent call last):
  File "/home/user/DisasterAI/DisasterAI_Model.py", line 1315, in process_reward
    for cell in cells_to_relieve:
                ^^^^^^^^^^^^^^^^
NameError: name 'cells_to_relieve' is not defined
ERROR in Agent H_35 process_reward at tick 60: name 'cells_to_relieve' is not defined
Traceback (most recent call last):
  File "/home/user/DisasterAI/DisasterAI_Model.py", line 1315, in process_reward
    for cell in cells_to_relieve:
                ^^^^^^^^^^^^^^^^
NameError: name 'cells_to_relieve' is not defined
ERROR in Agent H_9 process_reward at tick 60: name 'cells_to_relieve' is not defined
Traceback (most recent call last):
  File "/home/user/DisasterAI/DisasterAI_Model.py", line 1315, in process_reward
    for cell in cells_to_relieve:
                ^^^^^^^^^^^^^^^^
NameError: name 'cells_to_relieve' is not defined
ERROR in Agent H_36 process_reward at tick 60: name 'cells_to_relieve' is not defined
Traceback (most recent call last):
  File "/home/user/DisasterAI/DisasterAI_Model.py", line 1315, in process_reward
    for cell in cells_to_relieve:
                ^^^^^^^^^^^^^^^^
NameError: name 'cells_to_relieve' is not defined
ERROR in Agent H_39 process_reward at tick 60: name 'cells_to_relieve' is not defined
Traceback (most recent call last):
  File "/home/user/DisasterAI/DisasterAI_Model.py", line 1315, in process_reward
    for cell in cells_to_relieve:
                ^^^^^^^^^^^^^^^^
NameError: name 'cells_to_relieve' is not defined
ERROR in Agent H_3 process_reward at tick 60: name 'cells_to_relieve' is not defined
Traceback (most recent call last):
  File "/home/user/DisasterAI/DisasterAI_Model.py", line 1315, in process_reward
    for cell in cells_to_relieve:
                ^^^^^^^^^^^^^^^^
NameError: name 'cells_to_relieve' is not defined
ERROR in Agent H_46 process_reward at tick 60: name 'cells_to_relieve' is not defined
Traceback (most recent call last):
  File "/home/user/DisasterAI/DisasterAI_Model.py", line 1315, in process_reward
    for cell in cells_to_relieve:
                ^^^^^^^^^^^^^^^^
NameError: name 'cells_to_relieve' is not defined
ERROR in Agent H_32 process_reward at tick 60: name 'cells_to_relieve' is not defined
Traceback (most recent call last):
  File "/home/user/DisasterAI/DisasterAI_Model.py", line 1315, in process_reward
    for cell in cells_to_relieve:
                ^^^^^^^^^^^^^^^^
NameError: name 'cells_to_relieve' is not defined
ERROR in Agent H_45 process_reward at tick 60: name 'cells_to_relieve' is not defined
Traceback (most recent call last):
  File "/home/user/DisasterAI/DisasterAI_Model.py", line 1315, in process_reward
    for cell in cells_to_relieve:
                ^^^^^^^^^^^^^^^^
NameError: name 'cells_to_relieve' is not defined
ERROR in Agent H_25 process_reward at tick 60: name 'cells_to_relieve' is not defined
Traceback (most recent call last):
  File "/home/user/DisasterAI/DisasterAI_Model.py", line 1315, in process_reward
    for cell in cells_to_relieve:
                ^^^^^^^^^^^^^^^^
NameError: name 'cells_to_relieve' is not defined
ERROR in Agent H_10 process_reward at tick 60: name 'cells_to_relieve' is not defined
Traceback (most recent call last):
  File "/home/user/DisasterAI/DisasterAI_Model.py", line 1315, in process_reward
    for cell in cells_to_relieve:
                ^^^^^^^^^^^^^^^^
NameError: name 'cells_to_relieve' is not defined
ERROR in Agent H_38 process_reward at tick 60: name 'cells_to_relieve' is not defined
Traceback (most recent call last):
  File "/home/user/DisasterAI/DisasterAI_Model.py", line 1315, in process_reward
    for cell in cells_to_relieve:
                ^^^^^^^^^^^^^^^^
NameError: name 'cells_to_relieve' is not defined
ERROR in Agent H_4 process_reward at tick 60: name 'cells_to_relieve' is not defined
Traceback (most recent call last):
  File "/home/user/DisasterAI/DisasterAI_Model.py", line 1315, in process_reward
    for cell in cells_to_relieve:
                ^^^^^^^^^^^^^^^^
NameError: name 'cells_to_relieve' is not defined
ERROR in Agent H_44 process_reward at tick 60: name 'cells_to_relieve' is not defined
Traceback (most recent call last):
  File "/home/user/DisasterAI/DisasterAI_Model.py", line 1315, in process_reward
    for cell in cells_to_relieve:
                ^^^^^^^^^^^^^^^^
NameError: name 'cells_to_relieve' is not defined
ERROR in Agent H_12 process_reward at tick 60: name 'cells_to_relieve' is not defined
Traceback (most recent call last):
  File "/home/user/DisasterAI/DisasterAI_Model.py", line 1315, in process_reward
    for cell in cells_to_relieve:
                ^^^^^^^^^^^^^^^^
NameError: name 'cells_to_relieve' is not defined
ERROR in Agent H_28 process_reward at tick 60: name 'cells_to_relieve' is not defined
Traceback (most recent call last):
  File "/home/user/DisasterAI/DisasterAI_Model.py", line 1315, in process_reward
    for cell in cells_to_relieve:
                ^^^^^^^^^^^^^^^^
NameError: name 'cells_to_relieve' is not defined
ERROR in Agent H_49 process_reward at tick 60: name 'cells_to_relieve' is not defined
Traceback (most recent call last):
  File "/home/user/DisasterAI/DisasterAI_Model.py", line 1315, in process_reward
    for cell in cells_to_relieve:
                ^^^^^^^^^^^^^^^^
NameError: name 'cells_to_relieve' is not defined
ERROR in Agent H_5 process_reward at tick 60: name 'cells_to_relieve' is not defined
Traceback (most recent call last):
  File "/home/user/DisasterAI/DisasterAI_Model.py", line 1315, in process_reward
    for cell in cells_to_relieve:
                ^^^^^^^^^^^^^^^^
NameError: name 'cells_to_relieve' is not defined
ERROR in Agent H_34 process_reward at tick 60: name 'cells_to_relieve' is not defined
Traceback (most recent call last):
  File "/home/user/DisasterAI/DisasterAI_Model.py", line 1315, in process_reward
    for cell in cells_to_relieve:
                ^^^^^^^^^^^^^^^^
NameError: name 'cells_to_relieve' is not defined

DEBUG: Starting AECI variance calculation at tick 60
  Found 0/50 AI-reliant agents
  Global belief variance: 0.0581
  WARNING: Invalid global variance (0.05811669750000001) or no AI-reliant agents
  Returning AECI variance tuple: (60, 0.0)
  Current aeci_variance_data length: 60
  Last 3 entries: [(58, 0.0), (59, 0.0), (60, 0.0)]

--- Retainment Diagnostics at Tick 60 ---
Agent H_0 (exploitative) retainment stats:
  accepted_human: 1, accepted_friend: 1, accepted_ai: 0
  retain_aeci: 0.00, retain_seci: 1.00
Agent H_1 (exploitative) retainment stats:
  accepted_human: 0, accepted_friend: 0, accepted_ai: 0
  No acceptances recorded
Agent H_2 (exploitative) retainment stats:
  accepted_human: 18, accepted_friend: 18, accepted_ai: 0
  retain_aeci: 0.00, retain_seci: 1.00
ERROR in Agent H_47 process_reward at tick 61: name 'cells_to_relieve' is not defined
Traceback (most recent call last):
  File "/home/user/DisasterAI/DisasterAI_Model.py", line 1315, in process_reward
    for cell in cells_to_relieve:
                ^^^^^^^^^^^^^^^^
NameError: name 'cells_to_relieve' is not defined
ERROR in Agent H_26 process_reward at tick 61: name 'cells_to_relieve' is not defined
Traceback (most recent call last):
  File "/home/user/DisasterAI/DisasterAI_Model.py", line 1315, in process_reward
    for cell in cells_to_relieve:
                ^^^^^^^^^^^^^^^^
NameError: name 'cells_to_relieve' is not defined
ERROR in Agent H_4 process_reward at tick 61: name 'cells_to_relieve' is not defined
Traceback (most recent call last):
  File "/home/user/DisasterAI/DisasterAI_Model.py", line 1315, in process_reward
    for cell in cells_to_relieve:
                ^^^^^^^^^^^^^^^^
NameError: name 'cells_to_relieve' is not defined
ERROR in Agent H_13 process_reward at tick 61: name 'cells_to_relieve' is not defined
Traceback (most recent call last):
  File "/home/user/DisasterAI/DisasterAI_Model.py", line 1315, in process_reward
    for cell in cells_to_relieve:
                ^^^^^^^^^^^^^^^^
NameError: name 'cells_to_relieve' is not defined
ERROR in Agent H_21 process_reward at tick 61: name 'cells_to_relieve' is not defined
Traceback (most recent call last):
  File "/home/user/DisasterAI/DisasterAI_Model.py", line 1315, in process_reward
    for cell in cells_to_relieve:
                ^^^^^^^^^^^^^^^^
NameError: name 'cells_to_relieve' is not defined
ERROR in Agent H_3 process_reward at tick 61: name 'cells_to_relieve' is not defined
Traceback (most recent call last):
  File "/home/user/DisasterAI/DisasterAI_Model.py", line 1315, in process_reward
    for cell in cells_to_relieve:
                ^^^^^^^^^^^^^^^^
NameError: name 'cells_to_relieve' is not defined
ERROR in Agent H_34 process_reward at tick 61: name 'cells_to_relieve' is not defined
Traceback (most recent call last):
  File "/home/user/DisasterAI/DisasterAI_Model.py", line 1315, in process_reward
    for cell in cells_to_relieve:
                ^^^^^^^^^^^^^^^^
NameError: name 'cells_to_relieve' is not defined
ERROR in Agent H_9 process_reward at tick 61: name 'cells_to_relieve' is not defined
Traceback (most recent call last):
  File "/home/user/DisasterAI/DisasterAI_Model.py", line 1315, in process_reward
    for cell in cells_to_relieve:
                ^^^^^^^^^^^^^^^^
NameError: name 'cells_to_relieve' is not defined
ERROR in Agent H_42 process_reward at tick 61: name 'cells_to_relieve' is not defined
Traceback (most recent call last):
  File "/home/user/DisasterAI/DisasterAI_Model.py", line 1315, in process_reward
    for cell in cells_to_relieve:
                ^^^^^^^^^^^^^^^^
NameError: name 'cells_to_relieve' is not defined
ERROR in Agent H_46 process_reward at tick 61: name 'cells_to_relieve' is not defined
Traceback (most recent call last):
  File "/home/user/DisasterAI/DisasterAI_Model.py", line 1315, in process_reward
    for cell in cells_to_relieve:
                ^^^^^^^^^^^^^^^^
NameError: name 'cells_to_relieve' is not defined
ERROR in Agent H_11 process_reward at tick 61: name 'cells_to_relieve' is not defined
Traceback (most recent call last):
  File "/home/user/DisasterAI/DisasterAI_Model.py", line 1315, in process_reward
    for cell in cells_to_relieve:
                ^^^^^^^^^^^^^^^^
NameError: name 'cells_to_relieve' is not defined
ERROR in Agent H_38 process_reward at tick 61: name 'cells_to_relieve' is not defined
Traceback (most recent call last):
  File "/home/user/DisasterAI/DisasterAI_Model.py", line 1315, in process_reward
    for cell in cells_to_relieve:
                ^^^^^^^^^^^^^^^^
NameError: name 'cells_to_relieve' is not defined
ERROR in Agent H_33 process_reward at tick 61: name 'cells_to_relieve' is not defined
Traceback (most recent call last):
  File "/home/user/DisasterAI/DisasterAI_Model.py", line 1315, in process_reward
    for cell in cells_to_relieve:
                ^^^^^^^^^^^^^^^^
NameError: name 'cells_to_relieve' is not defined
ERROR in Agent H_25 process_reward at tick 61: name 'cells_to_relieve' is not defined
Traceback (most recent call last):
  File "/home/user/DisasterAI/DisasterAI_Model.py", line 1315, in process_reward
    for cell in cells_to_relieve:
                ^^^^^^^^^^^^^^^^
NameError: name 'cells_to_relieve' is not defined
ERROR in Agent H_14 process_reward at tick 61: name 'cells_to_relieve' is not defined
Traceback (most recent call last):
  File "/home/user/DisasterAI/DisasterAI_Model.py", line 1315, in process_reward
    for cell in cells_to_relieve:
                ^^^^^^^^^^^^^^^^
NameError: name 'cells_to_relieve' is not defined
ERROR in Agent H_39 process_reward at tick 61: name 'cells_to_relieve' is not defined
Traceback (most recent call last):
  File "/home/user/DisasterAI/DisasterAI_Model.py", line 1315, in process_reward
    for cell in cells_to_relieve:
                ^^^^^^^^^^^^^^^^
NameError: name 'cells_to_relieve' is not defined
ERROR in Agent H_2 process_reward at tick 61: name 'cells_to_relieve' is not defined
Traceback (most recent call last):
  File "/home/user/DisasterAI/DisasterAI_Model.py", line 1315, in process_reward
    for cell in cells_to_relieve:
                ^^^^^^^^^^^^^^^^
NameError: name 'cells_to_relieve' is not defined
ERROR in Agent H_45 process_reward at tick 61: name 'cells_to_relieve' is not defined
Traceback (most recent call last):
  File "/home/user/DisasterAI/DisasterAI_Model.py", line 1315, in process_reward
    for cell in cells_to_relieve:
                ^^^^^^^^^^^^^^^^
NameError: name 'cells_to_relieve' is not defined
ERROR in Agent H_29 process_reward at tick 61: name 'cells_to_relieve' is not defined
Traceback (most recent call last):
  File "/home/user/DisasterAI/DisasterAI_Model.py", line 1315, in process_reward
    for cell in cells_to_relieve:
                ^^^^^^^^^^^^^^^^
NameError: name 'cells_to_relieve' is not defined
ERROR in Agent H_23 process_reward at tick 61: name 'cells_to_relieve' is not defined
Traceback (most recent call last):
  File "/home/user/DisasterAI/DisasterAI_Model.py", line 1315, in process_reward
    for cell in cells_to_relieve:
                ^^^^^^^^^^^^^^^^
NameError: name 'cells_to_relieve' is not defined
ERROR in Agent H_28 process_reward at tick 61: name 'cells_to_relieve' is not defined
Traceback (most recent call last):
  File "/home/user/DisasterAI/DisasterAI_Model.py", line 1315, in process_reward
    for cell in cells_to_relieve:
                ^^^^^^^^^^^^^^^^
NameError: name 'cells_to_relieve' is not defined
ERROR in Agent H_36 process_reward at tick 61: name 'cells_to_relieve' is not defined
Traceback (most recent call last):
  File "/home/user/DisasterAI/DisasterAI_Model.py", line 1315, in process_reward
    for cell in cells_to_relieve:
                ^^^^^^^^^^^^^^^^
NameError: name 'cells_to_relieve' is not defined
ERROR in Agent H_8 process_reward at tick 61: name 'cells_to_relieve' is not defined
Traceback (most recent call last):
  File "/home/user/DisasterAI/DisasterAI_Model.py", line 1315, in process_reward
    for cell in cells_to_relieve:
                ^^^^^^^^^^^^^^^^
NameError: name 'cells_to_relieve' is not defined
ERROR in Agent H_35 process_reward at tick 61: name 'cells_to_relieve' is not defined
Traceback (most recent call last):
  File "/home/user/DisasterAI/DisasterAI_Model.py", line 1315, in process_reward
    for cell in cells_to_relieve:
                ^^^^^^^^^^^^^^^^
NameError: name 'cells_to_relieve' is not defined
ERROR in Agent H_43 process_reward at tick 61: name 'cells_to_relieve' is not defined
Traceback (most recent call last):
  File "/home/user/DisasterAI/DisasterAI_Model.py", line 1315, in process_reward
    for cell in cells_to_relieve:
                ^^^^^^^^^^^^^^^^
NameError: name 'cells_to_relieve' is not defined
ERROR in Agent H_18 process_reward at tick 61: name 'cells_to_relieve' is not defined
Traceback (most recent call last):
  File "/home/user/DisasterAI/DisasterAI_Model.py", line 1315, in process_reward
    for cell in cells_to_relieve:
                ^^^^^^^^^^^^^^^^
NameError: name 'cells_to_relieve' is not defined
ERROR in Agent H_12 process_reward at tick 61: name 'cells_to_relieve' is not defined
Traceback (most recent call last):
  File "/home/user/DisasterAI/DisasterAI_Model.py", line 1315, in process_reward
    for cell in cells_to_relieve:
                ^^^^^^^^^^^^^^^^
NameError: name 'cells_to_relieve' is not defined
ERROR in Agent H_32 process_reward at tick 61: name 'cells_to_relieve' is not defined
Traceback (most recent call last):
  File "/home/user/DisasterAI/DisasterAI_Model.py", line 1315, in process_reward
    for cell in cells_to_relieve:
                ^^^^^^^^^^^^^^^^
NameError: name 'cells_to_relieve' is not defined
ERROR in Agent H_6 process_reward at tick 61: name 'cells_to_relieve' is not defined
Traceback (most recent call last):
  File "/home/user/DisasterAI/DisasterAI_Model.py", line 1315, in process_reward
    for cell in cells_to_relieve:
                ^^^^^^^^^^^^^^^^
NameError: name 'cells_to_relieve' is not defined
ERROR in Agent H_19 process_reward at tick 61: name 'cells_to_relieve' is not defined
Traceback (most recent call last):
  File "/home/user/DisasterAI/DisasterAI_Model.py", line 1315, in process_reward
    for cell in cells_to_relieve:
                ^^^^^^^^^^^^^^^^
NameError: name 'cells_to_relieve' is not defined
ERROR in Agent H_15 process_reward at tick 61: name 'cells_to_relieve' is not defined
Traceback (most recent call last):
  File "/home/user/DisasterAI/DisasterAI_Model.py", line 1315, in process_reward
    for cell in cells_to_relieve:
                ^^^^^^^^^^^^^^^^
NameError: name 'cells_to_relieve' is not defined
ERROR in Agent H_40 process_reward at tick 61: name 'cells_to_relieve' is not defined
Traceback (most recent call last):
  File "/home/user/DisasterAI/DisasterAI_Model.py", line 1315, in process_reward
    for cell in cells_to_relieve:
                ^^^^^^^^^^^^^^^^
NameError: name 'cells_to_relieve' is not defined
ERROR in Agent H_27 process_reward at tick 61: name 'cells_to_relieve' is not defined
Traceback (most recent call last):
  File "/home/user/DisasterAI/DisasterAI_Model.py", line 1315, in process_reward
    for cell in cells_to_relieve:
                ^^^^^^^^^^^^^^^^
NameError: name 'cells_to_relieve' is not defined
ERROR in Agent H_37 process_reward at tick 61: name 'cells_to_relieve' is not defined
Traceback (most recent call last):
  File "/home/user/DisasterAI/DisasterAI_Model.py", line 1315, in process_reward
    for cell in cells_to_relieve:
                ^^^^^^^^^^^^^^^^
NameError: name 'cells_to_relieve' is not defined
ERROR in Agent H_1 process_reward at tick 61: name 'cells_to_relieve' is not defined
Traceback (most recent call last):
  File "/home/user/DisasterAI/DisasterAI_Model.py", line 1315, in process_reward
    for cell in cells_to_relieve:
                ^^^^^^^^^^^^^^^^
NameError: name 'cells_to_relieve' is not defined
ERROR in Agent H_27 process_reward at tick 62: name 'cells_to_relieve' is not defined
Traceback (most recent call last):
  File "/home/user/DisasterAI/DisasterAI_Model.py", line 1315, in process_reward
    for cell in cells_to_relieve:
                ^^^^^^^^^^^^^^^^
NameError: name 'cells_to_relieve' is not defined
ERROR in Agent H_47 process_reward at tick 62: name 'cells_to_relieve' is not defined
Traceback (most recent call last):
  File "/home/user/DisasterAI/DisasterAI_Model.py", line 1315, in process_reward
    for cell in cells_to_relieve:
                ^^^^^^^^^^^^^^^^
NameError: name 'cells_to_relieve' is not defined
ERROR in Agent H_10 process_reward at tick 62: name 'cells_to_relieve' is not defined
Traceback (most recent call last):
  File "/home/user/DisasterAI/DisasterAI_Model.py", line 1315, in process_reward
    for cell in cells_to_relieve:
                ^^^^^^^^^^^^^^^^
NameError: name 'cells_to_relieve' is not defined
ERROR in Agent H_20 process_reward at tick 62: name 'cells_to_relieve' is not defined
Traceback (most recent call last):
  File "/home/user/DisasterAI/DisasterAI_Model.py", line 1315, in process_reward
    for cell in cells_to_relieve:
                ^^^^^^^^^^^^^^^^
NameError: name 'cells_to_relieve' is not defined
ERROR in Agent H_44 process_reward at tick 62: name 'cells_to_relieve' is not defined
Traceback (most recent call last):
  File "/home/user/DisasterAI/DisasterAI_Model.py", line 1315, in process_reward
    for cell in cells_to_relieve:
                ^^^^^^^^^^^^^^^^
NameError: name 'cells_to_relieve' is not defined
ERROR in Agent H_1 process_reward at tick 62: name 'cells_to_relieve' is not defined
Traceback (most recent call last):
  File "/home/user/DisasterAI/DisasterAI_Model.py", line 1315, in process_reward
    for cell in cells_to_relieve:
                ^^^^^^^^^^^^^^^^
NameError: name 'cells_to_relieve' is not defined
ERROR in Agent H_37 process_reward at tick 62: name 'cells_to_relieve' is not defined
Traceback (most recent call last):
  File "/home/user/DisasterAI/DisasterAI_Model.py", line 1315, in process_reward
    for cell in cells_to_relieve:
                ^^^^^^^^^^^^^^^^
NameError: name 'cells_to_relieve' is not defined
ERROR in Agent H_5 process_reward at tick 62: name 'cells_to_relieve' is not defined
Traceback (most recent call last):
  File "/home/user/DisasterAI/DisasterAI_Model.py", line 1315, in process_reward
    for cell in cells_to_relieve:
                ^^^^^^^^^^^^^^^^
NameError: name 'cells_to_relieve' is not defined
ERROR in Agent H_32 process_reward at tick 62: name 'cells_to_relieve' is not defined
Traceback (most recent call last):
  File "/home/user/DisasterAI/DisasterAI_Model.py", line 1315, in process_reward
    for cell in cells_to_relieve:
                ^^^^^^^^^^^^^^^^
NameError: name 'cells_to_relieve' is not defined
ERROR in Agent H_0 process_reward at tick 62: name 'cells_to_relieve' is not defined
Traceback (most recent call last):
  File "/home/user/DisasterAI/DisasterAI_Model.py", line 1315, in process_reward
    for cell in cells_to_relieve:
                ^^^^^^^^^^^^^^^^
NameError: name 'cells_to_relieve' is not defined
ERROR in Agent H_11 process_reward at tick 62: name 'cells_to_relieve' is not defined
Traceback (most recent call last):
  File "/home/user/DisasterAI/DisasterAI_Model.py", line 1315, in process_reward
    for cell in cells_to_relieve:
                ^^^^^^^^^^^^^^^^
NameError: name 'cells_to_relieve' is not defined
ERROR in Agent H_46 process_reward at tick 62: name 'cells_to_relieve' is not defined
Traceback (most recent call last):
  File "/home/user/DisasterAI/DisasterAI_Model.py", line 1315, in process_reward
    for cell in cells_to_relieve:
                ^^^^^^^^^^^^^^^^
NameError: name 'cells_to_relieve' is not defined
ERROR in Agent H_36 process_reward at tick 62: name 'cells_to_relieve' is not defined
Traceback (most recent call last):
  File "/home/user/DisasterAI/DisasterAI_Model.py", line 1315, in process_reward
    for cell in cells_to_relieve:
                ^^^^^^^^^^^^^^^^
NameError: name 'cells_to_relieve' is not defined
ERROR in Agent H_45 process_reward at tick 62: name 'cells_to_relieve' is not defined
Traceback (most recent call last):
  File "/home/user/DisasterAI/DisasterAI_Model.py", line 1315, in process_reward
    for cell in cells_to_relieve:
                ^^^^^^^^^^^^^^^^
NameError: name 'cells_to_relieve' is not defined
ERROR in Agent H_3 process_reward at tick 62: name 'cells_to_relieve' is not defined
Traceback (most recent call last):
  File "/home/user/DisasterAI/DisasterAI_Model.py", line 1315, in process_reward
    for cell in cells_to_relieve:
                ^^^^^^^^^^^^^^^^
NameError: name 'cells_to_relieve' is not defined
ERROR in Agent H_6 process_reward at tick 62: name 'cells_to_relieve' is not defined
Traceback (most recent call last):
  File "/home/user/DisasterAI/DisasterAI_Model.py", line 1315, in process_reward
    for cell in cells_to_relieve:
                ^^^^^^^^^^^^^^^^
NameError: name 'cells_to_relieve' is not defined
ERROR in Agent H_38 process_reward at tick 62: name 'cells_to_relieve' is not defined
Traceback (most recent call last):
  File "/home/user/DisasterAI/DisasterAI_Model.py", line 1315, in process_reward
    for cell in cells_to_relieve:
                ^^^^^^^^^^^^^^^^
NameError: name 'cells_to_relieve' is not defined
ERROR in Agent H_30 process_reward at tick 62: name 'cells_to_relieve' is not defined
Traceback (most recent call last):
  File "/home/user/DisasterAI/DisasterAI_Model.py", line 1315, in process_reward
    for cell in cells_to_relieve:
                ^^^^^^^^^^^^^^^^
NameError: name 'cells_to_relieve' is not defined
ERROR in Agent H_14 process_reward at tick 62: name 'cells_to_relieve' is not defined
Traceback (most recent call last):
  File "/home/user/DisasterAI/DisasterAI_Model.py", line 1315, in process_reward
    for cell in cells_to_relieve:
                ^^^^^^^^^^^^^^^^
NameError: name 'cells_to_relieve' is not defined
ERROR in Agent H_22 process_reward at tick 62: name 'cells_to_relieve' is not defined
Traceback (most recent call last):
  File "/home/user/DisasterAI/DisasterAI_Model.py", line 1315, in process_reward
    for cell in cells_to_relieve:
                ^^^^^^^^^^^^^^^^
NameError: name 'cells_to_relieve' is not defined
ERROR in Agent H_23 process_reward at tick 62: name 'cells_to_relieve' is not defined
Traceback (most recent call last):
  File "/home/user/DisasterAI/DisasterAI_Model.py", line 1315, in process_reward
    for cell in cells_to_relieve:
                ^^^^^^^^^^^^^^^^
NameError: name 'cells_to_relieve' is not defined
ERROR in Agent H_7 process_reward at tick 62: name 'cells_to_relieve' is not defined
Traceback (most recent call last):
  File "/home/user/DisasterAI/DisasterAI_Model.py", line 1315, in process_reward
    for cell in cells_to_relieve:
                ^^^^^^^^^^^^^^^^
NameError: name 'cells_to_relieve' is not defined
ERROR in Agent H_15 process_reward at tick 62: name 'cells_to_relieve' is not defined
Traceback (most recent call last):
  File "/home/user/DisasterAI/DisasterAI_Model.py", line 1315, in process_reward
    for cell in cells_to_relieve:
                ^^^^^^^^^^^^^^^^
NameError: name 'cells_to_relieve' is not defined
ERROR in Agent H_34 process_reward at tick 62: name 'cells_to_relieve' is not defined
Traceback (most recent call last):
  File "/home/user/DisasterAI/DisasterAI_Model.py", line 1315, in process_reward
    for cell in cells_to_relieve:
                ^^^^^^^^^^^^^^^^
NameError: name 'cells_to_relieve' is not defined
ERROR in Agent H_8 process_reward at tick 62: name 'cells_to_relieve' is not defined
Traceback (most recent call last):
  File "/home/user/DisasterAI/DisasterAI_Model.py", line 1315, in process_reward
    for cell in cells_to_relieve:
                ^^^^^^^^^^^^^^^^
NameError: name 'cells_to_relieve' is not defined
ERROR in Agent H_33 process_reward at tick 62: name 'cells_to_relieve' is not defined
Traceback (most recent call last):
  File "/home/user/DisasterAI/DisasterAI_Model.py", line 1315, in process_reward
    for cell in cells_to_relieve:
                ^^^^^^^^^^^^^^^^
NameError: name 'cells_to_relieve' is not defined
ERROR in Agent H_42 process_reward at tick 62: name 'cells_to_relieve' is not defined
Traceback (most recent call last):
  File "/home/user/DisasterAI/DisasterAI_Model.py", line 1315, in process_reward
    for cell in cells_to_relieve:
                ^^^^^^^^^^^^^^^^
NameError: name 'cells_to_relieve' is not defined
ERROR in Agent H_9 process_reward at tick 62: name 'cells_to_relieve' is not defined
Traceback (most recent call last):
  File "/home/user/DisasterAI/DisasterAI_Model.py", line 1315, in process_reward
    for cell in cells_to_relieve:
                ^^^^^^^^^^^^^^^^
NameError: name 'cells_to_relieve' is not defined
ERROR in Agent H_13 process_reward at tick 62: name 'cells_to_relieve' is not defined
Traceback (most recent call last):
  File "/home/user/DisasterAI/DisasterAI_Model.py", line 1315, in process_reward
    for cell in cells_to_relieve:
                ^^^^^^^^^^^^^^^^
NameError: name 'cells_to_relieve' is not defined
ERROR in Agent H_28 process_reward at tick 62: name 'cells_to_relieve' is not defined
Traceback (most recent call last):
  File "/home/user/DisasterAI/DisasterAI_Model.py", line 1315, in process_reward
    for cell in cells_to_relieve:
                ^^^^^^^^^^^^^^^^
NameError: name 'cells_to_relieve' is not defined
ERROR in Agent H_43 process_reward at tick 62: name 'cells_to_relieve' is not defined
Traceback (most recent call last):
  File "/home/user/DisasterAI/DisasterAI_Model.py", line 1315, in process_reward
    for cell in cells_to_relieve:
                ^^^^^^^^^^^^^^^^
NameError: name 'cells_to_relieve' is not defined
ERROR in Agent H_31 process_reward at tick 62: name 'cells_to_relieve' is not defined
Traceback (most recent call last):
  File "/home/user/DisasterAI/DisasterAI_Model.py", line 1315, in process_reward
    for cell in cells_to_relieve:
                ^^^^^^^^^^^^^^^^
NameError: name 'cells_to_relieve' is not defined
ERROR in Agent H_25 process_reward at tick 62: name 'cells_to_relieve' is not defined
Traceback (most recent call last):
  File "/home/user/DisasterAI/DisasterAI_Model.py", line 1315, in process_reward
    for cell in cells_to_relieve:
                ^^^^^^^^^^^^^^^^
NameError: name 'cells_to_relieve' is not defined
ERROR in Agent H_49 process_reward at tick 62: name 'cells_to_relieve' is not defined
Traceback (most recent call last):
  File "/home/user/DisasterAI/DisasterAI_Model.py", line 1315, in process_reward
    for cell in cells_to_relieve:
                ^^^^^^^^^^^^^^^^
NameError: name 'cells_to_relieve' is not defined
ERROR in Agent H_24 process_reward at tick 62: name 'cells_to_relieve' is not defined
Traceback (most recent call last):
  File "/home/user/DisasterAI/DisasterAI_Model.py", line 1315, in process_reward
    for cell in cells_to_relieve:
                ^^^^^^^^^^^^^^^^
NameError: name 'cells_to_relieve' is not defined
ERROR in Agent H_48 process_reward at tick 62: name 'cells_to_relieve' is not defined
Traceback (most recent call last):
  File "/home/user/DisasterAI/DisasterAI_Model.py", line 1315, in process_reward
    for cell in cells_to_relieve:
                ^^^^^^^^^^^^^^^^
NameError: name 'cells_to_relieve' is not defined
ERROR in Agent H_19 process_reward at tick 62: name 'cells_to_relieve' is not defined
Traceback (most recent call last):
  File "/home/user/DisasterAI/DisasterAI_Model.py", line 1315, in process_reward
    for cell in cells_to_relieve:
                ^^^^^^^^^^^^^^^^
NameError: name 'cells_to_relieve' is not defined
ERROR in Agent H_25 process_reward at tick 63: name 'cells_to_relieve' is not defined
Traceback (most recent call last):
  File "/home/user/DisasterAI/DisasterAI_Model.py", line 1315, in process_reward
    for cell in cells_to_relieve:
                ^^^^^^^^^^^^^^^^
NameError: name 'cells_to_relieve' is not defined
ERROR in Agent H_38 process_reward at tick 63: name 'cells_to_relieve' is not defined
Traceback (most recent call last):
  File "/home/user/DisasterAI/DisasterAI_Model.py", line 1315, in process_reward
    for cell in cells_to_relieve:
                ^^^^^^^^^^^^^^^^
NameError: name 'cells_to_relieve' is not defined
ERROR in Agent H_45 process_reward at tick 63: name 'cells_to_relieve' is not defined
Traceback (most recent call last):
  File "/home/user/DisasterAI/DisasterAI_Model.py", line 1315, in process_reward
    for cell in cells_to_relieve:
                ^^^^^^^^^^^^^^^^
NameError: name 'cells_to_relieve' is not defined
ERROR in Agent H_6 process_reward at tick 63: name 'cells_to_relieve' is not defined
Traceback (most recent call last):
  File "/home/user/DisasterAI/DisasterAI_Model.py", line 1315, in process_reward
    for cell in cells_to_relieve:
                ^^^^^^^^^^^^^^^^
NameError: name 'cells_to_relieve' is not defined
ERROR in Agent H_11 process_reward at tick 63: name 'cells_to_relieve' is not defined
Traceback (most recent call last):
  File "/home/user/DisasterAI/DisasterAI_Model.py", line 1315, in process_reward
    for cell in cells_to_relieve:
                ^^^^^^^^^^^^^^^^
NameError: name 'cells_to_relieve' is not defined
ERROR in Agent H_2 process_reward at tick 63: name 'cells_to_relieve' is not defined
Traceback (most recent call last):
  File "/home/user/DisasterAI/DisasterAI_Model.py", line 1315, in process_reward
    for cell in cells_to_relieve:
                ^^^^^^^^^^^^^^^^
NameError: name 'cells_to_relieve' is not defined
ERROR in Agent H_17 process_reward at tick 63: name 'cells_to_relieve' is not defined
Traceback (most recent call last):
  File "/home/user/DisasterAI/DisasterAI_Model.py", line 1315, in process_reward
    for cell in cells_to_relieve:
                ^^^^^^^^^^^^^^^^
NameError: name 'cells_to_relieve' is not defined
ERROR in Agent H_5 process_reward at tick 63: name 'cells_to_relieve' is not defined
Traceback (most recent call last):
  File "/home/user/DisasterAI/DisasterAI_Model.py", line 1315, in process_reward
    for cell in cells_to_relieve:
                ^^^^^^^^^^^^^^^^
NameError: name 'cells_to_relieve' is not defined
ERROR in Agent H_7 process_reward at tick 63: name 'cells_to_relieve' is not defined
Traceback (most recent call last):
  File "/home/user/DisasterAI/DisasterAI_Model.py", line 1315, in process_reward
    for cell in cells_to_relieve:
                ^^^^^^^^^^^^^^^^
NameError: name 'cells_to_relieve' is not defined
ERROR in Agent H_40 process_reward at tick 63: name 'cells_to_relieve' is not defined
Traceback (most recent call last):
  File "/home/user/DisasterAI/DisasterAI_Model.py", line 1315, in process_reward
    for cell in cells_to_relieve:
                ^^^^^^^^^^^^^^^^
NameError: name 'cells_to_relieve' is not defined
ERROR in Agent H_14 process_reward at tick 63: name 'cells_to_relieve' is not defined
Traceback (most recent call last):
  File "/home/user/DisasterAI/DisasterAI_Model.py", line 1315, in process_reward
    for cell in cells_to_relieve:
                ^^^^^^^^^^^^^^^^
NameError: name 'cells_to_relieve' is not defined
ERROR in Agent H_43 process_reward at tick 63: name 'cells_to_relieve' is not defined
Traceback (most recent call last):
  File "/home/user/DisasterAI/DisasterAI_Model.py", line 1315, in process_reward
    for cell in cells_to_relieve:
                ^^^^^^^^^^^^^^^^
NameError: name 'cells_to_relieve' is not defined
ERROR in Agent H_28 process_reward at tick 63: name 'cells_to_relieve' is not defined
Traceback (most recent call last):
  File "/home/user/DisasterAI/DisasterAI_Model.py", line 1315, in process_reward
    for cell in cells_to_relieve:
                ^^^^^^^^^^^^^^^^
NameError: name 'cells_to_relieve' is not defined
ERROR in Agent H_13 process_reward at tick 63: name 'cells_to_relieve' is not defined
Traceback (most recent call last):
  File "/home/user/DisasterAI/DisasterAI_Model.py", line 1315, in process_reward
    for cell in cells_to_relieve:
                ^^^^^^^^^^^^^^^^
NameError: name 'cells_to_relieve' is not defined
ERROR in Agent H_48 process_reward at tick 63: name 'cells_to_relieve' is not defined
Traceback (most recent call last):
  File "/home/user/DisasterAI/DisasterAI_Model.py", line 1315, in process_reward
    for cell in cells_to_relieve:
                ^^^^^^^^^^^^^^^^
NameError: name 'cells_to_relieve' is not defined
ERROR in Agent H_29 process_reward at tick 63: name 'cells_to_relieve' is not defined
Traceback (most recent call last):
  File "/home/user/DisasterAI/DisasterAI_Model.py", line 1315, in process_reward
    for cell in cells_to_relieve:
                ^^^^^^^^^^^^^^^^
NameError: name 'cells_to_relieve' is not defined
ERROR in Agent H_12 process_reward at tick 63: name 'cells_to_relieve' is not defined
Traceback (most recent call last):
  File "/home/user/DisasterAI/DisasterAI_Model.py", line 1315, in process_reward
    for cell in cells_to_relieve:
                ^^^^^^^^^^^^^^^^
NameError: name 'cells_to_relieve' is not defined
ERROR in Agent H_23 process_reward at tick 63: name 'cells_to_relieve' is not defined
Traceback (most recent call last):
  File "/home/user/DisasterAI/DisasterAI_Model.py", line 1315, in process_reward
    for cell in cells_to_relieve:
                ^^^^^^^^^^^^^^^^
NameError: name 'cells_to_relieve' is not defined
ERROR in Agent H_15 process_reward at tick 63: name 'cells_to_relieve' is not defined
Traceback (most recent call last):
  File "/home/user/DisasterAI/DisasterAI_Model.py", line 1315, in process_reward
    for cell in cells_to_relieve:
                ^^^^^^^^^^^^^^^^
NameError: name 'cells_to_relieve' is not defined
ERROR in Agent H_44 process_reward at tick 63: name 'cells_to_relieve' is not defined
Traceback (most recent call last):
  File "/home/user/DisasterAI/DisasterAI_Model.py", line 1315, in process_reward
    for cell in cells_to_relieve:
                ^^^^^^^^^^^^^^^^
NameError: name 'cells_to_relieve' is not defined
ERROR in Agent H_8 process_reward at tick 63: name 'cells_to_relieve' is not defined
Traceback (most recent call last):
  File "/home/user/DisasterAI/DisasterAI_Model.py", line 1315, in process_reward
    for cell in cells_to_relieve:
                ^^^^^^^^^^^^^^^^
NameError: name 'cells_to_relieve' is not defined
ERROR in Agent H_35 process_reward at tick 63: name 'cells_to_relieve' is not defined
Traceback (most recent call last):
  File "/home/user/DisasterAI/DisasterAI_Model.py", line 1315, in process_reward
    for cell in cells_to_relieve:
                ^^^^^^^^^^^^^^^^
NameError: name 'cells_to_relieve' is not defined
ERROR in Agent H_9 process_reward at tick 63: name 'cells_to_relieve' is not defined
Traceback (most recent call last):
  File "/home/user/DisasterAI/DisasterAI_Model.py", line 1315, in process_reward
    for cell in cells_to_relieve:
                ^^^^^^^^^^^^^^^^
NameError: name 'cells_to_relieve' is not defined
ERROR in Agent H_20 process_reward at tick 63: name 'cells_to_relieve' is not defined
Traceback (most recent call last):
  File "/home/user/DisasterAI/DisasterAI_Model.py", line 1315, in process_reward
    for cell in cells_to_relieve:
                ^^^^^^^^^^^^^^^^
NameError: name 'cells_to_relieve' is not defined
ERROR in Agent H_24 process_reward at tick 63: name 'cells_to_relieve' is not defined
Traceback (most recent call last):
  File "/home/user/DisasterAI/DisasterAI_Model.py", line 1315, in process_reward
    for cell in cells_to_relieve:
                ^^^^^^^^^^^^^^^^
NameError: name 'cells_to_relieve' is not defined
ERROR in Agent H_34 process_reward at tick 63: name 'cells_to_relieve' is not defined
Traceback (most recent call last):
  File "/home/user/DisasterAI/DisasterAI_Model.py", line 1315, in process_reward
    for cell in cells_to_relieve:
                ^^^^^^^^^^^^^^^^
NameError: name 'cells_to_relieve' is not defined
ERROR in Agent H_30 process_reward at tick 63: name 'cells_to_relieve' is not defined
Traceback (most recent call last):
  File "/home/user/DisasterAI/DisasterAI_Model.py", line 1315, in process_reward
    for cell in cells_to_relieve:
                ^^^^^^^^^^^^^^^^
NameError: name 'cells_to_relieve' is not defined
ERROR in Agent H_10 process_reward at tick 63: name 'cells_to_relieve' is not defined
Traceback (most recent call last):
  File "/home/user/DisasterAI/DisasterAI_Model.py", line 1315, in process_reward
    for cell in cells_to_relieve:
                ^^^^^^^^^^^^^^^^
NameError: name 'cells_to_relieve' is not defined
ERROR in Agent H_18 process_reward at tick 63: name 'cells_to_relieve' is not defined
Traceback (most recent call last):
  File "/home/user/DisasterAI/DisasterAI_Model.py", line 1315, in process_reward
    for cell in cells_to_relieve:
                ^^^^^^^^^^^^^^^^
NameError: name 'cells_to_relieve' is not defined
ERROR in Agent H_16 process_reward at tick 63: name 'cells_to_relieve' is not defined
Traceback (most recent call last):
  File "/home/user/DisasterAI/DisasterAI_Model.py", line 1315, in process_reward
    for cell in cells_to_relieve:
                ^^^^^^^^^^^^^^^^
NameError: name 'cells_to_relieve' is not defined
ERROR in Agent H_27 process_reward at tick 63: name 'cells_to_relieve' is not defined
Traceback (most recent call last):
  File "/home/user/DisasterAI/DisasterAI_Model.py", line 1315, in process_reward
    for cell in cells_to_relieve:
                ^^^^^^^^^^^^^^^^
NameError: name 'cells_to_relieve' is not defined
ERROR in Agent H_21 process_reward at tick 63: name 'cells_to_relieve' is not defined
Traceback (most recent call last):
  File "/home/user/DisasterAI/DisasterAI_Model.py", line 1315, in process_reward
    for cell in cells_to_relieve:
                ^^^^^^^^^^^^^^^^
NameError: name 'cells_to_relieve' is not defined
ERROR in Agent H_0 process_reward at tick 63: name 'cells_to_relieve' is not defined
Traceback (most recent call last):
  File "/home/user/DisasterAI/DisasterAI_Model.py", line 1315, in process_reward
    for cell in cells_to_relieve:
                ^^^^^^^^^^^^^^^^
NameError: name 'cells_to_relieve' is not defined
ERROR in Agent H_39 process_reward at tick 63: name 'cells_to_relieve' is not defined
Traceback (most recent call last):
  File "/home/user/DisasterAI/DisasterAI_Model.py", line 1315, in process_reward
    for cell in cells_to_relieve:
                ^^^^^^^^^^^^^^^^
NameError: name 'cells_to_relieve' is not defined
ERROR in Agent H_33 process_reward at tick 63: name 'cells_to_relieve' is not defined
Traceback (most recent call last):
  File "/home/user/DisasterAI/DisasterAI_Model.py", line 1315, in process_reward
    for cell in cells_to_relieve:
                ^^^^^^^^^^^^^^^^
NameError: name 'cells_to_relieve' is not defined
ERROR in Agent H_41 process_reward at tick 63: name 'cells_to_relieve' is not defined
Traceback (most recent call last):
  File "/home/user/DisasterAI/DisasterAI_Model.py", line 1315, in process_reward
    for cell in cells_to_relieve:
                ^^^^^^^^^^^^^^^^
NameError: name 'cells_to_relieve' is not defined
ERROR in Agent H_22 process_reward at tick 63: name 'cells_to_relieve' is not defined
Traceback (most recent call last):
  File "/home/user/DisasterAI/DisasterAI_Model.py", line 1315, in process_reward
    for cell in cells_to_relieve:
                ^^^^^^^^^^^^^^^^
NameError: name 'cells_to_relieve' is not defined
ERROR in Agent H_6 process_reward at tick 64: name 'cells_to_relieve' is not defined
Traceback (most recent call last):
  File "/home/user/DisasterAI/DisasterAI_Model.py", line 1315, in process_reward
    for cell in cells_to_relieve:
                ^^^^^^^^^^^^^^^^
NameError: name 'cells_to_relieve' is not defined
ERROR in Agent H_46 process_reward at tick 64: name 'cells_to_relieve' is not defined
Traceback (most recent call last):
  File "/home/user/DisasterAI/DisasterAI_Model.py", line 1315, in process_reward
    for cell in cells_to_relieve:
                ^^^^^^^^^^^^^^^^
NameError: name 'cells_to_relieve' is not defined
ERROR in Agent H_11 process_reward at tick 64: name 'cells_to_relieve' is not defined
Traceback (most recent call last):
  File "/home/user/DisasterAI/DisasterAI_Model.py", line 1315, in process_reward
    for cell in cells_to_relieve:
                ^^^^^^^^^^^^^^^^
NameError: name 'cells_to_relieve' is not defined
ERROR in Agent H_49 process_reward at tick 64: name 'cells_to_relieve' is not defined
Traceback (most recent call last):
  File "/home/user/DisasterAI/DisasterAI_Model.py", line 1315, in process_reward
    for cell in cells_to_relieve:
                ^^^^^^^^^^^^^^^^
NameError: name 'cells_to_relieve' is not defined
ERROR in Agent H_22 process_reward at tick 64: name 'cells_to_relieve' is not defined
Traceback (most recent call last):
  File "/home/user/DisasterAI/DisasterAI_Model.py", line 1315, in process_reward
    for cell in cells_to_relieve:
                ^^^^^^^^^^^^^^^^
NameError: name 'cells_to_relieve' is not defined
ERROR in Agent H_33 process_reward at tick 64: name 'cells_to_relieve' is not defined
Traceback (most recent call last):
  File "/home/user/DisasterAI/DisasterAI_Model.py", line 1315, in process_reward
    for cell in cells_to_relieve:
                ^^^^^^^^^^^^^^^^
NameError: name 'cells_to_relieve' is not defined
ERROR in Agent H_9 process_reward at tick 64: name 'cells_to_relieve' is not defined
Traceback (most recent call last):
  File "/home/user/DisasterAI/DisasterAI_Model.py", line 1315, in process_reward
    for cell in cells_to_relieve:
                ^^^^^^^^^^^^^^^^
NameError: name 'cells_to_relieve' is not defined
ERROR in Agent H_24 process_reward at tick 64: name 'cells_to_relieve' is not defined
Traceback (most recent call last):
  File "/home/user/DisasterAI/DisasterAI_Model.py", line 1315, in process_reward
    for cell in cells_to_relieve:
                ^^^^^^^^^^^^^^^^
NameError: name 'cells_to_relieve' is not defined
ERROR in Agent H_18 process_reward at tick 64: name 'cells_to_relieve' is not defined
Traceback (most recent call last):
  File "/home/user/DisasterAI/DisasterAI_Model.py", line 1315, in process_reward
    for cell in cells_to_relieve:
                ^^^^^^^^^^^^^^^^
NameError: name 'cells_to_relieve' is not defined
ERROR in Agent H_13 process_reward at tick 64: name 'cells_to_relieve' is not defined
Traceback (most recent call last):
  File "/home/user/DisasterAI/DisasterAI_Model.py", line 1315, in process_reward
    for cell in cells_to_relieve:
                ^^^^^^^^^^^^^^^^
NameError: name 'cells_to_relieve' is not defined
ERROR in Agent H_3 process_reward at tick 64: name 'cells_to_relieve' is not defined
Traceback (most recent call last):
  File "/home/user/DisasterAI/DisasterAI_Model.py", line 1315, in process_reward
    for cell in cells_to_relieve:
                ^^^^^^^^^^^^^^^^
NameError: name 'cells_to_relieve' is not defined
ERROR in Agent H_27 process_reward at tick 64: name 'cells_to_relieve' is not defined
Traceback (most recent call last):
  File "/home/user/DisasterAI/DisasterAI_Model.py", line 1315, in process_reward
    for cell in cells_to_relieve:
                ^^^^^^^^^^^^^^^^
NameError: name 'cells_to_relieve' is not defined
ERROR in Agent H_15 process_reward at tick 64: name 'cells_to_relieve' is not defined
Traceback (most recent call last):
  File "/home/user/DisasterAI/DisasterAI_Model.py", line 1315, in process_reward
    for cell in cells_to_relieve:
                ^^^^^^^^^^^^^^^^
NameError: name 'cells_to_relieve' is not defined
ERROR in Agent H_19 process_reward at tick 64: name 'cells_to_relieve' is not defined
Traceback (most recent call last):
  File "/home/user/DisasterAI/DisasterAI_Model.py", line 1315, in process_reward
    for cell in cells_to_relieve:
                ^^^^^^^^^^^^^^^^
NameError: name 'cells_to_relieve' is not defined
ERROR in Agent H_20 process_reward at tick 64: name 'cells_to_relieve' is not defined
Traceback (most recent call last):
  File "/home/user/DisasterAI/DisasterAI_Model.py", line 1315, in process_reward
    for cell in cells_to_relieve:
                ^^^^^^^^^^^^^^^^
NameError: name 'cells_to_relieve' is not defined
ERROR in Agent H_43 process_reward at tick 64: name 'cells_to_relieve' is not defined
Traceback (most recent call last):
  File "/home/user/DisasterAI/DisasterAI_Model.py", line 1315, in process_reward
    for cell in cells_to_relieve:
                ^^^^^^^^^^^^^^^^
NameError: name 'cells_to_relieve' is not defined
ERROR in Agent H_14 process_reward at tick 64: name 'cells_to_relieve' is not defined
Traceback (most recent call last):
  File "/home/user/DisasterAI/DisasterAI_Model.py", line 1315, in process_reward
    for cell in cells_to_relieve:
                ^^^^^^^^^^^^^^^^
NameError: name 'cells_to_relieve' is not defined
ERROR in Agent H_32 process_reward at tick 64: name 'cells_to_relieve' is not defined
Traceback (most recent call last):
  File "/home/user/DisasterAI/DisasterAI_Model.py", line 1315, in process_reward
    for cell in cells_to_relieve:
                ^^^^^^^^^^^^^^^^
NameError: name 'cells_to_relieve' is not defined
ERROR in Agent H_1 process_reward at tick 64: name 'cells_to_relieve' is not defined
Traceback (most recent call last):
  File "/home/user/DisasterAI/DisasterAI_Model.py", line 1315, in process_reward
    for cell in cells_to_relieve:
                ^^^^^^^^^^^^^^^^
NameError: name 'cells_to_relieve' is not defined
ERROR in Agent H_42 process_reward at tick 64: name 'cells_to_relieve' is not defined
Traceback (most recent call last):
  File "/home/user/DisasterAI/DisasterAI_Model.py", line 1315, in process_reward
    for cell in cells_to_relieve:
                ^^^^^^^^^^^^^^^^
NameError: name 'cells_to_relieve' is not defined
ERROR in Agent H_39 process_reward at tick 64: name 'cells_to_relieve' is not defined
Traceback (most recent call last):
  File "/home/user/DisasterAI/DisasterAI_Model.py", line 1315, in process_reward
    for cell in cells_to_relieve:
                ^^^^^^^^^^^^^^^^
NameError: name 'cells_to_relieve' is not defined
ERROR in Agent H_12 process_reward at tick 64: name 'cells_to_relieve' is not defined
Traceback (most recent call last):
  File "/home/user/DisasterAI/DisasterAI_Model.py", line 1315, in process_reward
    for cell in cells_to_relieve:
                ^^^^^^^^^^^^^^^^
NameError: name 'cells_to_relieve' is not defined
ERROR in Agent H_30 process_reward at tick 64: name 'cells_to_relieve' is not defined
Traceback (most recent call last):
  File "/home/user/DisasterAI/DisasterAI_Model.py", line 1315, in process_reward
    for cell in cells_to_relieve:
                ^^^^^^^^^^^^^^^^
NameError: name 'cells_to_relieve' is not defined
ERROR in Agent H_0 process_reward at tick 64: name 'cells_to_relieve' is not defined
Traceback (most recent call last):
  File "/home/user/DisasterAI/DisasterAI_Model.py", line 1315, in process_reward
    for cell in cells_to_relieve:
                ^^^^^^^^^^^^^^^^
NameError: name 'cells_to_relieve' is not defined
ERROR in Agent H_16 process_reward at tick 64: name 'cells_to_relieve' is not defined
Traceback (most recent call last):
  File "/home/user/DisasterAI/DisasterAI_Model.py", line 1315, in process_reward
    for cell in cells_to_relieve:
                ^^^^^^^^^^^^^^^^
NameError: name 'cells_to_relieve' is not defined
ERROR in Agent H_37 process_reward at tick 64: name 'cells_to_relieve' is not defined
Traceback (most recent call last):
  File "/home/user/DisasterAI/DisasterAI_Model.py", line 1315, in process_reward
    for cell in cells_to_relieve:
                ^^^^^^^^^^^^^^^^
NameError: name 'cells_to_relieve' is not defined
ERROR in Agent H_25 process_reward at tick 64: name 'cells_to_relieve' is not defined
Traceback (most recent call last):
  File "/home/user/DisasterAI/DisasterAI_Model.py", line 1315, in process_reward
    for cell in cells_to_relieve:
                ^^^^^^^^^^^^^^^^
NameError: name 'cells_to_relieve' is not defined
ERROR in Agent H_21 process_reward at tick 64: name 'cells_to_relieve' is not defined
Traceback (most recent call last):
  File "/home/user/DisasterAI/DisasterAI_Model.py", line 1315, in process_reward
    for cell in cells_to_relieve:
                ^^^^^^^^^^^^^^^^
NameError: name 'cells_to_relieve' is not defined
ERROR in Agent H_2 process_reward at tick 64: name 'cells_to_relieve' is not defined
Traceback (most recent call last):
  File "/home/user/DisasterAI/DisasterAI_Model.py", line 1315, in process_reward
    for cell in cells_to_relieve:
                ^^^^^^^^^^^^^^^^
NameError: name 'cells_to_relieve' is not defined
ERROR in Agent H_47 process_reward at tick 64: name 'cells_to_relieve' is not defined
Traceback (most recent call last):
  File "/home/user/DisasterAI/DisasterAI_Model.py", line 1315, in process_reward
    for cell in cells_to_relieve:
                ^^^^^^^^^^^^^^^^
NameError: name 'cells_to_relieve' is not defined
ERROR in Agent H_4 process_reward at tick 64: name 'cells_to_relieve' is not defined
Traceback (most recent call last):
  File "/home/user/DisasterAI/DisasterAI_Model.py", line 1315, in process_reward
    for cell in cells_to_relieve:
                ^^^^^^^^^^^^^^^^
NameError: name 'cells_to_relieve' is not defined
ERROR in Agent H_10 process_reward at tick 64: name 'cells_to_relieve' is not defined
Traceback (most recent call last):
  File "/home/user/DisasterAI/DisasterAI_Model.py", line 1315, in process_reward
    for cell in cells_to_relieve:
                ^^^^^^^^^^^^^^^^
NameError: name 'cells_to_relieve' is not defined
ERROR in Agent H_45 process_reward at tick 64: name 'cells_to_relieve' is not defined
Traceback (most recent call last):
  File "/home/user/DisasterAI/DisasterAI_Model.py", line 1315, in process_reward
    for cell in cells_to_relieve:
                ^^^^^^^^^^^^^^^^
NameError: name 'cells_to_relieve' is not defined
ERROR in Agent H_16 process_reward at tick 65: name 'cells_to_relieve' is not defined
Traceback (most recent call last):
  File "/home/user/DisasterAI/DisasterAI_Model.py", line 1315, in process_reward
    for cell in cells_to_relieve:
                ^^^^^^^^^^^^^^^^
NameError: name 'cells_to_relieve' is not defined
ERROR in Agent H_23 process_reward at tick 65: name 'cells_to_relieve' is not defined
Traceback (most recent call last):
  File "/home/user/DisasterAI/DisasterAI_Model.py", line 1315, in process_reward
    for cell in cells_to_relieve:
                ^^^^^^^^^^^^^^^^
NameError: name 'cells_to_relieve' is not defined
ERROR in Agent H_4 process_reward at tick 65: name 'cells_to_relieve' is not defined
Traceback (most recent call last):
  File "/home/user/DisasterAI/DisasterAI_Model.py", line 1315, in process_reward
    for cell in cells_to_relieve:
                ^^^^^^^^^^^^^^^^
NameError: name 'cells_to_relieve' is not defined
ERROR in Agent H_37 process_reward at tick 65: name 'cells_to_relieve' is not defined
Traceback (most recent call last):
  File "/home/user/DisasterAI/DisasterAI_Model.py", line 1315, in process_reward
    for cell in cells_to_relieve:
                ^^^^^^^^^^^^^^^^
NameError: name 'cells_to_relieve' is not defined
ERROR in Agent H_20 process_reward at tick 65: name 'cells_to_relieve' is not defined
Traceback (most recent call last):
  File "/home/user/DisasterAI/DisasterAI_Model.py", line 1315, in process_reward
    for cell in cells_to_relieve:
                ^^^^^^^^^^^^^^^^
NameError: name 'cells_to_relieve' is not defined
ERROR in Agent H_14 process_reward at tick 65: name 'cells_to_relieve' is not defined
Traceback (most recent call last):
  File "/home/user/DisasterAI/DisasterAI_Model.py", line 1315, in process_reward
    for cell in cells_to_relieve:
                ^^^^^^^^^^^^^^^^
NameError: name 'cells_to_relieve' is not defined
ERROR in Agent H_0 process_reward at tick 65: name 'cells_to_relieve' is not defined
Traceback (most recent call last):
  File "/home/user/DisasterAI/DisasterAI_Model.py", line 1315, in process_reward
    for cell in cells_to_relieve:
                ^^^^^^^^^^^^^^^^
NameError: name 'cells_to_relieve' is not defined
ERROR in Agent H_11 process_reward at tick 65: name 'cells_to_relieve' is not defined
Traceback (most recent call last):
  File "/home/user/DisasterAI/DisasterAI_Model.py", line 1315, in process_reward
    for cell in cells_to_relieve:
                ^^^^^^^^^^^^^^^^
NameError: name 'cells_to_relieve' is not defined
ERROR in Agent H_42 process_reward at tick 65: name 'cells_to_relieve' is not defined
Traceback (most recent call last):
  File "/home/user/DisasterAI/DisasterAI_Model.py", line 1315, in process_reward
    for cell in cells_to_relieve:
                ^^^^^^^^^^^^^^^^
NameError: name 'cells_to_relieve' is not defined
ERROR in Agent H_26 process_reward at tick 65: name 'cells_to_relieve' is not defined
Traceback (most recent call last):
  File "/home/user/DisasterAI/DisasterAI_Model.py", line 1315, in process_reward
    for cell in cells_to_relieve:
                ^^^^^^^^^^^^^^^^
NameError: name 'cells_to_relieve' is not defined
ERROR in Agent H_9 process_reward at tick 65: name 'cells_to_relieve' is not defined
Traceback (most recent call last):
  File "/home/user/DisasterAI/DisasterAI_Model.py", line 1315, in process_reward
    for cell in cells_to_relieve:
                ^^^^^^^^^^^^^^^^
NameError: name 'cells_to_relieve' is not defined
ERROR in Agent H_31 process_reward at tick 65: name 'cells_to_relieve' is not defined
Traceback (most recent call last):
  File "/home/user/DisasterAI/DisasterAI_Model.py", line 1315, in process_reward
    for cell in cells_to_relieve:
                ^^^^^^^^^^^^^^^^
NameError: name 'cells_to_relieve' is not defined
ERROR in Agent H_46 process_reward at tick 65: name 'cells_to_relieve' is not defined
Traceback (most recent call last):
  File "/home/user/DisasterAI/DisasterAI_Model.py", line 1315, in process_reward
    for cell in cells_to_relieve:
                ^^^^^^^^^^^^^^^^
NameError: name 'cells_to_relieve' is not defined
ERROR in Agent H_8 process_reward at tick 65: name 'cells_to_relieve' is not defined
Traceback (most recent call last):
  File "/home/user/DisasterAI/DisasterAI_Model.py", line 1315, in process_reward
    for cell in cells_to_relieve:
                ^^^^^^^^^^^^^^^^
NameError: name 'cells_to_relieve' is not defined
ERROR in Agent H_48 process_reward at tick 65: name 'cells_to_relieve' is not defined
Traceback (most recent call last):
  File "/home/user/DisasterAI/DisasterAI_Model.py", line 1315, in process_reward
    for cell in cells_to_relieve:
                ^^^^^^^^^^^^^^^^
NameError: name 'cells_to_relieve' is not defined
ERROR in Agent H_22 process_reward at tick 65: name 'cells_to_relieve' is not defined
Traceback (most recent call last):
  File "/home/user/DisasterAI/DisasterAI_Model.py", line 1315, in process_reward
    for cell in cells_to_relieve:
                ^^^^^^^^^^^^^^^^
NameError: name 'cells_to_relieve' is not defined
ERROR in Agent H_41 process_reward at tick 65: name 'cells_to_relieve' is not defined
Traceback (most recent call last):
  File "/home/user/DisasterAI/DisasterAI_Model.py", line 1315, in process_reward
    for cell in cells_to_relieve:
                ^^^^^^^^^^^^^^^^
NameError: name 'cells_to_relieve' is not defined
ERROR in Agent H_44 process_reward at tick 65: name 'cells_to_relieve' is not defined
Traceback (most recent call last):
  File "/home/user/DisasterAI/DisasterAI_Model.py", line 1315, in process_reward
    for cell in cells_to_relieve:
                ^^^^^^^^^^^^^^^^
NameError: name 'cells_to_relieve' is not defined
ERROR in Agent H_5 process_reward at tick 65: name 'cells_to_relieve' is not defined
Traceback (most recent call last):
  File "/home/user/DisasterAI/DisasterAI_Model.py", line 1315, in process_reward
    for cell in cells_to_relieve:
                ^^^^^^^^^^^^^^^^
NameError: name 'cells_to_relieve' is not defined
ERROR in Agent H_45 process_reward at tick 65: name 'cells_to_relieve' is not defined
Traceback (most recent call last):
  File "/home/user/DisasterAI/DisasterAI_Model.py", line 1315, in process_reward
    for cell in cells_to_relieve:
                ^^^^^^^^^^^^^^^^
NameError: name 'cells_to_relieve' is not defined
ERROR in Agent H_7 process_reward at tick 65: name 'cells_to_relieve' is not defined
Traceback (most recent call last):
  File "/home/user/DisasterAI/DisasterAI_Model.py", line 1315, in process_reward
    for cell in cells_to_relieve:
                ^^^^^^^^^^^^^^^^
NameError: name 'cells_to_relieve' is not defined
ERROR in Agent H_6 process_reward at tick 65: name 'cells_to_relieve' is not defined
Traceback (most recent call last):
  File "/home/user/DisasterAI/DisasterAI_Model.py", line 1315, in process_reward
    for cell in cells_to_relieve:
                ^^^^^^^^^^^^^^^^
NameError: name 'cells_to_relieve' is not defined
ERROR in Agent H_32 process_reward at tick 65: name 'cells_to_relieve' is not defined
Traceback (most recent call last):
  File "/home/user/DisasterAI/DisasterAI_Model.py", line 1315, in process_reward
    for cell in cells_to_relieve:
                ^^^^^^^^^^^^^^^^
NameError: name 'cells_to_relieve' is not defined
ERROR in Agent H_10 process_reward at tick 65: name 'cells_to_relieve' is not defined
Traceback (most recent call last):
  File "/home/user/DisasterAI/DisasterAI_Model.py", line 1315, in process_reward
    for cell in cells_to_relieve:
                ^^^^^^^^^^^^^^^^
NameError: name 'cells_to_relieve' is not defined
ERROR in Agent H_29 process_reward at tick 65: name 'cells_to_relieve' is not defined
Traceback (most recent call last):
  File "/home/user/DisasterAI/DisasterAI_Model.py", line 1315, in process_reward
    for cell in cells_to_relieve:
                ^^^^^^^^^^^^^^^^
NameError: name 'cells_to_relieve' is not defined
ERROR in Agent H_28 process_reward at tick 65: name 'cells_to_relieve' is not defined
Traceback (most recent call last):
  File "/home/user/DisasterAI/DisasterAI_Model.py", line 1315, in process_reward
    for cell in cells_to_relieve:
                ^^^^^^^^^^^^^^^^
NameError: name 'cells_to_relieve' is not defined
ERROR in Agent H_36 process_reward at tick 65: name 'cells_to_relieve' is not defined
Traceback (most recent call last):
  File "/home/user/DisasterAI/DisasterAI_Model.py", line 1315, in process_reward
    for cell in cells_to_relieve:
                ^^^^^^^^^^^^^^^^
NameError: name 'cells_to_relieve' is not defined
ERROR in Agent H_12 process_reward at tick 65: name 'cells_to_relieve' is not defined
Traceback (most recent call last):
  File "/home/user/DisasterAI/DisasterAI_Model.py", line 1315, in process_reward
    for cell in cells_to_relieve:
                ^^^^^^^^^^^^^^^^
NameError: name 'cells_to_relieve' is not defined
ERROR in Agent H_1 process_reward at tick 65: name 'cells_to_relieve' is not defined
Traceback (most recent call last):
  File "/home/user/DisasterAI/DisasterAI_Model.py", line 1315, in process_reward
    for cell in cells_to_relieve:
                ^^^^^^^^^^^^^^^^
NameError: name 'cells_to_relieve' is not defined
ERROR in Agent H_21 process_reward at tick 65: name 'cells_to_relieve' is not defined
Traceback (most recent call last):
  File "/home/user/DisasterAI/DisasterAI_Model.py", line 1315, in process_reward
    for cell in cells_to_relieve:
                ^^^^^^^^^^^^^^^^
NameError: name 'cells_to_relieve' is not defined

DEBUG: Starting AECI variance calculation at tick 65
  Found 0/50 AI-reliant agents
  Global belief variance: 0.0597
  WARNING: Invalid global variance (0.05965671) or no AI-reliant agents
  Returning AECI variance tuple: (65, 0.0)
  Current aeci_variance_data length: 65
  Last 3 entries: [(63, 0.0), (64, 0.0), (65, 0.0)]
ERROR in Agent H_41 process_reward at tick 66: name 'cells_to_relieve' is not defined
Traceback (most recent call last):
  File "/home/user/DisasterAI/DisasterAI_Model.py", line 1315, in process_reward
    for cell in cells_to_relieve:
                ^^^^^^^^^^^^^^^^
NameError: name 'cells_to_relieve' is not defined
ERROR in Agent H_43 process_reward at tick 66: name 'cells_to_relieve' is not defined
Traceback (most recent call last):
  File "/home/user/DisasterAI/DisasterAI_Model.py", line 1315, in process_reward
    for cell in cells_to_relieve:
                ^^^^^^^^^^^^^^^^
NameError: name 'cells_to_relieve' is not defined
ERROR in Agent H_36 process_reward at tick 66: name 'cells_to_relieve' is not defined
Traceback (most recent call last):
  File "/home/user/DisasterAI/DisasterAI_Model.py", line 1315, in process_reward
    for cell in cells_to_relieve:
                ^^^^^^^^^^^^^^^^
NameError: name 'cells_to_relieve' is not defined
ERROR in Agent H_34 process_reward at tick 66: name 'cells_to_relieve' is not defined
Traceback (most recent call last):
  File "/home/user/DisasterAI/DisasterAI_Model.py", line 1315, in process_reward
    for cell in cells_to_relieve:
                ^^^^^^^^^^^^^^^^
NameError: name 'cells_to_relieve' is not defined
ERROR in Agent H_42 process_reward at tick 66: name 'cells_to_relieve' is not defined
Traceback (most recent call last):
  File "/home/user/DisasterAI/DisasterAI_Model.py", line 1315, in process_reward
    for cell in cells_to_relieve:
                ^^^^^^^^^^^^^^^^
NameError: name 'cells_to_relieve' is not defined
ERROR in Agent H_32 process_reward at tick 66: name 'cells_to_relieve' is not defined
Traceback (most recent call last):
  File "/home/user/DisasterAI/DisasterAI_Model.py", line 1315, in process_reward
    for cell in cells_to_relieve:
                ^^^^^^^^^^^^^^^^
NameError: name 'cells_to_relieve' is not defined
ERROR in Agent H_39 process_reward at tick 66: name 'cells_to_relieve' is not defined
Traceback (most recent call last):
  File "/home/user/DisasterAI/DisasterAI_Model.py", line 1315, in process_reward
    for cell in cells_to_relieve:
                ^^^^^^^^^^^^^^^^
NameError: name 'cells_to_relieve' is not defined
ERROR in Agent H_30 process_reward at tick 66: name 'cells_to_relieve' is not defined
Traceback (most recent call last):
  File "/home/user/DisasterAI/DisasterAI_Model.py", line 1315, in process_reward
    for cell in cells_to_relieve:
                ^^^^^^^^^^^^^^^^
NameError: name 'cells_to_relieve' is not defined
ERROR in Agent H_28 process_reward at tick 66: name 'cells_to_relieve' is not defined
Traceback (most recent call last):
  File "/home/user/DisasterAI/DisasterAI_Model.py", line 1315, in process_reward
    for cell in cells_to_relieve:
                ^^^^^^^^^^^^^^^^
NameError: name 'cells_to_relieve' is not defined
ERROR in Agent H_13 process_reward at tick 66: name 'cells_to_relieve' is not defined
Traceback (most recent call last):
  File "/home/user/DisasterAI/DisasterAI_Model.py", line 1315, in process_reward
    for cell in cells_to_relieve:
                ^^^^^^^^^^^^^^^^
NameError: name 'cells_to_relieve' is not defined
ERROR in Agent H_44 process_reward at tick 66: name 'cells_to_relieve' is not defined
Traceback (most recent call last):
  File "/home/user/DisasterAI/DisasterAI_Model.py", line 1315, in process_reward
    for cell in cells_to_relieve:
                ^^^^^^^^^^^^^^^^
NameError: name 'cells_to_relieve' is not defined
ERROR in Agent H_1 process_reward at tick 66: name 'cells_to_relieve' is not defined
Traceback (most recent call last):
  File "/home/user/DisasterAI/DisasterAI_Model.py", line 1315, in process_reward
    for cell in cells_to_relieve:
                ^^^^^^^^^^^^^^^^
NameError: name 'cells_to_relieve' is not defined
ERROR in Agent H_15 process_reward at tick 66: name 'cells_to_relieve' is not defined
Traceback (most recent call last):
  File "/home/user/DisasterAI/DisasterAI_Model.py", line 1315, in process_reward
    for cell in cells_to_relieve:
                ^^^^^^^^^^^^^^^^
NameError: name 'cells_to_relieve' is not defined
ERROR in Agent H_18 process_reward at tick 66: name 'cells_to_relieve' is not defined
Traceback (most recent call last):
  File "/home/user/DisasterAI/DisasterAI_Model.py", line 1315, in process_reward
    for cell in cells_to_relieve:
                ^^^^^^^^^^^^^^^^
NameError: name 'cells_to_relieve' is not defined
ERROR in Agent H_2 process_reward at tick 66: name 'cells_to_relieve' is not defined
Traceback (most recent call last):
  File "/home/user/DisasterAI/DisasterAI_Model.py", line 1315, in process_reward
    for cell in cells_to_relieve:
                ^^^^^^^^^^^^^^^^
NameError: name 'cells_to_relieve' is not defined
ERROR in Agent H_46 process_reward at tick 66: name 'cells_to_relieve' is not defined
Traceback (most recent call last):
  File "/home/user/DisasterAI/DisasterAI_Model.py", line 1315, in process_reward
    for cell in cells_to_relieve:
                ^^^^^^^^^^^^^^^^
NameError: name 'cells_to_relieve' is not defined
ERROR in Agent H_3 process_reward at tick 66: name 'cells_to_relieve' is not defined
Traceback (most recent call last):
  File "/home/user/DisasterAI/DisasterAI_Model.py", line 1315, in process_reward
    for cell in cells_to_relieve:
                ^^^^^^^^^^^^^^^^
NameError: name 'cells_to_relieve' is not defined
ERROR in Agent H_31 process_reward at tick 66: name 'cells_to_relieve' is not defined
Traceback (most recent call last):
  File "/home/user/DisasterAI/DisasterAI_Model.py", line 1315, in process_reward
    for cell in cells_to_relieve:
                ^^^^^^^^^^^^^^^^
NameError: name 'cells_to_relieve' is not defined
ERROR in Agent H_27 process_reward at tick 66: name 'cells_to_relieve' is not defined
Traceback (most recent call last):
  File "/home/user/DisasterAI/DisasterAI_Model.py", line 1315, in process_reward
    for cell in cells_to_relieve:
                ^^^^^^^^^^^^^^^^
NameError: name 'cells_to_relieve' is not defined
ERROR in Agent H_29 process_reward at tick 66: name 'cells_to_relieve' is not defined
Traceback (most recent call last):
  File "/home/user/DisasterAI/DisasterAI_Model.py", line 1315, in process_reward
    for cell in cells_to_relieve:
                ^^^^^^^^^^^^^^^^
NameError: name 'cells_to_relieve' is not defined
ERROR in Agent H_8 process_reward at tick 66: name 'cells_to_relieve' is not defined
Traceback (most recent call last):
  File "/home/user/DisasterAI/DisasterAI_Model.py", line 1315, in process_reward
    for cell in cells_to_relieve:
                ^^^^^^^^^^^^^^^^
NameError: name 'cells_to_relieve' is not defined
ERROR in Agent H_38 process_reward at tick 66: name 'cells_to_relieve' is not defined
Traceback (most recent call last):
  File "/home/user/DisasterAI/DisasterAI_Model.py", line 1315, in process_reward
    for cell in cells_to_relieve:
                ^^^^^^^^^^^^^^^^
NameError: name 'cells_to_relieve' is not defined
ERROR in Agent H_47 process_reward at tick 66: name 'cells_to_relieve' is not defined
Traceback (most recent call last):
  File "/home/user/DisasterAI/DisasterAI_Model.py", line 1315, in process_reward
    for cell in cells_to_relieve:
                ^^^^^^^^^^^^^^^^
NameError: name 'cells_to_relieve' is not defined
ERROR in Agent H_11 process_reward at tick 66: name 'cells_to_relieve' is not defined
Traceback (most recent call last):
  File "/home/user/DisasterAI/DisasterAI_Model.py", line 1315, in process_reward
    for cell in cells_to_relieve:
                ^^^^^^^^^^^^^^^^
NameError: name 'cells_to_relieve' is not defined
ERROR in Agent H_48 process_reward at tick 66: name 'cells_to_relieve' is not defined
Traceback (most recent call last):
  File "/home/user/DisasterAI/DisasterAI_Model.py", line 1315, in process_reward
    for cell in cells_to_relieve:
                ^^^^^^^^^^^^^^^^
NameError: name 'cells_to_relieve' is not defined
ERROR in Agent H_49 process_reward at tick 66: name 'cells_to_relieve' is not defined
Traceback (most recent call last):
  File "/home/user/DisasterAI/DisasterAI_Model.py", line 1315, in process_reward
    for cell in cells_to_relieve:
                ^^^^^^^^^^^^^^^^
NameError: name 'cells_to_relieve' is not defined
ERROR in Agent H_14 process_reward at tick 66: name 'cells_to_relieve' is not defined
Traceback (most recent call last):
  File "/home/user/DisasterAI/DisasterAI_Model.py", line 1315, in process_reward
    for cell in cells_to_relieve:
                ^^^^^^^^^^^^^^^^
NameError: name 'cells_to_relieve' is not defined
ERROR in Agent H_45 process_reward at tick 66: name 'cells_to_relieve' is not defined
Traceback (most recent call last):
  File "/home/user/DisasterAI/DisasterAI_Model.py", line 1315, in process_reward
    for cell in cells_to_relieve:
                ^^^^^^^^^^^^^^^^
NameError: name 'cells_to_relieve' is not defined
ERROR in Agent H_10 process_reward at tick 66: name 'cells_to_relieve' is not defined
Traceback (most recent call last):
  File "/home/user/DisasterAI/DisasterAI_Model.py", line 1315, in process_reward
    for cell in cells_to_relieve:
                ^^^^^^^^^^^^^^^^
NameError: name 'cells_to_relieve' is not defined
ERROR in Agent H_9 process_reward at tick 66: name 'cells_to_relieve' is not defined
Traceback (most recent call last):
  File "/home/user/DisasterAI/DisasterAI_Model.py", line 1315, in process_reward
    for cell in cells_to_relieve:
                ^^^^^^^^^^^^^^^^
NameError: name 'cells_to_relieve' is not defined
ERROR in Agent H_7 process_reward at tick 66: name 'cells_to_relieve' is not defined
Traceback (most recent call last):
  File "/home/user/DisasterAI/DisasterAI_Model.py", line 1315, in process_reward
    for cell in cells_to_relieve:
                ^^^^^^^^^^^^^^^^
NameError: name 'cells_to_relieve' is not defined
ERROR in Agent H_33 process_reward at tick 66: name 'cells_to_relieve' is not defined
Traceback (most recent call last):
  File "/home/user/DisasterAI/DisasterAI_Model.py", line 1315, in process_reward
    for cell in cells_to_relieve:
                ^^^^^^^^^^^^^^^^
NameError: name 'cells_to_relieve' is not defined
ERROR in Agent H_21 process_reward at tick 66: name 'cells_to_relieve' is not defined
Traceback (most recent call last):
  File "/home/user/DisasterAI/DisasterAI_Model.py", line 1315, in process_reward
    for cell in cells_to_relieve:
                ^^^^^^^^^^^^^^^^
NameError: name 'cells_to_relieve' is not defined
ERROR in Agent H_24 process_reward at tick 66: name 'cells_to_relieve' is not defined
Traceback (most recent call last):
  File "/home/user/DisasterAI/DisasterAI_Model.py", line 1315, in process_reward
    for cell in cells_to_relieve:
                ^^^^^^^^^^^^^^^^
NameError: name 'cells_to_relieve' is not defined
ERROR in Agent H_40 process_reward at tick 66: name 'cells_to_relieve' is not defined
Traceback (most recent call last):
  File "/home/user/DisasterAI/DisasterAI_Model.py", line 1315, in process_reward
    for cell in cells_to_relieve:
                ^^^^^^^^^^^^^^^^
NameError: name 'cells_to_relieve' is not defined
ERROR in Agent H_4 process_reward at tick 66: name 'cells_to_relieve' is not defined
Traceback (most recent call last):
  File "/home/user/DisasterAI/DisasterAI_Model.py", line 1315, in process_reward
    for cell in cells_to_relieve:
                ^^^^^^^^^^^^^^^^
NameError: name 'cells_to_relieve' is not defined
ERROR in Agent H_15 process_reward at tick 67: name 'cells_to_relieve' is not defined
Traceback (most recent call last):
  File "/home/user/DisasterAI/DisasterAI_Model.py", line 1315, in process_reward
    for cell in cells_to_relieve:
                ^^^^^^^^^^^^^^^^
NameError: name 'cells_to_relieve' is not defined
ERROR in Agent H_48 process_reward at tick 67: name 'cells_to_relieve' is not defined
Traceback (most recent call last):
  File "/home/user/DisasterAI/DisasterAI_Model.py", line 1315, in process_reward
    for cell in cells_to_relieve:
                ^^^^^^^^^^^^^^^^
NameError: name 'cells_to_relieve' is not defined
ERROR in Agent H_17 process_reward at tick 67: name 'cells_to_relieve' is not defined
Traceback (most recent call last):
  File "/home/user/DisasterAI/DisasterAI_Model.py", line 1315, in process_reward
    for cell in cells_to_relieve:
                ^^^^^^^^^^^^^^^^
NameError: name 'cells_to_relieve' is not defined
ERROR in Agent H_9 process_reward at tick 67: name 'cells_to_relieve' is not defined
Traceback (most recent call last):
  File "/home/user/DisasterAI/DisasterAI_Model.py", line 1315, in process_reward
    for cell in cells_to_relieve:
                ^^^^^^^^^^^^^^^^
NameError: name 'cells_to_relieve' is not defined
ERROR in Agent H_20 process_reward at tick 67: name 'cells_to_relieve' is not defined
Traceback (most recent call last):
  File "/home/user/DisasterAI/DisasterAI_Model.py", line 1315, in process_reward
    for cell in cells_to_relieve:
                ^^^^^^^^^^^^^^^^
NameError: name 'cells_to_relieve' is not defined
ERROR in Agent H_25 process_reward at tick 67: name 'cells_to_relieve' is not defined
Traceback (most recent call last):
  File "/home/user/DisasterAI/DisasterAI_Model.py", line 1315, in process_reward
    for cell in cells_to_relieve:
                ^^^^^^^^^^^^^^^^
NameError: name 'cells_to_relieve' is not defined
ERROR in Agent H_42 process_reward at tick 67: name 'cells_to_relieve' is not defined
Traceback (most recent call last):
  File "/home/user/DisasterAI/DisasterAI_Model.py", line 1315, in process_reward
    for cell in cells_to_relieve:
                ^^^^^^^^^^^^^^^^
NameError: name 'cells_to_relieve' is not defined
ERROR in Agent H_2 process_reward at tick 67: name 'cells_to_relieve' is not defined
Traceback (most recent call last):
  File "/home/user/DisasterAI/DisasterAI_Model.py", line 1315, in process_reward
    for cell in cells_to_relieve:
                ^^^^^^^^^^^^^^^^
NameError: name 'cells_to_relieve' is not defined
ERROR in Agent H_3 process_reward at tick 67: name 'cells_to_relieve' is not defined
Traceback (most recent call last):
  File "/home/user/DisasterAI/DisasterAI_Model.py", line 1315, in process_reward
    for cell in cells_to_relieve:
                ^^^^^^^^^^^^^^^^
NameError: name 'cells_to_relieve' is not defined
ERROR in Agent H_18 process_reward at tick 67: name 'cells_to_relieve' is not defined
Traceback (most recent call last):
  File "/home/user/DisasterAI/DisasterAI_Model.py", line 1315, in process_reward
    for cell in cells_to_relieve:
                ^^^^^^^^^^^^^^^^
NameError: name 'cells_to_relieve' is not defined
ERROR in Agent H_16 process_reward at tick 67: name 'cells_to_relieve' is not defined
Traceback (most recent call last):
  File "/home/user/DisasterAI/DisasterAI_Model.py", line 1315, in process_reward
    for cell in cells_to_relieve:
                ^^^^^^^^^^^^^^^^
NameError: name 'cells_to_relieve' is not defined
ERROR in Agent H_23 process_reward at tick 67: name 'cells_to_relieve' is not defined
Traceback (most recent call last):
  File "/home/user/DisasterAI/DisasterAI_Model.py", line 1315, in process_reward
    for cell in cells_to_relieve:
                ^^^^^^^^^^^^^^^^
NameError: name 'cells_to_relieve' is not defined
ERROR in Agent H_6 process_reward at tick 67: name 'cells_to_relieve' is not defined
Traceback (most recent call last):
  File "/home/user/DisasterAI/DisasterAI_Model.py", line 1315, in process_reward
    for cell in cells_to_relieve:
                ^^^^^^^^^^^^^^^^
NameError: name 'cells_to_relieve' is not defined
ERROR in Agent H_45 process_reward at tick 67: name 'cells_to_relieve' is not defined
Traceback (most recent call last):
  File "/home/user/DisasterAI/DisasterAI_Model.py", line 1315, in process_reward
    for cell in cells_to_relieve:
                ^^^^^^^^^^^^^^^^
NameError: name 'cells_to_relieve' is not defined
ERROR in Agent H_13 process_reward at tick 67: name 'cells_to_relieve' is not defined
Traceback (most recent call last):
  File "/home/user/DisasterAI/DisasterAI_Model.py", line 1315, in process_reward
    for cell in cells_to_relieve:
                ^^^^^^^^^^^^^^^^
NameError: name 'cells_to_relieve' is not defined
ERROR in Agent H_32 process_reward at tick 67: name 'cells_to_relieve' is not defined
Traceback (most recent call last):
  File "/home/user/DisasterAI/DisasterAI_Model.py", line 1315, in process_reward
    for cell in cells_to_relieve:
                ^^^^^^^^^^^^^^^^
NameError: name 'cells_to_relieve' is not defined
ERROR in Agent H_34 process_reward at tick 67: name 'cells_to_relieve' is not defined
Traceback (most recent call last):
  File "/home/user/DisasterAI/DisasterAI_Model.py", line 1315, in process_reward
    for cell in cells_to_relieve:
                ^^^^^^^^^^^^^^^^
NameError: name 'cells_to_relieve' is not defined
ERROR in Agent H_47 process_reward at tick 67: name 'cells_to_relieve' is not defined
Traceback (most recent call last):
  File "/home/user/DisasterAI/DisasterAI_Model.py", line 1315, in process_reward
    for cell in cells_to_relieve:
                ^^^^^^^^^^^^^^^^
NameError: name 'cells_to_relieve' is not defined
ERROR in Agent H_5 process_reward at tick 67: name 'cells_to_relieve' is not defined
Traceback (most recent call last):
  File "/home/user/DisasterAI/DisasterAI_Model.py", line 1315, in process_reward
    for cell in cells_to_relieve:
                ^^^^^^^^^^^^^^^^
NameError: name 'cells_to_relieve' is not defined
ERROR in Agent H_12 process_reward at tick 67: name 'cells_to_relieve' is not defined
Traceback (most recent call last):
  File "/home/user/DisasterAI/DisasterAI_Model.py", line 1315, in process_reward
    for cell in cells_to_relieve:
                ^^^^^^^^^^^^^^^^
NameError: name 'cells_to_relieve' is not defined
ERROR in Agent H_19 process_reward at tick 67: name 'cells_to_relieve' is not defined
Traceback (most recent call last):
  File "/home/user/DisasterAI/DisasterAI_Model.py", line 1315, in process_reward
    for cell in cells_to_relieve:
                ^^^^^^^^^^^^^^^^
NameError: name 'cells_to_relieve' is not defined
ERROR in Agent H_31 process_reward at tick 67: name 'cells_to_relieve' is not defined
Traceback (most recent call last):
  File "/home/user/DisasterAI/DisasterAI_Model.py", line 1315, in process_reward
    for cell in cells_to_relieve:
                ^^^^^^^^^^^^^^^^
NameError: name 'cells_to_relieve' is not defined
ERROR in Agent H_1 process_reward at tick 67: name 'cells_to_relieve' is not defined
Traceback (most recent call last):
  File "/home/user/DisasterAI/DisasterAI_Model.py", line 1315, in process_reward
    for cell in cells_to_relieve:
                ^^^^^^^^^^^^^^^^
NameError: name 'cells_to_relieve' is not defined
ERROR in Agent H_27 process_reward at tick 67: name 'cells_to_relieve' is not defined
Traceback (most recent call last):
  File "/home/user/DisasterAI/DisasterAI_Model.py", line 1315, in process_reward
    for cell in cells_to_relieve:
                ^^^^^^^^^^^^^^^^
NameError: name 'cells_to_relieve' is not defined
ERROR in Agent H_49 process_reward at tick 67: name 'cells_to_relieve' is not defined
Traceback (most recent call last):
  File "/home/user/DisasterAI/DisasterAI_Model.py", line 1315, in process_reward
    for cell in cells_to_relieve:
                ^^^^^^^^^^^^^^^^
NameError: name 'cells_to_relieve' is not defined
ERROR in Agent H_33 process_reward at tick 67: name 'cells_to_relieve' is not defined
Traceback (most recent call last):
  File "/home/user/DisasterAI/DisasterAI_Model.py", line 1315, in process_reward
    for cell in cells_to_relieve:
                ^^^^^^^^^^^^^^^^
NameError: name 'cells_to_relieve' is not defined
ERROR in Agent H_8 process_reward at tick 67: name 'cells_to_relieve' is not defined
Traceback (most recent call last):
  File "/home/user/DisasterAI/DisasterAI_Model.py", line 1315, in process_reward
    for cell in cells_to_relieve:
                ^^^^^^^^^^^^^^^^
NameError: name 'cells_to_relieve' is not defined
ERROR in Agent H_30 process_reward at tick 67: name 'cells_to_relieve' is not defined
Traceback (most recent call last):
  File "/home/user/DisasterAI/DisasterAI_Model.py", line 1315, in process_reward
    for cell in cells_to_relieve:
                ^^^^^^^^^^^^^^^^
NameError: name 'cells_to_relieve' is not defined
ERROR in Agent H_44 process_reward at tick 67: name 'cells_to_relieve' is not defined
Traceback (most recent call last):
  File "/home/user/DisasterAI/DisasterAI_Model.py", line 1315, in process_reward
    for cell in cells_to_relieve:
                ^^^^^^^^^^^^^^^^
NameError: name 'cells_to_relieve' is not defined
ERROR in Agent H_26 process_reward at tick 67: name 'cells_to_relieve' is not defined
Traceback (most recent call last):
  File "/home/user/DisasterAI/DisasterAI_Model.py", line 1315, in process_reward
    for cell in cells_to_relieve:
                ^^^^^^^^^^^^^^^^
NameError: name 'cells_to_relieve' is not defined
ERROR in Agent H_42 process_reward at tick 68: name 'cells_to_relieve' is not defined
Traceback (most recent call last):
  File "/home/user/DisasterAI/DisasterAI_Model.py", line 1315, in process_reward
    for cell in cells_to_relieve:
                ^^^^^^^^^^^^^^^^
NameError: name 'cells_to_relieve' is not defined
ERROR in Agent H_24 process_reward at tick 68: name 'cells_to_relieve' is not defined
Traceback (most recent call last):
  File "/home/user/DisasterAI/DisasterAI_Model.py", line 1315, in process_reward
    for cell in cells_to_relieve:
                ^^^^^^^^^^^^^^^^
NameError: name 'cells_to_relieve' is not defined
ERROR in Agent H_35 process_reward at tick 68: name 'cells_to_relieve' is not defined
Traceback (most recent call last):
  File "/home/user/DisasterAI/DisasterAI_Model.py", line 1315, in process_reward
    for cell in cells_to_relieve:
                ^^^^^^^^^^^^^^^^
NameError: name 'cells_to_relieve' is not defined
ERROR in Agent H_23 process_reward at tick 68: name 'cells_to_relieve' is not defined
Traceback (most recent call last):
  File "/home/user/DisasterAI/DisasterAI_Model.py", line 1315, in process_reward
    for cell in cells_to_relieve:
                ^^^^^^^^^^^^^^^^
NameError: name 'cells_to_relieve' is not defined
ERROR in Agent H_16 process_reward at tick 68: name 'cells_to_relieve' is not defined
Traceback (most recent call last):
  File "/home/user/DisasterAI/DisasterAI_Model.py", line 1315, in process_reward
    for cell in cells_to_relieve:
                ^^^^^^^^^^^^^^^^
NameError: name 'cells_to_relieve' is not defined
ERROR in Agent H_4 process_reward at tick 68: name 'cells_to_relieve' is not defined
Traceback (most recent call last):
  File "/home/user/DisasterAI/DisasterAI_Model.py", line 1315, in process_reward
    for cell in cells_to_relieve:
                ^^^^^^^^^^^^^^^^
NameError: name 'cells_to_relieve' is not defined
ERROR in Agent H_31 process_reward at tick 68: name 'cells_to_relieve' is not defined
Traceback (most recent call last):
  File "/home/user/DisasterAI/DisasterAI_Model.py", line 1315, in process_reward
    for cell in cells_to_relieve:
                ^^^^^^^^^^^^^^^^
NameError: name 'cells_to_relieve' is not defined
ERROR in Agent H_32 process_reward at tick 68: name 'cells_to_relieve' is not defined
Traceback (most recent call last):
  File "/home/user/DisasterAI/DisasterAI_Model.py", line 1315, in process_reward
    for cell in cells_to_relieve:
                ^^^^^^^^^^^^^^^^
NameError: name 'cells_to_relieve' is not defined
ERROR in Agent H_19 process_reward at tick 68: name 'cells_to_relieve' is not defined
Traceback (most recent call last):
  File "/home/user/DisasterAI/DisasterAI_Model.py", line 1315, in process_reward
    for cell in cells_to_relieve:
                ^^^^^^^^^^^^^^^^
NameError: name 'cells_to_relieve' is not defined
ERROR in Agent H_25 process_reward at tick 68: name 'cells_to_relieve' is not defined
Traceback (most recent call last):
  File "/home/user/DisasterAI/DisasterAI_Model.py", line 1315, in process_reward
    for cell in cells_to_relieve:
                ^^^^^^^^^^^^^^^^
NameError: name 'cells_to_relieve' is not defined
ERROR in Agent H_15 process_reward at tick 68: name 'cells_to_relieve' is not defined
Traceback (most recent call last):
  File "/home/user/DisasterAI/DisasterAI_Model.py", line 1315, in process_reward
    for cell in cells_to_relieve:
                ^^^^^^^^^^^^^^^^
NameError: name 'cells_to_relieve' is not defined
ERROR in Agent H_8 process_reward at tick 68: name 'cells_to_relieve' is not defined
Traceback (most recent call last):
  File "/home/user/DisasterAI/DisasterAI_Model.py", line 1315, in process_reward
    for cell in cells_to_relieve:
                ^^^^^^^^^^^^^^^^
NameError: name 'cells_to_relieve' is not defined
ERROR in Agent H_48 process_reward at tick 68: name 'cells_to_relieve' is not defined
Traceback (most recent call last):
  File "/home/user/DisasterAI/DisasterAI_Model.py", line 1315, in process_reward
    for cell in cells_to_relieve:
                ^^^^^^^^^^^^^^^^
NameError: name 'cells_to_relieve' is not defined
ERROR in Agent H_20 process_reward at tick 68: name 'cells_to_relieve' is not defined
Traceback (most recent call last):
  File "/home/user/DisasterAI/DisasterAI_Model.py", line 1315, in process_reward
    for cell in cells_to_relieve:
                ^^^^^^^^^^^^^^^^
NameError: name 'cells_to_relieve' is not defined
ERROR in Agent H_41 process_reward at tick 68: name 'cells_to_relieve' is not defined
Traceback (most recent call last):
  File "/home/user/DisasterAI/DisasterAI_Model.py", line 1315, in process_reward
    for cell in cells_to_relieve:
                ^^^^^^^^^^^^^^^^
NameError: name 'cells_to_relieve' is not defined
ERROR in Agent H_39 process_reward at tick 68: name 'cells_to_relieve' is not defined
Traceback (most recent call last):
  File "/home/user/DisasterAI/DisasterAI_Model.py", line 1315, in process_reward
    for cell in cells_to_relieve:
                ^^^^^^^^^^^^^^^^
NameError: name 'cells_to_relieve' is not defined
ERROR in Agent H_37 process_reward at tick 68: name 'cells_to_relieve' is not defined
Traceback (most recent call last):
  File "/home/user/DisasterAI/DisasterAI_Model.py", line 1315, in process_reward
    for cell in cells_to_relieve:
                ^^^^^^^^^^^^^^^^
NameError: name 'cells_to_relieve' is not defined
ERROR in Agent H_40 process_reward at tick 68: name 'cells_to_relieve' is not defined
Traceback (most recent call last):
  File "/home/user/DisasterAI/DisasterAI_Model.py", line 1315, in process_reward
    for cell in cells_to_relieve:
                ^^^^^^^^^^^^^^^^
NameError: name 'cells_to_relieve' is not defined
ERROR in Agent H_3 process_reward at tick 68: name 'cells_to_relieve' is not defined
Traceback (most recent call last):
  File "/home/user/DisasterAI/DisasterAI_Model.py", line 1315, in process_reward
    for cell in cells_to_relieve:
                ^^^^^^^^^^^^^^^^
NameError: name 'cells_to_relieve' is not defined
ERROR in Agent H_27 process_reward at tick 68: name 'cells_to_relieve' is not defined
Traceback (most recent call last):
  File "/home/user/DisasterAI/DisasterAI_Model.py", line 1315, in process_reward
    for cell in cells_to_relieve:
                ^^^^^^^^^^^^^^^^
NameError: name 'cells_to_relieve' is not defined
ERROR in Agent H_9 process_reward at tick 68: name 'cells_to_relieve' is not defined
Traceback (most recent call last):
  File "/home/user/DisasterAI/DisasterAI_Model.py", line 1315, in process_reward
    for cell in cells_to_relieve:
                ^^^^^^^^^^^^^^^^
NameError: name 'cells_to_relieve' is not defined
ERROR in Agent H_46 process_reward at tick 68: name 'cells_to_relieve' is not defined
Traceback (most recent call last):
  File "/home/user/DisasterAI/DisasterAI_Model.py", line 1315, in process_reward
    for cell in cells_to_relieve:
                ^^^^^^^^^^^^^^^^
NameError: name 'cells_to_relieve' is not defined
ERROR in Agent H_10 process_reward at tick 68: name 'cells_to_relieve' is not defined
Traceback (most recent call last):
  File "/home/user/DisasterAI/DisasterAI_Model.py", line 1315, in process_reward
    for cell in cells_to_relieve:
                ^^^^^^^^^^^^^^^^
NameError: name 'cells_to_relieve' is not defined
ERROR in Agent H_45 process_reward at tick 68: name 'cells_to_relieve' is not defined
Traceback (most recent call last):
  File "/home/user/DisasterAI/DisasterAI_Model.py", line 1315, in process_reward
    for cell in cells_to_relieve:
                ^^^^^^^^^^^^^^^^
NameError: name 'cells_to_relieve' is not defined
ERROR in Agent H_38 process_reward at tick 68: name 'cells_to_relieve' is not defined
Traceback (most recent call last):
  File "/home/user/DisasterAI/DisasterAI_Model.py", line 1315, in process_reward
    for cell in cells_to_relieve:
                ^^^^^^^^^^^^^^^^
NameError: name 'cells_to_relieve' is not defined
ERROR in Agent H_43 process_reward at tick 68: name 'cells_to_relieve' is not defined
Traceback (most recent call last):
  File "/home/user/DisasterAI/DisasterAI_Model.py", line 1315, in process_reward
    for cell in cells_to_relieve:
                ^^^^^^^^^^^^^^^^
NameError: name 'cells_to_relieve' is not defined
ERROR in Agent H_2 process_reward at tick 68: name 'cells_to_relieve' is not defined
Traceback (most recent call last):
  File "/home/user/DisasterAI/DisasterAI_Model.py", line 1315, in process_reward
    for cell in cells_to_relieve:
                ^^^^^^^^^^^^^^^^
NameError: name 'cells_to_relieve' is not defined
ERROR in Agent H_36 process_reward at tick 68: name 'cells_to_relieve' is not defined
Traceback (most recent call last):
  File "/home/user/DisasterAI/DisasterAI_Model.py", line 1315, in process_reward
    for cell in cells_to_relieve:
                ^^^^^^^^^^^^^^^^
NameError: name 'cells_to_relieve' is not defined
ERROR in Agent H_7 process_reward at tick 68: name 'cells_to_relieve' is not defined
Traceback (most recent call last):
  File "/home/user/DisasterAI/DisasterAI_Model.py", line 1315, in process_reward
    for cell in cells_to_relieve:
                ^^^^^^^^^^^^^^^^
NameError: name 'cells_to_relieve' is not defined
ERROR in Agent H_47 process_reward at tick 68: name 'cells_to_relieve' is not defined
Traceback (most recent call last):
  File "/home/user/DisasterAI/DisasterAI_Model.py", line 1315, in process_reward
    for cell in cells_to_relieve:
                ^^^^^^^^^^^^^^^^
NameError: name 'cells_to_relieve' is not defined
ERROR in Agent H_46 process_reward at tick 69: name 'cells_to_relieve' is not defined
Traceback (most recent call last):
  File "/home/user/DisasterAI/DisasterAI_Model.py", line 1315, in process_reward
    for cell in cells_to_relieve:
                ^^^^^^^^^^^^^^^^
NameError: name 'cells_to_relieve' is not defined
ERROR in Agent H_38 process_reward at tick 69: name 'cells_to_relieve' is not defined
Traceback (most recent call last):
  File "/home/user/DisasterAI/DisasterAI_Model.py", line 1315, in process_reward
    for cell in cells_to_relieve:
                ^^^^^^^^^^^^^^^^
NameError: name 'cells_to_relieve' is not defined
ERROR in Agent H_32 process_reward at tick 69: name 'cells_to_relieve' is not defined
Traceback (most recent call last):
  File "/home/user/DisasterAI/DisasterAI_Model.py", line 1315, in process_reward
    for cell in cells_to_relieve:
                ^^^^^^^^^^^^^^^^
NameError: name 'cells_to_relieve' is not defined
ERROR in Agent H_22 process_reward at tick 69: name 'cells_to_relieve' is not defined
Traceback (most recent call last):
  File "/home/user/DisasterAI/DisasterAI_Model.py", line 1315, in process_reward
    for cell in cells_to_relieve:
                ^^^^^^^^^^^^^^^^
NameError: name 'cells_to_relieve' is not defined
ERROR in Agent H_29 process_reward at tick 69: name 'cells_to_relieve' is not defined
Traceback (most recent call last):
  File "/home/user/DisasterAI/DisasterAI_Model.py", line 1315, in process_reward
    for cell in cells_to_relieve:
                ^^^^^^^^^^^^^^^^
NameError: name 'cells_to_relieve' is not defined
ERROR in Agent H_24 process_reward at tick 69: name 'cells_to_relieve' is not defined
Traceback (most recent call last):
  File "/home/user/DisasterAI/DisasterAI_Model.py", line 1315, in process_reward
    for cell in cells_to_relieve:
                ^^^^^^^^^^^^^^^^
NameError: name 'cells_to_relieve' is not defined
ERROR in Agent H_18 process_reward at tick 69: name 'cells_to_relieve' is not defined
Traceback (most recent call last):
  File "/home/user/DisasterAI/DisasterAI_Model.py", line 1315, in process_reward
    for cell in cells_to_relieve:
                ^^^^^^^^^^^^^^^^
NameError: name 'cells_to_relieve' is not defined
ERROR in Agent H_30 process_reward at tick 69: name 'cells_to_relieve' is not defined
Traceback (most recent call last):
  File "/home/user/DisasterAI/DisasterAI_Model.py", line 1315, in process_reward
    for cell in cells_to_relieve:
                ^^^^^^^^^^^^^^^^
NameError: name 'cells_to_relieve' is not defined
ERROR in Agent H_36 process_reward at tick 69: name 'cells_to_relieve' is not defined
Traceback (most recent call last):
  File "/home/user/DisasterAI/DisasterAI_Model.py", line 1315, in process_reward
    for cell in cells_to_relieve:
                ^^^^^^^^^^^^^^^^
NameError: name 'cells_to_relieve' is not defined
ERROR in Agent H_12 process_reward at tick 69: name 'cells_to_relieve' is not defined
Traceback (most recent call last):
  File "/home/user/DisasterAI/DisasterAI_Model.py", line 1315, in process_reward
    for cell in cells_to_relieve:
                ^^^^^^^^^^^^^^^^
NameError: name 'cells_to_relieve' is not defined
ERROR in Agent H_21 process_reward at tick 69: name 'cells_to_relieve' is not defined
Traceback (most recent call last):
  File "/home/user/DisasterAI/DisasterAI_Model.py", line 1315, in process_reward
    for cell in cells_to_relieve:
                ^^^^^^^^^^^^^^^^
NameError: name 'cells_to_relieve' is not defined
ERROR in Agent H_2 process_reward at tick 69: name 'cells_to_relieve' is not defined
Traceback (most recent call last):
  File "/home/user/DisasterAI/DisasterAI_Model.py", line 1315, in process_reward
    for cell in cells_to_relieve:
                ^^^^^^^^^^^^^^^^
NameError: name 'cells_to_relieve' is not defined
ERROR in Agent H_20 process_reward at tick 69: name 'cells_to_relieve' is not defined
Traceback (most recent call last):
  File "/home/user/DisasterAI/DisasterAI_Model.py", line 1315, in process_reward
    for cell in cells_to_relieve:
                ^^^^^^^^^^^^^^^^
NameError: name 'cells_to_relieve' is not defined
ERROR in Agent H_31 process_reward at tick 69: name 'cells_to_relieve' is not defined
Traceback (most recent call last):
  File "/home/user/DisasterAI/DisasterAI_Model.py", line 1315, in process_reward
    for cell in cells_to_relieve:
                ^^^^^^^^^^^^^^^^
NameError: name 'cells_to_relieve' is not defined
ERROR in Agent H_15 process_reward at tick 69: name 'cells_to_relieve' is not defined
Traceback (most recent call last):
  File "/home/user/DisasterAI/DisasterAI_Model.py", line 1315, in process_reward
    for cell in cells_to_relieve:
                ^^^^^^^^^^^^^^^^
NameError: name 'cells_to_relieve' is not defined
ERROR in Agent H_41 process_reward at tick 69: name 'cells_to_relieve' is not defined
Traceback (most recent call last):
  File "/home/user/DisasterAI/DisasterAI_Model.py", line 1315, in process_reward
    for cell in cells_to_relieve:
                ^^^^^^^^^^^^^^^^
NameError: name 'cells_to_relieve' is not defined
ERROR in Agent H_23 process_reward at tick 69: name 'cells_to_relieve' is not defined
Traceback (most recent call last):
  File "/home/user/DisasterAI/DisasterAI_Model.py", line 1315, in process_reward
    for cell in cells_to_relieve:
                ^^^^^^^^^^^^^^^^
NameError: name 'cells_to_relieve' is not defined
ERROR in Agent H_5 process_reward at tick 69: name 'cells_to_relieve' is not defined
Traceback (most recent call last):
  File "/home/user/DisasterAI/DisasterAI_Model.py", line 1315, in process_reward
    for cell in cells_to_relieve:
                ^^^^^^^^^^^^^^^^
NameError: name 'cells_to_relieve' is not defined
ERROR in Agent H_44 process_reward at tick 69: name 'cells_to_relieve' is not defined
Traceback (most recent call last):
  File "/home/user/DisasterAI/DisasterAI_Model.py", line 1315, in process_reward
    for cell in cells_to_relieve:
                ^^^^^^^^^^^^^^^^
NameError: name 'cells_to_relieve' is not defined
ERROR in Agent H_25 process_reward at tick 69: name 'cells_to_relieve' is not defined
Traceback (most recent call last):
  File "/home/user/DisasterAI/DisasterAI_Model.py", line 1315, in process_reward
    for cell in cells_to_relieve:
                ^^^^^^^^^^^^^^^^
NameError: name 'cells_to_relieve' is not defined
ERROR in Agent H_11 process_reward at tick 69: name 'cells_to_relieve' is not defined
Traceback (most recent call last):
  File "/home/user/DisasterAI/DisasterAI_Model.py", line 1315, in process_reward
    for cell in cells_to_relieve:
                ^^^^^^^^^^^^^^^^
NameError: name 'cells_to_relieve' is not defined
ERROR in Agent H_43 process_reward at tick 69: name 'cells_to_relieve' is not defined
Traceback (most recent call last):
  File "/home/user/DisasterAI/DisasterAI_Model.py", line 1315, in process_reward
    for cell in cells_to_relieve:
                ^^^^^^^^^^^^^^^^
NameError: name 'cells_to_relieve' is not defined
ERROR in Agent H_26 process_reward at tick 69: name 'cells_to_relieve' is not defined
Traceback (most recent call last):
  File "/home/user/DisasterAI/DisasterAI_Model.py", line 1315, in process_reward
    for cell in cells_to_relieve:
                ^^^^^^^^^^^^^^^^
NameError: name 'cells_to_relieve' is not defined
ERROR in Agent H_47 process_reward at tick 69: name 'cells_to_relieve' is not defined
Traceback (most recent call last):
  File "/home/user/DisasterAI/DisasterAI_Model.py", line 1315, in process_reward
    for cell in cells_to_relieve:
                ^^^^^^^^^^^^^^^^
NameError: name 'cells_to_relieve' is not defined
ERROR in Agent H_17 process_reward at tick 69: name 'cells_to_relieve' is not defined
Traceback (most recent call last):
  File "/home/user/DisasterAI/DisasterAI_Model.py", line 1315, in process_reward
    for cell in cells_to_relieve:
                ^^^^^^^^^^^^^^^^
NameError: name 'cells_to_relieve' is not defined
ERROR in Agent H_0 process_reward at tick 69: name 'cells_to_relieve' is not defined
Traceback (most recent call last):
  File "/home/user/DisasterAI/DisasterAI_Model.py", line 1315, in process_reward
    for cell in cells_to_relieve:
                ^^^^^^^^^^^^^^^^
NameError: name 'cells_to_relieve' is not defined
ERROR in Agent H_7 process_reward at tick 69: name 'cells_to_relieve' is not defined
Traceback (most recent call last):
  File "/home/user/DisasterAI/DisasterAI_Model.py", line 1315, in process_reward
    for cell in cells_to_relieve:
                ^^^^^^^^^^^^^^^^
NameError: name 'cells_to_relieve' is not defined
ERROR in Agent H_16 process_reward at tick 69: name 'cells_to_relieve' is not defined
Traceback (most recent call last):
  File "/home/user/DisasterAI/DisasterAI_Model.py", line 1315, in process_reward
    for cell in cells_to_relieve:
                ^^^^^^^^^^^^^^^^
NameError: name 'cells_to_relieve' is not defined
ERROR in Agent H_19 process_reward at tick 69: name 'cells_to_relieve' is not defined
Traceback (most recent call last):
  File "/home/user/DisasterAI/DisasterAI_Model.py", line 1315, in process_reward
    for cell in cells_to_relieve:
                ^^^^^^^^^^^^^^^^
NameError: name 'cells_to_relieve' is not defined
ERROR in Agent H_37 process_reward at tick 69: name 'cells_to_relieve' is not defined
Traceback (most recent call last):
  File "/home/user/DisasterAI/DisasterAI_Model.py", line 1315, in process_reward
    for cell in cells_to_relieve:
                ^^^^^^^^^^^^^^^^
NameError: name 'cells_to_relieve' is not defined
ERROR in Agent H_37 process_reward at tick 70: name 'cells_to_relieve' is not defined
Traceback (most recent call last):
  File "/home/user/DisasterAI/DisasterAI_Model.py", line 1315, in process_reward
    for cell in cells_to_relieve:
                ^^^^^^^^^^^^^^^^
NameError: name 'cells_to_relieve' is not defined
ERROR in Agent H_10 process_reward at tick 70: name 'cells_to_relieve' is not defined
Traceback (most recent call last):
  File "/home/user/DisasterAI/DisasterAI_Model.py", line 1315, in process_reward
    for cell in cells_to_relieve:
                ^^^^^^^^^^^^^^^^
NameError: name 'cells_to_relieve' is not defined
ERROR in Agent H_46 process_reward at tick 70: name 'cells_to_relieve' is not defined
Traceback (most recent call last):
  File "/home/user/DisasterAI/DisasterAI_Model.py", line 1315, in process_reward
    for cell in cells_to_relieve:
                ^^^^^^^^^^^^^^^^
NameError: name 'cells_to_relieve' is not defined
ERROR in Agent H_42 process_reward at tick 70: name 'cells_to_relieve' is not defined
Traceback (most recent call last):
  File "/home/user/DisasterAI/DisasterAI_Model.py", line 1315, in process_reward
    for cell in cells_to_relieve:
                ^^^^^^^^^^^^^^^^
NameError: name 'cells_to_relieve' is not defined
ERROR in Agent H_2 process_reward at tick 70: name 'cells_to_relieve' is not defined
Traceback (most recent call last):
  File "/home/user/DisasterAI/DisasterAI_Model.py", line 1315, in process_reward
    for cell in cells_to_relieve:
                ^^^^^^^^^^^^^^^^
NameError: name 'cells_to_relieve' is not defined
ERROR in Agent H_30 process_reward at tick 70: name 'cells_to_relieve' is not defined
Traceback (most recent call last):
  File "/home/user/DisasterAI/DisasterAI_Model.py", line 1315, in process_reward
    for cell in cells_to_relieve:
                ^^^^^^^^^^^^^^^^
NameError: name 'cells_to_relieve' is not defined
ERROR in Agent H_1 process_reward at tick 70: name 'cells_to_relieve' is not defined
Traceback (most recent call last):
  File "/home/user/DisasterAI/DisasterAI_Model.py", line 1315, in process_reward
    for cell in cells_to_relieve:
                ^^^^^^^^^^^^^^^^
NameError: name 'cells_to_relieve' is not defined
ERROR in Agent H_7 process_reward at tick 70: name 'cells_to_relieve' is not defined
Traceback (most recent call last):
  File "/home/user/DisasterAI/DisasterAI_Model.py", line 1315, in process_reward
    for cell in cells_to_relieve:
                ^^^^^^^^^^^^^^^^
NameError: name 'cells_to_relieve' is not defined
ERROR in Agent H_44 process_reward at tick 70: name 'cells_to_relieve' is not defined
Traceback (most recent call last):
  File "/home/user/DisasterAI/DisasterAI_Model.py", line 1315, in process_reward
    for cell in cells_to_relieve:
                ^^^^^^^^^^^^^^^^
NameError: name 'cells_to_relieve' is not defined
ERROR in Agent H_26 process_reward at tick 70: name 'cells_to_relieve' is not defined
Traceback (most recent call last):
  File "/home/user/DisasterAI/DisasterAI_Model.py", line 1315, in process_reward
    for cell in cells_to_relieve:
                ^^^^^^^^^^^^^^^^
NameError: name 'cells_to_relieve' is not defined
ERROR in Agent H_38 process_reward at tick 70: name 'cells_to_relieve' is not defined
Traceback (most recent call last):
  File "/home/user/DisasterAI/DisasterAI_Model.py", line 1315, in process_reward
    for cell in cells_to_relieve:
                ^^^^^^^^^^^^^^^^
NameError: name 'cells_to_relieve' is not defined
ERROR in Agent H_0 process_reward at tick 70: name 'cells_to_relieve' is not defined
Traceback (most recent call last):
  File "/home/user/DisasterAI/DisasterAI_Model.py", line 1315, in process_reward
    for cell in cells_to_relieve:
                ^^^^^^^^^^^^^^^^
NameError: name 'cells_to_relieve' is not defined
ERROR in Agent H_32 process_reward at tick 70: name 'cells_to_relieve' is not defined
Traceback (most recent call last):
  File "/home/user/DisasterAI/DisasterAI_Model.py", line 1315, in process_reward
    for cell in cells_to_relieve:
                ^^^^^^^^^^^^^^^^
NameError: name 'cells_to_relieve' is not defined
ERROR in Agent H_22 process_reward at tick 70: name 'cells_to_relieve' is not defined
Traceback (most recent call last):
  File "/home/user/DisasterAI/DisasterAI_Model.py", line 1315, in process_reward
    for cell in cells_to_relieve:
                ^^^^^^^^^^^^^^^^
NameError: name 'cells_to_relieve' is not defined
ERROR in Agent H_5 process_reward at tick 70: name 'cells_to_relieve' is not defined
Traceback (most recent call last):
  File "/home/user/DisasterAI/DisasterAI_Model.py", line 1315, in process_reward
    for cell in cells_to_relieve:
                ^^^^^^^^^^^^^^^^
NameError: name 'cells_to_relieve' is not defined
ERROR in Agent H_28 process_reward at tick 70: name 'cells_to_relieve' is not defined
Traceback (most recent call last):
  File "/home/user/DisasterAI/DisasterAI_Model.py", line 1315, in process_reward
    for cell in cells_to_relieve:
                ^^^^^^^^^^^^^^^^
NameError: name 'cells_to_relieve' is not defined
ERROR in Agent H_20 process_reward at tick 70: name 'cells_to_relieve' is not defined
Traceback (most recent call last):
  File "/home/user/DisasterAI/DisasterAI_Model.py", line 1315, in process_reward
    for cell in cells_to_relieve:
                ^^^^^^^^^^^^^^^^
NameError: name 'cells_to_relieve' is not defined
ERROR in Agent H_41 process_reward at tick 70: name 'cells_to_relieve' is not defined
Traceback (most recent call last):
  File "/home/user/DisasterAI/DisasterAI_Model.py", line 1315, in process_reward
    for cell in cells_to_relieve:
                ^^^^^^^^^^^^^^^^
NameError: name 'cells_to_relieve' is not defined
ERROR in Agent H_23 process_reward at tick 70: name 'cells_to_relieve' is not defined
Traceback (most recent call last):
  File "/home/user/DisasterAI/DisasterAI_Model.py", line 1315, in process_reward
    for cell in cells_to_relieve:
                ^^^^^^^^^^^^^^^^
NameError: name 'cells_to_relieve' is not defined
ERROR in Agent H_6 process_reward at tick 70: name 'cells_to_relieve' is not defined
Traceback (most recent call last):
  File "/home/user/DisasterAI/DisasterAI_Model.py", line 1315, in process_reward
    for cell in cells_to_relieve:
                ^^^^^^^^^^^^^^^^
NameError: name 'cells_to_relieve' is not defined
ERROR in Agent H_17 process_reward at tick 70: name 'cells_to_relieve' is not defined
Traceback (most recent call last):
  File "/home/user/DisasterAI/DisasterAI_Model.py", line 1315, in process_reward
    for cell in cells_to_relieve:
                ^^^^^^^^^^^^^^^^
NameError: name 'cells_to_relieve' is not defined
ERROR in Agent H_15 process_reward at tick 70: name 'cells_to_relieve' is not defined
Traceback (most recent call last):
  File "/home/user/DisasterAI/DisasterAI_Model.py", line 1315, in process_reward
    for cell in cells_to_relieve:
                ^^^^^^^^^^^^^^^^
NameError: name 'cells_to_relieve' is not defined
ERROR in Agent H_16 process_reward at tick 70: name 'cells_to_relieve' is not defined
Traceback (most recent call last):
  File "/home/user/DisasterAI/DisasterAI_Model.py", line 1315, in process_reward
    for cell in cells_to_relieve:
                ^^^^^^^^^^^^^^^^
NameError: name 'cells_to_relieve' is not defined
ERROR in Agent H_49 process_reward at tick 70: name 'cells_to_relieve' is not defined
Traceback (most recent call last):
  File "/home/user/DisasterAI/DisasterAI_Model.py", line 1315, in process_reward
    for cell in cells_to_relieve:
                ^^^^^^^^^^^^^^^^
NameError: name 'cells_to_relieve' is not defined
ERROR in Agent H_24 process_reward at tick 70: name 'cells_to_relieve' is not defined
Traceback (most recent call last):
  File "/home/user/DisasterAI/DisasterAI_Model.py", line 1315, in process_reward
    for cell in cells_to_relieve:
                ^^^^^^^^^^^^^^^^
NameError: name 'cells_to_relieve' is not defined
ERROR in Agent H_35 process_reward at tick 70: name 'cells_to_relieve' is not defined
Traceback (most recent call last):
  File "/home/user/DisasterAI/DisasterAI_Model.py", line 1315, in process_reward
    for cell in cells_to_relieve:
                ^^^^^^^^^^^^^^^^
NameError: name 'cells_to_relieve' is not defined
ERROR in Agent H_21 process_reward at tick 70: name 'cells_to_relieve' is not defined
Traceback (most recent call last):
  File "/home/user/DisasterAI/DisasterAI_Model.py", line 1315, in process_reward
    for cell in cells_to_relieve:
                ^^^^^^^^^^^^^^^^
NameError: name 'cells_to_relieve' is not defined
ERROR in Agent H_12 process_reward at tick 70: name 'cells_to_relieve' is not defined
Traceback (most recent call last):
  File "/home/user/DisasterAI/DisasterAI_Model.py", line 1315, in process_reward
    for cell in cells_to_relieve:
                ^^^^^^^^^^^^^^^^
NameError: name 'cells_to_relieve' is not defined
ERROR in Agent H_13 process_reward at tick 70: name 'cells_to_relieve' is not defined
Traceback (most recent call last):
  File "/home/user/DisasterAI/DisasterAI_Model.py", line 1315, in process_reward
    for cell in cells_to_relieve:
                ^^^^^^^^^^^^^^^^
NameError: name 'cells_to_relieve' is not defined
ERROR in Agent H_19 process_reward at tick 70: name 'cells_to_relieve' is not defined
Traceback (most recent call last):
  File "/home/user/DisasterAI/DisasterAI_Model.py", line 1315, in process_reward
    for cell in cells_to_relieve:
                ^^^^^^^^^^^^^^^^
NameError: name 'cells_to_relieve' is not defined
ERROR in Agent H_33 process_reward at tick 70: name 'cells_to_relieve' is not defined
Traceback (most recent call last):
  File "/home/user/DisasterAI/DisasterAI_Model.py", line 1315, in process_reward
    for cell in cells_to_relieve:
                ^^^^^^^^^^^^^^^^
NameError: name 'cells_to_relieve' is not defined
ERROR in Agent H_29 process_reward at tick 70: name 'cells_to_relieve' is not defined
Traceback (most recent call last):
  File "/home/user/DisasterAI/DisasterAI_Model.py", line 1315, in process_reward
    for cell in cells_to_relieve:
                ^^^^^^^^^^^^^^^^
NameError: name 'cells_to_relieve' is not defined
ERROR in Agent H_18 process_reward at tick 70: name 'cells_to_relieve' is not defined
Traceback (most recent call last):
  File "/home/user/DisasterAI/DisasterAI_Model.py", line 1315, in process_reward
    for cell in cells_to_relieve:
                ^^^^^^^^^^^^^^^^
NameError: name 'cells_to_relieve' is not defined
ERROR in Agent H_40 process_reward at tick 70: name 'cells_to_relieve' is not defined
Traceback (most recent call last):
  File "/home/user/DisasterAI/DisasterAI_Model.py", line 1315, in process_reward
    for cell in cells_to_relieve:
                ^^^^^^^^^^^^^^^^
NameError: name 'cells_to_relieve' is not defined

DEBUG: Starting AECI variance calculation at tick 70
  Found 0/50 AI-reliant agents
  Global belief variance: 0.0635
  WARNING: Invalid global variance (0.06345078999999998) or no AI-reliant agents
  Returning AECI variance tuple: (70, 0.0)
  Current aeci_variance_data length: 70
  Last 3 entries: [(68, 0.0), (69, 0.0), (70, 0.0)]

--- Retainment Diagnostics at Tick 70 ---
Agent H_0 (exploitative) retainment stats:
  accepted_human: 2, accepted_friend: 2, accepted_ai: 0
  retain_aeci: 0.00, retain_seci: 1.00
Agent H_1 (exploitative) retainment stats:
  accepted_human: 0, accepted_friend: 0, accepted_ai: 0
  No acceptances recorded
Agent H_2 (exploitative) retainment stats:
  accepted_human: 0, accepted_friend: 0, accepted_ai: 0
  No acceptances recorded
ERROR in Agent H_36 process_reward at tick 71: name 'cells_to_relieve' is not defined
Traceback (most recent call last):
  File "/home/user/DisasterAI/DisasterAI_Model.py", line 1315, in process_reward
    for cell in cells_to_relieve:
                ^^^^^^^^^^^^^^^^
NameError: name 'cells_to_relieve' is not defined
ERROR in Agent H_14 process_reward at tick 71: name 'cells_to_relieve' is not defined
Traceback (most recent call last):
  File "/home/user/DisasterAI/DisasterAI_Model.py", line 1315, in process_reward
    for cell in cells_to_relieve:
                ^^^^^^^^^^^^^^^^
NameError: name 'cells_to_relieve' is not defined
ERROR in Agent H_26 process_reward at tick 71: name 'cells_to_relieve' is not defined
Traceback (most recent call last):
  File "/home/user/DisasterAI/DisasterAI_Model.py", line 1315, in process_reward
    for cell in cells_to_relieve:
                ^^^^^^^^^^^^^^^^
NameError: name 'cells_to_relieve' is not defined
ERROR in Agent H_34 process_reward at tick 71: name 'cells_to_relieve' is not defined
Traceback (most recent call last):
  File "/home/user/DisasterAI/DisasterAI_Model.py", line 1315, in process_reward
    for cell in cells_to_relieve:
                ^^^^^^^^^^^^^^^^
NameError: name 'cells_to_relieve' is not defined
ERROR in Agent H_29 process_reward at tick 71: name 'cells_to_relieve' is not defined
Traceback (most recent call last):
  File "/home/user/DisasterAI/DisasterAI_Model.py", line 1315, in process_reward
    for cell in cells_to_relieve:
                ^^^^^^^^^^^^^^^^
NameError: name 'cells_to_relieve' is not defined
ERROR in Agent H_6 process_reward at tick 71: name 'cells_to_relieve' is not defined
Traceback (most recent call last):
  File "/home/user/DisasterAI/DisasterAI_Model.py", line 1315, in process_reward
    for cell in cells_to_relieve:
                ^^^^^^^^^^^^^^^^
NameError: name 'cells_to_relieve' is not defined
ERROR in Agent H_47 process_reward at tick 71: name 'cells_to_relieve' is not defined
Traceback (most recent call last):
  File "/home/user/DisasterAI/DisasterAI_Model.py", line 1315, in process_reward
    for cell in cells_to_relieve:
                ^^^^^^^^^^^^^^^^
NameError: name 'cells_to_relieve' is not defined
ERROR in Agent H_24 process_reward at tick 71: name 'cells_to_relieve' is not defined
Traceback (most recent call last):
  File "/home/user/DisasterAI/DisasterAI_Model.py", line 1315, in process_reward
    for cell in cells_to_relieve:
                ^^^^^^^^^^^^^^^^
NameError: name 'cells_to_relieve' is not defined
ERROR in Agent H_33 process_reward at tick 71: name 'cells_to_relieve' is not defined
Traceback (most recent call last):
  File "/home/user/DisasterAI/DisasterAI_Model.py", line 1315, in process_reward
    for cell in cells_to_relieve:
                ^^^^^^^^^^^^^^^^
NameError: name 'cells_to_relieve' is not defined
ERROR in Agent H_20 process_reward at tick 71: name 'cells_to_relieve' is not defined
Traceback (most recent call last):
  File "/home/user/DisasterAI/DisasterAI_Model.py", line 1315, in process_reward
    for cell in cells_to_relieve:
                ^^^^^^^^^^^^^^^^
NameError: name 'cells_to_relieve' is not defined
ERROR in Agent H_18 process_reward at tick 71: name 'cells_to_relieve' is not defined
Traceback (most recent call last):
  File "/home/user/DisasterAI/DisasterAI_Model.py", line 1315, in process_reward
    for cell in cells_to_relieve:
                ^^^^^^^^^^^^^^^^
NameError: name 'cells_to_relieve' is not defined
ERROR in Agent H_16 process_reward at tick 71: name 'cells_to_relieve' is not defined
Traceback (most recent call last):
  File "/home/user/DisasterAI/DisasterAI_Model.py", line 1315, in process_reward
    for cell in cells_to_relieve:
                ^^^^^^^^^^^^^^^^
NameError: name 'cells_to_relieve' is not defined
ERROR in Agent H_23 process_reward at tick 71: name 'cells_to_relieve' is not defined
Traceback (most recent call last):
  File "/home/user/DisasterAI/DisasterAI_Model.py", line 1315, in process_reward
    for cell in cells_to_relieve:
                ^^^^^^^^^^^^^^^^
NameError: name 'cells_to_relieve' is not defined
ERROR in Agent H_38 process_reward at tick 71: name 'cells_to_relieve' is not defined
Traceback (most recent call last):
  File "/home/user/DisasterAI/DisasterAI_Model.py", line 1315, in process_reward
    for cell in cells_to_relieve:
                ^^^^^^^^^^^^^^^^
NameError: name 'cells_to_relieve' is not defined
ERROR in Agent H_27 process_reward at tick 71: name 'cells_to_relieve' is not defined
Traceback (most recent call last):
  File "/home/user/DisasterAI/DisasterAI_Model.py", line 1315, in process_reward
    for cell in cells_to_relieve:
                ^^^^^^^^^^^^^^^^
NameError: name 'cells_to_relieve' is not defined
ERROR in Agent H_1 process_reward at tick 71: name 'cells_to_relieve' is not defined
Traceback (most recent call last):
  File "/home/user/DisasterAI/DisasterAI_Model.py", line 1315, in process_reward
    for cell in cells_to_relieve:
                ^^^^^^^^^^^^^^^^
NameError: name 'cells_to_relieve' is not defined
ERROR in Agent H_37 process_reward at tick 71: name 'cells_to_relieve' is not defined
Traceback (most recent call last):
  File "/home/user/DisasterAI/DisasterAI_Model.py", line 1315, in process_reward
    for cell in cells_to_relieve:
                ^^^^^^^^^^^^^^^^
NameError: name 'cells_to_relieve' is not defined
ERROR in Agent H_10 process_reward at tick 71: name 'cells_to_relieve' is not defined
Traceback (most recent call last):
  File "/home/user/DisasterAI/DisasterAI_Model.py", line 1315, in process_reward
    for cell in cells_to_relieve:
                ^^^^^^^^^^^^^^^^
NameError: name 'cells_to_relieve' is not defined
ERROR in Agent H_8 process_reward at tick 71: name 'cells_to_relieve' is not defined
Traceback (most recent call last):
  File "/home/user/DisasterAI/DisasterAI_Model.py", line 1315, in process_reward
    for cell in cells_to_relieve:
                ^^^^^^^^^^^^^^^^
NameError: name 'cells_to_relieve' is not defined
ERROR in Agent H_22 process_reward at tick 71: name 'cells_to_relieve' is not defined
Traceback (most recent call last):
  File "/home/user/DisasterAI/DisasterAI_Model.py", line 1315, in process_reward
    for cell in cells_to_relieve:
                ^^^^^^^^^^^^^^^^
NameError: name 'cells_to_relieve' is not defined
ERROR in Agent H_21 process_reward at tick 71: name 'cells_to_relieve' is not defined
Traceback (most recent call last):
  File "/home/user/DisasterAI/DisasterAI_Model.py", line 1315, in process_reward
    for cell in cells_to_relieve:
                ^^^^^^^^^^^^^^^^
NameError: name 'cells_to_relieve' is not defined
ERROR in Agent H_17 process_reward at tick 71: name 'cells_to_relieve' is not defined
Traceback (most recent call last):
  File "/home/user/DisasterAI/DisasterAI_Model.py", line 1315, in process_reward
    for cell in cells_to_relieve:
                ^^^^^^^^^^^^^^^^
NameError: name 'cells_to_relieve' is not defined
ERROR in Agent H_4 process_reward at tick 71: name 'cells_to_relieve' is not defined
Traceback (most recent call last):
  File "/home/user/DisasterAI/DisasterAI_Model.py", line 1315, in process_reward
    for cell in cells_to_relieve:
                ^^^^^^^^^^^^^^^^
NameError: name 'cells_to_relieve' is not defined
ERROR in Agent H_5 process_reward at tick 71: name 'cells_to_relieve' is not defined
Traceback (most recent call last):
  File "/home/user/DisasterAI/DisasterAI_Model.py", line 1315, in process_reward
    for cell in cells_to_relieve:
                ^^^^^^^^^^^^^^^^
NameError: name 'cells_to_relieve' is not defined
ERROR in Agent H_46 process_reward at tick 71: name 'cells_to_relieve' is not defined
Traceback (most recent call last):
  File "/home/user/DisasterAI/DisasterAI_Model.py", line 1315, in process_reward
    for cell in cells_to_relieve:
                ^^^^^^^^^^^^^^^^
NameError: name 'cells_to_relieve' is not defined
ERROR in Agent H_32 process_reward at tick 71: name 'cells_to_relieve' is not defined
Traceback (most recent call last):
  File "/home/user/DisasterAI/DisasterAI_Model.py", line 1315, in process_reward
    for cell in cells_to_relieve:
                ^^^^^^^^^^^^^^^^
NameError: name 'cells_to_relieve' is not defined
ERROR in Agent H_43 process_reward at tick 71: name 'cells_to_relieve' is not defined
Traceback (most recent call last):
  File "/home/user/DisasterAI/DisasterAI_Model.py", line 1315, in process_reward
    for cell in cells_to_relieve:
                ^^^^^^^^^^^^^^^^
NameError: name 'cells_to_relieve' is not defined
ERROR in Agent H_45 process_reward at tick 71: name 'cells_to_relieve' is not defined
Traceback (most recent call last):
  File "/home/user/DisasterAI/DisasterAI_Model.py", line 1315, in process_reward
    for cell in cells_to_relieve:
                ^^^^^^^^^^^^^^^^
NameError: name 'cells_to_relieve' is not defined
ERROR in Agent H_28 process_reward at tick 71: name 'cells_to_relieve' is not defined
Traceback (most recent call last):
  File "/home/user/DisasterAI/DisasterAI_Model.py", line 1315, in process_reward
    for cell in cells_to_relieve:
                ^^^^^^^^^^^^^^^^
NameError: name 'cells_to_relieve' is not defined
ERROR in Agent H_9 process_reward at tick 71: name 'cells_to_relieve' is not defined
Traceback (most recent call last):
  File "/home/user/DisasterAI/DisasterAI_Model.py", line 1315, in process_reward
    for cell in cells_to_relieve:
                ^^^^^^^^^^^^^^^^
NameError: name 'cells_to_relieve' is not defined
ERROR in Agent H_13 process_reward at tick 71: name 'cells_to_relieve' is not defined
Traceback (most recent call last):
  File "/home/user/DisasterAI/DisasterAI_Model.py", line 1315, in process_reward
    for cell in cells_to_relieve:
                ^^^^^^^^^^^^^^^^
NameError: name 'cells_to_relieve' is not defined
ERROR in Agent H_35 process_reward at tick 71: name 'cells_to_relieve' is not defined
Traceback (most recent call last):
  File "/home/user/DisasterAI/DisasterAI_Model.py", line 1315, in process_reward
    for cell in cells_to_relieve:
                ^^^^^^^^^^^^^^^^
NameError: name 'cells_to_relieve' is not defined
ERROR in Agent H_21 process_reward at tick 72: name 'cells_to_relieve' is not defined
Traceback (most recent call last):
  File "/home/user/DisasterAI/DisasterAI_Model.py", line 1315, in process_reward
    for cell in cells_to_relieve:
                ^^^^^^^^^^^^^^^^
NameError: name 'cells_to_relieve' is not defined
ERROR in Agent H_28 process_reward at tick 72: name 'cells_to_relieve' is not defined
Traceback (most recent call last):
  File "/home/user/DisasterAI/DisasterAI_Model.py", line 1315, in process_reward
    for cell in cells_to_relieve:
                ^^^^^^^^^^^^^^^^
NameError: name 'cells_to_relieve' is not defined
ERROR in Agent H_36 process_reward at tick 72: name 'cells_to_relieve' is not defined
Traceback (most recent call last):
  File "/home/user/DisasterAI/DisasterAI_Model.py", line 1315, in process_reward
    for cell in cells_to_relieve:
                ^^^^^^^^^^^^^^^^
NameError: name 'cells_to_relieve' is not defined
ERROR in Agent H_14 process_reward at tick 72: name 'cells_to_relieve' is not defined
Traceback (most recent call last):
  File "/home/user/DisasterAI/DisasterAI_Model.py", line 1315, in process_reward
    for cell in cells_to_relieve:
                ^^^^^^^^^^^^^^^^
NameError: name 'cells_to_relieve' is not defined
ERROR in Agent H_20 process_reward at tick 72: name 'cells_to_relieve' is not defined
Traceback (most recent call last):
  File "/home/user/DisasterAI/DisasterAI_Model.py", line 1315, in process_reward
    for cell in cells_to_relieve:
                ^^^^^^^^^^^^^^^^
NameError: name 'cells_to_relieve' is not defined
ERROR in Agent H_9 process_reward at tick 72: name 'cells_to_relieve' is not defined
Traceback (most recent call last):
  File "/home/user/DisasterAI/DisasterAI_Model.py", line 1315, in process_reward
    for cell in cells_to_relieve:
                ^^^^^^^^^^^^^^^^
NameError: name 'cells_to_relieve' is not defined
ERROR in Agent H_5 process_reward at tick 72: name 'cells_to_relieve' is not defined
Traceback (most recent call last):
  File "/home/user/DisasterAI/DisasterAI_Model.py", line 1315, in process_reward
    for cell in cells_to_relieve:
                ^^^^^^^^^^^^^^^^
NameError: name 'cells_to_relieve' is not defined
ERROR in Agent H_31 process_reward at tick 72: name 'cells_to_relieve' is not defined
Traceback (most recent call last):
  File "/home/user/DisasterAI/DisasterAI_Model.py", line 1315, in process_reward
    for cell in cells_to_relieve:
                ^^^^^^^^^^^^^^^^
NameError: name 'cells_to_relieve' is not defined
ERROR in Agent H_29 process_reward at tick 72: name 'cells_to_relieve' is not defined
Traceback (most recent call last):
  File "/home/user/DisasterAI/DisasterAI_Model.py", line 1315, in process_reward
    for cell in cells_to_relieve:
                ^^^^^^^^^^^^^^^^
NameError: name 'cells_to_relieve' is not defined
ERROR in Agent H_34 process_reward at tick 72: name 'cells_to_relieve' is not defined
Traceback (most recent call last):
  File "/home/user/DisasterAI/DisasterAI_Model.py", line 1315, in process_reward
    for cell in cells_to_relieve:
                ^^^^^^^^^^^^^^^^
NameError: name 'cells_to_relieve' is not defined
ERROR in Agent H_17 process_reward at tick 72: name 'cells_to_relieve' is not defined
Traceback (most recent call last):
  File "/home/user/DisasterAI/DisasterAI_Model.py", line 1315, in process_reward
    for cell in cells_to_relieve:
                ^^^^^^^^^^^^^^^^
NameError: name 'cells_to_relieve' is not defined
ERROR in Agent H_2 process_reward at tick 72: name 'cells_to_relieve' is not defined
Traceback (most recent call last):
  File "/home/user/DisasterAI/DisasterAI_Model.py", line 1315, in process_reward
    for cell in cells_to_relieve:
                ^^^^^^^^^^^^^^^^
NameError: name 'cells_to_relieve' is not defined
ERROR in Agent H_43 process_reward at tick 72: name 'cells_to_relieve' is not defined
Traceback (most recent call last):
  File "/home/user/DisasterAI/DisasterAI_Model.py", line 1315, in process_reward
    for cell in cells_to_relieve:
                ^^^^^^^^^^^^^^^^
NameError: name 'cells_to_relieve' is not defined
ERROR in Agent H_22 process_reward at tick 72: name 'cells_to_relieve' is not defined
Traceback (most recent call last):
  File "/home/user/DisasterAI/DisasterAI_Model.py", line 1315, in process_reward
    for cell in cells_to_relieve:
                ^^^^^^^^^^^^^^^^
NameError: name 'cells_to_relieve' is not defined
ERROR in Agent H_40 process_reward at tick 72: name 'cells_to_relieve' is not defined
Traceback (most recent call last):
  File "/home/user/DisasterAI/DisasterAI_Model.py", line 1315, in process_reward
    for cell in cells_to_relieve:
                ^^^^^^^^^^^^^^^^
NameError: name 'cells_to_relieve' is not defined
ERROR in Agent H_7 process_reward at tick 72: name 'cells_to_relieve' is not defined
Traceback (most recent call last):
  File "/home/user/DisasterAI/DisasterAI_Model.py", line 1315, in process_reward
    for cell in cells_to_relieve:
                ^^^^^^^^^^^^^^^^
NameError: name 'cells_to_relieve' is not defined
ERROR in Agent H_35 process_reward at tick 72: name 'cells_to_relieve' is not defined
Traceback (most recent call last):
  File "/home/user/DisasterAI/DisasterAI_Model.py", line 1315, in process_reward
    for cell in cells_to_relieve:
                ^^^^^^^^^^^^^^^^
NameError: name 'cells_to_relieve' is not defined
ERROR in Agent H_1 process_reward at tick 72: name 'cells_to_relieve' is not defined
Traceback (most recent call last):
  File "/home/user/DisasterAI/DisasterAI_Model.py", line 1315, in process_reward
    for cell in cells_to_relieve:
                ^^^^^^^^^^^^^^^^
NameError: name 'cells_to_relieve' is not defined
ERROR in Agent H_12 process_reward at tick 72: name 'cells_to_relieve' is not defined
Traceback (most recent call last):
  File "/home/user/DisasterAI/DisasterAI_Model.py", line 1315, in process_reward
    for cell in cells_to_relieve:
                ^^^^^^^^^^^^^^^^
NameError: name 'cells_to_relieve' is not defined
ERROR in Agent H_39 process_reward at tick 72: name 'cells_to_relieve' is not defined
Traceback (most recent call last):
  File "/home/user/DisasterAI/DisasterAI_Model.py", line 1315, in process_reward
    for cell in cells_to_relieve:
                ^^^^^^^^^^^^^^^^
NameError: name 'cells_to_relieve' is not defined
ERROR in Agent H_16 process_reward at tick 72: name 'cells_to_relieve' is not defined
Traceback (most recent call last):
  File "/home/user/DisasterAI/DisasterAI_Model.py", line 1315, in process_reward
    for cell in cells_to_relieve:
                ^^^^^^^^^^^^^^^^
NameError: name 'cells_to_relieve' is not defined
ERROR in Agent H_23 process_reward at tick 72: name 'cells_to_relieve' is not defined
Traceback (most recent call last):
  File "/home/user/DisasterAI/DisasterAI_Model.py", line 1315, in process_reward
    for cell in cells_to_relieve:
                ^^^^^^^^^^^^^^^^
NameError: name 'cells_to_relieve' is not defined
ERROR in Agent H_48 process_reward at tick 72: name 'cells_to_relieve' is not defined
Traceback (most recent call last):
  File "/home/user/DisasterAI/DisasterAI_Model.py", line 1315, in process_reward
    for cell in cells_to_relieve:
                ^^^^^^^^^^^^^^^^
NameError: name 'cells_to_relieve' is not defined
ERROR in Agent H_30 process_reward at tick 72: name 'cells_to_relieve' is not defined
Traceback (most recent call last):
  File "/home/user/DisasterAI/DisasterAI_Model.py", line 1315, in process_reward
    for cell in cells_to_relieve:
                ^^^^^^^^^^^^^^^^
NameError: name 'cells_to_relieve' is not defined
ERROR in Agent H_13 process_reward at tick 72: name 'cells_to_relieve' is not defined
Traceback (most recent call last):
  File "/home/user/DisasterAI/DisasterAI_Model.py", line 1315, in process_reward
    for cell in cells_to_relieve:
                ^^^^^^^^^^^^^^^^
NameError: name 'cells_to_relieve' is not defined
ERROR in Agent H_6 process_reward at tick 72: name 'cells_to_relieve' is not defined
Traceback (most recent call last):
  File "/home/user/DisasterAI/DisasterAI_Model.py", line 1315, in process_reward
    for cell in cells_to_relieve:
                ^^^^^^^^^^^^^^^^
NameError: name 'cells_to_relieve' is not defined
ERROR in Agent H_8 process_reward at tick 72: name 'cells_to_relieve' is not defined
Traceback (most recent call last):
  File "/home/user/DisasterAI/DisasterAI_Model.py", line 1315, in process_reward
    for cell in cells_to_relieve:
                ^^^^^^^^^^^^^^^^
NameError: name 'cells_to_relieve' is not defined
ERROR in Agent H_49 process_reward at tick 72: name 'cells_to_relieve' is not defined
Traceback (most recent call last):
  File "/home/user/DisasterAI/DisasterAI_Model.py", line 1315, in process_reward
    for cell in cells_to_relieve:
                ^^^^^^^^^^^^^^^^
NameError: name 'cells_to_relieve' is not defined
ERROR in Agent H_44 process_reward at tick 72: name 'cells_to_relieve' is not defined
Traceback (most recent call last):
  File "/home/user/DisasterAI/DisasterAI_Model.py", line 1315, in process_reward
    for cell in cells_to_relieve:
                ^^^^^^^^^^^^^^^^
NameError: name 'cells_to_relieve' is not defined
ERROR in Agent H_33 process_reward at tick 72: name 'cells_to_relieve' is not defined
Traceback (most recent call last):
  File "/home/user/DisasterAI/DisasterAI_Model.py", line 1315, in process_reward
    for cell in cells_to_relieve:
                ^^^^^^^^^^^^^^^^
NameError: name 'cells_to_relieve' is not defined
ERROR in Agent H_46 process_reward at tick 72: name 'cells_to_relieve' is not defined
Traceback (most recent call last):
  File "/home/user/DisasterAI/DisasterAI_Model.py", line 1315, in process_reward
    for cell in cells_to_relieve:
                ^^^^^^^^^^^^^^^^
NameError: name 'cells_to_relieve' is not defined
ERROR in Agent H_3 process_reward at tick 72: name 'cells_to_relieve' is not defined
Traceback (most recent call last):
  File "/home/user/DisasterAI/DisasterAI_Model.py", line 1315, in process_reward
    for cell in cells_to_relieve:
                ^^^^^^^^^^^^^^^^
NameError: name 'cells_to_relieve' is not defined
ERROR in Agent H_49 process_reward at tick 73: name 'cells_to_relieve' is not defined
Traceback (most recent call last):
  File "/home/user/DisasterAI/DisasterAI_Model.py", line 1315, in process_reward
    for cell in cells_to_relieve:
                ^^^^^^^^^^^^^^^^
NameError: name 'cells_to_relieve' is not defined
ERROR in Agent H_5 process_reward at tick 73: name 'cells_to_relieve' is not defined
Traceback (most recent call last):
  File "/home/user/DisasterAI/DisasterAI_Model.py", line 1315, in process_reward
    for cell in cells_to_relieve:
                ^^^^^^^^^^^^^^^^
NameError: name 'cells_to_relieve' is not defined
ERROR in Agent H_27 process_reward at tick 73: name 'cells_to_relieve' is not defined
Traceback (most recent call last):
  File "/home/user/DisasterAI/DisasterAI_Model.py", line 1315, in process_reward
    for cell in cells_to_relieve:
                ^^^^^^^^^^^^^^^^
NameError: name 'cells_to_relieve' is not defined
ERROR in Agent H_0 process_reward at tick 73: name 'cells_to_relieve' is not defined
Traceback (most recent call last):
  File "/home/user/DisasterAI/DisasterAI_Model.py", line 1315, in process_reward
    for cell in cells_to_relieve:
                ^^^^^^^^^^^^^^^^
NameError: name 'cells_to_relieve' is not defined
ERROR in Agent H_32 process_reward at tick 73: name 'cells_to_relieve' is not defined
Traceback (most recent call last):
  File "/home/user/DisasterAI/DisasterAI_Model.py", line 1315, in process_reward
    for cell in cells_to_relieve:
                ^^^^^^^^^^^^^^^^
NameError: name 'cells_to_relieve' is not defined
ERROR in Agent H_2 process_reward at tick 73: name 'cells_to_relieve' is not defined
Traceback (most recent call last):
  File "/home/user/DisasterAI/DisasterAI_Model.py", line 1315, in process_reward
    for cell in cells_to_relieve:
                ^^^^^^^^^^^^^^^^
NameError: name 'cells_to_relieve' is not defined
ERROR in Agent H_31 process_reward at tick 73: name 'cells_to_relieve' is not defined
Traceback (most recent call last):
  File "/home/user/DisasterAI/DisasterAI_Model.py", line 1315, in process_reward
    for cell in cells_to_relieve:
                ^^^^^^^^^^^^^^^^
NameError: name 'cells_to_relieve' is not defined
ERROR in Agent H_41 process_reward at tick 73: name 'cells_to_relieve' is not defined
Traceback (most recent call last):
  File "/home/user/DisasterAI/DisasterAI_Model.py", line 1315, in process_reward
    for cell in cells_to_relieve:
                ^^^^^^^^^^^^^^^^
NameError: name 'cells_to_relieve' is not defined
ERROR in Agent H_12 process_reward at tick 73: name 'cells_to_relieve' is not defined
Traceback (most recent call last):
  File "/home/user/DisasterAI/DisasterAI_Model.py", line 1315, in process_reward
    for cell in cells_to_relieve:
                ^^^^^^^^^^^^^^^^
NameError: name 'cells_to_relieve' is not defined
ERROR in Agent H_21 process_reward at tick 73: name 'cells_to_relieve' is not defined
Traceback (most recent call last):
  File "/home/user/DisasterAI/DisasterAI_Model.py", line 1315, in process_reward
    for cell in cells_to_relieve:
                ^^^^^^^^^^^^^^^^
NameError: name 'cells_to_relieve' is not defined
ERROR in Agent H_43 process_reward at tick 73: name 'cells_to_relieve' is not defined
Traceback (most recent call last):
  File "/home/user/DisasterAI/DisasterAI_Model.py", line 1315, in process_reward
    for cell in cells_to_relieve:
                ^^^^^^^^^^^^^^^^
NameError: name 'cells_to_relieve' is not defined
ERROR in Agent H_37 process_reward at tick 73: name 'cells_to_relieve' is not defined
Traceback (most recent call last):
  File "/home/user/DisasterAI/DisasterAI_Model.py", line 1315, in process_reward
    for cell in cells_to_relieve:
                ^^^^^^^^^^^^^^^^
NameError: name 'cells_to_relieve' is not defined
ERROR in Agent H_25 process_reward at tick 73: name 'cells_to_relieve' is not defined
Traceback (most recent call last):
  File "/home/user/DisasterAI/DisasterAI_Model.py", line 1315, in process_reward
    for cell in cells_to_relieve:
                ^^^^^^^^^^^^^^^^
NameError: name 'cells_to_relieve' is not defined
ERROR in Agent H_38 process_reward at tick 73: name 'cells_to_relieve' is not defined
Traceback (most recent call last):
  File "/home/user/DisasterAI/DisasterAI_Model.py", line 1315, in process_reward
    for cell in cells_to_relieve:
                ^^^^^^^^^^^^^^^^
NameError: name 'cells_to_relieve' is not defined
ERROR in Agent H_30 process_reward at tick 73: name 'cells_to_relieve' is not defined
Traceback (most recent call last):
  File "/home/user/DisasterAI/DisasterAI_Model.py", line 1315, in process_reward
    for cell in cells_to_relieve:
                ^^^^^^^^^^^^^^^^
NameError: name 'cells_to_relieve' is not defined
ERROR in Agent H_4 process_reward at tick 73: name 'cells_to_relieve' is not defined
Traceback (most recent call last):
  File "/home/user/DisasterAI/DisasterAI_Model.py", line 1315, in process_reward
    for cell in cells_to_relieve:
                ^^^^^^^^^^^^^^^^
NameError: name 'cells_to_relieve' is not defined
ERROR in Agent H_28 process_reward at tick 73: name 'cells_to_relieve' is not defined
Traceback (most recent call last):
  File "/home/user/DisasterAI/DisasterAI_Model.py", line 1315, in process_reward
    for cell in cells_to_relieve:
                ^^^^^^^^^^^^^^^^
NameError: name 'cells_to_relieve' is not defined
ERROR in Agent H_23 process_reward at tick 73: name 'cells_to_relieve' is not defined
Traceback (most recent call last):
  File "/home/user/DisasterAI/DisasterAI_Model.py", line 1315, in process_reward
    for cell in cells_to_relieve:
                ^^^^^^^^^^^^^^^^
NameError: name 'cells_to_relieve' is not defined
ERROR in Agent H_10 process_reward at tick 73: name 'cells_to_relieve' is not defined
Traceback (most recent call last):
  File "/home/user/DisasterAI/DisasterAI_Model.py", line 1315, in process_reward
    for cell in cells_to_relieve:
                ^^^^^^^^^^^^^^^^
NameError: name 'cells_to_relieve' is not defined
ERROR in Agent H_44 process_reward at tick 73: name 'cells_to_relieve' is not defined
Traceback (most recent call last):
  File "/home/user/DisasterAI/DisasterAI_Model.py", line 1315, in process_reward
    for cell in cells_to_relieve:
                ^^^^^^^^^^^^^^^^
NameError: name 'cells_to_relieve' is not defined
ERROR in Agent H_34 process_reward at tick 73: name 'cells_to_relieve' is not defined
Traceback (most recent call last):
  File "/home/user/DisasterAI/DisasterAI_Model.py", line 1315, in process_reward
    for cell in cells_to_relieve:
                ^^^^^^^^^^^^^^^^
NameError: name 'cells_to_relieve' is not defined
ERROR in Agent H_16 process_reward at tick 73: name 'cells_to_relieve' is not defined
Traceback (most recent call last):
  File "/home/user/DisasterAI/DisasterAI_Model.py", line 1315, in process_reward
    for cell in cells_to_relieve:
                ^^^^^^^^^^^^^^^^
NameError: name 'cells_to_relieve' is not defined
ERROR in Agent H_7 process_reward at tick 73: name 'cells_to_relieve' is not defined
Traceback (most recent call last):
  File "/home/user/DisasterAI/DisasterAI_Model.py", line 1315, in process_reward
    for cell in cells_to_relieve:
                ^^^^^^^^^^^^^^^^
NameError: name 'cells_to_relieve' is not defined
ERROR in Agent H_1 process_reward at tick 73: name 'cells_to_relieve' is not defined
Traceback (most recent call last):
  File "/home/user/DisasterAI/DisasterAI_Model.py", line 1315, in process_reward
    for cell in cells_to_relieve:
                ^^^^^^^^^^^^^^^^
NameError: name 'cells_to_relieve' is not defined
ERROR in Agent H_8 process_reward at tick 73: name 'cells_to_relieve' is not defined
Traceback (most recent call last):
  File "/home/user/DisasterAI/DisasterAI_Model.py", line 1315, in process_reward
    for cell in cells_to_relieve:
                ^^^^^^^^^^^^^^^^
NameError: name 'cells_to_relieve' is not defined
ERROR in Agent H_46 process_reward at tick 73: name 'cells_to_relieve' is not defined
Traceback (most recent call last):
  File "/home/user/DisasterAI/DisasterAI_Model.py", line 1315, in process_reward
    for cell in cells_to_relieve:
                ^^^^^^^^^^^^^^^^
NameError: name 'cells_to_relieve' is not defined
ERROR in Agent H_48 process_reward at tick 73: name 'cells_to_relieve' is not defined
Traceback (most recent call last):
  File "/home/user/DisasterAI/DisasterAI_Model.py", line 1315, in process_reward
    for cell in cells_to_relieve:
                ^^^^^^^^^^^^^^^^
NameError: name 'cells_to_relieve' is not defined
ERROR in Agent H_15 process_reward at tick 73: name 'cells_to_relieve' is not defined
Traceback (most recent call last):
  File "/home/user/DisasterAI/DisasterAI_Model.py", line 1315, in process_reward
    for cell in cells_to_relieve:
                ^^^^^^^^^^^^^^^^
NameError: name 'cells_to_relieve' is not defined
ERROR in Agent H_33 process_reward at tick 73: name 'cells_to_relieve' is not defined
Traceback (most recent call last):
  File "/home/user/DisasterAI/DisasterAI_Model.py", line 1315, in process_reward
    for cell in cells_to_relieve:
                ^^^^^^^^^^^^^^^^
NameError: name 'cells_to_relieve' is not defined
ERROR in Agent H_3 process_reward at tick 73: name 'cells_to_relieve' is not defined
Traceback (most recent call last):
  File "/home/user/DisasterAI/DisasterAI_Model.py", line 1315, in process_reward
    for cell in cells_to_relieve:
                ^^^^^^^^^^^^^^^^
NameError: name 'cells_to_relieve' is not defined
ERROR in Agent H_26 process_reward at tick 73: name 'cells_to_relieve' is not defined
Traceback (most recent call last):
  File "/home/user/DisasterAI/DisasterAI_Model.py", line 1315, in process_reward
    for cell in cells_to_relieve:
                ^^^^^^^^^^^^^^^^
NameError: name 'cells_to_relieve' is not defined
ERROR in Agent H_11 process_reward at tick 73: name 'cells_to_relieve' is not defined
Traceback (most recent call last):
  File "/home/user/DisasterAI/DisasterAI_Model.py", line 1315, in process_reward
    for cell in cells_to_relieve:
                ^^^^^^^^^^^^^^^^
NameError: name 'cells_to_relieve' is not defined
ERROR in Agent H_24 process_reward at tick 73: name 'cells_to_relieve' is not defined
Traceback (most recent call last):
  File "/home/user/DisasterAI/DisasterAI_Model.py", line 1315, in process_reward
    for cell in cells_to_relieve:
                ^^^^^^^^^^^^^^^^
NameError: name 'cells_to_relieve' is not defined
ERROR in Agent H_14 process_reward at tick 73: name 'cells_to_relieve' is not defined
Traceback (most recent call last):
  File "/home/user/DisasterAI/DisasterAI_Model.py", line 1315, in process_reward
    for cell in cells_to_relieve:
                ^^^^^^^^^^^^^^^^
NameError: name 'cells_to_relieve' is not defined
ERROR in Agent H_21 process_reward at tick 74: name 'cells_to_relieve' is not defined
Traceback (most recent call last):
  File "/home/user/DisasterAI/DisasterAI_Model.py", line 1315, in process_reward
    for cell in cells_to_relieve:
                ^^^^^^^^^^^^^^^^
NameError: name 'cells_to_relieve' is not defined
ERROR in Agent H_10 process_reward at tick 74: name 'cells_to_relieve' is not defined
Traceback (most recent call last):
  File "/home/user/DisasterAI/DisasterAI_Model.py", line 1315, in process_reward
    for cell in cells_to_relieve:
                ^^^^^^^^^^^^^^^^
NameError: name 'cells_to_relieve' is not defined
ERROR in Agent H_13 process_reward at tick 74: name 'cells_to_relieve' is not defined
Traceback (most recent call last):
  File "/home/user/DisasterAI/DisasterAI_Model.py", line 1315, in process_reward
    for cell in cells_to_relieve:
                ^^^^^^^^^^^^^^^^
NameError: name 'cells_to_relieve' is not defined
ERROR in Agent H_33 process_reward at tick 74: name 'cells_to_relieve' is not defined
Traceback (most recent call last):
  File "/home/user/DisasterAI/DisasterAI_Model.py", line 1315, in process_reward
    for cell in cells_to_relieve:
                ^^^^^^^^^^^^^^^^
NameError: name 'cells_to_relieve' is not defined
ERROR in Agent H_47 process_reward at tick 74: name 'cells_to_relieve' is not defined
Traceback (most recent call last):
  File "/home/user/DisasterAI/DisasterAI_Model.py", line 1315, in process_reward
    for cell in cells_to_relieve:
                ^^^^^^^^^^^^^^^^
NameError: name 'cells_to_relieve' is not defined
ERROR in Agent H_29 process_reward at tick 74: name 'cells_to_relieve' is not defined
Traceback (most recent call last):
  File "/home/user/DisasterAI/DisasterAI_Model.py", line 1315, in process_reward
    for cell in cells_to_relieve:
                ^^^^^^^^^^^^^^^^
NameError: name 'cells_to_relieve' is not defined
ERROR in Agent H_42 process_reward at tick 74: name 'cells_to_relieve' is not defined
Traceback (most recent call last):
  File "/home/user/DisasterAI/DisasterAI_Model.py", line 1315, in process_reward
    for cell in cells_to_relieve:
                ^^^^^^^^^^^^^^^^
NameError: name 'cells_to_relieve' is not defined
ERROR in Agent H_11 process_reward at tick 74: name 'cells_to_relieve' is not defined
Traceback (most recent call last):
  File "/home/user/DisasterAI/DisasterAI_Model.py", line 1315, in process_reward
    for cell in cells_to_relieve:
                ^^^^^^^^^^^^^^^^
NameError: name 'cells_to_relieve' is not defined
ERROR in Agent H_24 process_reward at tick 74: name 'cells_to_relieve' is not defined
Traceback (most recent call last):
  File "/home/user/DisasterAI/DisasterAI_Model.py", line 1315, in process_reward
    for cell in cells_to_relieve:
                ^^^^^^^^^^^^^^^^
NameError: name 'cells_to_relieve' is not defined
ERROR in Agent H_40 process_reward at tick 74: name 'cells_to_relieve' is not defined
Traceback (most recent call last):
  File "/home/user/DisasterAI/DisasterAI_Model.py", line 1315, in process_reward
    for cell in cells_to_relieve:
                ^^^^^^^^^^^^^^^^
NameError: name 'cells_to_relieve' is not defined
ERROR in Agent H_22 process_reward at tick 74: name 'cells_to_relieve' is not defined
Traceback (most recent call last):
  File "/home/user/DisasterAI/DisasterAI_Model.py", line 1315, in process_reward
    for cell in cells_to_relieve:
                ^^^^^^^^^^^^^^^^
NameError: name 'cells_to_relieve' is not defined
ERROR in Agent H_4 process_reward at tick 74: name 'cells_to_relieve' is not defined
Traceback (most recent call last):
  File "/home/user/DisasterAI/DisasterAI_Model.py", line 1315, in process_reward
    for cell in cells_to_relieve:
                ^^^^^^^^^^^^^^^^
NameError: name 'cells_to_relieve' is not defined
ERROR in Agent H_14 process_reward at tick 74: name 'cells_to_relieve' is not defined
Traceback (most recent call last):
  File "/home/user/DisasterAI/DisasterAI_Model.py", line 1315, in process_reward
    for cell in cells_to_relieve:
                ^^^^^^^^^^^^^^^^
NameError: name 'cells_to_relieve' is not defined
ERROR in Agent H_38 process_reward at tick 74: name 'cells_to_relieve' is not defined
Traceback (most recent call last):
  File "/home/user/DisasterAI/DisasterAI_Model.py", line 1315, in process_reward
    for cell in cells_to_relieve:
                ^^^^^^^^^^^^^^^^
NameError: name 'cells_to_relieve' is not defined
ERROR in Agent H_25 process_reward at tick 74: name 'cells_to_relieve' is not defined
Traceback (most recent call last):
  File "/home/user/DisasterAI/DisasterAI_Model.py", line 1315, in process_reward
    for cell in cells_to_relieve:
                ^^^^^^^^^^^^^^^^
NameError: name 'cells_to_relieve' is not defined
ERROR in Agent H_31 process_reward at tick 74: name 'cells_to_relieve' is not defined
Traceback (most recent call last):
  File "/home/user/DisasterAI/DisasterAI_Model.py", line 1315, in process_reward
    for cell in cells_to_relieve:
                ^^^^^^^^^^^^^^^^
NameError: name 'cells_to_relieve' is not defined
ERROR in Agent H_30 process_reward at tick 74: name 'cells_to_relieve' is not defined
Traceback (most recent call last):
  File "/home/user/DisasterAI/DisasterAI_Model.py", line 1315, in process_reward
    for cell in cells_to_relieve:
                ^^^^^^^^^^^^^^^^
NameError: name 'cells_to_relieve' is not defined
ERROR in Agent H_17 process_reward at tick 74: name 'cells_to_relieve' is not defined
Traceback (most recent call last):
  File "/home/user/DisasterAI/DisasterAI_Model.py", line 1315, in process_reward
    for cell in cells_to_relieve:
                ^^^^^^^^^^^^^^^^
NameError: name 'cells_to_relieve' is not defined
ERROR in Agent H_37 process_reward at tick 74: name 'cells_to_relieve' is not defined
Traceback (most recent call last):
  File "/home/user/DisasterAI/DisasterAI_Model.py", line 1315, in process_reward
    for cell in cells_to_relieve:
                ^^^^^^^^^^^^^^^^
NameError: name 'cells_to_relieve' is not defined
ERROR in Agent H_9 process_reward at tick 74: name 'cells_to_relieve' is not defined
Traceback (most recent call last):
  File "/home/user/DisasterAI/DisasterAI_Model.py", line 1315, in process_reward
    for cell in cells_to_relieve:
                ^^^^^^^^^^^^^^^^
NameError: name 'cells_to_relieve' is not defined
ERROR in Agent H_19 process_reward at tick 74: name 'cells_to_relieve' is not defined
Traceback (most recent call last):
  File "/home/user/DisasterAI/DisasterAI_Model.py", line 1315, in process_reward
    for cell in cells_to_relieve:
                ^^^^^^^^^^^^^^^^
NameError: name 'cells_to_relieve' is not defined
ERROR in Agent H_8 process_reward at tick 74: name 'cells_to_relieve' is not defined
Traceback (most recent call last):
  File "/home/user/DisasterAI/DisasterAI_Model.py", line 1315, in process_reward
    for cell in cells_to_relieve:
                ^^^^^^^^^^^^^^^^
NameError: name 'cells_to_relieve' is not defined
ERROR in Agent H_46 process_reward at tick 74: name 'cells_to_relieve' is not defined
Traceback (most recent call last):
  File "/home/user/DisasterAI/DisasterAI_Model.py", line 1315, in process_reward
    for cell in cells_to_relieve:
                ^^^^^^^^^^^^^^^^
NameError: name 'cells_to_relieve' is not defined
ERROR in Agent H_48 process_reward at tick 74: name 'cells_to_relieve' is not defined
Traceback (most recent call last):
  File "/home/user/DisasterAI/DisasterAI_Model.py", line 1315, in process_reward
    for cell in cells_to_relieve:
                ^^^^^^^^^^^^^^^^
NameError: name 'cells_to_relieve' is not defined
ERROR in Agent H_35 process_reward at tick 74: name 'cells_to_relieve' is not defined
Traceback (most recent call last):
  File "/home/user/DisasterAI/DisasterAI_Model.py", line 1315, in process_reward
    for cell in cells_to_relieve:
                ^^^^^^^^^^^^^^^^
NameError: name 'cells_to_relieve' is not defined
ERROR in Agent H_49 process_reward at tick 74: name 'cells_to_relieve' is not defined
Traceback (most recent call last):
  File "/home/user/DisasterAI/DisasterAI_Model.py", line 1315, in process_reward
    for cell in cells_to_relieve:
                ^^^^^^^^^^^^^^^^
NameError: name 'cells_to_relieve' is not defined
ERROR in Agent H_12 process_reward at tick 74: name 'cells_to_relieve' is not defined
Traceback (most recent call last):
  File "/home/user/DisasterAI/DisasterAI_Model.py", line 1315, in process_reward
    for cell in cells_to_relieve:
                ^^^^^^^^^^^^^^^^
NameError: name 'cells_to_relieve' is not defined
ERROR in Agent H_45 process_reward at tick 74: name 'cells_to_relieve' is not defined
Traceback (most recent call last):
  File "/home/user/DisasterAI/DisasterAI_Model.py", line 1315, in process_reward
    for cell in cells_to_relieve:
                ^^^^^^^^^^^^^^^^
NameError: name 'cells_to_relieve' is not defined
ERROR in Agent H_43 process_reward at tick 74: name 'cells_to_relieve' is not defined
Traceback (most recent call last):
  File "/home/user/DisasterAI/DisasterAI_Model.py", line 1315, in process_reward
    for cell in cells_to_relieve:
                ^^^^^^^^^^^^^^^^
NameError: name 'cells_to_relieve' is not defined
ERROR in Agent H_36 process_reward at tick 74: name 'cells_to_relieve' is not defined
Traceback (most recent call last):
  File "/home/user/DisasterAI/DisasterAI_Model.py", line 1315, in process_reward
    for cell in cells_to_relieve:
                ^^^^^^^^^^^^^^^^
NameError: name 'cells_to_relieve' is not defined
ERROR in Agent H_18 process_reward at tick 74: name 'cells_to_relieve' is not defined
Traceback (most recent call last):
  File "/home/user/DisasterAI/DisasterAI_Model.py", line 1315, in process_reward
    for cell in cells_to_relieve:
                ^^^^^^^^^^^^^^^^
NameError: name 'cells_to_relieve' is not defined
ERROR in Agent H_44 process_reward at tick 74: name 'cells_to_relieve' is not defined
Traceback (most recent call last):
  File "/home/user/DisasterAI/DisasterAI_Model.py", line 1315, in process_reward
    for cell in cells_to_relieve:
                ^^^^^^^^^^^^^^^^
NameError: name 'cells_to_relieve' is not defined
ERROR in Agent H_28 process_reward at tick 74: name 'cells_to_relieve' is not defined
Traceback (most recent call last):
  File "/home/user/DisasterAI/DisasterAI_Model.py", line 1315, in process_reward
    for cell in cells_to_relieve:
                ^^^^^^^^^^^^^^^^
NameError: name 'cells_to_relieve' is not defined
ERROR in Agent H_39 process_reward at tick 74: name 'cells_to_relieve' is not defined
Traceback (most recent call last):
  File "/home/user/DisasterAI/DisasterAI_Model.py", line 1315, in process_reward
    for cell in cells_to_relieve:
                ^^^^^^^^^^^^^^^^
NameError: name 'cells_to_relieve' is not defined
ERROR in Agent H_1 process_reward at tick 74: name 'cells_to_relieve' is not defined
Traceback (most recent call last):
  File "/home/user/DisasterAI/DisasterAI_Model.py", line 1315, in process_reward
    for cell in cells_to_relieve:
                ^^^^^^^^^^^^^^^^
NameError: name 'cells_to_relieve' is not defined
ERROR in Agent H_18 process_reward at tick 75: name 'cells_to_relieve' is not defined
Traceback (most recent call last):
  File "/home/user/DisasterAI/DisasterAI_Model.py", line 1315, in process_reward
    for cell in cells_to_relieve:
                ^^^^^^^^^^^^^^^^
NameError: name 'cells_to_relieve' is not defined
ERROR in Agent H_44 process_reward at tick 75: name 'cells_to_relieve' is not defined
Traceback (most recent call last):
  File "/home/user/DisasterAI/DisasterAI_Model.py", line 1315, in process_reward
    for cell in cells_to_relieve:
                ^^^^^^^^^^^^^^^^
NameError: name 'cells_to_relieve' is not defined
ERROR in Agent H_34 process_reward at tick 75: name 'cells_to_relieve' is not defined
Traceback (most recent call last):
  File "/home/user/DisasterAI/DisasterAI_Model.py", line 1315, in process_reward
    for cell in cells_to_relieve:
                ^^^^^^^^^^^^^^^^
NameError: name 'cells_to_relieve' is not defined
ERROR in Agent H_36 process_reward at tick 75: name 'cells_to_relieve' is not defined
Traceback (most recent call last):
  File "/home/user/DisasterAI/DisasterAI_Model.py", line 1315, in process_reward
    for cell in cells_to_relieve:
                ^^^^^^^^^^^^^^^^
NameError: name 'cells_to_relieve' is not defined
ERROR in Agent H_43 process_reward at tick 75: name 'cells_to_relieve' is not defined
Traceback (most recent call last):
  File "/home/user/DisasterAI/DisasterAI_Model.py", line 1315, in process_reward
    for cell in cells_to_relieve:
                ^^^^^^^^^^^^^^^^
NameError: name 'cells_to_relieve' is not defined
ERROR in Agent H_9 process_reward at tick 75: name 'cells_to_relieve' is not defined
Traceback (most recent call last):
  File "/home/user/DisasterAI/DisasterAI_Model.py", line 1315, in process_reward
    for cell in cells_to_relieve:
                ^^^^^^^^^^^^^^^^
NameError: name 'cells_to_relieve' is not defined
ERROR in Agent H_17 process_reward at tick 75: name 'cells_to_relieve' is not defined
Traceback (most recent call last):
  File "/home/user/DisasterAI/DisasterAI_Model.py", line 1315, in process_reward
    for cell in cells_to_relieve:
                ^^^^^^^^^^^^^^^^
NameError: name 'cells_to_relieve' is not defined
ERROR in Agent H_11 process_reward at tick 75: name 'cells_to_relieve' is not defined
Traceback (most recent call last):
  File "/home/user/DisasterAI/DisasterAI_Model.py", line 1315, in process_reward
    for cell in cells_to_relieve:
                ^^^^^^^^^^^^^^^^
NameError: name 'cells_to_relieve' is not defined
ERROR in Agent H_37 process_reward at tick 75: name 'cells_to_relieve' is not defined
Traceback (most recent call last):
  File "/home/user/DisasterAI/DisasterAI_Model.py", line 1315, in process_reward
    for cell in cells_to_relieve:
                ^^^^^^^^^^^^^^^^
NameError: name 'cells_to_relieve' is not defined
ERROR in Agent H_48 process_reward at tick 75: name 'cells_to_relieve' is not defined
Traceback (most recent call last):
  File "/home/user/DisasterAI/DisasterAI_Model.py", line 1315, in process_reward
    for cell in cells_to_relieve:
                ^^^^^^^^^^^^^^^^
NameError: name 'cells_to_relieve' is not defined
ERROR in Agent H_4 process_reward at tick 75: name 'cells_to_relieve' is not defined
Traceback (most recent call last):
  File "/home/user/DisasterAI/DisasterAI_Model.py", line 1315, in process_reward
    for cell in cells_to_relieve:
                ^^^^^^^^^^^^^^^^
NameError: name 'cells_to_relieve' is not defined
ERROR in Agent H_24 process_reward at tick 75: name 'cells_to_relieve' is not defined
Traceback (most recent call last):
  File "/home/user/DisasterAI/DisasterAI_Model.py", line 1315, in process_reward
    for cell in cells_to_relieve:
                ^^^^^^^^^^^^^^^^
NameError: name 'cells_to_relieve' is not defined
ERROR in Agent H_20 process_reward at tick 75: name 'cells_to_relieve' is not defined
Traceback (most recent call last):
  File "/home/user/DisasterAI/DisasterAI_Model.py", line 1315, in process_reward
    for cell in cells_to_relieve:
                ^^^^^^^^^^^^^^^^
NameError: name 'cells_to_relieve' is not defined
ERROR in Agent H_7 process_reward at tick 75: name 'cells_to_relieve' is not defined
Traceback (most recent call last):
  File "/home/user/DisasterAI/DisasterAI_Model.py", line 1315, in process_reward
    for cell in cells_to_relieve:
                ^^^^^^^^^^^^^^^^
NameError: name 'cells_to_relieve' is not defined
ERROR in Agent H_47 process_reward at tick 75: name 'cells_to_relieve' is not defined
Traceback (most recent call last):
  File "/home/user/DisasterAI/DisasterAI_Model.py", line 1315, in process_reward
    for cell in cells_to_relieve:
                ^^^^^^^^^^^^^^^^
NameError: name 'cells_to_relieve' is not defined
ERROR in Agent H_0 process_reward at tick 75: name 'cells_to_relieve' is not defined
Traceback (most recent call last):
  File "/home/user/DisasterAI/DisasterAI_Model.py", line 1315, in process_reward
    for cell in cells_to_relieve:
                ^^^^^^^^^^^^^^^^
NameError: name 'cells_to_relieve' is not defined
ERROR in Agent H_25 process_reward at tick 75: name 'cells_to_relieve' is not defined
Traceback (most recent call last):
  File "/home/user/DisasterAI/DisasterAI_Model.py", line 1315, in process_reward
    for cell in cells_to_relieve:
                ^^^^^^^^^^^^^^^^
NameError: name 'cells_to_relieve' is not defined
ERROR in Agent H_19 process_reward at tick 75: name 'cells_to_relieve' is not defined
Traceback (most recent call last):
  File "/home/user/DisasterAI/DisasterAI_Model.py", line 1315, in process_reward
    for cell in cells_to_relieve:
                ^^^^^^^^^^^^^^^^
NameError: name 'cells_to_relieve' is not defined
ERROR in Agent H_15 process_reward at tick 75: name 'cells_to_relieve' is not defined
Traceback (most recent call last):
  File "/home/user/DisasterAI/DisasterAI_Model.py", line 1315, in process_reward
    for cell in cells_to_relieve:
                ^^^^^^^^^^^^^^^^
NameError: name 'cells_to_relieve' is not defined
ERROR in Agent H_42 process_reward at tick 75: name 'cells_to_relieve' is not defined
Traceback (most recent call last):
  File "/home/user/DisasterAI/DisasterAI_Model.py", line 1315, in process_reward
    for cell in cells_to_relieve:
                ^^^^^^^^^^^^^^^^
NameError: name 'cells_to_relieve' is not defined
ERROR in Agent H_6 process_reward at tick 75: name 'cells_to_relieve' is not defined
Traceback (most recent call last):
  File "/home/user/DisasterAI/DisasterAI_Model.py", line 1315, in process_reward
    for cell in cells_to_relieve:
                ^^^^^^^^^^^^^^^^
NameError: name 'cells_to_relieve' is not defined
ERROR in Agent H_5 process_reward at tick 75: name 'cells_to_relieve' is not defined
Traceback (most recent call last):
  File "/home/user/DisasterAI/DisasterAI_Model.py", line 1315, in process_reward
    for cell in cells_to_relieve:
                ^^^^^^^^^^^^^^^^
NameError: name 'cells_to_relieve' is not defined
ERROR in Agent H_35 process_reward at tick 75: name 'cells_to_relieve' is not defined
Traceback (most recent call last):
  File "/home/user/DisasterAI/DisasterAI_Model.py", line 1315, in process_reward
    for cell in cells_to_relieve:
                ^^^^^^^^^^^^^^^^
NameError: name 'cells_to_relieve' is not defined
ERROR in Agent H_46 process_reward at tick 75: name 'cells_to_relieve' is not defined
Traceback (most recent call last):
  File "/home/user/DisasterAI/DisasterAI_Model.py", line 1315, in process_reward
    for cell in cells_to_relieve:
                ^^^^^^^^^^^^^^^^
NameError: name 'cells_to_relieve' is not defined
ERROR in Agent H_40 process_reward at tick 75: name 'cells_to_relieve' is not defined
Traceback (most recent call last):
  File "/home/user/DisasterAI/DisasterAI_Model.py", line 1315, in process_reward
    for cell in cells_to_relieve:
                ^^^^^^^^^^^^^^^^
NameError: name 'cells_to_relieve' is not defined
ERROR in Agent H_26 process_reward at tick 75: name 'cells_to_relieve' is not defined
Traceback (most recent call last):
  File "/home/user/DisasterAI/DisasterAI_Model.py", line 1315, in process_reward
    for cell in cells_to_relieve:
                ^^^^^^^^^^^^^^^^
NameError: name 'cells_to_relieve' is not defined
ERROR in Agent H_27 process_reward at tick 75: name 'cells_to_relieve' is not defined
Traceback (most recent call last):
  File "/home/user/DisasterAI/DisasterAI_Model.py", line 1315, in process_reward
    for cell in cells_to_relieve:
                ^^^^^^^^^^^^^^^^
NameError: name 'cells_to_relieve' is not defined
ERROR in Agent H_38 process_reward at tick 75: name 'cells_to_relieve' is not defined
Traceback (most recent call last):
  File "/home/user/DisasterAI/DisasterAI_Model.py", line 1315, in process_reward
    for cell in cells_to_relieve:
                ^^^^^^^^^^^^^^^^
NameError: name 'cells_to_relieve' is not defined
ERROR in Agent H_14 process_reward at tick 75: name 'cells_to_relieve' is not defined
Traceback (most recent call last):
  File "/home/user/DisasterAI/DisasterAI_Model.py", line 1315, in process_reward
    for cell in cells_to_relieve:
                ^^^^^^^^^^^^^^^^
NameError: name 'cells_to_relieve' is not defined
ERROR in Agent H_32 process_reward at tick 75: name 'cells_to_relieve' is not defined
Traceback (most recent call last):
  File "/home/user/DisasterAI/DisasterAI_Model.py", line 1315, in process_reward
    for cell in cells_to_relieve:
                ^^^^^^^^^^^^^^^^
NameError: name 'cells_to_relieve' is not defined
ERROR in Agent H_49 process_reward at tick 75: name 'cells_to_relieve' is not defined
Traceback (most recent call last):
  File "/home/user/DisasterAI/DisasterAI_Model.py", line 1315, in process_reward
    for cell in cells_to_relieve:
                ^^^^^^^^^^^^^^^^
NameError: name 'cells_to_relieve' is not defined
ERROR in Agent H_39 process_reward at tick 75: name 'cells_to_relieve' is not defined
Traceback (most recent call last):
  File "/home/user/DisasterAI/DisasterAI_Model.py", line 1315, in process_reward
    for cell in cells_to_relieve:
                ^^^^^^^^^^^^^^^^
NameError: name 'cells_to_relieve' is not defined
ERROR in Agent H_30 process_reward at tick 75: name 'cells_to_relieve' is not defined
Traceback (most recent call last):
  File "/home/user/DisasterAI/DisasterAI_Model.py", line 1315, in process_reward
    for cell in cells_to_relieve:
                ^^^^^^^^^^^^^^^^
NameError: name 'cells_to_relieve' is not defined

DEBUG: Starting AECI variance calculation at tick 75
  Found 0/50 AI-reliant agents
  Global belief variance: 0.0662
  WARNING: Invalid global variance (0.06619679) or no AI-reliant agents
  Returning AECI variance tuple: (75, 0.0)
  Current aeci_variance_data length: 75
  Last 3 entries: [(73, 0.0), (74, 0.0), (75, 0.0)]
Tick 75:
  Exploratory avg trust in A_0: 0.842
  Exploitative avg trust in A_0: 0.875
ERROR in Agent H_36 process_reward at tick 76: name 'cells_to_relieve' is not defined
Traceback (most recent call last):
  File "/home/user/DisasterAI/DisasterAI_Model.py", line 1315, in process_reward
    for cell in cells_to_relieve:
                ^^^^^^^^^^^^^^^^
NameError: name 'cells_to_relieve' is not defined
ERROR in Agent H_17 process_reward at tick 76: name 'cells_to_relieve' is not defined
Traceback (most recent call last):
  File "/home/user/DisasterAI/DisasterAI_Model.py", line 1315, in process_reward
    for cell in cells_to_relieve:
                ^^^^^^^^^^^^^^^^
NameError: name 'cells_to_relieve' is not defined
ERROR in Agent H_48 process_reward at tick 76: name 'cells_to_relieve' is not defined
Traceback (most recent call last):
  File "/home/user/DisasterAI/DisasterAI_Model.py", line 1315, in process_reward
    for cell in cells_to_relieve:
                ^^^^^^^^^^^^^^^^
NameError: name 'cells_to_relieve' is not defined
ERROR in Agent H_14 process_reward at tick 76: name 'cells_to_relieve' is not defined
Traceback (most recent call last):
  File "/home/user/DisasterAI/DisasterAI_Model.py", line 1315, in process_reward
    for cell in cells_to_relieve:
                ^^^^^^^^^^^^^^^^
NameError: name 'cells_to_relieve' is not defined
ERROR in Agent H_41 process_reward at tick 76: name 'cells_to_relieve' is not defined
Traceback (most recent call last):
  File "/home/user/DisasterAI/DisasterAI_Model.py", line 1315, in process_reward
    for cell in cells_to_relieve:
                ^^^^^^^^^^^^^^^^
NameError: name 'cells_to_relieve' is not defined
ERROR in Agent H_9 process_reward at tick 76: name 'cells_to_relieve' is not defined
Traceback (most recent call last):
  File "/home/user/DisasterAI/DisasterAI_Model.py", line 1315, in process_reward
    for cell in cells_to_relieve:
                ^^^^^^^^^^^^^^^^
NameError: name 'cells_to_relieve' is not defined
ERROR in Agent H_16 process_reward at tick 76: name 'cells_to_relieve' is not defined
Traceback (most recent call last):
  File "/home/user/DisasterAI/DisasterAI_Model.py", line 1315, in process_reward
    for cell in cells_to_relieve:
                ^^^^^^^^^^^^^^^^
NameError: name 'cells_to_relieve' is not defined
ERROR in Agent H_49 process_reward at tick 76: name 'cells_to_relieve' is not defined
Traceback (most recent call last):
  File "/home/user/DisasterAI/DisasterAI_Model.py", line 1315, in process_reward
    for cell in cells_to_relieve:
                ^^^^^^^^^^^^^^^^
NameError: name 'cells_to_relieve' is not defined
ERROR in Agent H_0 process_reward at tick 76: name 'cells_to_relieve' is not defined
Traceback (most recent call last):
  File "/home/user/DisasterAI/DisasterAI_Model.py", line 1315, in process_reward
    for cell in cells_to_relieve:
                ^^^^^^^^^^^^^^^^
NameError: name 'cells_to_relieve' is not defined
ERROR in Agent H_22 process_reward at tick 76: name 'cells_to_relieve' is not defined
Traceback (most recent call last):
  File "/home/user/DisasterAI/DisasterAI_Model.py", line 1315, in process_reward
    for cell in cells_to_relieve:
                ^^^^^^^^^^^^^^^^
NameError: name 'cells_to_relieve' is not defined
ERROR in Agent H_35 process_reward at tick 76: name 'cells_to_relieve' is not defined
Traceback (most recent call last):
  File "/home/user/DisasterAI/DisasterAI_Model.py", line 1315, in process_reward
    for cell in cells_to_relieve:
                ^^^^^^^^^^^^^^^^
NameError: name 'cells_to_relieve' is not defined
ERROR in Agent H_4 process_reward at tick 76: name 'cells_to_relieve' is not defined
Traceback (most recent call last):
  File "/home/user/DisasterAI/DisasterAI_Model.py", line 1315, in process_reward
    for cell in cells_to_relieve:
                ^^^^^^^^^^^^^^^^
NameError: name 'cells_to_relieve' is not defined
ERROR in Agent H_23 process_reward at tick 76: name 'cells_to_relieve' is not defined
Traceback (most recent call last):
  File "/home/user/DisasterAI/DisasterAI_Model.py", line 1315, in process_reward
    for cell in cells_to_relieve:
                ^^^^^^^^^^^^^^^^
NameError: name 'cells_to_relieve' is not defined
ERROR in Agent H_5 process_reward at tick 76: name 'cells_to_relieve' is not defined
Traceback (most recent call last):
  File "/home/user/DisasterAI/DisasterAI_Model.py", line 1315, in process_reward
    for cell in cells_to_relieve:
                ^^^^^^^^^^^^^^^^
NameError: name 'cells_to_relieve' is not defined
ERROR in Agent H_42 process_reward at tick 76: name 'cells_to_relieve' is not defined
Traceback (most recent call last):
  File "/home/user/DisasterAI/DisasterAI_Model.py", line 1315, in process_reward
    for cell in cells_to_relieve:
                ^^^^^^^^^^^^^^^^
NameError: name 'cells_to_relieve' is not defined
ERROR in Agent H_29 process_reward at tick 76: name 'cells_to_relieve' is not defined
Traceback (most recent call last):
  File "/home/user/DisasterAI/DisasterAI_Model.py", line 1315, in process_reward
    for cell in cells_to_relieve:
                ^^^^^^^^^^^^^^^^
NameError: name 'cells_to_relieve' is not defined
ERROR in Agent H_19 process_reward at tick 76: name 'cells_to_relieve' is not defined
Traceback (most recent call last):
  File "/home/user/DisasterAI/DisasterAI_Model.py", line 1315, in process_reward
    for cell in cells_to_relieve:
                ^^^^^^^^^^^^^^^^
NameError: name 'cells_to_relieve' is not defined
ERROR in Agent H_40 process_reward at tick 76: name 'cells_to_relieve' is not defined
Traceback (most recent call last):
  File "/home/user/DisasterAI/DisasterAI_Model.py", line 1315, in process_reward
    for cell in cells_to_relieve:
                ^^^^^^^^^^^^^^^^
NameError: name 'cells_to_relieve' is not defined
ERROR in Agent H_11 process_reward at tick 76: name 'cells_to_relieve' is not defined
Traceback (most recent call last):
  File "/home/user/DisasterAI/DisasterAI_Model.py", line 1315, in process_reward
    for cell in cells_to_relieve:
                ^^^^^^^^^^^^^^^^
NameError: name 'cells_to_relieve' is not defined
ERROR in Agent H_31 process_reward at tick 76: name 'cells_to_relieve' is not defined
Traceback (most recent call last):
  File "/home/user/DisasterAI/DisasterAI_Model.py", line 1315, in process_reward
    for cell in cells_to_relieve:
                ^^^^^^^^^^^^^^^^
NameError: name 'cells_to_relieve' is not defined
ERROR in Agent H_44 process_reward at tick 76: name 'cells_to_relieve' is not defined
Traceback (most recent call last):
  File "/home/user/DisasterAI/DisasterAI_Model.py", line 1315, in process_reward
    for cell in cells_to_relieve:
                ^^^^^^^^^^^^^^^^
NameError: name 'cells_to_relieve' is not defined
ERROR in Agent H_18 process_reward at tick 76: name 'cells_to_relieve' is not defined
Traceback (most recent call last):
  File "/home/user/DisasterAI/DisasterAI_Model.py", line 1315, in process_reward
    for cell in cells_to_relieve:
                ^^^^^^^^^^^^^^^^
NameError: name 'cells_to_relieve' is not defined
ERROR in Agent H_47 process_reward at tick 76: name 'cells_to_relieve' is not defined
Traceback (most recent call last):
  File "/home/user/DisasterAI/DisasterAI_Model.py", line 1315, in process_reward
    for cell in cells_to_relieve:
                ^^^^^^^^^^^^^^^^
NameError: name 'cells_to_relieve' is not defined
ERROR in Agent H_6 process_reward at tick 76: name 'cells_to_relieve' is not defined
Traceback (most recent call last):
  File "/home/user/DisasterAI/DisasterAI_Model.py", line 1315, in process_reward
    for cell in cells_to_relieve:
                ^^^^^^^^^^^^^^^^
NameError: name 'cells_to_relieve' is not defined
ERROR in Agent H_20 process_reward at tick 76: name 'cells_to_relieve' is not defined
Traceback (most recent call last):
  File "/home/user/DisasterAI/DisasterAI_Model.py", line 1315, in process_reward
    for cell in cells_to_relieve:
                ^^^^^^^^^^^^^^^^
NameError: name 'cells_to_relieve' is not defined
ERROR in Agent H_26 process_reward at tick 76: name 'cells_to_relieve' is not defined
Traceback (most recent call last):
  File "/home/user/DisasterAI/DisasterAI_Model.py", line 1315, in process_reward
    for cell in cells_to_relieve:
                ^^^^^^^^^^^^^^^^
NameError: name 'cells_to_relieve' is not defined
ERROR in Agent H_12 process_reward at tick 76: name 'cells_to_relieve' is not defined
Traceback (most recent call last):
  File "/home/user/DisasterAI/DisasterAI_Model.py", line 1315, in process_reward
    for cell in cells_to_relieve:
                ^^^^^^^^^^^^^^^^
NameError: name 'cells_to_relieve' is not defined
ERROR in Agent H_28 process_reward at tick 76: name 'cells_to_relieve' is not defined
Traceback (most recent call last):
  File "/home/user/DisasterAI/DisasterAI_Model.py", line 1315, in process_reward
    for cell in cells_to_relieve:
                ^^^^^^^^^^^^^^^^
NameError: name 'cells_to_relieve' is not defined
ERROR in Agent H_13 process_reward at tick 76: name 'cells_to_relieve' is not defined
Traceback (most recent call last):
  File "/home/user/DisasterAI/DisasterAI_Model.py", line 1315, in process_reward
    for cell in cells_to_relieve:
                ^^^^^^^^^^^^^^^^
NameError: name 'cells_to_relieve' is not defined
ERROR in Agent H_2 process_reward at tick 76: name 'cells_to_relieve' is not defined
Traceback (most recent call last):
  File "/home/user/DisasterAI/DisasterAI_Model.py", line 1315, in process_reward
    for cell in cells_to_relieve:
                ^^^^^^^^^^^^^^^^
NameError: name 'cells_to_relieve' is not defined
ERROR in Agent H_37 process_reward at tick 76: name 'cells_to_relieve' is not defined
Traceback (most recent call last):
  File "/home/user/DisasterAI/DisasterAI_Model.py", line 1315, in process_reward
    for cell in cells_to_relieve:
                ^^^^^^^^^^^^^^^^
NameError: name 'cells_to_relieve' is not defined
ERROR in Agent H_45 process_reward at tick 76: name 'cells_to_relieve' is not defined
Traceback (most recent call last):
  File "/home/user/DisasterAI/DisasterAI_Model.py", line 1315, in process_reward
    for cell in cells_to_relieve:
                ^^^^^^^^^^^^^^^^
NameError: name 'cells_to_relieve' is not defined
ERROR in Agent H_34 process_reward at tick 76: name 'cells_to_relieve' is not defined
Traceback (most recent call last):
  File "/home/user/DisasterAI/DisasterAI_Model.py", line 1315, in process_reward
    for cell in cells_to_relieve:
                ^^^^^^^^^^^^^^^^
NameError: name 'cells_to_relieve' is not defined
ERROR in Agent H_49 process_reward at tick 77: name 'cells_to_relieve' is not defined
Traceback (most recent call last):
  File "/home/user/DisasterAI/DisasterAI_Model.py", line 1315, in process_reward
    for cell in cells_to_relieve:
                ^^^^^^^^^^^^^^^^
NameError: name 'cells_to_relieve' is not defined
ERROR in Agent H_9 process_reward at tick 77: name 'cells_to_relieve' is not defined
Traceback (most recent call last):
  File "/home/user/DisasterAI/DisasterAI_Model.py", line 1315, in process_reward
    for cell in cells_to_relieve:
                ^^^^^^^^^^^^^^^^
NameError: name 'cells_to_relieve' is not defined
ERROR in Agent H_33 process_reward at tick 77: name 'cells_to_relieve' is not defined
Traceback (most recent call last):
  File "/home/user/DisasterAI/DisasterAI_Model.py", line 1315, in process_reward
    for cell in cells_to_relieve:
                ^^^^^^^^^^^^^^^^
NameError: name 'cells_to_relieve' is not defined
ERROR in Agent H_17 process_reward at tick 77: name 'cells_to_relieve' is not defined
Traceback (most recent call last):
  File "/home/user/DisasterAI/DisasterAI_Model.py", line 1315, in process_reward
    for cell in cells_to_relieve:
                ^^^^^^^^^^^^^^^^
NameError: name 'cells_to_relieve' is not defined
ERROR in Agent H_7 process_reward at tick 77: name 'cells_to_relieve' is not defined
Traceback (most recent call last):
  File "/home/user/DisasterAI/DisasterAI_Model.py", line 1315, in process_reward
    for cell in cells_to_relieve:
                ^^^^^^^^^^^^^^^^
NameError: name 'cells_to_relieve' is not defined
ERROR in Agent H_19 process_reward at tick 77: name 'cells_to_relieve' is not defined
Traceback (most recent call last):
  File "/home/user/DisasterAI/DisasterAI_Model.py", line 1315, in process_reward
    for cell in cells_to_relieve:
                ^^^^^^^^^^^^^^^^
NameError: name 'cells_to_relieve' is not defined
ERROR in Agent H_14 process_reward at tick 77: name 'cells_to_relieve' is not defined
Traceback (most recent call last):
  File "/home/user/DisasterAI/DisasterAI_Model.py", line 1315, in process_reward
    for cell in cells_to_relieve:
                ^^^^^^^^^^^^^^^^
NameError: name 'cells_to_relieve' is not defined
ERROR in Agent H_2 process_reward at tick 77: name 'cells_to_relieve' is not defined
Traceback (most recent call last):
  File "/home/user/DisasterAI/DisasterAI_Model.py", line 1315, in process_reward
    for cell in cells_to_relieve:
                ^^^^^^^^^^^^^^^^
NameError: name 'cells_to_relieve' is not defined
ERROR in Agent H_37 process_reward at tick 77: name 'cells_to_relieve' is not defined
Traceback (most recent call last):
  File "/home/user/DisasterAI/DisasterAI_Model.py", line 1315, in process_reward
    for cell in cells_to_relieve:
                ^^^^^^^^^^^^^^^^
NameError: name 'cells_to_relieve' is not defined
ERROR in Agent H_6 process_reward at tick 77: name 'cells_to_relieve' is not defined
Traceback (most recent call last):
  File "/home/user/DisasterAI/DisasterAI_Model.py", line 1315, in process_reward
    for cell in cells_to_relieve:
                ^^^^^^^^^^^^^^^^
NameError: name 'cells_to_relieve' is not defined
ERROR in Agent H_0 process_reward at tick 77: name 'cells_to_relieve' is not defined
Traceback (most recent call last):
  File "/home/user/DisasterAI/DisasterAI_Model.py", line 1315, in process_reward
    for cell in cells_to_relieve:
                ^^^^^^^^^^^^^^^^
NameError: name 'cells_to_relieve' is not defined
ERROR in Agent H_29 process_reward at tick 77: name 'cells_to_relieve' is not defined
Traceback (most recent call last):
  File "/home/user/DisasterAI/DisasterAI_Model.py", line 1315, in process_reward
    for cell in cells_to_relieve:
                ^^^^^^^^^^^^^^^^
NameError: name 'cells_to_relieve' is not defined
ERROR in Agent H_28 process_reward at tick 77: name 'cells_to_relieve' is not defined
Traceback (most recent call last):
  File "/home/user/DisasterAI/DisasterAI_Model.py", line 1315, in process_reward
    for cell in cells_to_relieve:
                ^^^^^^^^^^^^^^^^
NameError: name 'cells_to_relieve' is not defined
ERROR in Agent H_22 process_reward at tick 77: name 'cells_to_relieve' is not defined
Traceback (most recent call last):
  File "/home/user/DisasterAI/DisasterAI_Model.py", line 1315, in process_reward
    for cell in cells_to_relieve:
                ^^^^^^^^^^^^^^^^
NameError: name 'cells_to_relieve' is not defined
ERROR in Agent H_40 process_reward at tick 77: name 'cells_to_relieve' is not defined
Traceback (most recent call last):
  File "/home/user/DisasterAI/DisasterAI_Model.py", line 1315, in process_reward
    for cell in cells_to_relieve:
                ^^^^^^^^^^^^^^^^
NameError: name 'cells_to_relieve' is not defined
ERROR in Agent H_45 process_reward at tick 77: name 'cells_to_relieve' is not defined
Traceback (most recent call last):
  File "/home/user/DisasterAI/DisasterAI_Model.py", line 1315, in process_reward
    for cell in cells_to_relieve:
                ^^^^^^^^^^^^^^^^
NameError: name 'cells_to_relieve' is not defined
ERROR in Agent H_39 process_reward at tick 77: name 'cells_to_relieve' is not defined
Traceback (most recent call last):
  File "/home/user/DisasterAI/DisasterAI_Model.py", line 1315, in process_reward
    for cell in cells_to_relieve:
                ^^^^^^^^^^^^^^^^
NameError: name 'cells_to_relieve' is not defined
ERROR in Agent H_21 process_reward at tick 77: name 'cells_to_relieve' is not defined
Traceback (most recent call last):
  File "/home/user/DisasterAI/DisasterAI_Model.py", line 1315, in process_reward
    for cell in cells_to_relieve:
                ^^^^^^^^^^^^^^^^
NameError: name 'cells_to_relieve' is not defined
ERROR in Agent H_23 process_reward at tick 77: name 'cells_to_relieve' is not defined
Traceback (most recent call last):
  File "/home/user/DisasterAI/DisasterAI_Model.py", line 1315, in process_reward
    for cell in cells_to_relieve:
                ^^^^^^^^^^^^^^^^
NameError: name 'cells_to_relieve' is not defined
ERROR in Agent H_10 process_reward at tick 77: name 'cells_to_relieve' is not defined
Traceback (most recent call last):
  File "/home/user/DisasterAI/DisasterAI_Model.py", line 1315, in process_reward
    for cell in cells_to_relieve:
                ^^^^^^^^^^^^^^^^
NameError: name 'cells_to_relieve' is not defined
ERROR in Agent H_16 process_reward at tick 77: name 'cells_to_relieve' is not defined
Traceback (most recent call last):
  File "/home/user/DisasterAI/DisasterAI_Model.py", line 1315, in process_reward
    for cell in cells_to_relieve:
                ^^^^^^^^^^^^^^^^
NameError: name 'cells_to_relieve' is not defined
ERROR in Agent H_3 process_reward at tick 77: name 'cells_to_relieve' is not defined
Traceback (most recent call last):
  File "/home/user/DisasterAI/DisasterAI_Model.py", line 1315, in process_reward
    for cell in cells_to_relieve:
                ^^^^^^^^^^^^^^^^
NameError: name 'cells_to_relieve' is not defined
ERROR in Agent H_24 process_reward at tick 77: name 'cells_to_relieve' is not defined
Traceback (most recent call last):
  File "/home/user/DisasterAI/DisasterAI_Model.py", line 1315, in process_reward
    for cell in cells_to_relieve:
                ^^^^^^^^^^^^^^^^
NameError: name 'cells_to_relieve' is not defined
ERROR in Agent H_43 process_reward at tick 77: name 'cells_to_relieve' is not defined
Traceback (most recent call last):
  File "/home/user/DisasterAI/DisasterAI_Model.py", line 1315, in process_reward
    for cell in cells_to_relieve:
                ^^^^^^^^^^^^^^^^
NameError: name 'cells_to_relieve' is not defined
ERROR in Agent H_42 process_reward at tick 77: name 'cells_to_relieve' is not defined
Traceback (most recent call last):
  File "/home/user/DisasterAI/DisasterAI_Model.py", line 1315, in process_reward
    for cell in cells_to_relieve:
                ^^^^^^^^^^^^^^^^
NameError: name 'cells_to_relieve' is not defined
ERROR in Agent H_30 process_reward at tick 77: name 'cells_to_relieve' is not defined
Traceback (most recent call last):
  File "/home/user/DisasterAI/DisasterAI_Model.py", line 1315, in process_reward
    for cell in cells_to_relieve:
                ^^^^^^^^^^^^^^^^
NameError: name 'cells_to_relieve' is not defined
ERROR in Agent H_25 process_reward at tick 77: name 'cells_to_relieve' is not defined
Traceback (most recent call last):
  File "/home/user/DisasterAI/DisasterAI_Model.py", line 1315, in process_reward
    for cell in cells_to_relieve:
                ^^^^^^^^^^^^^^^^
NameError: name 'cells_to_relieve' is not defined
ERROR in Agent H_20 process_reward at tick 77: name 'cells_to_relieve' is not defined
Traceback (most recent call last):
  File "/home/user/DisasterAI/DisasterAI_Model.py", line 1315, in process_reward
    for cell in cells_to_relieve:
                ^^^^^^^^^^^^^^^^
NameError: name 'cells_to_relieve' is not defined
ERROR in Agent H_5 process_reward at tick 77: name 'cells_to_relieve' is not defined
Traceback (most recent call last):
  File "/home/user/DisasterAI/DisasterAI_Model.py", line 1315, in process_reward
    for cell in cells_to_relieve:
                ^^^^^^^^^^^^^^^^
NameError: name 'cells_to_relieve' is not defined
ERROR in Agent H_44 process_reward at tick 77: name 'cells_to_relieve' is not defined
Traceback (most recent call last):
  File "/home/user/DisasterAI/DisasterAI_Model.py", line 1315, in process_reward
    for cell in cells_to_relieve:
                ^^^^^^^^^^^^^^^^
NameError: name 'cells_to_relieve' is not defined
ERROR in Agent H_27 process_reward at tick 77: name 'cells_to_relieve' is not defined
Traceback (most recent call last):
  File "/home/user/DisasterAI/DisasterAI_Model.py", line 1315, in process_reward
    for cell in cells_to_relieve:
                ^^^^^^^^^^^^^^^^
NameError: name 'cells_to_relieve' is not defined
ERROR in Agent H_12 process_reward at tick 77: name 'cells_to_relieve' is not defined
Traceback (most recent call last):
  File "/home/user/DisasterAI/DisasterAI_Model.py", line 1315, in process_reward
    for cell in cells_to_relieve:
                ^^^^^^^^^^^^^^^^
NameError: name 'cells_to_relieve' is not defined
ERROR in Agent H_26 process_reward at tick 77: name 'cells_to_relieve' is not defined
Traceback (most recent call last):
  File "/home/user/DisasterAI/DisasterAI_Model.py", line 1315, in process_reward
    for cell in cells_to_relieve:
                ^^^^^^^^^^^^^^^^
NameError: name 'cells_to_relieve' is not defined
ERROR in Agent H_32 process_reward at tick 77: name 'cells_to_relieve' is not defined
Traceback (most recent call last):
  File "/home/user/DisasterAI/DisasterAI_Model.py", line 1315, in process_reward
    for cell in cells_to_relieve:
                ^^^^^^^^^^^^^^^^
NameError: name 'cells_to_relieve' is not defined
ERROR in Agent H_31 process_reward at tick 77: name 'cells_to_relieve' is not defined
Traceback (most recent call last):
  File "/home/user/DisasterAI/DisasterAI_Model.py", line 1315, in process_reward
    for cell in cells_to_relieve:
                ^^^^^^^^^^^^^^^^
NameError: name 'cells_to_relieve' is not defined
ERROR in Agent H_34 process_reward at tick 77: name 'cells_to_relieve' is not defined
Traceback (most recent call last):
  File "/home/user/DisasterAI/DisasterAI_Model.py", line 1315, in process_reward
    for cell in cells_to_relieve:
                ^^^^^^^^^^^^^^^^
NameError: name 'cells_to_relieve' is not defined
ERROR in Agent H_47 process_reward at tick 78: name 'cells_to_relieve' is not defined
Traceback (most recent call last):
  File "/home/user/DisasterAI/DisasterAI_Model.py", line 1315, in process_reward
    for cell in cells_to_relieve:
                ^^^^^^^^^^^^^^^^
NameError: name 'cells_to_relieve' is not defined
ERROR in Agent H_4 process_reward at tick 78: name 'cells_to_relieve' is not defined
Traceback (most recent call last):
  File "/home/user/DisasterAI/DisasterAI_Model.py", line 1315, in process_reward
    for cell in cells_to_relieve:
                ^^^^^^^^^^^^^^^^
NameError: name 'cells_to_relieve' is not defined
ERROR in Agent H_26 process_reward at tick 78: name 'cells_to_relieve' is not defined
Traceback (most recent call last):
  File "/home/user/DisasterAI/DisasterAI_Model.py", line 1315, in process_reward
    for cell in cells_to_relieve:
                ^^^^^^^^^^^^^^^^
NameError: name 'cells_to_relieve' is not defined
ERROR in Agent H_34 process_reward at tick 78: name 'cells_to_relieve' is not defined
Traceback (most recent call last):
  File "/home/user/DisasterAI/DisasterAI_Model.py", line 1315, in process_reward
    for cell in cells_to_relieve:
                ^^^^^^^^^^^^^^^^
NameError: name 'cells_to_relieve' is not defined
ERROR in Agent H_11 process_reward at tick 78: name 'cells_to_relieve' is not defined
Traceback (most recent call last):
  File "/home/user/DisasterAI/DisasterAI_Model.py", line 1315, in process_reward
    for cell in cells_to_relieve:
                ^^^^^^^^^^^^^^^^
NameError: name 'cells_to_relieve' is not defined
ERROR in Agent H_12 process_reward at tick 78: name 'cells_to_relieve' is not defined
Traceback (most recent call last):
  File "/home/user/DisasterAI/DisasterAI_Model.py", line 1315, in process_reward
    for cell in cells_to_relieve:
                ^^^^^^^^^^^^^^^^
NameError: name 'cells_to_relieve' is not defined
ERROR in Agent H_41 process_reward at tick 78: name 'cells_to_relieve' is not defined
Traceback (most recent call last):
  File "/home/user/DisasterAI/DisasterAI_Model.py", line 1315, in process_reward
    for cell in cells_to_relieve:
                ^^^^^^^^^^^^^^^^
NameError: name 'cells_to_relieve' is not defined
ERROR in Agent H_38 process_reward at tick 78: name 'cells_to_relieve' is not defined
Traceback (most recent call last):
  File "/home/user/DisasterAI/DisasterAI_Model.py", line 1315, in process_reward
    for cell in cells_to_relieve:
                ^^^^^^^^^^^^^^^^
NameError: name 'cells_to_relieve' is not defined
ERROR in Agent H_37 process_reward at tick 78: name 'cells_to_relieve' is not defined
Traceback (most recent call last):
  File "/home/user/DisasterAI/DisasterAI_Model.py", line 1315, in process_reward
    for cell in cells_to_relieve:
                ^^^^^^^^^^^^^^^^
NameError: name 'cells_to_relieve' is not defined
ERROR in Agent H_39 process_reward at tick 78: name 'cells_to_relieve' is not defined
Traceback (most recent call last):
  File "/home/user/DisasterAI/DisasterAI_Model.py", line 1315, in process_reward
    for cell in cells_to_relieve:
                ^^^^^^^^^^^^^^^^
NameError: name 'cells_to_relieve' is not defined
ERROR in Agent H_44 process_reward at tick 78: name 'cells_to_relieve' is not defined
Traceback (most recent call last):
  File "/home/user/DisasterAI/DisasterAI_Model.py", line 1315, in process_reward
    for cell in cells_to_relieve:
                ^^^^^^^^^^^^^^^^
NameError: name 'cells_to_relieve' is not defined
ERROR in Agent H_7 process_reward at tick 78: name 'cells_to_relieve' is not defined
Traceback (most recent call last):
  File "/home/user/DisasterAI/DisasterAI_Model.py", line 1315, in process_reward
    for cell in cells_to_relieve:
                ^^^^^^^^^^^^^^^^
NameError: name 'cells_to_relieve' is not defined
ERROR in Agent H_46 process_reward at tick 78: name 'cells_to_relieve' is not defined
Traceback (most recent call last):
  File "/home/user/DisasterAI/DisasterAI_Model.py", line 1315, in process_reward
    for cell in cells_to_relieve:
                ^^^^^^^^^^^^^^^^
NameError: name 'cells_to_relieve' is not defined
ERROR in Agent H_2 process_reward at tick 78: name 'cells_to_relieve' is not defined
Traceback (most recent call last):
  File "/home/user/DisasterAI/DisasterAI_Model.py", line 1315, in process_reward
    for cell in cells_to_relieve:
                ^^^^^^^^^^^^^^^^
NameError: name 'cells_to_relieve' is not defined
ERROR in Agent H_5 process_reward at tick 78: name 'cells_to_relieve' is not defined
Traceback (most recent call last):
  File "/home/user/DisasterAI/DisasterAI_Model.py", line 1315, in process_reward
    for cell in cells_to_relieve:
                ^^^^^^^^^^^^^^^^
NameError: name 'cells_to_relieve' is not defined
ERROR in Agent H_42 process_reward at tick 78: name 'cells_to_relieve' is not defined
Traceback (most recent call last):
  File "/home/user/DisasterAI/DisasterAI_Model.py", line 1315, in process_reward
    for cell in cells_to_relieve:
                ^^^^^^^^^^^^^^^^
NameError: name 'cells_to_relieve' is not defined
ERROR in Agent H_13 process_reward at tick 78: name 'cells_to_relieve' is not defined
Traceback (most recent call last):
  File "/home/user/DisasterAI/DisasterAI_Model.py", line 1315, in process_reward
    for cell in cells_to_relieve:
                ^^^^^^^^^^^^^^^^
NameError: name 'cells_to_relieve' is not defined
ERROR in Agent H_14 process_reward at tick 78: name 'cells_to_relieve' is not defined
Traceback (most recent call last):
  File "/home/user/DisasterAI/DisasterAI_Model.py", line 1315, in process_reward
    for cell in cells_to_relieve:
                ^^^^^^^^^^^^^^^^
NameError: name 'cells_to_relieve' is not defined
ERROR in Agent H_9 process_reward at tick 78: name 'cells_to_relieve' is not defined
Traceback (most recent call last):
  File "/home/user/DisasterAI/DisasterAI_Model.py", line 1315, in process_reward
    for cell in cells_to_relieve:
                ^^^^^^^^^^^^^^^^
NameError: name 'cells_to_relieve' is not defined
ERROR in Agent H_15 process_reward at tick 78: name 'cells_to_relieve' is not defined
Traceback (most recent call last):
  File "/home/user/DisasterAI/DisasterAI_Model.py", line 1315, in process_reward
    for cell in cells_to_relieve:
                ^^^^^^^^^^^^^^^^
NameError: name 'cells_to_relieve' is not defined
ERROR in Agent H_3 process_reward at tick 78: name 'cells_to_relieve' is not defined
Traceback (most recent call last):
  File "/home/user/DisasterAI/DisasterAI_Model.py", line 1315, in process_reward
    for cell in cells_to_relieve:
                ^^^^^^^^^^^^^^^^
NameError: name 'cells_to_relieve' is not defined
ERROR in Agent H_32 process_reward at tick 78: name 'cells_to_relieve' is not defined
Traceback (most recent call last):
  File "/home/user/DisasterAI/DisasterAI_Model.py", line 1315, in process_reward
    for cell in cells_to_relieve:
                ^^^^^^^^^^^^^^^^
NameError: name 'cells_to_relieve' is not defined
ERROR in Agent H_29 process_reward at tick 78: name 'cells_to_relieve' is not defined
Traceback (most recent call last):
  File "/home/user/DisasterAI/DisasterAI_Model.py", line 1315, in process_reward
    for cell in cells_to_relieve:
                ^^^^^^^^^^^^^^^^
NameError: name 'cells_to_relieve' is not defined
ERROR in Agent H_30 process_reward at tick 78: name 'cells_to_relieve' is not defined
Traceback (most recent call last):
  File "/home/user/DisasterAI/DisasterAI_Model.py", line 1315, in process_reward
    for cell in cells_to_relieve:
                ^^^^^^^^^^^^^^^^
NameError: name 'cells_to_relieve' is not defined
ERROR in Agent H_0 process_reward at tick 78: name 'cells_to_relieve' is not defined
Traceback (most recent call last):
  File "/home/user/DisasterAI/DisasterAI_Model.py", line 1315, in process_reward
    for cell in cells_to_relieve:
                ^^^^^^^^^^^^^^^^
NameError: name 'cells_to_relieve' is not defined
ERROR in Agent H_45 process_reward at tick 78: name 'cells_to_relieve' is not defined
Traceback (most recent call last):
  File "/home/user/DisasterAI/DisasterAI_Model.py", line 1315, in process_reward
    for cell in cells_to_relieve:
                ^^^^^^^^^^^^^^^^
NameError: name 'cells_to_relieve' is not defined
ERROR in Agent H_49 process_reward at tick 78: name 'cells_to_relieve' is not defined
Traceback (most recent call last):
  File "/home/user/DisasterAI/DisasterAI_Model.py", line 1315, in process_reward
    for cell in cells_to_relieve:
                ^^^^^^^^^^^^^^^^
NameError: name 'cells_to_relieve' is not defined
ERROR in Agent H_36 process_reward at tick 78: name 'cells_to_relieve' is not defined
Traceback (most recent call last):
  File "/home/user/DisasterAI/DisasterAI_Model.py", line 1315, in process_reward
    for cell in cells_to_relieve:
                ^^^^^^^^^^^^^^^^
NameError: name 'cells_to_relieve' is not defined
ERROR in Agent H_19 process_reward at tick 78: name 'cells_to_relieve' is not defined
Traceback (most recent call last):
  File "/home/user/DisasterAI/DisasterAI_Model.py", line 1315, in process_reward
    for cell in cells_to_relieve:
                ^^^^^^^^^^^^^^^^
NameError: name 'cells_to_relieve' is not defined
ERROR in Agent H_39 process_reward at tick 79: name 'cells_to_relieve' is not defined
Traceback (most recent call last):
  File "/home/user/DisasterAI/DisasterAI_Model.py", line 1315, in process_reward
    for cell in cells_to_relieve:
                ^^^^^^^^^^^^^^^^
NameError: name 'cells_to_relieve' is not defined
ERROR in Agent H_44 process_reward at tick 79: name 'cells_to_relieve' is not defined
Traceback (most recent call last):
  File "/home/user/DisasterAI/DisasterAI_Model.py", line 1315, in process_reward
    for cell in cells_to_relieve:
                ^^^^^^^^^^^^^^^^
NameError: name 'cells_to_relieve' is not defined
ERROR in Agent H_25 process_reward at tick 79: name 'cells_to_relieve' is not defined
Traceback (most recent call last):
  File "/home/user/DisasterAI/DisasterAI_Model.py", line 1315, in process_reward
    for cell in cells_to_relieve:
                ^^^^^^^^^^^^^^^^
NameError: name 'cells_to_relieve' is not defined
ERROR in Agent H_9 process_reward at tick 79: name 'cells_to_relieve' is not defined
Traceback (most recent call last):
  File "/home/user/DisasterAI/DisasterAI_Model.py", line 1315, in process_reward
    for cell in cells_to_relieve:
                ^^^^^^^^^^^^^^^^
NameError: name 'cells_to_relieve' is not defined
ERROR in Agent H_13 process_reward at tick 79: name 'cells_to_relieve' is not defined
Traceback (most recent call last):
  File "/home/user/DisasterAI/DisasterAI_Model.py", line 1315, in process_reward
    for cell in cells_to_relieve:
                ^^^^^^^^^^^^^^^^
NameError: name 'cells_to_relieve' is not defined
ERROR in Agent H_45 process_reward at tick 79: name 'cells_to_relieve' is not defined
Traceback (most recent call last):
  File "/home/user/DisasterAI/DisasterAI_Model.py", line 1315, in process_reward
    for cell in cells_to_relieve:
                ^^^^^^^^^^^^^^^^
NameError: name 'cells_to_relieve' is not defined
ERROR in Agent H_2 process_reward at tick 79: name 'cells_to_relieve' is not defined
Traceback (most recent call last):
  File "/home/user/DisasterAI/DisasterAI_Model.py", line 1315, in process_reward
    for cell in cells_to_relieve:
                ^^^^^^^^^^^^^^^^
NameError: name 'cells_to_relieve' is not defined
ERROR in Agent H_6 process_reward at tick 79: name 'cells_to_relieve' is not defined
Traceback (most recent call last):
  File "/home/user/DisasterAI/DisasterAI_Model.py", line 1315, in process_reward
    for cell in cells_to_relieve:
                ^^^^^^^^^^^^^^^^
NameError: name 'cells_to_relieve' is not defined
ERROR in Agent H_21 process_reward at tick 79: name 'cells_to_relieve' is not defined
Traceback (most recent call last):
  File "/home/user/DisasterAI/DisasterAI_Model.py", line 1315, in process_reward
    for cell in cells_to_relieve:
                ^^^^^^^^^^^^^^^^
NameError: name 'cells_to_relieve' is not defined
ERROR in Agent H_29 process_reward at tick 79: name 'cells_to_relieve' is not defined
Traceback (most recent call last):
  File "/home/user/DisasterAI/DisasterAI_Model.py", line 1315, in process_reward
    for cell in cells_to_relieve:
                ^^^^^^^^^^^^^^^^
NameError: name 'cells_to_relieve' is not defined
ERROR in Agent H_11 process_reward at tick 79: name 'cells_to_relieve' is not defined
Traceback (most recent call last):
  File "/home/user/DisasterAI/DisasterAI_Model.py", line 1315, in process_reward
    for cell in cells_to_relieve:
                ^^^^^^^^^^^^^^^^
NameError: name 'cells_to_relieve' is not defined
ERROR in Agent H_4 process_reward at tick 79: name 'cells_to_relieve' is not defined
Traceback (most recent call last):
  File "/home/user/DisasterAI/DisasterAI_Model.py", line 1315, in process_reward
    for cell in cells_to_relieve:
                ^^^^^^^^^^^^^^^^
NameError: name 'cells_to_relieve' is not defined
ERROR in Agent H_23 process_reward at tick 79: name 'cells_to_relieve' is not defined
Traceback (most recent call last):
  File "/home/user/DisasterAI/DisasterAI_Model.py", line 1315, in process_reward
    for cell in cells_to_relieve:
                ^^^^^^^^^^^^^^^^
NameError: name 'cells_to_relieve' is not defined
ERROR in Agent H_43 process_reward at tick 79: name 'cells_to_relieve' is not defined
Traceback (most recent call last):
  File "/home/user/DisasterAI/DisasterAI_Model.py", line 1315, in process_reward
    for cell in cells_to_relieve:
                ^^^^^^^^^^^^^^^^
NameError: name 'cells_to_relieve' is not defined
ERROR in Agent H_15 process_reward at tick 79: name 'cells_to_relieve' is not defined
Traceback (most recent call last):
  File "/home/user/DisasterAI/DisasterAI_Model.py", line 1315, in process_reward
    for cell in cells_to_relieve:
                ^^^^^^^^^^^^^^^^
NameError: name 'cells_to_relieve' is not defined
ERROR in Agent H_36 process_reward at tick 79: name 'cells_to_relieve' is not defined
Traceback (most recent call last):
  File "/home/user/DisasterAI/DisasterAI_Model.py", line 1315, in process_reward
    for cell in cells_to_relieve:
                ^^^^^^^^^^^^^^^^
NameError: name 'cells_to_relieve' is not defined
ERROR in Agent H_41 process_reward at tick 79: name 'cells_to_relieve' is not defined
Traceback (most recent call last):
  File "/home/user/DisasterAI/DisasterAI_Model.py", line 1315, in process_reward
    for cell in cells_to_relieve:
                ^^^^^^^^^^^^^^^^
NameError: name 'cells_to_relieve' is not defined
ERROR in Agent H_42 process_reward at tick 79: name 'cells_to_relieve' is not defined
Traceback (most recent call last):
  File "/home/user/DisasterAI/DisasterAI_Model.py", line 1315, in process_reward
    for cell in cells_to_relieve:
                ^^^^^^^^^^^^^^^^
NameError: name 'cells_to_relieve' is not defined
ERROR in Agent H_0 process_reward at tick 79: name 'cells_to_relieve' is not defined
Traceback (most recent call last):
  File "/home/user/DisasterAI/DisasterAI_Model.py", line 1315, in process_reward
    for cell in cells_to_relieve:
                ^^^^^^^^^^^^^^^^
NameError: name 'cells_to_relieve' is not defined
ERROR in Agent H_26 process_reward at tick 79: name 'cells_to_relieve' is not defined
Traceback (most recent call last):
  File "/home/user/DisasterAI/DisasterAI_Model.py", line 1315, in process_reward
    for cell in cells_to_relieve:
                ^^^^^^^^^^^^^^^^
NameError: name 'cells_to_relieve' is not defined
ERROR in Agent H_38 process_reward at tick 79: name 'cells_to_relieve' is not defined
Traceback (most recent call last):
  File "/home/user/DisasterAI/DisasterAI_Model.py", line 1315, in process_reward
    for cell in cells_to_relieve:
                ^^^^^^^^^^^^^^^^
NameError: name 'cells_to_relieve' is not defined
ERROR in Agent H_10 process_reward at tick 79: name 'cells_to_relieve' is not defined
Traceback (most recent call last):
  File "/home/user/DisasterAI/DisasterAI_Model.py", line 1315, in process_reward
    for cell in cells_to_relieve:
                ^^^^^^^^^^^^^^^^
NameError: name 'cells_to_relieve' is not defined
ERROR in Agent H_48 process_reward at tick 79: name 'cells_to_relieve' is not defined
Traceback (most recent call last):
  File "/home/user/DisasterAI/DisasterAI_Model.py", line 1315, in process_reward
    for cell in cells_to_relieve:
                ^^^^^^^^^^^^^^^^
NameError: name 'cells_to_relieve' is not defined
ERROR in Agent H_30 process_reward at tick 79: name 'cells_to_relieve' is not defined
Traceback (most recent call last):
  File "/home/user/DisasterAI/DisasterAI_Model.py", line 1315, in process_reward
    for cell in cells_to_relieve:
                ^^^^^^^^^^^^^^^^
NameError: name 'cells_to_relieve' is not defined
ERROR in Agent H_35 process_reward at tick 79: name 'cells_to_relieve' is not defined
Traceback (most recent call last):
  File "/home/user/DisasterAI/DisasterAI_Model.py", line 1315, in process_reward
    for cell in cells_to_relieve:
                ^^^^^^^^^^^^^^^^
NameError: name 'cells_to_relieve' is not defined
ERROR in Agent H_5 process_reward at tick 79: name 'cells_to_relieve' is not defined
Traceback (most recent call last):
  File "/home/user/DisasterAI/DisasterAI_Model.py", line 1315, in process_reward
    for cell in cells_to_relieve:
                ^^^^^^^^^^^^^^^^
NameError: name 'cells_to_relieve' is not defined
ERROR in Agent H_8 process_reward at tick 79: name 'cells_to_relieve' is not defined
Traceback (most recent call last):
  File "/home/user/DisasterAI/DisasterAI_Model.py", line 1315, in process_reward
    for cell in cells_to_relieve:
                ^^^^^^^^^^^^^^^^
NameError: name 'cells_to_relieve' is not defined
ERROR in Agent H_12 process_reward at tick 79: name 'cells_to_relieve' is not defined
Traceback (most recent call last):
  File "/home/user/DisasterAI/DisasterAI_Model.py", line 1315, in process_reward
    for cell in cells_to_relieve:
                ^^^^^^^^^^^^^^^^
NameError: name 'cells_to_relieve' is not defined
ERROR in Agent H_41 process_reward at tick 80: name 'cells_to_relieve' is not defined
Traceback (most recent call last):
  File "/home/user/DisasterAI/DisasterAI_Model.py", line 1315, in process_reward
    for cell in cells_to_relieve:
                ^^^^^^^^^^^^^^^^
NameError: name 'cells_to_relieve' is not defined
ERROR in Agent H_15 process_reward at tick 80: name 'cells_to_relieve' is not defined
Traceback (most recent call last):
  File "/home/user/DisasterAI/DisasterAI_Model.py", line 1315, in process_reward
    for cell in cells_to_relieve:
                ^^^^^^^^^^^^^^^^
NameError: name 'cells_to_relieve' is not defined
ERROR in Agent H_23 process_reward at tick 80: name 'cells_to_relieve' is not defined
Traceback (most recent call last):
  File "/home/user/DisasterAI/DisasterAI_Model.py", line 1315, in process_reward
    for cell in cells_to_relieve:
                ^^^^^^^^^^^^^^^^
NameError: name 'cells_to_relieve' is not defined
ERROR in Agent H_2 process_reward at tick 80: name 'cells_to_relieve' is not defined
Traceback (most recent call last):
  File "/home/user/DisasterAI/DisasterAI_Model.py", line 1315, in process_reward
    for cell in cells_to_relieve:
                ^^^^^^^^^^^^^^^^
NameError: name 'cells_to_relieve' is not defined
ERROR in Agent H_4 process_reward at tick 80: name 'cells_to_relieve' is not defined
Traceback (most recent call last):
  File "/home/user/DisasterAI/DisasterAI_Model.py", line 1315, in process_reward
    for cell in cells_to_relieve:
                ^^^^^^^^^^^^^^^^
NameError: name 'cells_to_relieve' is not defined
ERROR in Agent H_12 process_reward at tick 80: name 'cells_to_relieve' is not defined
Traceback (most recent call last):
  File "/home/user/DisasterAI/DisasterAI_Model.py", line 1315, in process_reward
    for cell in cells_to_relieve:
                ^^^^^^^^^^^^^^^^
NameError: name 'cells_to_relieve' is not defined
ERROR in Agent H_48 process_reward at tick 80: name 'cells_to_relieve' is not defined
Traceback (most recent call last):
  File "/home/user/DisasterAI/DisasterAI_Model.py", line 1315, in process_reward
    for cell in cells_to_relieve:
                ^^^^^^^^^^^^^^^^
NameError: name 'cells_to_relieve' is not defined
ERROR in Agent H_26 process_reward at tick 80: name 'cells_to_relieve' is not defined
Traceback (most recent call last):
  File "/home/user/DisasterAI/DisasterAI_Model.py", line 1315, in process_reward
    for cell in cells_to_relieve:
                ^^^^^^^^^^^^^^^^
NameError: name 'cells_to_relieve' is not defined
ERROR in Agent H_21 process_reward at tick 80: name 'cells_to_relieve' is not defined
Traceback (most recent call last):
  File "/home/user/DisasterAI/DisasterAI_Model.py", line 1315, in process_reward
    for cell in cells_to_relieve:
                ^^^^^^^^^^^^^^^^
NameError: name 'cells_to_relieve' is not defined
ERROR in Agent H_28 process_reward at tick 80: name 'cells_to_relieve' is not defined
Traceback (most recent call last):
  File "/home/user/DisasterAI/DisasterAI_Model.py", line 1315, in process_reward
    for cell in cells_to_relieve:
                ^^^^^^^^^^^^^^^^
NameError: name 'cells_to_relieve' is not defined
ERROR in Agent H_29 process_reward at tick 80: name 'cells_to_relieve' is not defined
Traceback (most recent call last):
  File "/home/user/DisasterAI/DisasterAI_Model.py", line 1315, in process_reward
    for cell in cells_to_relieve:
                ^^^^^^^^^^^^^^^^
NameError: name 'cells_to_relieve' is not defined
ERROR in Agent H_45 process_reward at tick 80: name 'cells_to_relieve' is not defined
Traceback (most recent call last):
  File "/home/user/DisasterAI/DisasterAI_Model.py", line 1315, in process_reward
    for cell in cells_to_relieve:
                ^^^^^^^^^^^^^^^^
NameError: name 'cells_to_relieve' is not defined
ERROR in Agent H_19 process_reward at tick 80: name 'cells_to_relieve' is not defined
Traceback (most recent call last):
  File "/home/user/DisasterAI/DisasterAI_Model.py", line 1315, in process_reward
    for cell in cells_to_relieve:
                ^^^^^^^^^^^^^^^^
NameError: name 'cells_to_relieve' is not defined
ERROR in Agent H_22 process_reward at tick 80: name 'cells_to_relieve' is not defined
Traceback (most recent call last):
  File "/home/user/DisasterAI/DisasterAI_Model.py", line 1315, in process_reward
    for cell in cells_to_relieve:
                ^^^^^^^^^^^^^^^^
NameError: name 'cells_to_relieve' is not defined
ERROR in Agent H_31 process_reward at tick 80: name 'cells_to_relieve' is not defined
Traceback (most recent call last):
  File "/home/user/DisasterAI/DisasterAI_Model.py", line 1315, in process_reward
    for cell in cells_to_relieve:
                ^^^^^^^^^^^^^^^^
NameError: name 'cells_to_relieve' is not defined
ERROR in Agent H_44 process_reward at tick 80: name 'cells_to_relieve' is not defined
Traceback (most recent call last):
  File "/home/user/DisasterAI/DisasterAI_Model.py", line 1315, in process_reward
    for cell in cells_to_relieve:
                ^^^^^^^^^^^^^^^^
NameError: name 'cells_to_relieve' is not defined
ERROR in Agent H_17 process_reward at tick 80: name 'cells_to_relieve' is not defined
Traceback (most recent call last):
  File "/home/user/DisasterAI/DisasterAI_Model.py", line 1315, in process_reward
    for cell in cells_to_relieve:
                ^^^^^^^^^^^^^^^^
NameError: name 'cells_to_relieve' is not defined
ERROR in Agent H_39 process_reward at tick 80: name 'cells_to_relieve' is not defined
Traceback (most recent call last):
  File "/home/user/DisasterAI/DisasterAI_Model.py", line 1315, in process_reward
    for cell in cells_to_relieve:
                ^^^^^^^^^^^^^^^^
NameError: name 'cells_to_relieve' is not defined
ERROR in Agent H_42 process_reward at tick 80: name 'cells_to_relieve' is not defined
Traceback (most recent call last):
  File "/home/user/DisasterAI/DisasterAI_Model.py", line 1315, in process_reward
    for cell in cells_to_relieve:
                ^^^^^^^^^^^^^^^^
NameError: name 'cells_to_relieve' is not defined
ERROR in Agent H_3 process_reward at tick 80: name 'cells_to_relieve' is not defined
Traceback (most recent call last):
  File "/home/user/DisasterAI/DisasterAI_Model.py", line 1315, in process_reward
    for cell in cells_to_relieve:
                ^^^^^^^^^^^^^^^^
NameError: name 'cells_to_relieve' is not defined
ERROR in Agent H_47 process_reward at tick 80: name 'cells_to_relieve' is not defined
Traceback (most recent call last):
  File "/home/user/DisasterAI/DisasterAI_Model.py", line 1315, in process_reward
    for cell in cells_to_relieve:
                ^^^^^^^^^^^^^^^^
NameError: name 'cells_to_relieve' is not defined
ERROR in Agent H_8 process_reward at tick 80: name 'cells_to_relieve' is not defined
Traceback (most recent call last):
  File "/home/user/DisasterAI/DisasterAI_Model.py", line 1315, in process_reward
    for cell in cells_to_relieve:
                ^^^^^^^^^^^^^^^^
NameError: name 'cells_to_relieve' is not defined
ERROR in Agent H_20 process_reward at tick 80: name 'cells_to_relieve' is not defined
Traceback (most recent call last):
  File "/home/user/DisasterAI/DisasterAI_Model.py", line 1315, in process_reward
    for cell in cells_to_relieve:
                ^^^^^^^^^^^^^^^^
NameError: name 'cells_to_relieve' is not defined
ERROR in Agent H_43 process_reward at tick 80: name 'cells_to_relieve' is not defined
Traceback (most recent call last):
  File "/home/user/DisasterAI/DisasterAI_Model.py", line 1315, in process_reward
    for cell in cells_to_relieve:
                ^^^^^^^^^^^^^^^^
NameError: name 'cells_to_relieve' is not defined
ERROR in Agent H_27 process_reward at tick 80: name 'cells_to_relieve' is not defined
Traceback (most recent call last):
  File "/home/user/DisasterAI/DisasterAI_Model.py", line 1315, in process_reward
    for cell in cells_to_relieve:
                ^^^^^^^^^^^^^^^^
NameError: name 'cells_to_relieve' is not defined
ERROR in Agent H_18 process_reward at tick 80: name 'cells_to_relieve' is not defined
Traceback (most recent call last):
  File "/home/user/DisasterAI/DisasterAI_Model.py", line 1315, in process_reward
    for cell in cells_to_relieve:
                ^^^^^^^^^^^^^^^^
NameError: name 'cells_to_relieve' is not defined
ERROR in Agent H_1 process_reward at tick 80: name 'cells_to_relieve' is not defined
Traceback (most recent call last):
  File "/home/user/DisasterAI/DisasterAI_Model.py", line 1315, in process_reward
    for cell in cells_to_relieve:
                ^^^^^^^^^^^^^^^^
NameError: name 'cells_to_relieve' is not defined
ERROR in Agent H_7 process_reward at tick 80: name 'cells_to_relieve' is not defined
Traceback (most recent call last):
  File "/home/user/DisasterAI/DisasterAI_Model.py", line 1315, in process_reward
    for cell in cells_to_relieve:
                ^^^^^^^^^^^^^^^^
NameError: name 'cells_to_relieve' is not defined
ERROR in Agent H_49 process_reward at tick 80: name 'cells_to_relieve' is not defined
Traceback (most recent call last):
  File "/home/user/DisasterAI/DisasterAI_Model.py", line 1315, in process_reward
    for cell in cells_to_relieve:
                ^^^^^^^^^^^^^^^^
NameError: name 'cells_to_relieve' is not defined
ERROR in Agent H_5 process_reward at tick 80: name 'cells_to_relieve' is not defined
Traceback (most recent call last):
  File "/home/user/DisasterAI/DisasterAI_Model.py", line 1315, in process_reward
    for cell in cells_to_relieve:
                ^^^^^^^^^^^^^^^^
NameError: name 'cells_to_relieve' is not defined
ERROR in Agent H_14 process_reward at tick 80: name 'cells_to_relieve' is not defined
Traceback (most recent call last):
  File "/home/user/DisasterAI/DisasterAI_Model.py", line 1315, in process_reward
    for cell in cells_to_relieve:
                ^^^^^^^^^^^^^^^^
NameError: name 'cells_to_relieve' is not defined
ERROR in Agent H_35 process_reward at tick 80: name 'cells_to_relieve' is not defined
Traceback (most recent call last):
  File "/home/user/DisasterAI/DisasterAI_Model.py", line 1315, in process_reward
    for cell in cells_to_relieve:
                ^^^^^^^^^^^^^^^^
NameError: name 'cells_to_relieve' is not defined
ERROR in Agent H_16 process_reward at tick 80: name 'cells_to_relieve' is not defined
Traceback (most recent call last):
  File "/home/user/DisasterAI/DisasterAI_Model.py", line 1315, in process_reward
    for cell in cells_to_relieve:
                ^^^^^^^^^^^^^^^^
NameError: name 'cells_to_relieve' is not defined
ERROR in Agent H_10 process_reward at tick 80: name 'cells_to_relieve' is not defined
Traceback (most recent call last):
  File "/home/user/DisasterAI/DisasterAI_Model.py", line 1315, in process_reward
    for cell in cells_to_relieve:
                ^^^^^^^^^^^^^^^^
NameError: name 'cells_to_relieve' is not defined
ERROR in Agent H_33 process_reward at tick 80: name 'cells_to_relieve' is not defined
Traceback (most recent call last):
  File "/home/user/DisasterAI/DisasterAI_Model.py", line 1315, in process_reward
    for cell in cells_to_relieve:
                ^^^^^^^^^^^^^^^^
NameError: name 'cells_to_relieve' is not defined

DEBUG: Starting AECI variance calculation at tick 80
  Found 0/50 AI-reliant agents
  Global belief variance: 0.0791
  WARNING: Invalid global variance (0.0790985775) or no AI-reliant agents
  Returning AECI variance tuple: (80, 0.0)
  Current aeci_variance_data length: 80
  Last 3 entries: [(78, 0.0), (79, 0.0), (80, 0.0)]

--- Retainment Diagnostics at Tick 80 ---
Agent H_0 (exploitative) retainment stats:
  accepted_human: 0, accepted_friend: 0, accepted_ai: 0
  No acceptances recorded
Agent H_1 (exploitative) retainment stats:
  accepted_human: 18, accepted_friend: 18, accepted_ai: 0
  retain_aeci: 0.00, retain_seci: 1.00
Agent H_2 (exploitative) retainment stats:
  accepted_human: 1, accepted_friend: 1, accepted_ai: 0
  retain_aeci: 0.00, retain_seci: 1.00
ERROR in Agent H_3 process_reward at tick 81: name 'cells_to_relieve' is not defined
Traceback (most recent call last):
  File "/home/user/DisasterAI/DisasterAI_Model.py", line 1315, in process_reward
    for cell in cells_to_relieve:
                ^^^^^^^^^^^^^^^^
NameError: name 'cells_to_relieve' is not defined
ERROR in Agent H_41 process_reward at tick 81: name 'cells_to_relieve' is not defined
Traceback (most recent call last):
  File "/home/user/DisasterAI/DisasterAI_Model.py", line 1315, in process_reward
    for cell in cells_to_relieve:
                ^^^^^^^^^^^^^^^^
NameError: name 'cells_to_relieve' is not defined
ERROR in Agent H_1 process_reward at tick 81: name 'cells_to_relieve' is not defined
Traceback (most recent call last):
  File "/home/user/DisasterAI/DisasterAI_Model.py", line 1315, in process_reward
    for cell in cells_to_relieve:
                ^^^^^^^^^^^^^^^^
NameError: name 'cells_to_relieve' is not defined
ERROR in Agent H_32 process_reward at tick 81: name 'cells_to_relieve' is not defined
Traceback (most recent call last):
  File "/home/user/DisasterAI/DisasterAI_Model.py", line 1315, in process_reward
    for cell in cells_to_relieve:
                ^^^^^^^^^^^^^^^^
NameError: name 'cells_to_relieve' is not defined
ERROR in Agent H_16 process_reward at tick 81: name 'cells_to_relieve' is not defined
Traceback (most recent call last):
  File "/home/user/DisasterAI/DisasterAI_Model.py", line 1315, in process_reward
    for cell in cells_to_relieve:
                ^^^^^^^^^^^^^^^^
NameError: name 'cells_to_relieve' is not defined
ERROR in Agent H_42 process_reward at tick 81: name 'cells_to_relieve' is not defined
Traceback (most recent call last):
  File "/home/user/DisasterAI/DisasterAI_Model.py", line 1315, in process_reward
    for cell in cells_to_relieve:
                ^^^^^^^^^^^^^^^^
NameError: name 'cells_to_relieve' is not defined
ERROR in Agent H_26 process_reward at tick 81: name 'cells_to_relieve' is not defined
Traceback (most recent call last):
  File "/home/user/DisasterAI/DisasterAI_Model.py", line 1315, in process_reward
    for cell in cells_to_relieve:
                ^^^^^^^^^^^^^^^^
NameError: name 'cells_to_relieve' is not defined
ERROR in Agent H_33 process_reward at tick 81: name 'cells_to_relieve' is not defined
Traceback (most recent call last):
  File "/home/user/DisasterAI/DisasterAI_Model.py", line 1315, in process_reward
    for cell in cells_to_relieve:
                ^^^^^^^^^^^^^^^^
NameError: name 'cells_to_relieve' is not defined
ERROR in Agent H_37 process_reward at tick 81: name 'cells_to_relieve' is not defined
Traceback (most recent call last):
  File "/home/user/DisasterAI/DisasterAI_Model.py", line 1315, in process_reward
    for cell in cells_to_relieve:
                ^^^^^^^^^^^^^^^^
NameError: name 'cells_to_relieve' is not defined
ERROR in Agent H_14 process_reward at tick 81: name 'cells_to_relieve' is not defined
Traceback (most recent call last):
  File "/home/user/DisasterAI/DisasterAI_Model.py", line 1315, in process_reward
    for cell in cells_to_relieve:
                ^^^^^^^^^^^^^^^^
NameError: name 'cells_to_relieve' is not defined
ERROR in Agent H_49 process_reward at tick 81: name 'cells_to_relieve' is not defined
Traceback (most recent call last):
  File "/home/user/DisasterAI/DisasterAI_Model.py", line 1315, in process_reward
    for cell in cells_to_relieve:
                ^^^^^^^^^^^^^^^^
NameError: name 'cells_to_relieve' is not defined
ERROR in Agent H_20 process_reward at tick 81: name 'cells_to_relieve' is not defined
Traceback (most recent call last):
  File "/home/user/DisasterAI/DisasterAI_Model.py", line 1315, in process_reward
    for cell in cells_to_relieve:
                ^^^^^^^^^^^^^^^^
NameError: name 'cells_to_relieve' is not defined
ERROR in Agent H_18 process_reward at tick 81: name 'cells_to_relieve' is not defined
Traceback (most recent call last):
  File "/home/user/DisasterAI/DisasterAI_Model.py", line 1315, in process_reward
    for cell in cells_to_relieve:
                ^^^^^^^^^^^^^^^^
NameError: name 'cells_to_relieve' is not defined
ERROR in Agent H_9 process_reward at tick 81: name 'cells_to_relieve' is not defined
Traceback (most recent call last):
  File "/home/user/DisasterAI/DisasterAI_Model.py", line 1315, in process_reward
    for cell in cells_to_relieve:
                ^^^^^^^^^^^^^^^^
NameError: name 'cells_to_relieve' is not defined
ERROR in Agent H_45 process_reward at tick 81: name 'cells_to_relieve' is not defined
Traceback (most recent call last):
  File "/home/user/DisasterAI/DisasterAI_Model.py", line 1315, in process_reward
    for cell in cells_to_relieve:
                ^^^^^^^^^^^^^^^^
NameError: name 'cells_to_relieve' is not defined
ERROR in Agent H_34 process_reward at tick 81: name 'cells_to_relieve' is not defined
Traceback (most recent call last):
  File "/home/user/DisasterAI/DisasterAI_Model.py", line 1315, in process_reward
    for cell in cells_to_relieve:
                ^^^^^^^^^^^^^^^^
NameError: name 'cells_to_relieve' is not defined
ERROR in Agent H_13 process_reward at tick 81: name 'cells_to_relieve' is not defined
Traceback (most recent call last):
  File "/home/user/DisasterAI/DisasterAI_Model.py", line 1315, in process_reward
    for cell in cells_to_relieve:
                ^^^^^^^^^^^^^^^^
NameError: name 'cells_to_relieve' is not defined
ERROR in Agent H_31 process_reward at tick 81: name 'cells_to_relieve' is not defined
Traceback (most recent call last):
  File "/home/user/DisasterAI/DisasterAI_Model.py", line 1315, in process_reward
    for cell in cells_to_relieve:
                ^^^^^^^^^^^^^^^^
NameError: name 'cells_to_relieve' is not defined
ERROR in Agent H_48 process_reward at tick 81: name 'cells_to_relieve' is not defined
Traceback (most recent call last):
  File "/home/user/DisasterAI/DisasterAI_Model.py", line 1315, in process_reward
    for cell in cells_to_relieve:
                ^^^^^^^^^^^^^^^^
NameError: name 'cells_to_relieve' is not defined
ERROR in Agent H_19 process_reward at tick 81: name 'cells_to_relieve' is not defined
Traceback (most recent call last):
  File "/home/user/DisasterAI/DisasterAI_Model.py", line 1315, in process_reward
    for cell in cells_to_relieve:
                ^^^^^^^^^^^^^^^^
NameError: name 'cells_to_relieve' is not defined
ERROR in Agent H_15 process_reward at tick 81: name 'cells_to_relieve' is not defined
Traceback (most recent call last):
  File "/home/user/DisasterAI/DisasterAI_Model.py", line 1315, in process_reward
    for cell in cells_to_relieve:
                ^^^^^^^^^^^^^^^^
NameError: name 'cells_to_relieve' is not defined
ERROR in Agent H_22 process_reward at tick 81: name 'cells_to_relieve' is not defined
Traceback (most recent call last):
  File "/home/user/DisasterAI/DisasterAI_Model.py", line 1315, in process_reward
    for cell in cells_to_relieve:
                ^^^^^^^^^^^^^^^^
NameError: name 'cells_to_relieve' is not defined
ERROR in Agent H_39 process_reward at tick 81: name 'cells_to_relieve' is not defined
Traceback (most recent call last):
  File "/home/user/DisasterAI/DisasterAI_Model.py", line 1315, in process_reward
    for cell in cells_to_relieve:
                ^^^^^^^^^^^^^^^^
NameError: name 'cells_to_relieve' is not defined
ERROR in Agent H_21 process_reward at tick 81: name 'cells_to_relieve' is not defined
Traceback (most recent call last):
  File "/home/user/DisasterAI/DisasterAI_Model.py", line 1315, in process_reward
    for cell in cells_to_relieve:
                ^^^^^^^^^^^^^^^^
NameError: name 'cells_to_relieve' is not defined
ERROR in Agent H_4 process_reward at tick 81: name 'cells_to_relieve' is not defined
Traceback (most recent call last):
  File "/home/user/DisasterAI/DisasterAI_Model.py", line 1315, in process_reward
    for cell in cells_to_relieve:
                ^^^^^^^^^^^^^^^^
NameError: name 'cells_to_relieve' is not defined
ERROR in Agent H_7 process_reward at tick 81: name 'cells_to_relieve' is not defined
Traceback (most recent call last):
  File "/home/user/DisasterAI/DisasterAI_Model.py", line 1315, in process_reward
    for cell in cells_to_relieve:
                ^^^^^^^^^^^^^^^^
NameError: name 'cells_to_relieve' is not defined
ERROR in Agent H_25 process_reward at tick 81: name 'cells_to_relieve' is not defined
Traceback (most recent call last):
  File "/home/user/DisasterAI/DisasterAI_Model.py", line 1315, in process_reward
    for cell in cells_to_relieve:
                ^^^^^^^^^^^^^^^^
NameError: name 'cells_to_relieve' is not defined
ERROR in Agent H_24 process_reward at tick 81: name 'cells_to_relieve' is not defined
Traceback (most recent call last):
  File "/home/user/DisasterAI/DisasterAI_Model.py", line 1315, in process_reward
    for cell in cells_to_relieve:
                ^^^^^^^^^^^^^^^^
NameError: name 'cells_to_relieve' is not defined
ERROR in Agent H_23 process_reward at tick 81: name 'cells_to_relieve' is not defined
Traceback (most recent call last):
  File "/home/user/DisasterAI/DisasterAI_Model.py", line 1315, in process_reward
    for cell in cells_to_relieve:
                ^^^^^^^^^^^^^^^^
NameError: name 'cells_to_relieve' is not defined
ERROR in Agent H_12 process_reward at tick 81: name 'cells_to_relieve' is not defined
Traceback (most recent call last):
  File "/home/user/DisasterAI/DisasterAI_Model.py", line 1315, in process_reward
    for cell in cells_to_relieve:
                ^^^^^^^^^^^^^^^^
NameError: name 'cells_to_relieve' is not defined
ERROR in Agent H_28 process_reward at tick 81: name 'cells_to_relieve' is not defined
Traceback (most recent call last):
  File "/home/user/DisasterAI/DisasterAI_Model.py", line 1315, in process_reward
    for cell in cells_to_relieve:
                ^^^^^^^^^^^^^^^^
NameError: name 'cells_to_relieve' is not defined
ERROR in Agent H_35 process_reward at tick 81: name 'cells_to_relieve' is not defined
Traceback (most recent call last):
  File "/home/user/DisasterAI/DisasterAI_Model.py", line 1315, in process_reward
    for cell in cells_to_relieve:
                ^^^^^^^^^^^^^^^^
NameError: name 'cells_to_relieve' is not defined
ERROR in Agent H_6 process_reward at tick 81: name 'cells_to_relieve' is not defined
Traceback (most recent call last):
  File "/home/user/DisasterAI/DisasterAI_Model.py", line 1315, in process_reward
    for cell in cells_to_relieve:
                ^^^^^^^^^^^^^^^^
NameError: name 'cells_to_relieve' is not defined
ERROR in Agent H_8 process_reward at tick 81: name 'cells_to_relieve' is not defined
Traceback (most recent call last):
  File "/home/user/DisasterAI/DisasterAI_Model.py", line 1315, in process_reward
    for cell in cells_to_relieve:
                ^^^^^^^^^^^^^^^^
NameError: name 'cells_to_relieve' is not defined
ERROR in Agent H_17 process_reward at tick 81: name 'cells_to_relieve' is not defined
Traceback (most recent call last):
  File "/home/user/DisasterAI/DisasterAI_Model.py", line 1315, in process_reward
    for cell in cells_to_relieve:
                ^^^^^^^^^^^^^^^^
NameError: name 'cells_to_relieve' is not defined
ERROR in Agent H_7 process_reward at tick 82: name 'cells_to_relieve' is not defined
Traceback (most recent call last):
  File "/home/user/DisasterAI/DisasterAI_Model.py", line 1315, in process_reward
    for cell in cells_to_relieve:
                ^^^^^^^^^^^^^^^^
NameError: name 'cells_to_relieve' is not defined
ERROR in Agent H_3 process_reward at tick 82: name 'cells_to_relieve' is not defined
Traceback (most recent call last):
  File "/home/user/DisasterAI/DisasterAI_Model.py", line 1315, in process_reward
    for cell in cells_to_relieve:
                ^^^^^^^^^^^^^^^^
NameError: name 'cells_to_relieve' is not defined
ERROR in Agent H_20 process_reward at tick 82: name 'cells_to_relieve' is not defined
Traceback (most recent call last):
  File "/home/user/DisasterAI/DisasterAI_Model.py", line 1315, in process_reward
    for cell in cells_to_relieve:
                ^^^^^^^^^^^^^^^^
NameError: name 'cells_to_relieve' is not defined
ERROR in Agent H_46 process_reward at tick 82: name 'cells_to_relieve' is not defined
Traceback (most recent call last):
  File "/home/user/DisasterAI/DisasterAI_Model.py", line 1315, in process_reward
    for cell in cells_to_relieve:
                ^^^^^^^^^^^^^^^^
NameError: name 'cells_to_relieve' is not defined
ERROR in Agent H_40 process_reward at tick 82: name 'cells_to_relieve' is not defined
Traceback (most recent call last):
  File "/home/user/DisasterAI/DisasterAI_Model.py", line 1315, in process_reward
    for cell in cells_to_relieve:
                ^^^^^^^^^^^^^^^^
NameError: name 'cells_to_relieve' is not defined
ERROR in Agent H_33 process_reward at tick 82: name 'cells_to_relieve' is not defined
Traceback (most recent call last):
  File "/home/user/DisasterAI/DisasterAI_Model.py", line 1315, in process_reward
    for cell in cells_to_relieve:
                ^^^^^^^^^^^^^^^^
NameError: name 'cells_to_relieve' is not defined
ERROR in Agent H_17 process_reward at tick 82: name 'cells_to_relieve' is not defined
Traceback (most recent call last):
  File "/home/user/DisasterAI/DisasterAI_Model.py", line 1315, in process_reward
    for cell in cells_to_relieve:
                ^^^^^^^^^^^^^^^^
NameError: name 'cells_to_relieve' is not defined
ERROR in Agent H_38 process_reward at tick 82: name 'cells_to_relieve' is not defined
Traceback (most recent call last):
  File "/home/user/DisasterAI/DisasterAI_Model.py", line 1315, in process_reward
    for cell in cells_to_relieve:
                ^^^^^^^^^^^^^^^^
NameError: name 'cells_to_relieve' is not defined
ERROR in Agent H_2 process_reward at tick 82: name 'cells_to_relieve' is not defined
Traceback (most recent call last):
  File "/home/user/DisasterAI/DisasterAI_Model.py", line 1315, in process_reward
    for cell in cells_to_relieve:
                ^^^^^^^^^^^^^^^^
NameError: name 'cells_to_relieve' is not defined
ERROR in Agent H_14 process_reward at tick 82: name 'cells_to_relieve' is not defined
Traceback (most recent call last):
  File "/home/user/DisasterAI/DisasterAI_Model.py", line 1315, in process_reward
    for cell in cells_to_relieve:
                ^^^^^^^^^^^^^^^^
NameError: name 'cells_to_relieve' is not defined
ERROR in Agent H_19 process_reward at tick 82: name 'cells_to_relieve' is not defined
Traceback (most recent call last):
  File "/home/user/DisasterAI/DisasterAI_Model.py", line 1315, in process_reward
    for cell in cells_to_relieve:
                ^^^^^^^^^^^^^^^^
NameError: name 'cells_to_relieve' is not defined
ERROR in Agent H_0 process_reward at tick 82: name 'cells_to_relieve' is not defined
Traceback (most recent call last):
  File "/home/user/DisasterAI/DisasterAI_Model.py", line 1315, in process_reward
    for cell in cells_to_relieve:
                ^^^^^^^^^^^^^^^^
NameError: name 'cells_to_relieve' is not defined
ERROR in Agent H_39 process_reward at tick 82: name 'cells_to_relieve' is not defined
Traceback (most recent call last):
  File "/home/user/DisasterAI/DisasterAI_Model.py", line 1315, in process_reward
    for cell in cells_to_relieve:
                ^^^^^^^^^^^^^^^^
NameError: name 'cells_to_relieve' is not defined
ERROR in Agent H_42 process_reward at tick 82: name 'cells_to_relieve' is not defined
Traceback (most recent call last):
  File "/home/user/DisasterAI/DisasterAI_Model.py", line 1315, in process_reward
    for cell in cells_to_relieve:
                ^^^^^^^^^^^^^^^^
NameError: name 'cells_to_relieve' is not defined
ERROR in Agent H_11 process_reward at tick 82: name 'cells_to_relieve' is not defined
Traceback (most recent call last):
  File "/home/user/DisasterAI/DisasterAI_Model.py", line 1315, in process_reward
    for cell in cells_to_relieve:
                ^^^^^^^^^^^^^^^^
NameError: name 'cells_to_relieve' is not defined
ERROR in Agent H_34 process_reward at tick 82: name 'cells_to_relieve' is not defined
Traceback (most recent call last):
  File "/home/user/DisasterAI/DisasterAI_Model.py", line 1315, in process_reward
    for cell in cells_to_relieve:
                ^^^^^^^^^^^^^^^^
NameError: name 'cells_to_relieve' is not defined
ERROR in Agent H_6 process_reward at tick 82: name 'cells_to_relieve' is not defined
Traceback (most recent call last):
  File "/home/user/DisasterAI/DisasterAI_Model.py", line 1315, in process_reward
    for cell in cells_to_relieve:
                ^^^^^^^^^^^^^^^^
NameError: name 'cells_to_relieve' is not defined
ERROR in Agent H_25 process_reward at tick 82: name 'cells_to_relieve' is not defined
Traceback (most recent call last):
  File "/home/user/DisasterAI/DisasterAI_Model.py", line 1315, in process_reward
    for cell in cells_to_relieve:
                ^^^^^^^^^^^^^^^^
NameError: name 'cells_to_relieve' is not defined
ERROR in Agent H_23 process_reward at tick 82: name 'cells_to_relieve' is not defined
Traceback (most recent call last):
  File "/home/user/DisasterAI/DisasterAI_Model.py", line 1315, in process_reward
    for cell in cells_to_relieve:
                ^^^^^^^^^^^^^^^^
NameError: name 'cells_to_relieve' is not defined
ERROR in Agent H_45 process_reward at tick 82: name 'cells_to_relieve' is not defined
Traceback (most recent call last):
  File "/home/user/DisasterAI/DisasterAI_Model.py", line 1315, in process_reward
    for cell in cells_to_relieve:
                ^^^^^^^^^^^^^^^^
NameError: name 'cells_to_relieve' is not defined
ERROR in Agent H_1 process_reward at tick 82: name 'cells_to_relieve' is not defined
Traceback (most recent call last):
  File "/home/user/DisasterAI/DisasterAI_Model.py", line 1315, in process_reward
    for cell in cells_to_relieve:
                ^^^^^^^^^^^^^^^^
NameError: name 'cells_to_relieve' is not defined
ERROR in Agent H_32 process_reward at tick 82: name 'cells_to_relieve' is not defined
Traceback (most recent call last):
  File "/home/user/DisasterAI/DisasterAI_Model.py", line 1315, in process_reward
    for cell in cells_to_relieve:
                ^^^^^^^^^^^^^^^^
NameError: name 'cells_to_relieve' is not defined
ERROR in Agent H_5 process_reward at tick 82: name 'cells_to_relieve' is not defined
Traceback (most recent call last):
  File "/home/user/DisasterAI/DisasterAI_Model.py", line 1315, in process_reward
    for cell in cells_to_relieve:
                ^^^^^^^^^^^^^^^^
NameError: name 'cells_to_relieve' is not defined
ERROR in Agent H_13 process_reward at tick 82: name 'cells_to_relieve' is not defined
Traceback (most recent call last):
  File "/home/user/DisasterAI/DisasterAI_Model.py", line 1315, in process_reward
    for cell in cells_to_relieve:
                ^^^^^^^^^^^^^^^^
NameError: name 'cells_to_relieve' is not defined
ERROR in Agent H_31 process_reward at tick 82: name 'cells_to_relieve' is not defined
Traceback (most recent call last):
  File "/home/user/DisasterAI/DisasterAI_Model.py", line 1315, in process_reward
    for cell in cells_to_relieve:
                ^^^^^^^^^^^^^^^^
NameError: name 'cells_to_relieve' is not defined
ERROR in Agent H_35 process_reward at tick 82: name 'cells_to_relieve' is not defined
Traceback (most recent call last):
  File "/home/user/DisasterAI/DisasterAI_Model.py", line 1315, in process_reward
    for cell in cells_to_relieve:
                ^^^^^^^^^^^^^^^^
NameError: name 'cells_to_relieve' is not defined
ERROR in Agent H_18 process_reward at tick 82: name 'cells_to_relieve' is not defined
Traceback (most recent call last):
  File "/home/user/DisasterAI/DisasterAI_Model.py", line 1315, in process_reward
    for cell in cells_to_relieve:
                ^^^^^^^^^^^^^^^^
NameError: name 'cells_to_relieve' is not defined
ERROR in Agent H_27 process_reward at tick 82: name 'cells_to_relieve' is not defined
Traceback (most recent call last):
  File "/home/user/DisasterAI/DisasterAI_Model.py", line 1315, in process_reward
    for cell in cells_to_relieve:
                ^^^^^^^^^^^^^^^^
NameError: name 'cells_to_relieve' is not defined
ERROR in Agent H_49 process_reward at tick 82: name 'cells_to_relieve' is not defined
Traceback (most recent call last):
  File "/home/user/DisasterAI/DisasterAI_Model.py", line 1315, in process_reward
    for cell in cells_to_relieve:
                ^^^^^^^^^^^^^^^^
NameError: name 'cells_to_relieve' is not defined
ERROR in Agent H_26 process_reward at tick 82: name 'cells_to_relieve' is not defined
Traceback (most recent call last):
  File "/home/user/DisasterAI/DisasterAI_Model.py", line 1315, in process_reward
    for cell in cells_to_relieve:
                ^^^^^^^^^^^^^^^^
NameError: name 'cells_to_relieve' is not defined
ERROR in Agent H_22 process_reward at tick 82: name 'cells_to_relieve' is not defined
Traceback (most recent call last):
  File "/home/user/DisasterAI/DisasterAI_Model.py", line 1315, in process_reward
    for cell in cells_to_relieve:
                ^^^^^^^^^^^^^^^^
NameError: name 'cells_to_relieve' is not defined
ERROR in Agent H_24 process_reward at tick 82: name 'cells_to_relieve' is not defined
Traceback (most recent call last):
  File "/home/user/DisasterAI/DisasterAI_Model.py", line 1315, in process_reward
    for cell in cells_to_relieve:
                ^^^^^^^^^^^^^^^^
NameError: name 'cells_to_relieve' is not defined
ERROR in Agent H_30 process_reward at tick 82: name 'cells_to_relieve' is not defined
Traceback (most recent call last):
  File "/home/user/DisasterAI/DisasterAI_Model.py", line 1315, in process_reward
    for cell in cells_to_relieve:
                ^^^^^^^^^^^^^^^^
NameError: name 'cells_to_relieve' is not defined
ERROR in Agent H_44 process_reward at tick 82: name 'cells_to_relieve' is not defined
Traceback (most recent call last):
  File "/home/user/DisasterAI/DisasterAI_Model.py", line 1315, in process_reward
    for cell in cells_to_relieve:
                ^^^^^^^^^^^^^^^^
NameError: name 'cells_to_relieve' is not defined
ERROR in Agent H_14 process_reward at tick 83: name 'cells_to_relieve' is not defined
Traceback (most recent call last):
  File "/home/user/DisasterAI/DisasterAI_Model.py", line 1315, in process_reward
    for cell in cells_to_relieve:
                ^^^^^^^^^^^^^^^^
NameError: name 'cells_to_relieve' is not defined
ERROR in Agent H_34 process_reward at tick 83: name 'cells_to_relieve' is not defined
Traceback (most recent call last):
  File "/home/user/DisasterAI/DisasterAI_Model.py", line 1315, in process_reward
    for cell in cells_to_relieve:
                ^^^^^^^^^^^^^^^^
NameError: name 'cells_to_relieve' is not defined
ERROR in Agent H_13 process_reward at tick 83: name 'cells_to_relieve' is not defined
Traceback (most recent call last):
  File "/home/user/DisasterAI/DisasterAI_Model.py", line 1315, in process_reward
    for cell in cells_to_relieve:
                ^^^^^^^^^^^^^^^^
NameError: name 'cells_to_relieve' is not defined
ERROR in Agent H_2 process_reward at tick 83: name 'cells_to_relieve' is not defined
Traceback (most recent call last):
  File "/home/user/DisasterAI/DisasterAI_Model.py", line 1315, in process_reward
    for cell in cells_to_relieve:
                ^^^^^^^^^^^^^^^^
NameError: name 'cells_to_relieve' is not defined
ERROR in Agent H_8 process_reward at tick 83: name 'cells_to_relieve' is not defined
Traceback (most recent call last):
  File "/home/user/DisasterAI/DisasterAI_Model.py", line 1315, in process_reward
    for cell in cells_to_relieve:
                ^^^^^^^^^^^^^^^^
NameError: name 'cells_to_relieve' is not defined
ERROR in Agent H_30 process_reward at tick 83: name 'cells_to_relieve' is not defined
Traceback (most recent call last):
  File "/home/user/DisasterAI/DisasterAI_Model.py", line 1315, in process_reward
    for cell in cells_to_relieve:
                ^^^^^^^^^^^^^^^^
NameError: name 'cells_to_relieve' is not defined
ERROR in Agent H_17 process_reward at tick 83: name 'cells_to_relieve' is not defined
Traceback (most recent call last):
  File "/home/user/DisasterAI/DisasterAI_Model.py", line 1315, in process_reward
    for cell in cells_to_relieve:
                ^^^^^^^^^^^^^^^^
NameError: name 'cells_to_relieve' is not defined
ERROR in Agent H_20 process_reward at tick 83: name 'cells_to_relieve' is not defined
Traceback (most recent call last):
  File "/home/user/DisasterAI/DisasterAI_Model.py", line 1315, in process_reward
    for cell in cells_to_relieve:
                ^^^^^^^^^^^^^^^^
NameError: name 'cells_to_relieve' is not defined
ERROR in Agent H_16 process_reward at tick 83: name 'cells_to_relieve' is not defined
Traceback (most recent call last):
  File "/home/user/DisasterAI/DisasterAI_Model.py", line 1315, in process_reward
    for cell in cells_to_relieve:
                ^^^^^^^^^^^^^^^^
NameError: name 'cells_to_relieve' is not defined
ERROR in Agent H_40 process_reward at tick 83: name 'cells_to_relieve' is not defined
Traceback (most recent call last):
  File "/home/user/DisasterAI/DisasterAI_Model.py", line 1315, in process_reward
    for cell in cells_to_relieve:
                ^^^^^^^^^^^^^^^^
NameError: name 'cells_to_relieve' is not defined
ERROR in Agent H_25 process_reward at tick 83: name 'cells_to_relieve' is not defined
Traceback (most recent call last):
  File "/home/user/DisasterAI/DisasterAI_Model.py", line 1315, in process_reward
    for cell in cells_to_relieve:
                ^^^^^^^^^^^^^^^^
NameError: name 'cells_to_relieve' is not defined
ERROR in Agent H_31 process_reward at tick 83: name 'cells_to_relieve' is not defined
Traceback (most recent call last):
  File "/home/user/DisasterAI/DisasterAI_Model.py", line 1315, in process_reward
    for cell in cells_to_relieve:
                ^^^^^^^^^^^^^^^^
NameError: name 'cells_to_relieve' is not defined
ERROR in Agent H_1 process_reward at tick 83: name 'cells_to_relieve' is not defined
Traceback (most recent call last):
  File "/home/user/DisasterAI/DisasterAI_Model.py", line 1315, in process_reward
    for cell in cells_to_relieve:
                ^^^^^^^^^^^^^^^^
NameError: name 'cells_to_relieve' is not defined
ERROR in Agent H_0 process_reward at tick 83: name 'cells_to_relieve' is not defined
Traceback (most recent call last):
  File "/home/user/DisasterAI/DisasterAI_Model.py", line 1315, in process_reward
    for cell in cells_to_relieve:
                ^^^^^^^^^^^^^^^^
NameError: name 'cells_to_relieve' is not defined
ERROR in Agent H_47 process_reward at tick 83: name 'cells_to_relieve' is not defined
Traceback (most recent call last):
  File "/home/user/DisasterAI/DisasterAI_Model.py", line 1315, in process_reward
    for cell in cells_to_relieve:
                ^^^^^^^^^^^^^^^^
NameError: name 'cells_to_relieve' is not defined
ERROR in Agent H_46 process_reward at tick 83: name 'cells_to_relieve' is not defined
Traceback (most recent call last):
  File "/home/user/DisasterAI/DisasterAI_Model.py", line 1315, in process_reward
    for cell in cells_to_relieve:
                ^^^^^^^^^^^^^^^^
NameError: name 'cells_to_relieve' is not defined
ERROR in Agent H_33 process_reward at tick 83: name 'cells_to_relieve' is not defined
Traceback (most recent call last):
  File "/home/user/DisasterAI/DisasterAI_Model.py", line 1315, in process_reward
    for cell in cells_to_relieve:
                ^^^^^^^^^^^^^^^^
NameError: name 'cells_to_relieve' is not defined
ERROR in Agent H_41 process_reward at tick 83: name 'cells_to_relieve' is not defined
Traceback (most recent call last):
  File "/home/user/DisasterAI/DisasterAI_Model.py", line 1315, in process_reward
    for cell in cells_to_relieve:
                ^^^^^^^^^^^^^^^^
NameError: name 'cells_to_relieve' is not defined
ERROR in Agent H_42 process_reward at tick 83: name 'cells_to_relieve' is not defined
Traceback (most recent call last):
  File "/home/user/DisasterAI/DisasterAI_Model.py", line 1315, in process_reward
    for cell in cells_to_relieve:
                ^^^^^^^^^^^^^^^^
NameError: name 'cells_to_relieve' is not defined
ERROR in Agent H_49 process_reward at tick 83: name 'cells_to_relieve' is not defined
Traceback (most recent call last):
  File "/home/user/DisasterAI/DisasterAI_Model.py", line 1315, in process_reward
    for cell in cells_to_relieve:
                ^^^^^^^^^^^^^^^^
NameError: name 'cells_to_relieve' is not defined
ERROR in Agent H_6 process_reward at tick 83: name 'cells_to_relieve' is not defined
Traceback (most recent call last):
  File "/home/user/DisasterAI/DisasterAI_Model.py", line 1315, in process_reward
    for cell in cells_to_relieve:
                ^^^^^^^^^^^^^^^^
NameError: name 'cells_to_relieve' is not defined
ERROR in Agent H_4 process_reward at tick 83: name 'cells_to_relieve' is not defined
Traceback (most recent call last):
  File "/home/user/DisasterAI/DisasterAI_Model.py", line 1315, in process_reward
    for cell in cells_to_relieve:
                ^^^^^^^^^^^^^^^^
NameError: name 'cells_to_relieve' is not defined
ERROR in Agent H_48 process_reward at tick 83: name 'cells_to_relieve' is not defined
Traceback (most recent call last):
  File "/home/user/DisasterAI/DisasterAI_Model.py", line 1315, in process_reward
    for cell in cells_to_relieve:
                ^^^^^^^^^^^^^^^^
NameError: name 'cells_to_relieve' is not defined
ERROR in Agent H_26 process_reward at tick 83: name 'cells_to_relieve' is not defined
Traceback (most recent call last):
  File "/home/user/DisasterAI/DisasterAI_Model.py", line 1315, in process_reward
    for cell in cells_to_relieve:
                ^^^^^^^^^^^^^^^^
NameError: name 'cells_to_relieve' is not defined
ERROR in Agent H_21 process_reward at tick 83: name 'cells_to_relieve' is not defined
Traceback (most recent call last):
  File "/home/user/DisasterAI/DisasterAI_Model.py", line 1315, in process_reward
    for cell in cells_to_relieve:
                ^^^^^^^^^^^^^^^^
NameError: name 'cells_to_relieve' is not defined
ERROR in Agent H_44 process_reward at tick 83: name 'cells_to_relieve' is not defined
Traceback (most recent call last):
  File "/home/user/DisasterAI/DisasterAI_Model.py", line 1315, in process_reward
    for cell in cells_to_relieve:
                ^^^^^^^^^^^^^^^^
NameError: name 'cells_to_relieve' is not defined
ERROR in Agent H_15 process_reward at tick 83: name 'cells_to_relieve' is not defined
Traceback (most recent call last):
  File "/home/user/DisasterAI/DisasterAI_Model.py", line 1315, in process_reward
    for cell in cells_to_relieve:
                ^^^^^^^^^^^^^^^^
NameError: name 'cells_to_relieve' is not defined
ERROR in Agent H_7 process_reward at tick 83: name 'cells_to_relieve' is not defined
Traceback (most recent call last):
  File "/home/user/DisasterAI/DisasterAI_Model.py", line 1315, in process_reward
    for cell in cells_to_relieve:
                ^^^^^^^^^^^^^^^^
NameError: name 'cells_to_relieve' is not defined
ERROR in Agent H_32 process_reward at tick 83: name 'cells_to_relieve' is not defined
Traceback (most recent call last):
  File "/home/user/DisasterAI/DisasterAI_Model.py", line 1315, in process_reward
    for cell in cells_to_relieve:
                ^^^^^^^^^^^^^^^^
NameError: name 'cells_to_relieve' is not defined
ERROR in Agent H_2 process_reward at tick 84: name 'cells_to_relieve' is not defined
Traceback (most recent call last):
  File "/home/user/DisasterAI/DisasterAI_Model.py", line 1315, in process_reward
    for cell in cells_to_relieve:
                ^^^^^^^^^^^^^^^^
NameError: name 'cells_to_relieve' is not defined
ERROR in Agent H_21 process_reward at tick 84: name 'cells_to_relieve' is not defined
Traceback (most recent call last):
  File "/home/user/DisasterAI/DisasterAI_Model.py", line 1315, in process_reward
    for cell in cells_to_relieve:
                ^^^^^^^^^^^^^^^^
NameError: name 'cells_to_relieve' is not defined
ERROR in Agent H_19 process_reward at tick 84: name 'cells_to_relieve' is not defined
Traceback (most recent call last):
  File "/home/user/DisasterAI/DisasterAI_Model.py", line 1315, in process_reward
    for cell in cells_to_relieve:
                ^^^^^^^^^^^^^^^^
NameError: name 'cells_to_relieve' is not defined
ERROR in Agent H_31 process_reward at tick 84: name 'cells_to_relieve' is not defined
Traceback (most recent call last):
  File "/home/user/DisasterAI/DisasterAI_Model.py", line 1315, in process_reward
    for cell in cells_to_relieve:
                ^^^^^^^^^^^^^^^^
NameError: name 'cells_to_relieve' is not defined
ERROR in Agent H_11 process_reward at tick 84: name 'cells_to_relieve' is not defined
Traceback (most recent call last):
  File "/home/user/DisasterAI/DisasterAI_Model.py", line 1315, in process_reward
    for cell in cells_to_relieve:
                ^^^^^^^^^^^^^^^^
NameError: name 'cells_to_relieve' is not defined
ERROR in Agent H_12 process_reward at tick 84: name 'cells_to_relieve' is not defined
Traceback (most recent call last):
  File "/home/user/DisasterAI/DisasterAI_Model.py", line 1315, in process_reward
    for cell in cells_to_relieve:
                ^^^^^^^^^^^^^^^^
NameError: name 'cells_to_relieve' is not defined
ERROR in Agent H_45 process_reward at tick 84: name 'cells_to_relieve' is not defined
Traceback (most recent call last):
  File "/home/user/DisasterAI/DisasterAI_Model.py", line 1315, in process_reward
    for cell in cells_to_relieve:
                ^^^^^^^^^^^^^^^^
NameError: name 'cells_to_relieve' is not defined
ERROR in Agent H_23 process_reward at tick 84: name 'cells_to_relieve' is not defined
Traceback (most recent call last):
  File "/home/user/DisasterAI/DisasterAI_Model.py", line 1315, in process_reward
    for cell in cells_to_relieve:
                ^^^^^^^^^^^^^^^^
NameError: name 'cells_to_relieve' is not defined
ERROR in Agent H_13 process_reward at tick 84: name 'cells_to_relieve' is not defined
Traceback (most recent call last):
  File "/home/user/DisasterAI/DisasterAI_Model.py", line 1315, in process_reward
    for cell in cells_to_relieve:
                ^^^^^^^^^^^^^^^^
NameError: name 'cells_to_relieve' is not defined
ERROR in Agent H_9 process_reward at tick 84: name 'cells_to_relieve' is not defined
Traceback (most recent call last):
  File "/home/user/DisasterAI/DisasterAI_Model.py", line 1315, in process_reward
    for cell in cells_to_relieve:
                ^^^^^^^^^^^^^^^^
NameError: name 'cells_to_relieve' is not defined
ERROR in Agent H_4 process_reward at tick 84: name 'cells_to_relieve' is not defined
Traceback (most recent call last):
  File "/home/user/DisasterAI/DisasterAI_Model.py", line 1315, in process_reward
    for cell in cells_to_relieve:
                ^^^^^^^^^^^^^^^^
NameError: name 'cells_to_relieve' is not defined
ERROR in Agent H_40 process_reward at tick 84: name 'cells_to_relieve' is not defined
Traceback (most recent call last):
  File "/home/user/DisasterAI/DisasterAI_Model.py", line 1315, in process_reward
    for cell in cells_to_relieve:
                ^^^^^^^^^^^^^^^^
NameError: name 'cells_to_relieve' is not defined
ERROR in Agent H_35 process_reward at tick 84: name 'cells_to_relieve' is not defined
Traceback (most recent call last):
  File "/home/user/DisasterAI/DisasterAI_Model.py", line 1315, in process_reward
    for cell in cells_to_relieve:
                ^^^^^^^^^^^^^^^^
NameError: name 'cells_to_relieve' is not defined
ERROR in Agent H_42 process_reward at tick 84: name 'cells_to_relieve' is not defined
Traceback (most recent call last):
  File "/home/user/DisasterAI/DisasterAI_Model.py", line 1315, in process_reward
    for cell in cells_to_relieve:
                ^^^^^^^^^^^^^^^^
NameError: name 'cells_to_relieve' is not defined
ERROR in Agent H_7 process_reward at tick 84: name 'cells_to_relieve' is not defined
Traceback (most recent call last):
  File "/home/user/DisasterAI/DisasterAI_Model.py", line 1315, in process_reward
    for cell in cells_to_relieve:
                ^^^^^^^^^^^^^^^^
NameError: name 'cells_to_relieve' is not defined
ERROR in Agent H_29 process_reward at tick 84: name 'cells_to_relieve' is not defined
Traceback (most recent call last):
  File "/home/user/DisasterAI/DisasterAI_Model.py", line 1315, in process_reward
    for cell in cells_to_relieve:
                ^^^^^^^^^^^^^^^^
NameError: name 'cells_to_relieve' is not defined
ERROR in Agent H_0 process_reward at tick 84: name 'cells_to_relieve' is not defined
Traceback (most recent call last):
  File "/home/user/DisasterAI/DisasterAI_Model.py", line 1315, in process_reward
    for cell in cells_to_relieve:
                ^^^^^^^^^^^^^^^^
NameError: name 'cells_to_relieve' is not defined
ERROR in Agent H_6 process_reward at tick 84: name 'cells_to_relieve' is not defined
Traceback (most recent call last):
  File "/home/user/DisasterAI/DisasterAI_Model.py", line 1315, in process_reward
    for cell in cells_to_relieve:
                ^^^^^^^^^^^^^^^^
NameError: name 'cells_to_relieve' is not defined
ERROR in Agent H_8 process_reward at tick 84: name 'cells_to_relieve' is not defined
Traceback (most recent call last):
  File "/home/user/DisasterAI/DisasterAI_Model.py", line 1315, in process_reward
    for cell in cells_to_relieve:
                ^^^^^^^^^^^^^^^^
NameError: name 'cells_to_relieve' is not defined
ERROR in Agent H_46 process_reward at tick 84: name 'cells_to_relieve' is not defined
Traceback (most recent call last):
  File "/home/user/DisasterAI/DisasterAI_Model.py", line 1315, in process_reward
    for cell in cells_to_relieve:
                ^^^^^^^^^^^^^^^^
NameError: name 'cells_to_relieve' is not defined
ERROR in Agent H_5 process_reward at tick 84: name 'cells_to_relieve' is not defined
Traceback (most recent call last):
  File "/home/user/DisasterAI/DisasterAI_Model.py", line 1315, in process_reward
    for cell in cells_to_relieve:
                ^^^^^^^^^^^^^^^^
NameError: name 'cells_to_relieve' is not defined
ERROR in Agent H_33 process_reward at tick 84: name 'cells_to_relieve' is not defined
Traceback (most recent call last):
  File "/home/user/DisasterAI/DisasterAI_Model.py", line 1315, in process_reward
    for cell in cells_to_relieve:
                ^^^^^^^^^^^^^^^^
NameError: name 'cells_to_relieve' is not defined
ERROR in Agent H_43 process_reward at tick 84: name 'cells_to_relieve' is not defined
Traceback (most recent call last):
  File "/home/user/DisasterAI/DisasterAI_Model.py", line 1315, in process_reward
    for cell in cells_to_relieve:
                ^^^^^^^^^^^^^^^^
NameError: name 'cells_to_relieve' is not defined
ERROR in Agent H_37 process_reward at tick 84: name 'cells_to_relieve' is not defined
Traceback (most recent call last):
  File "/home/user/DisasterAI/DisasterAI_Model.py", line 1315, in process_reward
    for cell in cells_to_relieve:
                ^^^^^^^^^^^^^^^^
NameError: name 'cells_to_relieve' is not defined
ERROR in Agent H_22 process_reward at tick 84: name 'cells_to_relieve' is not defined
Traceback (most recent call last):
  File "/home/user/DisasterAI/DisasterAI_Model.py", line 1315, in process_reward
    for cell in cells_to_relieve:
                ^^^^^^^^^^^^^^^^
NameError: name 'cells_to_relieve' is not defined
ERROR in Agent H_16 process_reward at tick 84: name 'cells_to_relieve' is not defined
Traceback (most recent call last):
  File "/home/user/DisasterAI/DisasterAI_Model.py", line 1315, in process_reward
    for cell in cells_to_relieve:
                ^^^^^^^^^^^^^^^^
NameError: name 'cells_to_relieve' is not defined
ERROR in Agent H_47 process_reward at tick 84: name 'cells_to_relieve' is not defined
Traceback (most recent call last):
  File "/home/user/DisasterAI/DisasterAI_Model.py", line 1315, in process_reward
    for cell in cells_to_relieve:
                ^^^^^^^^^^^^^^^^
NameError: name 'cells_to_relieve' is not defined
ERROR in Agent H_1 process_reward at tick 84: name 'cells_to_relieve' is not defined
Traceback (most recent call last):
  File "/home/user/DisasterAI/DisasterAI_Model.py", line 1315, in process_reward
    for cell in cells_to_relieve:
                ^^^^^^^^^^^^^^^^
NameError: name 'cells_to_relieve' is not defined
ERROR in Agent H_28 process_reward at tick 84: name 'cells_to_relieve' is not defined
Traceback (most recent call last):
  File "/home/user/DisasterAI/DisasterAI_Model.py", line 1315, in process_reward
    for cell in cells_to_relieve:
                ^^^^^^^^^^^^^^^^
NameError: name 'cells_to_relieve' is not defined
ERROR in Agent H_18 process_reward at tick 84: name 'cells_to_relieve' is not defined
Traceback (most recent call last):
  File "/home/user/DisasterAI/DisasterAI_Model.py", line 1315, in process_reward
    for cell in cells_to_relieve:
                ^^^^^^^^^^^^^^^^
NameError: name 'cells_to_relieve' is not defined
ERROR in Agent H_44 process_reward at tick 84: name 'cells_to_relieve' is not defined
Traceback (most recent call last):
  File "/home/user/DisasterAI/DisasterAI_Model.py", line 1315, in process_reward
    for cell in cells_to_relieve:
                ^^^^^^^^^^^^^^^^
NameError: name 'cells_to_relieve' is not defined
ERROR in Agent H_12 process_reward at tick 85: name 'cells_to_relieve' is not defined
Traceback (most recent call last):
  File "/home/user/DisasterAI/DisasterAI_Model.py", line 1315, in process_reward
    for cell in cells_to_relieve:
                ^^^^^^^^^^^^^^^^
NameError: name 'cells_to_relieve' is not defined
ERROR in Agent H_10 process_reward at tick 85: name 'cells_to_relieve' is not defined
Traceback (most recent call last):
  File "/home/user/DisasterAI/DisasterAI_Model.py", line 1315, in process_reward
    for cell in cells_to_relieve:
                ^^^^^^^^^^^^^^^^
NameError: name 'cells_to_relieve' is not defined
ERROR in Agent H_30 process_reward at tick 85: name 'cells_to_relieve' is not defined
Traceback (most recent call last):
  File "/home/user/DisasterAI/DisasterAI_Model.py", line 1315, in process_reward
    for cell in cells_to_relieve:
                ^^^^^^^^^^^^^^^^
NameError: name 'cells_to_relieve' is not defined
ERROR in Agent H_11 process_reward at tick 85: name 'cells_to_relieve' is not defined
Traceback (most recent call last):
  File "/home/user/DisasterAI/DisasterAI_Model.py", line 1315, in process_reward
    for cell in cells_to_relieve:
                ^^^^^^^^^^^^^^^^
NameError: name 'cells_to_relieve' is not defined
ERROR in Agent H_3 process_reward at tick 85: name 'cells_to_relieve' is not defined
Traceback (most recent call last):
  File "/home/user/DisasterAI/DisasterAI_Model.py", line 1315, in process_reward
    for cell in cells_to_relieve:
                ^^^^^^^^^^^^^^^^
NameError: name 'cells_to_relieve' is not defined
ERROR in Agent H_44 process_reward at tick 85: name 'cells_to_relieve' is not defined
Traceback (most recent call last):
  File "/home/user/DisasterAI/DisasterAI_Model.py", line 1315, in process_reward
    for cell in cells_to_relieve:
                ^^^^^^^^^^^^^^^^
NameError: name 'cells_to_relieve' is not defined
ERROR in Agent H_22 process_reward at tick 85: name 'cells_to_relieve' is not defined
Traceback (most recent call last):
  File "/home/user/DisasterAI/DisasterAI_Model.py", line 1315, in process_reward
    for cell in cells_to_relieve:
                ^^^^^^^^^^^^^^^^
NameError: name 'cells_to_relieve' is not defined
ERROR in Agent H_4 process_reward at tick 85: name 'cells_to_relieve' is not defined
Traceback (most recent call last):
  File "/home/user/DisasterAI/DisasterAI_Model.py", line 1315, in process_reward
    for cell in cells_to_relieve:
                ^^^^^^^^^^^^^^^^
NameError: name 'cells_to_relieve' is not defined
ERROR in Agent H_18 process_reward at tick 85: name 'cells_to_relieve' is not defined
Traceback (most recent call last):
  File "/home/user/DisasterAI/DisasterAI_Model.py", line 1315, in process_reward
    for cell in cells_to_relieve:
                ^^^^^^^^^^^^^^^^
NameError: name 'cells_to_relieve' is not defined
ERROR in Agent H_25 process_reward at tick 85: name 'cells_to_relieve' is not defined
Traceback (most recent call last):
  File "/home/user/DisasterAI/DisasterAI_Model.py", line 1315, in process_reward
    for cell in cells_to_relieve:
                ^^^^^^^^^^^^^^^^
NameError: name 'cells_to_relieve' is not defined
ERROR in Agent H_8 process_reward at tick 85: name 'cells_to_relieve' is not defined
Traceback (most recent call last):
  File "/home/user/DisasterAI/DisasterAI_Model.py", line 1315, in process_reward
    for cell in cells_to_relieve:
                ^^^^^^^^^^^^^^^^
NameError: name 'cells_to_relieve' is not defined
ERROR in Agent H_27 process_reward at tick 85: name 'cells_to_relieve' is not defined
Traceback (most recent call last):
  File "/home/user/DisasterAI/DisasterAI_Model.py", line 1315, in process_reward
    for cell in cells_to_relieve:
                ^^^^^^^^^^^^^^^^
NameError: name 'cells_to_relieve' is not defined
ERROR in Agent H_13 process_reward at tick 85: name 'cells_to_relieve' is not defined
Traceback (most recent call last):
  File "/home/user/DisasterAI/DisasterAI_Model.py", line 1315, in process_reward
    for cell in cells_to_relieve:
                ^^^^^^^^^^^^^^^^
NameError: name 'cells_to_relieve' is not defined
ERROR in Agent H_26 process_reward at tick 85: name 'cells_to_relieve' is not defined
Traceback (most recent call last):
  File "/home/user/DisasterAI/DisasterAI_Model.py", line 1315, in process_reward
    for cell in cells_to_relieve:
                ^^^^^^^^^^^^^^^^
NameError: name 'cells_to_relieve' is not defined
ERROR in Agent H_9 process_reward at tick 85: name 'cells_to_relieve' is not defined
Traceback (most recent call last):
  File "/home/user/DisasterAI/DisasterAI_Model.py", line 1315, in process_reward
    for cell in cells_to_relieve:
                ^^^^^^^^^^^^^^^^
NameError: name 'cells_to_relieve' is not defined
ERROR in Agent H_45 process_reward at tick 85: name 'cells_to_relieve' is not defined
Traceback (most recent call last):
  File "/home/user/DisasterAI/DisasterAI_Model.py", line 1315, in process_reward
    for cell in cells_to_relieve:
                ^^^^^^^^^^^^^^^^
NameError: name 'cells_to_relieve' is not defined
ERROR in Agent H_37 process_reward at tick 85: name 'cells_to_relieve' is not defined
Traceback (most recent call last):
  File "/home/user/DisasterAI/DisasterAI_Model.py", line 1315, in process_reward
    for cell in cells_to_relieve:
                ^^^^^^^^^^^^^^^^
NameError: name 'cells_to_relieve' is not defined
ERROR in Agent H_34 process_reward at tick 85: name 'cells_to_relieve' is not defined
Traceback (most recent call last):
  File "/home/user/DisasterAI/DisasterAI_Model.py", line 1315, in process_reward
    for cell in cells_to_relieve:
                ^^^^^^^^^^^^^^^^
NameError: name 'cells_to_relieve' is not defined
ERROR in Agent H_17 process_reward at tick 85: name 'cells_to_relieve' is not defined
Traceback (most recent call last):
  File "/home/user/DisasterAI/DisasterAI_Model.py", line 1315, in process_reward
    for cell in cells_to_relieve:
                ^^^^^^^^^^^^^^^^
NameError: name 'cells_to_relieve' is not defined
ERROR in Agent H_48 process_reward at tick 85: name 'cells_to_relieve' is not defined
Traceback (most recent call last):
  File "/home/user/DisasterAI/DisasterAI_Model.py", line 1315, in process_reward
    for cell in cells_to_relieve:
                ^^^^^^^^^^^^^^^^
NameError: name 'cells_to_relieve' is not defined
ERROR in Agent H_24 process_reward at tick 85: name 'cells_to_relieve' is not defined
Traceback (most recent call last):
  File "/home/user/DisasterAI/DisasterAI_Model.py", line 1315, in process_reward
    for cell in cells_to_relieve:
                ^^^^^^^^^^^^^^^^
NameError: name 'cells_to_relieve' is not defined
ERROR in Agent H_43 process_reward at tick 85: name 'cells_to_relieve' is not defined
Traceback (most recent call last):
  File "/home/user/DisasterAI/DisasterAI_Model.py", line 1315, in process_reward
    for cell in cells_to_relieve:
                ^^^^^^^^^^^^^^^^
NameError: name 'cells_to_relieve' is not defined
ERROR in Agent H_32 process_reward at tick 85: name 'cells_to_relieve' is not defined
Traceback (most recent call last):
  File "/home/user/DisasterAI/DisasterAI_Model.py", line 1315, in process_reward
    for cell in cells_to_relieve:
                ^^^^^^^^^^^^^^^^
NameError: name 'cells_to_relieve' is not defined
ERROR in Agent H_20 process_reward at tick 85: name 'cells_to_relieve' is not defined
Traceback (most recent call last):
  File "/home/user/DisasterAI/DisasterAI_Model.py", line 1315, in process_reward
    for cell in cells_to_relieve:
                ^^^^^^^^^^^^^^^^
NameError: name 'cells_to_relieve' is not defined
ERROR in Agent H_21 process_reward at tick 85: name 'cells_to_relieve' is not defined
Traceback (most recent call last):
  File "/home/user/DisasterAI/DisasterAI_Model.py", line 1315, in process_reward
    for cell in cells_to_relieve:
                ^^^^^^^^^^^^^^^^
NameError: name 'cells_to_relieve' is not defined
ERROR in Agent H_40 process_reward at tick 85: name 'cells_to_relieve' is not defined
Traceback (most recent call last):
  File "/home/user/DisasterAI/DisasterAI_Model.py", line 1315, in process_reward
    for cell in cells_to_relieve:
                ^^^^^^^^^^^^^^^^
NameError: name 'cells_to_relieve' is not defined
ERROR in Agent H_5 process_reward at tick 85: name 'cells_to_relieve' is not defined
Traceback (most recent call last):
  File "/home/user/DisasterAI/DisasterAI_Model.py", line 1315, in process_reward
    for cell in cells_to_relieve:
                ^^^^^^^^^^^^^^^^
NameError: name 'cells_to_relieve' is not defined
ERROR in Agent H_2 process_reward at tick 85: name 'cells_to_relieve' is not defined
Traceback (most recent call last):
  File "/home/user/DisasterAI/DisasterAI_Model.py", line 1315, in process_reward
    for cell in cells_to_relieve:
                ^^^^^^^^^^^^^^^^
NameError: name 'cells_to_relieve' is not defined
ERROR in Agent H_42 process_reward at tick 85: name 'cells_to_relieve' is not defined
Traceback (most recent call last):
  File "/home/user/DisasterAI/DisasterAI_Model.py", line 1315, in process_reward
    for cell in cells_to_relieve:
                ^^^^^^^^^^^^^^^^
NameError: name 'cells_to_relieve' is not defined
ERROR in Agent H_41 process_reward at tick 85: name 'cells_to_relieve' is not defined
Traceback (most recent call last):
  File "/home/user/DisasterAI/DisasterAI_Model.py", line 1315, in process_reward
    for cell in cells_to_relieve:
                ^^^^^^^^^^^^^^^^
NameError: name 'cells_to_relieve' is not defined
ERROR in Agent H_38 process_reward at tick 85: name 'cells_to_relieve' is not defined
Traceback (most recent call last):
  File "/home/user/DisasterAI/DisasterAI_Model.py", line 1315, in process_reward
    for cell in cells_to_relieve:
                ^^^^^^^^^^^^^^^^
NameError: name 'cells_to_relieve' is not defined
ERROR in Agent H_19 process_reward at tick 85: name 'cells_to_relieve' is not defined
Traceback (most recent call last):
  File "/home/user/DisasterAI/DisasterAI_Model.py", line 1315, in process_reward
    for cell in cells_to_relieve:
                ^^^^^^^^^^^^^^^^
NameError: name 'cells_to_relieve' is not defined
ERROR in Agent H_14 process_reward at tick 85: name 'cells_to_relieve' is not defined
Traceback (most recent call last):
  File "/home/user/DisasterAI/DisasterAI_Model.py", line 1315, in process_reward
    for cell in cells_to_relieve:
                ^^^^^^^^^^^^^^^^
NameError: name 'cells_to_relieve' is not defined
ERROR in Agent H_36 process_reward at tick 85: name 'cells_to_relieve' is not defined
Traceback (most recent call last):
  File "/home/user/DisasterAI/DisasterAI_Model.py", line 1315, in process_reward
    for cell in cells_to_relieve:
                ^^^^^^^^^^^^^^^^
NameError: name 'cells_to_relieve' is not defined

DEBUG: Starting AECI variance calculation at tick 85
  Found 0/50 AI-reliant agents
  Global belief variance: 0.0743
  WARNING: Invalid global variance (0.07432993750000001) or no AI-reliant agents
  Returning AECI variance tuple: (85, 0.0)
  Current aeci_variance_data length: 85
  Last 3 entries: [(83, 0.0), (84, 0.0), (85, 0.0)]
ERROR in Agent H_36 process_reward at tick 86: name 'cells_to_relieve' is not defined
Traceback (most recent call last):
  File "/home/user/DisasterAI/DisasterAI_Model.py", line 1315, in process_reward
    for cell in cells_to_relieve:
                ^^^^^^^^^^^^^^^^
NameError: name 'cells_to_relieve' is not defined
ERROR in Agent H_12 process_reward at tick 86: name 'cells_to_relieve' is not defined
Traceback (most recent call last):
  File "/home/user/DisasterAI/DisasterAI_Model.py", line 1315, in process_reward
    for cell in cells_to_relieve:
                ^^^^^^^^^^^^^^^^
NameError: name 'cells_to_relieve' is not defined
ERROR in Agent H_48 process_reward at tick 86: name 'cells_to_relieve' is not defined
Traceback (most recent call last):
  File "/home/user/DisasterAI/DisasterAI_Model.py", line 1315, in process_reward
    for cell in cells_to_relieve:
                ^^^^^^^^^^^^^^^^
NameError: name 'cells_to_relieve' is not defined
ERROR in Agent H_4 process_reward at tick 86: name 'cells_to_relieve' is not defined
Traceback (most recent call last):
  File "/home/user/DisasterAI/DisasterAI_Model.py", line 1315, in process_reward
    for cell in cells_to_relieve:
                ^^^^^^^^^^^^^^^^
NameError: name 'cells_to_relieve' is not defined
ERROR in Agent H_3 process_reward at tick 86: name 'cells_to_relieve' is not defined
Traceback (most recent call last):
  File "/home/user/DisasterAI/DisasterAI_Model.py", line 1315, in process_reward
    for cell in cells_to_relieve:
                ^^^^^^^^^^^^^^^^
NameError: name 'cells_to_relieve' is not defined
ERROR in Agent H_34 process_reward at tick 86: name 'cells_to_relieve' is not defined
Traceback (most recent call last):
  File "/home/user/DisasterAI/DisasterAI_Model.py", line 1315, in process_reward
    for cell in cells_to_relieve:
                ^^^^^^^^^^^^^^^^
NameError: name 'cells_to_relieve' is not defined
ERROR in Agent H_17 process_reward at tick 86: name 'cells_to_relieve' is not defined
Traceback (most recent call last):
  File "/home/user/DisasterAI/DisasterAI_Model.py", line 1315, in process_reward
    for cell in cells_to_relieve:
                ^^^^^^^^^^^^^^^^
NameError: name 'cells_to_relieve' is not defined
ERROR in Agent H_5 process_reward at tick 86: name 'cells_to_relieve' is not defined
Traceback (most recent call last):
  File "/home/user/DisasterAI/DisasterAI_Model.py", line 1315, in process_reward
    for cell in cells_to_relieve:
                ^^^^^^^^^^^^^^^^
NameError: name 'cells_to_relieve' is not defined
ERROR in Agent H_18 process_reward at tick 86: name 'cells_to_relieve' is not defined
Traceback (most recent call last):
  File "/home/user/DisasterAI/DisasterAI_Model.py", line 1315, in process_reward
    for cell in cells_to_relieve:
                ^^^^^^^^^^^^^^^^
NameError: name 'cells_to_relieve' is not defined
ERROR in Agent H_23 process_reward at tick 86: name 'cells_to_relieve' is not defined
Traceback (most recent call last):
  File "/home/user/DisasterAI/DisasterAI_Model.py", line 1315, in process_reward
    for cell in cells_to_relieve:
                ^^^^^^^^^^^^^^^^
NameError: name 'cells_to_relieve' is not defined
ERROR in Agent H_44 process_reward at tick 86: name 'cells_to_relieve' is not defined
Traceback (most recent call last):
  File "/home/user/DisasterAI/DisasterAI_Model.py", line 1315, in process_reward
    for cell in cells_to_relieve:
                ^^^^^^^^^^^^^^^^
NameError: name 'cells_to_relieve' is not defined
ERROR in Agent H_47 process_reward at tick 86: name 'cells_to_relieve' is not defined
Traceback (most recent call last):
  File "/home/user/DisasterAI/DisasterAI_Model.py", line 1315, in process_reward
    for cell in cells_to_relieve:
                ^^^^^^^^^^^^^^^^
NameError: name 'cells_to_relieve' is not defined
ERROR in Agent H_30 process_reward at tick 86: name 'cells_to_relieve' is not defined
Traceback (most recent call last):
  File "/home/user/DisasterAI/DisasterAI_Model.py", line 1315, in process_reward
    for cell in cells_to_relieve:
                ^^^^^^^^^^^^^^^^
NameError: name 'cells_to_relieve' is not defined
ERROR in Agent H_2 process_reward at tick 86: name 'cells_to_relieve' is not defined
Traceback (most recent call last):
  File "/home/user/DisasterAI/DisasterAI_Model.py", line 1315, in process_reward
    for cell in cells_to_relieve:
                ^^^^^^^^^^^^^^^^
NameError: name 'cells_to_relieve' is not defined
ERROR in Agent H_8 process_reward at tick 86: name 'cells_to_relieve' is not defined
Traceback (most recent call last):
  File "/home/user/DisasterAI/DisasterAI_Model.py", line 1315, in process_reward
    for cell in cells_to_relieve:
                ^^^^^^^^^^^^^^^^
NameError: name 'cells_to_relieve' is not defined
ERROR in Agent H_22 process_reward at tick 86: name 'cells_to_relieve' is not defined
Traceback (most recent call last):
  File "/home/user/DisasterAI/DisasterAI_Model.py", line 1315, in process_reward
    for cell in cells_to_relieve:
                ^^^^^^^^^^^^^^^^
NameError: name 'cells_to_relieve' is not defined
ERROR in Agent H_45 process_reward at tick 86: name 'cells_to_relieve' is not defined
Traceback (most recent call last):
  File "/home/user/DisasterAI/DisasterAI_Model.py", line 1315, in process_reward
    for cell in cells_to_relieve:
                ^^^^^^^^^^^^^^^^
NameError: name 'cells_to_relieve' is not defined
ERROR in Agent H_31 process_reward at tick 86: name 'cells_to_relieve' is not defined
Traceback (most recent call last):
  File "/home/user/DisasterAI/DisasterAI_Model.py", line 1315, in process_reward
    for cell in cells_to_relieve:
                ^^^^^^^^^^^^^^^^
NameError: name 'cells_to_relieve' is not defined
ERROR in Agent H_28 process_reward at tick 86: name 'cells_to_relieve' is not defined
Traceback (most recent call last):
  File "/home/user/DisasterAI/DisasterAI_Model.py", line 1315, in process_reward
    for cell in cells_to_relieve:
                ^^^^^^^^^^^^^^^^
NameError: name 'cells_to_relieve' is not defined
ERROR in Agent H_21 process_reward at tick 86: name 'cells_to_relieve' is not defined
Traceback (most recent call last):
  File "/home/user/DisasterAI/DisasterAI_Model.py", line 1315, in process_reward
    for cell in cells_to_relieve:
                ^^^^^^^^^^^^^^^^
NameError: name 'cells_to_relieve' is not defined
ERROR in Agent H_25 process_reward at tick 86: name 'cells_to_relieve' is not defined
Traceback (most recent call last):
  File "/home/user/DisasterAI/DisasterAI_Model.py", line 1315, in process_reward
    for cell in cells_to_relieve:
                ^^^^^^^^^^^^^^^^
NameError: name 'cells_to_relieve' is not defined
ERROR in Agent H_24 process_reward at tick 86: name 'cells_to_relieve' is not defined
Traceback (most recent call last):
  File "/home/user/DisasterAI/DisasterAI_Model.py", line 1315, in process_reward
    for cell in cells_to_relieve:
                ^^^^^^^^^^^^^^^^
NameError: name 'cells_to_relieve' is not defined
ERROR in Agent H_43 process_reward at tick 86: name 'cells_to_relieve' is not defined
Traceback (most recent call last):
  File "/home/user/DisasterAI/DisasterAI_Model.py", line 1315, in process_reward
    for cell in cells_to_relieve:
                ^^^^^^^^^^^^^^^^
NameError: name 'cells_to_relieve' is not defined
ERROR in Agent H_40 process_reward at tick 86: name 'cells_to_relieve' is not defined
Traceback (most recent call last):
  File "/home/user/DisasterAI/DisasterAI_Model.py", line 1315, in process_reward
    for cell in cells_to_relieve:
                ^^^^^^^^^^^^^^^^
NameError: name 'cells_to_relieve' is not defined
ERROR in Agent H_33 process_reward at tick 86: name 'cells_to_relieve' is not defined
Traceback (most recent call last):
  File "/home/user/DisasterAI/DisasterAI_Model.py", line 1315, in process_reward
    for cell in cells_to_relieve:
                ^^^^^^^^^^^^^^^^
NameError: name 'cells_to_relieve' is not defined
ERROR in Agent H_37 process_reward at tick 86: name 'cells_to_relieve' is not defined
Traceback (most recent call last):
  File "/home/user/DisasterAI/DisasterAI_Model.py", line 1315, in process_reward
    for cell in cells_to_relieve:
                ^^^^^^^^^^^^^^^^
NameError: name 'cells_to_relieve' is not defined
ERROR in Agent H_39 process_reward at tick 86: name 'cells_to_relieve' is not defined
Traceback (most recent call last):
  File "/home/user/DisasterAI/DisasterAI_Model.py", line 1315, in process_reward
    for cell in cells_to_relieve:
                ^^^^^^^^^^^^^^^^
NameError: name 'cells_to_relieve' is not defined
ERROR in Agent H_16 process_reward at tick 86: name 'cells_to_relieve' is not defined
Traceback (most recent call last):
  File "/home/user/DisasterAI/DisasterAI_Model.py", line 1315, in process_reward
    for cell in cells_to_relieve:
                ^^^^^^^^^^^^^^^^
NameError: name 'cells_to_relieve' is not defined
ERROR in Agent H_46 process_reward at tick 86: name 'cells_to_relieve' is not defined
Traceback (most recent call last):
  File "/home/user/DisasterAI/DisasterAI_Model.py", line 1315, in process_reward
    for cell in cells_to_relieve:
                ^^^^^^^^^^^^^^^^
NameError: name 'cells_to_relieve' is not defined
ERROR in Agent H_27 process_reward at tick 86: name 'cells_to_relieve' is not defined
Traceback (most recent call last):
  File "/home/user/DisasterAI/DisasterAI_Model.py", line 1315, in process_reward
    for cell in cells_to_relieve:
                ^^^^^^^^^^^^^^^^
NameError: name 'cells_to_relieve' is not defined
ERROR in Agent H_7 process_reward at tick 86: name 'cells_to_relieve' is not defined
Traceback (most recent call last):
  File "/home/user/DisasterAI/DisasterAI_Model.py", line 1315, in process_reward
    for cell in cells_to_relieve:
                ^^^^^^^^^^^^^^^^
NameError: name 'cells_to_relieve' is not defined
ERROR in Agent H_6 process_reward at tick 86: name 'cells_to_relieve' is not defined
Traceback (most recent call last):
  File "/home/user/DisasterAI/DisasterAI_Model.py", line 1315, in process_reward
    for cell in cells_to_relieve:
                ^^^^^^^^^^^^^^^^
NameError: name 'cells_to_relieve' is not defined
ERROR in Agent H_20 process_reward at tick 86: name 'cells_to_relieve' is not defined
Traceback (most recent call last):
  File "/home/user/DisasterAI/DisasterAI_Model.py", line 1315, in process_reward
    for cell in cells_to_relieve:
                ^^^^^^^^^^^^^^^^
NameError: name 'cells_to_relieve' is not defined
ERROR in Agent H_49 process_reward at tick 86: name 'cells_to_relieve' is not defined
Traceback (most recent call last):
  File "/home/user/DisasterAI/DisasterAI_Model.py", line 1315, in process_reward
    for cell in cells_to_relieve:
                ^^^^^^^^^^^^^^^^
NameError: name 'cells_to_relieve' is not defined
ERROR in Agent H_15 process_reward at tick 86: name 'cells_to_relieve' is not defined
Traceback (most recent call last):
  File "/home/user/DisasterAI/DisasterAI_Model.py", line 1315, in process_reward
    for cell in cells_to_relieve:
                ^^^^^^^^^^^^^^^^
NameError: name 'cells_to_relieve' is not defined
ERROR in Agent H_11 process_reward at tick 86: name 'cells_to_relieve' is not defined
Traceback (most recent call last):
  File "/home/user/DisasterAI/DisasterAI_Model.py", line 1315, in process_reward
    for cell in cells_to_relieve:
                ^^^^^^^^^^^^^^^^
NameError: name 'cells_to_relieve' is not defined
ERROR in Agent H_2 process_reward at tick 87: name 'cells_to_relieve' is not defined
Traceback (most recent call last):
  File "/home/user/DisasterAI/DisasterAI_Model.py", line 1315, in process_reward
    for cell in cells_to_relieve:
                ^^^^^^^^^^^^^^^^
NameError: name 'cells_to_relieve' is not defined
ERROR in Agent H_13 process_reward at tick 87: name 'cells_to_relieve' is not defined
Traceback (most recent call last):
  File "/home/user/DisasterAI/DisasterAI_Model.py", line 1315, in process_reward
    for cell in cells_to_relieve:
                ^^^^^^^^^^^^^^^^
NameError: name 'cells_to_relieve' is not defined
ERROR in Agent H_38 process_reward at tick 87: name 'cells_to_relieve' is not defined
Traceback (most recent call last):
  File "/home/user/DisasterAI/DisasterAI_Model.py", line 1315, in process_reward
    for cell in cells_to_relieve:
                ^^^^^^^^^^^^^^^^
NameError: name 'cells_to_relieve' is not defined
ERROR in Agent H_14 process_reward at tick 87: name 'cells_to_relieve' is not defined
Traceback (most recent call last):
  File "/home/user/DisasterAI/DisasterAI_Model.py", line 1315, in process_reward
    for cell in cells_to_relieve:
                ^^^^^^^^^^^^^^^^
NameError: name 'cells_to_relieve' is not defined
ERROR in Agent H_47 process_reward at tick 87: name 'cells_to_relieve' is not defined
Traceback (most recent call last):
  File "/home/user/DisasterAI/DisasterAI_Model.py", line 1315, in process_reward
    for cell in cells_to_relieve:
                ^^^^^^^^^^^^^^^^
NameError: name 'cells_to_relieve' is not defined
ERROR in Agent H_17 process_reward at tick 87: name 'cells_to_relieve' is not defined
Traceback (most recent call last):
  File "/home/user/DisasterAI/DisasterAI_Model.py", line 1315, in process_reward
    for cell in cells_to_relieve:
                ^^^^^^^^^^^^^^^^
NameError: name 'cells_to_relieve' is not defined
ERROR in Agent H_34 process_reward at tick 87: name 'cells_to_relieve' is not defined
Traceback (most recent call last):
  File "/home/user/DisasterAI/DisasterAI_Model.py", line 1315, in process_reward
    for cell in cells_to_relieve:
                ^^^^^^^^^^^^^^^^
NameError: name 'cells_to_relieve' is not defined
ERROR in Agent H_35 process_reward at tick 87: name 'cells_to_relieve' is not defined
Traceback (most recent call last):
  File "/home/user/DisasterAI/DisasterAI_Model.py", line 1315, in process_reward
    for cell in cells_to_relieve:
                ^^^^^^^^^^^^^^^^
NameError: name 'cells_to_relieve' is not defined
ERROR in Agent H_10 process_reward at tick 87: name 'cells_to_relieve' is not defined
Traceback (most recent call last):
  File "/home/user/DisasterAI/DisasterAI_Model.py", line 1315, in process_reward
    for cell in cells_to_relieve:
                ^^^^^^^^^^^^^^^^
NameError: name 'cells_to_relieve' is not defined
ERROR in Agent H_36 process_reward at tick 87: name 'cells_to_relieve' is not defined
Traceback (most recent call last):
  File "/home/user/DisasterAI/DisasterAI_Model.py", line 1315, in process_reward
    for cell in cells_to_relieve:
                ^^^^^^^^^^^^^^^^
NameError: name 'cells_to_relieve' is not defined
ERROR in Agent H_8 process_reward at tick 87: name 'cells_to_relieve' is not defined
Traceback (most recent call last):
  File "/home/user/DisasterAI/DisasterAI_Model.py", line 1315, in process_reward
    for cell in cells_to_relieve:
                ^^^^^^^^^^^^^^^^
NameError: name 'cells_to_relieve' is not defined
ERROR in Agent H_20 process_reward at tick 87: name 'cells_to_relieve' is not defined
Traceback (most recent call last):
  File "/home/user/DisasterAI/DisasterAI_Model.py", line 1315, in process_reward
    for cell in cells_to_relieve:
                ^^^^^^^^^^^^^^^^
NameError: name 'cells_to_relieve' is not defined
ERROR in Agent H_29 process_reward at tick 87: name 'cells_to_relieve' is not defined
Traceback (most recent call last):
  File "/home/user/DisasterAI/DisasterAI_Model.py", line 1315, in process_reward
    for cell in cells_to_relieve:
                ^^^^^^^^^^^^^^^^
NameError: name 'cells_to_relieve' is not defined
ERROR in Agent H_37 process_reward at tick 87: name 'cells_to_relieve' is not defined
Traceback (most recent call last):
  File "/home/user/DisasterAI/DisasterAI_Model.py", line 1315, in process_reward
    for cell in cells_to_relieve:
                ^^^^^^^^^^^^^^^^
NameError: name 'cells_to_relieve' is not defined
ERROR in Agent H_33 process_reward at tick 87: name 'cells_to_relieve' is not defined
Traceback (most recent call last):
  File "/home/user/DisasterAI/DisasterAI_Model.py", line 1315, in process_reward
    for cell in cells_to_relieve:
                ^^^^^^^^^^^^^^^^
NameError: name 'cells_to_relieve' is not defined
ERROR in Agent H_44 process_reward at tick 87: name 'cells_to_relieve' is not defined
Traceback (most recent call last):
  File "/home/user/DisasterAI/DisasterAI_Model.py", line 1315, in process_reward
    for cell in cells_to_relieve:
                ^^^^^^^^^^^^^^^^
NameError: name 'cells_to_relieve' is not defined
ERROR in Agent H_7 process_reward at tick 87: name 'cells_to_relieve' is not defined
Traceback (most recent call last):
  File "/home/user/DisasterAI/DisasterAI_Model.py", line 1315, in process_reward
    for cell in cells_to_relieve:
                ^^^^^^^^^^^^^^^^
NameError: name 'cells_to_relieve' is not defined
ERROR in Agent H_39 process_reward at tick 87: name 'cells_to_relieve' is not defined
Traceback (most recent call last):
  File "/home/user/DisasterAI/DisasterAI_Model.py", line 1315, in process_reward
    for cell in cells_to_relieve:
                ^^^^^^^^^^^^^^^^
NameError: name 'cells_to_relieve' is not defined
ERROR in Agent H_30 process_reward at tick 87: name 'cells_to_relieve' is not defined
Traceback (most recent call last):
  File "/home/user/DisasterAI/DisasterAI_Model.py", line 1315, in process_reward
    for cell in cells_to_relieve:
                ^^^^^^^^^^^^^^^^
NameError: name 'cells_to_relieve' is not defined
ERROR in Agent H_24 process_reward at tick 87: name 'cells_to_relieve' is not defined
Traceback (most recent call last):
  File "/home/user/DisasterAI/DisasterAI_Model.py", line 1315, in process_reward
    for cell in cells_to_relieve:
                ^^^^^^^^^^^^^^^^
NameError: name 'cells_to_relieve' is not defined
ERROR in Agent H_11 process_reward at tick 87: name 'cells_to_relieve' is not defined
Traceback (most recent call last):
  File "/home/user/DisasterAI/DisasterAI_Model.py", line 1315, in process_reward
    for cell in cells_to_relieve:
                ^^^^^^^^^^^^^^^^
NameError: name 'cells_to_relieve' is not defined
ERROR in Agent H_6 process_reward at tick 87: name 'cells_to_relieve' is not defined
Traceback (most recent call last):
  File "/home/user/DisasterAI/DisasterAI_Model.py", line 1315, in process_reward
    for cell in cells_to_relieve:
                ^^^^^^^^^^^^^^^^
NameError: name 'cells_to_relieve' is not defined
ERROR in Agent H_21 process_reward at tick 87: name 'cells_to_relieve' is not defined
Traceback (most recent call last):
  File "/home/user/DisasterAI/DisasterAI_Model.py", line 1315, in process_reward
    for cell in cells_to_relieve:
                ^^^^^^^^^^^^^^^^
NameError: name 'cells_to_relieve' is not defined
ERROR in Agent H_23 process_reward at tick 87: name 'cells_to_relieve' is not defined
Traceback (most recent call last):
  File "/home/user/DisasterAI/DisasterAI_Model.py", line 1315, in process_reward
    for cell in cells_to_relieve:
                ^^^^^^^^^^^^^^^^
NameError: name 'cells_to_relieve' is not defined
ERROR in Agent H_46 process_reward at tick 87: name 'cells_to_relieve' is not defined
Traceback (most recent call last):
  File "/home/user/DisasterAI/DisasterAI_Model.py", line 1315, in process_reward
    for cell in cells_to_relieve:
                ^^^^^^^^^^^^^^^^
NameError: name 'cells_to_relieve' is not defined
ERROR in Agent H_28 process_reward at tick 87: name 'cells_to_relieve' is not defined
Traceback (most recent call last):
  File "/home/user/DisasterAI/DisasterAI_Model.py", line 1315, in process_reward
    for cell in cells_to_relieve:
                ^^^^^^^^^^^^^^^^
NameError: name 'cells_to_relieve' is not defined
ERROR in Agent H_45 process_reward at tick 87: name 'cells_to_relieve' is not defined
Traceback (most recent call last):
  File "/home/user/DisasterAI/DisasterAI_Model.py", line 1315, in process_reward
    for cell in cells_to_relieve:
                ^^^^^^^^^^^^^^^^
NameError: name 'cells_to_relieve' is not defined
ERROR in Agent H_0 process_reward at tick 87: name 'cells_to_relieve' is not defined
Traceback (most recent call last):
  File "/home/user/DisasterAI/DisasterAI_Model.py", line 1315, in process_reward
    for cell in cells_to_relieve:
                ^^^^^^^^^^^^^^^^
NameError: name 'cells_to_relieve' is not defined
ERROR in Agent H_41 process_reward at tick 87: name 'cells_to_relieve' is not defined
Traceback (most recent call last):
  File "/home/user/DisasterAI/DisasterAI_Model.py", line 1315, in process_reward
    for cell in cells_to_relieve:
                ^^^^^^^^^^^^^^^^
NameError: name 'cells_to_relieve' is not defined
ERROR in Agent H_15 process_reward at tick 87: name 'cells_to_relieve' is not defined
Traceback (most recent call last):
  File "/home/user/DisasterAI/DisasterAI_Model.py", line 1315, in process_reward
    for cell in cells_to_relieve:
                ^^^^^^^^^^^^^^^^
NameError: name 'cells_to_relieve' is not defined
ERROR in Agent H_30 process_reward at tick 88: name 'cells_to_relieve' is not defined
Traceback (most recent call last):
  File "/home/user/DisasterAI/DisasterAI_Model.py", line 1315, in process_reward
    for cell in cells_to_relieve:
                ^^^^^^^^^^^^^^^^
NameError: name 'cells_to_relieve' is not defined
ERROR in Agent H_28 process_reward at tick 88: name 'cells_to_relieve' is not defined
Traceback (most recent call last):
  File "/home/user/DisasterAI/DisasterAI_Model.py", line 1315, in process_reward
    for cell in cells_to_relieve:
                ^^^^^^^^^^^^^^^^
NameError: name 'cells_to_relieve' is not defined
ERROR in Agent H_3 process_reward at tick 88: name 'cells_to_relieve' is not defined
Traceback (most recent call last):
  File "/home/user/DisasterAI/DisasterAI_Model.py", line 1315, in process_reward
    for cell in cells_to_relieve:
                ^^^^^^^^^^^^^^^^
NameError: name 'cells_to_relieve' is not defined
ERROR in Agent H_37 process_reward at tick 88: name 'cells_to_relieve' is not defined
Traceback (most recent call last):
  File "/home/user/DisasterAI/DisasterAI_Model.py", line 1315, in process_reward
    for cell in cells_to_relieve:
                ^^^^^^^^^^^^^^^^
NameError: name 'cells_to_relieve' is not defined
ERROR in Agent H_38 process_reward at tick 88: name 'cells_to_relieve' is not defined
Traceback (most recent call last):
  File "/home/user/DisasterAI/DisasterAI_Model.py", line 1315, in process_reward
    for cell in cells_to_relieve:
                ^^^^^^^^^^^^^^^^
NameError: name 'cells_to_relieve' is not defined
ERROR in Agent H_47 process_reward at tick 88: name 'cells_to_relieve' is not defined
Traceback (most recent call last):
  File "/home/user/DisasterAI/DisasterAI_Model.py", line 1315, in process_reward
    for cell in cells_to_relieve:
                ^^^^^^^^^^^^^^^^
NameError: name 'cells_to_relieve' is not defined
ERROR in Agent H_41 process_reward at tick 88: name 'cells_to_relieve' is not defined
Traceback (most recent call last):
  File "/home/user/DisasterAI/DisasterAI_Model.py", line 1315, in process_reward
    for cell in cells_to_relieve:
                ^^^^^^^^^^^^^^^^
NameError: name 'cells_to_relieve' is not defined
ERROR in Agent H_49 process_reward at tick 88: name 'cells_to_relieve' is not defined
Traceback (most recent call last):
  File "/home/user/DisasterAI/DisasterAI_Model.py", line 1315, in process_reward
    for cell in cells_to_relieve:
                ^^^^^^^^^^^^^^^^
NameError: name 'cells_to_relieve' is not defined
ERROR in Agent H_1 process_reward at tick 88: name 'cells_to_relieve' is not defined
Traceback (most recent call last):
  File "/home/user/DisasterAI/DisasterAI_Model.py", line 1315, in process_reward
    for cell in cells_to_relieve:
                ^^^^^^^^^^^^^^^^
NameError: name 'cells_to_relieve' is not defined
ERROR in Agent H_21 process_reward at tick 88: name 'cells_to_relieve' is not defined
Traceback (most recent call last):
  File "/home/user/DisasterAI/DisasterAI_Model.py", line 1315, in process_reward
    for cell in cells_to_relieve:
                ^^^^^^^^^^^^^^^^
NameError: name 'cells_to_relieve' is not defined
ERROR in Agent H_24 process_reward at tick 88: name 'cells_to_relieve' is not defined
Traceback (most recent call last):
  File "/home/user/DisasterAI/DisasterAI_Model.py", line 1315, in process_reward
    for cell in cells_to_relieve:
                ^^^^^^^^^^^^^^^^
NameError: name 'cells_to_relieve' is not defined
ERROR in Agent H_2 process_reward at tick 88: name 'cells_to_relieve' is not defined
Traceback (most recent call last):
  File "/home/user/DisasterAI/DisasterAI_Model.py", line 1315, in process_reward
    for cell in cells_to_relieve:
                ^^^^^^^^^^^^^^^^
NameError: name 'cells_to_relieve' is not defined
ERROR in Agent H_27 process_reward at tick 88: name 'cells_to_relieve' is not defined
Traceback (most recent call last):
  File "/home/user/DisasterAI/DisasterAI_Model.py", line 1315, in process_reward
    for cell in cells_to_relieve:
                ^^^^^^^^^^^^^^^^
NameError: name 'cells_to_relieve' is not defined
ERROR in Agent H_36 process_reward at tick 88: name 'cells_to_relieve' is not defined
Traceback (most recent call last):
  File "/home/user/DisasterAI/DisasterAI_Model.py", line 1315, in process_reward
    for cell in cells_to_relieve:
                ^^^^^^^^^^^^^^^^
NameError: name 'cells_to_relieve' is not defined
ERROR in Agent H_17 process_reward at tick 88: name 'cells_to_relieve' is not defined
Traceback (most recent call last):
  File "/home/user/DisasterAI/DisasterAI_Model.py", line 1315, in process_reward
    for cell in cells_to_relieve:
                ^^^^^^^^^^^^^^^^
NameError: name 'cells_to_relieve' is not defined
ERROR in Agent H_34 process_reward at tick 88: name 'cells_to_relieve' is not defined
Traceback (most recent call last):
  File "/home/user/DisasterAI/DisasterAI_Model.py", line 1315, in process_reward
    for cell in cells_to_relieve:
                ^^^^^^^^^^^^^^^^
NameError: name 'cells_to_relieve' is not defined
ERROR in Agent H_12 process_reward at tick 88: name 'cells_to_relieve' is not defined
Traceback (most recent call last):
  File "/home/user/DisasterAI/DisasterAI_Model.py", line 1315, in process_reward
    for cell in cells_to_relieve:
                ^^^^^^^^^^^^^^^^
NameError: name 'cells_to_relieve' is not defined
ERROR in Agent H_29 process_reward at tick 88: name 'cells_to_relieve' is not defined
Traceback (most recent call last):
  File "/home/user/DisasterAI/DisasterAI_Model.py", line 1315, in process_reward
    for cell in cells_to_relieve:
                ^^^^^^^^^^^^^^^^
NameError: name 'cells_to_relieve' is not defined
ERROR in Agent H_5 process_reward at tick 88: name 'cells_to_relieve' is not defined
Traceback (most recent call last):
  File "/home/user/DisasterAI/DisasterAI_Model.py", line 1315, in process_reward
    for cell in cells_to_relieve:
                ^^^^^^^^^^^^^^^^
NameError: name 'cells_to_relieve' is not defined
ERROR in Agent H_35 process_reward at tick 88: name 'cells_to_relieve' is not defined
Traceback (most recent call last):
  File "/home/user/DisasterAI/DisasterAI_Model.py", line 1315, in process_reward
    for cell in cells_to_relieve:
                ^^^^^^^^^^^^^^^^
NameError: name 'cells_to_relieve' is not defined
ERROR in Agent H_43 process_reward at tick 88: name 'cells_to_relieve' is not defined
Traceback (most recent call last):
  File "/home/user/DisasterAI/DisasterAI_Model.py", line 1315, in process_reward
    for cell in cells_to_relieve:
                ^^^^^^^^^^^^^^^^
NameError: name 'cells_to_relieve' is not defined
ERROR in Agent H_6 process_reward at tick 88: name 'cells_to_relieve' is not defined
Traceback (most recent call last):
  File "/home/user/DisasterAI/DisasterAI_Model.py", line 1315, in process_reward
    for cell in cells_to_relieve:
                ^^^^^^^^^^^^^^^^
NameError: name 'cells_to_relieve' is not defined
ERROR in Agent H_16 process_reward at tick 88: name 'cells_to_relieve' is not defined
Traceback (most recent call last):
  File "/home/user/DisasterAI/DisasterAI_Model.py", line 1315, in process_reward
    for cell in cells_to_relieve:
                ^^^^^^^^^^^^^^^^
NameError: name 'cells_to_relieve' is not defined
ERROR in Agent H_25 process_reward at tick 88: name 'cells_to_relieve' is not defined
Traceback (most recent call last):
  File "/home/user/DisasterAI/DisasterAI_Model.py", line 1315, in process_reward
    for cell in cells_to_relieve:
                ^^^^^^^^^^^^^^^^
NameError: name 'cells_to_relieve' is not defined
ERROR in Agent H_22 process_reward at tick 88: name 'cells_to_relieve' is not defined
Traceback (most recent call last):
  File "/home/user/DisasterAI/DisasterAI_Model.py", line 1315, in process_reward
    for cell in cells_to_relieve:
                ^^^^^^^^^^^^^^^^
NameError: name 'cells_to_relieve' is not defined
ERROR in Agent H_46 process_reward at tick 88: name 'cells_to_relieve' is not defined
Traceback (most recent call last):
  File "/home/user/DisasterAI/DisasterAI_Model.py", line 1315, in process_reward
    for cell in cells_to_relieve:
                ^^^^^^^^^^^^^^^^
NameError: name 'cells_to_relieve' is not defined
ERROR in Agent H_7 process_reward at tick 88: name 'cells_to_relieve' is not defined
Traceback (most recent call last):
  File "/home/user/DisasterAI/DisasterAI_Model.py", line 1315, in process_reward
    for cell in cells_to_relieve:
                ^^^^^^^^^^^^^^^^
NameError: name 'cells_to_relieve' is not defined
ERROR in Agent H_32 process_reward at tick 88: name 'cells_to_relieve' is not defined
Traceback (most recent call last):
  File "/home/user/DisasterAI/DisasterAI_Model.py", line 1315, in process_reward
    for cell in cells_to_relieve:
                ^^^^^^^^^^^^^^^^
NameError: name 'cells_to_relieve' is not defined
ERROR in Agent H_9 process_reward at tick 89: name 'cells_to_relieve' is not defined
Traceback (most recent call last):
  File "/home/user/DisasterAI/DisasterAI_Model.py", line 1315, in process_reward
    for cell in cells_to_relieve:
                ^^^^^^^^^^^^^^^^
NameError: name 'cells_to_relieve' is not defined
ERROR in Agent H_32 process_reward at tick 89: name 'cells_to_relieve' is not defined
Traceback (most recent call last):
  File "/home/user/DisasterAI/DisasterAI_Model.py", line 1315, in process_reward
    for cell in cells_to_relieve:
                ^^^^^^^^^^^^^^^^
NameError: name 'cells_to_relieve' is not defined
ERROR in Agent H_21 process_reward at tick 89: name 'cells_to_relieve' is not defined
Traceback (most recent call last):
  File "/home/user/DisasterAI/DisasterAI_Model.py", line 1315, in process_reward
    for cell in cells_to_relieve:
                ^^^^^^^^^^^^^^^^
NameError: name 'cells_to_relieve' is not defined
ERROR in Agent H_18 process_reward at tick 89: name 'cells_to_relieve' is not defined
Traceback (most recent call last):
  File "/home/user/DisasterAI/DisasterAI_Model.py", line 1315, in process_reward
    for cell in cells_to_relieve:
                ^^^^^^^^^^^^^^^^
NameError: name 'cells_to_relieve' is not defined
ERROR in Agent H_26 process_reward at tick 89: name 'cells_to_relieve' is not defined
Traceback (most recent call last):
  File "/home/user/DisasterAI/DisasterAI_Model.py", line 1315, in process_reward
    for cell in cells_to_relieve:
                ^^^^^^^^^^^^^^^^
NameError: name 'cells_to_relieve' is not defined
ERROR in Agent H_30 process_reward at tick 89: name 'cells_to_relieve' is not defined
Traceback (most recent call last):
  File "/home/user/DisasterAI/DisasterAI_Model.py", line 1315, in process_reward
    for cell in cells_to_relieve:
                ^^^^^^^^^^^^^^^^
NameError: name 'cells_to_relieve' is not defined
ERROR in Agent H_10 process_reward at tick 89: name 'cells_to_relieve' is not defined
Traceback (most recent call last):
  File "/home/user/DisasterAI/DisasterAI_Model.py", line 1315, in process_reward
    for cell in cells_to_relieve:
                ^^^^^^^^^^^^^^^^
NameError: name 'cells_to_relieve' is not defined
ERROR in Agent H_38 process_reward at tick 89: name 'cells_to_relieve' is not defined
Traceback (most recent call last):
  File "/home/user/DisasterAI/DisasterAI_Model.py", line 1315, in process_reward
    for cell in cells_to_relieve:
                ^^^^^^^^^^^^^^^^
NameError: name 'cells_to_relieve' is not defined
ERROR in Agent H_27 process_reward at tick 89: name 'cells_to_relieve' is not defined
Traceback (most recent call last):
  File "/home/user/DisasterAI/DisasterAI_Model.py", line 1315, in process_reward
    for cell in cells_to_relieve:
                ^^^^^^^^^^^^^^^^
NameError: name 'cells_to_relieve' is not defined
ERROR in Agent H_39 process_reward at tick 89: name 'cells_to_relieve' is not defined
Traceback (most recent call last):
  File "/home/user/DisasterAI/DisasterAI_Model.py", line 1315, in process_reward
    for cell in cells_to_relieve:
                ^^^^^^^^^^^^^^^^
NameError: name 'cells_to_relieve' is not defined
ERROR in Agent H_23 process_reward at tick 89: name 'cells_to_relieve' is not defined
Traceback (most recent call last):
  File "/home/user/DisasterAI/DisasterAI_Model.py", line 1315, in process_reward
    for cell in cells_to_relieve:
                ^^^^^^^^^^^^^^^^
NameError: name 'cells_to_relieve' is not defined
ERROR in Agent H_49 process_reward at tick 89: name 'cells_to_relieve' is not defined
Traceback (most recent call last):
  File "/home/user/DisasterAI/DisasterAI_Model.py", line 1315, in process_reward
    for cell in cells_to_relieve:
                ^^^^^^^^^^^^^^^^
NameError: name 'cells_to_relieve' is not defined
ERROR in Agent H_16 process_reward at tick 89: name 'cells_to_relieve' is not defined
Traceback (most recent call last):
  File "/home/user/DisasterAI/DisasterAI_Model.py", line 1315, in process_reward
    for cell in cells_to_relieve:
                ^^^^^^^^^^^^^^^^
NameError: name 'cells_to_relieve' is not defined
ERROR in Agent H_29 process_reward at tick 89: name 'cells_to_relieve' is not defined
Traceback (most recent call last):
  File "/home/user/DisasterAI/DisasterAI_Model.py", line 1315, in process_reward
    for cell in cells_to_relieve:
                ^^^^^^^^^^^^^^^^
NameError: name 'cells_to_relieve' is not defined
ERROR in Agent H_8 process_reward at tick 89: name 'cells_to_relieve' is not defined
Traceback (most recent call last):
  File "/home/user/DisasterAI/DisasterAI_Model.py", line 1315, in process_reward
    for cell in cells_to_relieve:
                ^^^^^^^^^^^^^^^^
NameError: name 'cells_to_relieve' is not defined
ERROR in Agent H_36 process_reward at tick 89: name 'cells_to_relieve' is not defined
Traceback (most recent call last):
  File "/home/user/DisasterAI/DisasterAI_Model.py", line 1315, in process_reward
    for cell in cells_to_relieve:
                ^^^^^^^^^^^^^^^^
NameError: name 'cells_to_relieve' is not defined
ERROR in Agent H_40 process_reward at tick 89: name 'cells_to_relieve' is not defined
Traceback (most recent call last):
  File "/home/user/DisasterAI/DisasterAI_Model.py", line 1315, in process_reward
    for cell in cells_to_relieve:
                ^^^^^^^^^^^^^^^^
NameError: name 'cells_to_relieve' is not defined
ERROR in Agent H_1 process_reward at tick 89: name 'cells_to_relieve' is not defined
Traceback (most recent call last):
  File "/home/user/DisasterAI/DisasterAI_Model.py", line 1315, in process_reward
    for cell in cells_to_relieve:
                ^^^^^^^^^^^^^^^^
NameError: name 'cells_to_relieve' is not defined
ERROR in Agent H_14 process_reward at tick 89: name 'cells_to_relieve' is not defined
Traceback (most recent call last):
  File "/home/user/DisasterAI/DisasterAI_Model.py", line 1315, in process_reward
    for cell in cells_to_relieve:
                ^^^^^^^^^^^^^^^^
NameError: name 'cells_to_relieve' is not defined
ERROR in Agent H_4 process_reward at tick 89: name 'cells_to_relieve' is not defined
Traceback (most recent call last):
  File "/home/user/DisasterAI/DisasterAI_Model.py", line 1315, in process_reward
    for cell in cells_to_relieve:
                ^^^^^^^^^^^^^^^^
NameError: name 'cells_to_relieve' is not defined
ERROR in Agent H_5 process_reward at tick 89: name 'cells_to_relieve' is not defined
Traceback (most recent call last):
  File "/home/user/DisasterAI/DisasterAI_Model.py", line 1315, in process_reward
    for cell in cells_to_relieve:
                ^^^^^^^^^^^^^^^^
NameError: name 'cells_to_relieve' is not defined
ERROR in Agent H_0 process_reward at tick 89: name 'cells_to_relieve' is not defined
Traceback (most recent call last):
  File "/home/user/DisasterAI/DisasterAI_Model.py", line 1315, in process_reward
    for cell in cells_to_relieve:
                ^^^^^^^^^^^^^^^^
NameError: name 'cells_to_relieve' is not defined
ERROR in Agent H_48 process_reward at tick 89: name 'cells_to_relieve' is not defined
Traceback (most recent call last):
  File "/home/user/DisasterAI/DisasterAI_Model.py", line 1315, in process_reward
    for cell in cells_to_relieve:
                ^^^^^^^^^^^^^^^^
NameError: name 'cells_to_relieve' is not defined
ERROR in Agent H_33 process_reward at tick 89: name 'cells_to_relieve' is not defined
Traceback (most recent call last):
  File "/home/user/DisasterAI/DisasterAI_Model.py", line 1315, in process_reward
    for cell in cells_to_relieve:
                ^^^^^^^^^^^^^^^^
NameError: name 'cells_to_relieve' is not defined
ERROR in Agent H_11 process_reward at tick 89: name 'cells_to_relieve' is not defined
Traceback (most recent call last):
  File "/home/user/DisasterAI/DisasterAI_Model.py", line 1315, in process_reward
    for cell in cells_to_relieve:
                ^^^^^^^^^^^^^^^^
NameError: name 'cells_to_relieve' is not defined
ERROR in Agent H_46 process_reward at tick 89: name 'cells_to_relieve' is not defined
Traceback (most recent call last):
  File "/home/user/DisasterAI/DisasterAI_Model.py", line 1315, in process_reward
    for cell in cells_to_relieve:
                ^^^^^^^^^^^^^^^^
NameError: name 'cells_to_relieve' is not defined
ERROR in Agent H_43 process_reward at tick 89: name 'cells_to_relieve' is not defined
Traceback (most recent call last):
  File "/home/user/DisasterAI/DisasterAI_Model.py", line 1315, in process_reward
    for cell in cells_to_relieve:
                ^^^^^^^^^^^^^^^^
NameError: name 'cells_to_relieve' is not defined
ERROR in Agent H_47 process_reward at tick 89: name 'cells_to_relieve' is not defined
Traceback (most recent call last):
  File "/home/user/DisasterAI/DisasterAI_Model.py", line 1315, in process_reward
    for cell in cells_to_relieve:
                ^^^^^^^^^^^^^^^^
NameError: name 'cells_to_relieve' is not defined
ERROR in Agent H_31 process_reward at tick 89: name 'cells_to_relieve' is not defined
Traceback (most recent call last):
  File "/home/user/DisasterAI/DisasterAI_Model.py", line 1315, in process_reward
    for cell in cells_to_relieve:
                ^^^^^^^^^^^^^^^^
NameError: name 'cells_to_relieve' is not defined
ERROR in Agent H_44 process_reward at tick 89: name 'cells_to_relieve' is not defined
Traceback (most recent call last):
  File "/home/user/DisasterAI/DisasterAI_Model.py", line 1315, in process_reward
    for cell in cells_to_relieve:
                ^^^^^^^^^^^^^^^^
NameError: name 'cells_to_relieve' is not defined
ERROR in Agent H_7 process_reward at tick 89: name 'cells_to_relieve' is not defined
Traceback (most recent call last):
  File "/home/user/DisasterAI/DisasterAI_Model.py", line 1315, in process_reward
    for cell in cells_to_relieve:
                ^^^^^^^^^^^^^^^^
NameError: name 'cells_to_relieve' is not defined
ERROR in Agent H_22 process_reward at tick 89: name 'cells_to_relieve' is not defined
Traceback (most recent call last):
  File "/home/user/DisasterAI/DisasterAI_Model.py", line 1315, in process_reward
    for cell in cells_to_relieve:
                ^^^^^^^^^^^^^^^^
NameError: name 'cells_to_relieve' is not defined
ERROR in Agent H_27 process_reward at tick 90: name 'cells_to_relieve' is not defined
Traceback (most recent call last):
  File "/home/user/DisasterAI/DisasterAI_Model.py", line 1315, in process_reward
    for cell in cells_to_relieve:
                ^^^^^^^^^^^^^^^^
NameError: name 'cells_to_relieve' is not defined
ERROR in Agent H_43 process_reward at tick 90: name 'cells_to_relieve' is not defined
Traceback (most recent call last):
  File "/home/user/DisasterAI/DisasterAI_Model.py", line 1315, in process_reward
    for cell in cells_to_relieve:
                ^^^^^^^^^^^^^^^^
NameError: name 'cells_to_relieve' is not defined
ERROR in Agent H_36 process_reward at tick 90: name 'cells_to_relieve' is not defined
Traceback (most recent call last):
  File "/home/user/DisasterAI/DisasterAI_Model.py", line 1315, in process_reward
    for cell in cells_to_relieve:
                ^^^^^^^^^^^^^^^^
NameError: name 'cells_to_relieve' is not defined
ERROR in Agent H_48 process_reward at tick 90: name 'cells_to_relieve' is not defined
Traceback (most recent call last):
  File "/home/user/DisasterAI/DisasterAI_Model.py", line 1315, in process_reward
    for cell in cells_to_relieve:
                ^^^^^^^^^^^^^^^^
NameError: name 'cells_to_relieve' is not defined
ERROR in Agent H_40 process_reward at tick 90: name 'cells_to_relieve' is not defined
Traceback (most recent call last):
  File "/home/user/DisasterAI/DisasterAI_Model.py", line 1315, in process_reward
    for cell in cells_to_relieve:
                ^^^^^^^^^^^^^^^^
NameError: name 'cells_to_relieve' is not defined
ERROR in Agent H_24 process_reward at tick 90: name 'cells_to_relieve' is not defined
Traceback (most recent call last):
  File "/home/user/DisasterAI/DisasterAI_Model.py", line 1315, in process_reward
    for cell in cells_to_relieve:
                ^^^^^^^^^^^^^^^^
NameError: name 'cells_to_relieve' is not defined
ERROR in Agent H_5 process_reward at tick 90: name 'cells_to_relieve' is not defined
Traceback (most recent call last):
  File "/home/user/DisasterAI/DisasterAI_Model.py", line 1315, in process_reward
    for cell in cells_to_relieve:
                ^^^^^^^^^^^^^^^^
NameError: name 'cells_to_relieve' is not defined
ERROR in Agent H_18 process_reward at tick 90: name 'cells_to_relieve' is not defined
Traceback (most recent call last):
  File "/home/user/DisasterAI/DisasterAI_Model.py", line 1315, in process_reward
    for cell in cells_to_relieve:
                ^^^^^^^^^^^^^^^^
NameError: name 'cells_to_relieve' is not defined
ERROR in Agent H_0 process_reward at tick 90: name 'cells_to_relieve' is not defined
Traceback (most recent call last):
  File "/home/user/DisasterAI/DisasterAI_Model.py", line 1315, in process_reward
    for cell in cells_to_relieve:
                ^^^^^^^^^^^^^^^^
NameError: name 'cells_to_relieve' is not defined
ERROR in Agent H_22 process_reward at tick 90: name 'cells_to_relieve' is not defined
Traceback (most recent call last):
  File "/home/user/DisasterAI/DisasterAI_Model.py", line 1315, in process_reward
    for cell in cells_to_relieve:
                ^^^^^^^^^^^^^^^^
NameError: name 'cells_to_relieve' is not defined
ERROR in Agent H_8 process_reward at tick 90: name 'cells_to_relieve' is not defined
Traceback (most recent call last):
  File "/home/user/DisasterAI/DisasterAI_Model.py", line 1315, in process_reward
    for cell in cells_to_relieve:
                ^^^^^^^^^^^^^^^^
NameError: name 'cells_to_relieve' is not defined
ERROR in Agent H_37 process_reward at tick 90: name 'cells_to_relieve' is not defined
Traceback (most recent call last):
  File "/home/user/DisasterAI/DisasterAI_Model.py", line 1315, in process_reward
    for cell in cells_to_relieve:
                ^^^^^^^^^^^^^^^^
NameError: name 'cells_to_relieve' is not defined
ERROR in Agent H_10 process_reward at tick 90: name 'cells_to_relieve' is not defined
Traceback (most recent call last):
  File "/home/user/DisasterAI/DisasterAI_Model.py", line 1315, in process_reward
    for cell in cells_to_relieve:
                ^^^^^^^^^^^^^^^^
NameError: name 'cells_to_relieve' is not defined
ERROR in Agent H_39 process_reward at tick 90: name 'cells_to_relieve' is not defined
Traceback (most recent call last):
  File "/home/user/DisasterAI/DisasterAI_Model.py", line 1315, in process_reward
    for cell in cells_to_relieve:
                ^^^^^^^^^^^^^^^^
NameError: name 'cells_to_relieve' is not defined
ERROR in Agent H_38 process_reward at tick 90: name 'cells_to_relieve' is not defined
Traceback (most recent call last):
  File "/home/user/DisasterAI/DisasterAI_Model.py", line 1315, in process_reward
    for cell in cells_to_relieve:
                ^^^^^^^^^^^^^^^^
NameError: name 'cells_to_relieve' is not defined
ERROR in Agent H_4 process_reward at tick 90: name 'cells_to_relieve' is not defined
Traceback (most recent call last):
  File "/home/user/DisasterAI/DisasterAI_Model.py", line 1315, in process_reward
    for cell in cells_to_relieve:
                ^^^^^^^^^^^^^^^^
NameError: name 'cells_to_relieve' is not defined
ERROR in Agent H_46 process_reward at tick 90: name 'cells_to_relieve' is not defined
Traceback (most recent call last):
  File "/home/user/DisasterAI/DisasterAI_Model.py", line 1315, in process_reward
    for cell in cells_to_relieve:
                ^^^^^^^^^^^^^^^^
NameError: name 'cells_to_relieve' is not defined
ERROR in Agent H_3 process_reward at tick 90: name 'cells_to_relieve' is not defined
Traceback (most recent call last):
  File "/home/user/DisasterAI/DisasterAI_Model.py", line 1315, in process_reward
    for cell in cells_to_relieve:
                ^^^^^^^^^^^^^^^^
NameError: name 'cells_to_relieve' is not defined
ERROR in Agent H_44 process_reward at tick 90: name 'cells_to_relieve' is not defined
Traceback (most recent call last):
  File "/home/user/DisasterAI/DisasterAI_Model.py", line 1315, in process_reward
    for cell in cells_to_relieve:
                ^^^^^^^^^^^^^^^^
NameError: name 'cells_to_relieve' is not defined
ERROR in Agent H_41 process_reward at tick 90: name 'cells_to_relieve' is not defined
Traceback (most recent call last):
  File "/home/user/DisasterAI/DisasterAI_Model.py", line 1315, in process_reward
    for cell in cells_to_relieve:
                ^^^^^^^^^^^^^^^^
NameError: name 'cells_to_relieve' is not defined
ERROR in Agent H_14 process_reward at tick 90: name 'cells_to_relieve' is not defined
Traceback (most recent call last):
  File "/home/user/DisasterAI/DisasterAI_Model.py", line 1315, in process_reward
    for cell in cells_to_relieve:
                ^^^^^^^^^^^^^^^^
NameError: name 'cells_to_relieve' is not defined
ERROR in Agent H_20 process_reward at tick 90: name 'cells_to_relieve' is not defined
Traceback (most recent call last):
  File "/home/user/DisasterAI/DisasterAI_Model.py", line 1315, in process_reward
    for cell in cells_to_relieve:
                ^^^^^^^^^^^^^^^^
NameError: name 'cells_to_relieve' is not defined
ERROR in Agent H_19 process_reward at tick 90: name 'cells_to_relieve' is not defined
Traceback (most recent call last):
  File "/home/user/DisasterAI/DisasterAI_Model.py", line 1315, in process_reward
    for cell in cells_to_relieve:
                ^^^^^^^^^^^^^^^^
NameError: name 'cells_to_relieve' is not defined
ERROR in Agent H_25 process_reward at tick 90: name 'cells_to_relieve' is not defined
Traceback (most recent call last):
  File "/home/user/DisasterAI/DisasterAI_Model.py", line 1315, in process_reward
    for cell in cells_to_relieve:
                ^^^^^^^^^^^^^^^^
NameError: name 'cells_to_relieve' is not defined
ERROR in Agent H_34 process_reward at tick 90: name 'cells_to_relieve' is not defined
Traceback (most recent call last):
  File "/home/user/DisasterAI/DisasterAI_Model.py", line 1315, in process_reward
    for cell in cells_to_relieve:
                ^^^^^^^^^^^^^^^^
NameError: name 'cells_to_relieve' is not defined
ERROR in Agent H_17 process_reward at tick 90: name 'cells_to_relieve' is not defined
Traceback (most recent call last):
  File "/home/user/DisasterAI/DisasterAI_Model.py", line 1315, in process_reward
    for cell in cells_to_relieve:
                ^^^^^^^^^^^^^^^^
NameError: name 'cells_to_relieve' is not defined
ERROR in Agent H_33 process_reward at tick 90: name 'cells_to_relieve' is not defined
Traceback (most recent call last):
  File "/home/user/DisasterAI/DisasterAI_Model.py", line 1315, in process_reward
    for cell in cells_to_relieve:
                ^^^^^^^^^^^^^^^^
NameError: name 'cells_to_relieve' is not defined
ERROR in Agent H_23 process_reward at tick 90: name 'cells_to_relieve' is not defined
Traceback (most recent call last):
  File "/home/user/DisasterAI/DisasterAI_Model.py", line 1315, in process_reward
    for cell in cells_to_relieve:
                ^^^^^^^^^^^^^^^^
NameError: name 'cells_to_relieve' is not defined
ERROR in Agent H_2 process_reward at tick 90: name 'cells_to_relieve' is not defined
Traceback (most recent call last):
  File "/home/user/DisasterAI/DisasterAI_Model.py", line 1315, in process_reward
    for cell in cells_to_relieve:
                ^^^^^^^^^^^^^^^^
NameError: name 'cells_to_relieve' is not defined
ERROR in Agent H_12 process_reward at tick 90: name 'cells_to_relieve' is not defined
Traceback (most recent call last):
  File "/home/user/DisasterAI/DisasterAI_Model.py", line 1315, in process_reward
    for cell in cells_to_relieve:
                ^^^^^^^^^^^^^^^^
NameError: name 'cells_to_relieve' is not defined
ERROR in Agent H_45 process_reward at tick 90: name 'cells_to_relieve' is not defined
Traceback (most recent call last):
  File "/home/user/DisasterAI/DisasterAI_Model.py", line 1315, in process_reward
    for cell in cells_to_relieve:
                ^^^^^^^^^^^^^^^^
NameError: name 'cells_to_relieve' is not defined
ERROR in Agent H_9 process_reward at tick 90: name 'cells_to_relieve' is not defined
Traceback (most recent call last):
  File "/home/user/DisasterAI/DisasterAI_Model.py", line 1315, in process_reward
    for cell in cells_to_relieve:
                ^^^^^^^^^^^^^^^^
NameError: name 'cells_to_relieve' is not defined
ERROR in Agent H_15 process_reward at tick 90: name 'cells_to_relieve' is not defined
Traceback (most recent call last):
  File "/home/user/DisasterAI/DisasterAI_Model.py", line 1315, in process_reward
    for cell in cells_to_relieve:
                ^^^^^^^^^^^^^^^^
NameError: name 'cells_to_relieve' is not defined
ERROR in Agent H_11 process_reward at tick 90: name 'cells_to_relieve' is not defined
Traceback (most recent call last):
  File "/home/user/DisasterAI/DisasterAI_Model.py", line 1315, in process_reward
    for cell in cells_to_relieve:
                ^^^^^^^^^^^^^^^^
NameError: name 'cells_to_relieve' is not defined
ERROR in Agent H_7 process_reward at tick 90: name 'cells_to_relieve' is not defined
Traceback (most recent call last):
  File "/home/user/DisasterAI/DisasterAI_Model.py", line 1315, in process_reward
    for cell in cells_to_relieve:
                ^^^^^^^^^^^^^^^^
NameError: name 'cells_to_relieve' is not defined
ERROR in Agent H_28 process_reward at tick 90: name 'cells_to_relieve' is not defined
Traceback (most recent call last):
  File "/home/user/DisasterAI/DisasterAI_Model.py", line 1315, in process_reward
    for cell in cells_to_relieve:
                ^^^^^^^^^^^^^^^^
NameError: name 'cells_to_relieve' is not defined
ERROR in Agent H_42 process_reward at tick 90: name 'cells_to_relieve' is not defined
Traceback (most recent call last):
  File "/home/user/DisasterAI/DisasterAI_Model.py", line 1315, in process_reward
    for cell in cells_to_relieve:
                ^^^^^^^^^^^^^^^^
NameError: name 'cells_to_relieve' is not defined
ERROR in Agent H_32 process_reward at tick 90: name 'cells_to_relieve' is not defined
Traceback (most recent call last):
  File "/home/user/DisasterAI/DisasterAI_Model.py", line 1315, in process_reward
    for cell in cells_to_relieve:
                ^^^^^^^^^^^^^^^^
NameError: name 'cells_to_relieve' is not defined
ERROR in Agent H_1 process_reward at tick 90: name 'cells_to_relieve' is not defined
Traceback (most recent call last):
  File "/home/user/DisasterAI/DisasterAI_Model.py", line 1315, in process_reward
    for cell in cells_to_relieve:
                ^^^^^^^^^^^^^^^^
NameError: name 'cells_to_relieve' is not defined
ERROR in Agent H_13 process_reward at tick 90: name 'cells_to_relieve' is not defined
Traceback (most recent call last):
  File "/home/user/DisasterAI/DisasterAI_Model.py", line 1315, in process_reward
    for cell in cells_to_relieve:
                ^^^^^^^^^^^^^^^^
NameError: name 'cells_to_relieve' is not defined

DEBUG: Starting AECI variance calculation at tick 90
  Found 0/50 AI-reliant agents
  Global belief variance: 0.0773
  WARNING: Invalid global variance (0.07730255999999999) or no AI-reliant agents
  Returning AECI variance tuple: (90, 0.0)
  Current aeci_variance_data length: 90
  Last 3 entries: [(88, 0.0), (89, 0.0), (90, 0.0)]

--- Retainment Diagnostics at Tick 90 ---
Agent H_0 (exploitative) retainment stats:
  accepted_human: 0, accepted_friend: 0, accepted_ai: 0
  No acceptances recorded
Agent H_1 (exploitative) retainment stats:
  accepted_human: 16, accepted_friend: 16, accepted_ai: 0
  retain_aeci: 0.00, retain_seci: 1.00
Agent H_2 (exploitative) retainment stats:
  accepted_human: 6, accepted_friend: 6, accepted_ai: 0
  retain_aeci: 0.00, retain_seci: 1.00
ERROR in Agent H_46 process_reward at tick 91: name 'cells_to_relieve' is not defined
Traceback (most recent call last):
  File "/home/user/DisasterAI/DisasterAI_Model.py", line 1315, in process_reward
    for cell in cells_to_relieve:
                ^^^^^^^^^^^^^^^^
NameError: name 'cells_to_relieve' is not defined
ERROR in Agent H_15 process_reward at tick 91: name 'cells_to_relieve' is not defined
Traceback (most recent call last):
  File "/home/user/DisasterAI/DisasterAI_Model.py", line 1315, in process_reward
    for cell in cells_to_relieve:
                ^^^^^^^^^^^^^^^^
NameError: name 'cells_to_relieve' is not defined
ERROR in Agent H_10 process_reward at tick 91: name 'cells_to_relieve' is not defined
Traceback (most recent call last):
  File "/home/user/DisasterAI/DisasterAI_Model.py", line 1315, in process_reward
    for cell in cells_to_relieve:
                ^^^^^^^^^^^^^^^^
NameError: name 'cells_to_relieve' is not defined
ERROR in Agent H_43 process_reward at tick 91: name 'cells_to_relieve' is not defined
Traceback (most recent call last):
  File "/home/user/DisasterAI/DisasterAI_Model.py", line 1315, in process_reward
    for cell in cells_to_relieve:
                ^^^^^^^^^^^^^^^^
NameError: name 'cells_to_relieve' is not defined
ERROR in Agent H_44 process_reward at tick 91: name 'cells_to_relieve' is not defined
Traceback (most recent call last):
  File "/home/user/DisasterAI/DisasterAI_Model.py", line 1315, in process_reward
    for cell in cells_to_relieve:
                ^^^^^^^^^^^^^^^^
NameError: name 'cells_to_relieve' is not defined
ERROR in Agent H_8 process_reward at tick 91: name 'cells_to_relieve' is not defined
Traceback (most recent call last):
  File "/home/user/DisasterAI/DisasterAI_Model.py", line 1315, in process_reward
    for cell in cells_to_relieve:
                ^^^^^^^^^^^^^^^^
NameError: name 'cells_to_relieve' is not defined
ERROR in Agent H_32 process_reward at tick 91: name 'cells_to_relieve' is not defined
Traceback (most recent call last):
  File "/home/user/DisasterAI/DisasterAI_Model.py", line 1315, in process_reward
    for cell in cells_to_relieve:
                ^^^^^^^^^^^^^^^^
NameError: name 'cells_to_relieve' is not defined
ERROR in Agent H_40 process_reward at tick 91: name 'cells_to_relieve' is not defined
Traceback (most recent call last):
  File "/home/user/DisasterAI/DisasterAI_Model.py", line 1315, in process_reward
    for cell in cells_to_relieve:
                ^^^^^^^^^^^^^^^^
NameError: name 'cells_to_relieve' is not defined
ERROR in Agent H_12 process_reward at tick 91: name 'cells_to_relieve' is not defined
Traceback (most recent call last):
  File "/home/user/DisasterAI/DisasterAI_Model.py", line 1315, in process_reward
    for cell in cells_to_relieve:
                ^^^^^^^^^^^^^^^^
NameError: name 'cells_to_relieve' is not defined
ERROR in Agent H_30 process_reward at tick 91: name 'cells_to_relieve' is not defined
Traceback (most recent call last):
  File "/home/user/DisasterAI/DisasterAI_Model.py", line 1315, in process_reward
    for cell in cells_to_relieve:
                ^^^^^^^^^^^^^^^^
NameError: name 'cells_to_relieve' is not defined
ERROR in Agent H_3 process_reward at tick 91: name 'cells_to_relieve' is not defined
Traceback (most recent call last):
  File "/home/user/DisasterAI/DisasterAI_Model.py", line 1315, in process_reward
    for cell in cells_to_relieve:
                ^^^^^^^^^^^^^^^^
NameError: name 'cells_to_relieve' is not defined
ERROR in Agent H_41 process_reward at tick 91: name 'cells_to_relieve' is not defined
Traceback (most recent call last):
  File "/home/user/DisasterAI/DisasterAI_Model.py", line 1315, in process_reward
    for cell in cells_to_relieve:
                ^^^^^^^^^^^^^^^^
NameError: name 'cells_to_relieve' is not defined
ERROR in Agent H_34 process_reward at tick 91: name 'cells_to_relieve' is not defined
Traceback (most recent call last):
  File "/home/user/DisasterAI/DisasterAI_Model.py", line 1315, in process_reward
    for cell in cells_to_relieve:
                ^^^^^^^^^^^^^^^^
NameError: name 'cells_to_relieve' is not defined
ERROR in Agent H_20 process_reward at tick 91: name 'cells_to_relieve' is not defined
Traceback (most recent call last):
  File "/home/user/DisasterAI/DisasterAI_Model.py", line 1315, in process_reward
    for cell in cells_to_relieve:
                ^^^^^^^^^^^^^^^^
NameError: name 'cells_to_relieve' is not defined
ERROR in Agent H_26 process_reward at tick 91: name 'cells_to_relieve' is not defined
Traceback (most recent call last):
  File "/home/user/DisasterAI/DisasterAI_Model.py", line 1315, in process_reward
    for cell in cells_to_relieve:
                ^^^^^^^^^^^^^^^^
NameError: name 'cells_to_relieve' is not defined
ERROR in Agent H_23 process_reward at tick 91: name 'cells_to_relieve' is not defined
Traceback (most recent call last):
  File "/home/user/DisasterAI/DisasterAI_Model.py", line 1315, in process_reward
    for cell in cells_to_relieve:
                ^^^^^^^^^^^^^^^^
NameError: name 'cells_to_relieve' is not defined
ERROR in Agent H_2 process_reward at tick 91: name 'cells_to_relieve' is not defined
Traceback (most recent call last):
  File "/home/user/DisasterAI/DisasterAI_Model.py", line 1315, in process_reward
    for cell in cells_to_relieve:
                ^^^^^^^^^^^^^^^^
NameError: name 'cells_to_relieve' is not defined
ERROR in Agent H_6 process_reward at tick 91: name 'cells_to_relieve' is not defined
Traceback (most recent call last):
  File "/home/user/DisasterAI/DisasterAI_Model.py", line 1315, in process_reward
    for cell in cells_to_relieve:
                ^^^^^^^^^^^^^^^^
NameError: name 'cells_to_relieve' is not defined
ERROR in Agent H_45 process_reward at tick 91: name 'cells_to_relieve' is not defined
Traceback (most recent call last):
  File "/home/user/DisasterAI/DisasterAI_Model.py", line 1315, in process_reward
    for cell in cells_to_relieve:
                ^^^^^^^^^^^^^^^^
NameError: name 'cells_to_relieve' is not defined
ERROR in Agent H_1 process_reward at tick 91: name 'cells_to_relieve' is not defined
Traceback (most recent call last):
  File "/home/user/DisasterAI/DisasterAI_Model.py", line 1315, in process_reward
    for cell in cells_to_relieve:
                ^^^^^^^^^^^^^^^^
NameError: name 'cells_to_relieve' is not defined
ERROR in Agent H_38 process_reward at tick 91: name 'cells_to_relieve' is not defined
Traceback (most recent call last):
  File "/home/user/DisasterAI/DisasterAI_Model.py", line 1315, in process_reward
    for cell in cells_to_relieve:
                ^^^^^^^^^^^^^^^^
NameError: name 'cells_to_relieve' is not defined
ERROR in Agent H_48 process_reward at tick 91: name 'cells_to_relieve' is not defined
Traceback (most recent call last):
  File "/home/user/DisasterAI/DisasterAI_Model.py", line 1315, in process_reward
    for cell in cells_to_relieve:
                ^^^^^^^^^^^^^^^^
NameError: name 'cells_to_relieve' is not defined
ERROR in Agent H_33 process_reward at tick 91: name 'cells_to_relieve' is not defined
Traceback (most recent call last):
  File "/home/user/DisasterAI/DisasterAI_Model.py", line 1315, in process_reward
    for cell in cells_to_relieve:
                ^^^^^^^^^^^^^^^^
NameError: name 'cells_to_relieve' is not defined
ERROR in Agent H_5 process_reward at tick 91: name 'cells_to_relieve' is not defined
Traceback (most recent call last):
  File "/home/user/DisasterAI/DisasterAI_Model.py", line 1315, in process_reward
    for cell in cells_to_relieve:
                ^^^^^^^^^^^^^^^^
NameError: name 'cells_to_relieve' is not defined
ERROR in Agent H_29 process_reward at tick 91: name 'cells_to_relieve' is not defined
Traceback (most recent call last):
  File "/home/user/DisasterAI/DisasterAI_Model.py", line 1315, in process_reward
    for cell in cells_to_relieve:
                ^^^^^^^^^^^^^^^^
NameError: name 'cells_to_relieve' is not defined
ERROR in Agent H_21 process_reward at tick 91: name 'cells_to_relieve' is not defined
Traceback (most recent call last):
  File "/home/user/DisasterAI/DisasterAI_Model.py", line 1315, in process_reward
    for cell in cells_to_relieve:
                ^^^^^^^^^^^^^^^^
NameError: name 'cells_to_relieve' is not defined
ERROR in Agent H_27 process_reward at tick 91: name 'cells_to_relieve' is not defined
Traceback (most recent call last):
  File "/home/user/DisasterAI/DisasterAI_Model.py", line 1315, in process_reward
    for cell in cells_to_relieve:
                ^^^^^^^^^^^^^^^^
NameError: name 'cells_to_relieve' is not defined
ERROR in Agent H_16 process_reward at tick 91: name 'cells_to_relieve' is not defined
Traceback (most recent call last):
  File "/home/user/DisasterAI/DisasterAI_Model.py", line 1315, in process_reward
    for cell in cells_to_relieve:
                ^^^^^^^^^^^^^^^^
NameError: name 'cells_to_relieve' is not defined
ERROR in Agent H_17 process_reward at tick 91: name 'cells_to_relieve' is not defined
Traceback (most recent call last):
  File "/home/user/DisasterAI/DisasterAI_Model.py", line 1315, in process_reward
    for cell in cells_to_relieve:
                ^^^^^^^^^^^^^^^^
NameError: name 'cells_to_relieve' is not defined
ERROR in Agent H_7 process_reward at tick 91: name 'cells_to_relieve' is not defined
Traceback (most recent call last):
  File "/home/user/DisasterAI/DisasterAI_Model.py", line 1315, in process_reward
    for cell in cells_to_relieve:
                ^^^^^^^^^^^^^^^^
NameError: name 'cells_to_relieve' is not defined
ERROR in Agent H_14 process_reward at tick 91: name 'cells_to_relieve' is not defined
Traceback (most recent call last):
  File "/home/user/DisasterAI/DisasterAI_Model.py", line 1315, in process_reward
    for cell in cells_to_relieve:
                ^^^^^^^^^^^^^^^^
NameError: name 'cells_to_relieve' is not defined
ERROR in Agent H_31 process_reward at tick 91: name 'cells_to_relieve' is not defined
Traceback (most recent call last):
  File "/home/user/DisasterAI/DisasterAI_Model.py", line 1315, in process_reward
    for cell in cells_to_relieve:
                ^^^^^^^^^^^^^^^^
NameError: name 'cells_to_relieve' is not defined
ERROR in Agent H_47 process_reward at tick 91: name 'cells_to_relieve' is not defined
Traceback (most recent call last):
  File "/home/user/DisasterAI/DisasterAI_Model.py", line 1315, in process_reward
    for cell in cells_to_relieve:
                ^^^^^^^^^^^^^^^^
NameError: name 'cells_to_relieve' is not defined
ERROR in Agent H_28 process_reward at tick 91: name 'cells_to_relieve' is not defined
Traceback (most recent call last):
  File "/home/user/DisasterAI/DisasterAI_Model.py", line 1315, in process_reward
    for cell in cells_to_relieve:
                ^^^^^^^^^^^^^^^^
NameError: name 'cells_to_relieve' is not defined
ERROR in Agent H_22 process_reward at tick 91: name 'cells_to_relieve' is not defined
Traceback (most recent call last):
  File "/home/user/DisasterAI/DisasterAI_Model.py", line 1315, in process_reward
    for cell in cells_to_relieve:
                ^^^^^^^^^^^^^^^^
NameError: name 'cells_to_relieve' is not defined
ERROR in Agent H_19 process_reward at tick 91: name 'cells_to_relieve' is not defined
Traceback (most recent call last):
  File "/home/user/DisasterAI/DisasterAI_Model.py", line 1315, in process_reward
    for cell in cells_to_relieve:
                ^^^^^^^^^^^^^^^^
NameError: name 'cells_to_relieve' is not defined
ERROR in Agent H_27 process_reward at tick 92: name 'cells_to_relieve' is not defined
Traceback (most recent call last):
  File "/home/user/DisasterAI/DisasterAI_Model.py", line 1315, in process_reward
    for cell in cells_to_relieve:
                ^^^^^^^^^^^^^^^^
NameError: name 'cells_to_relieve' is not defined
ERROR in Agent H_32 process_reward at tick 92: name 'cells_to_relieve' is not defined
Traceback (most recent call last):
  File "/home/user/DisasterAI/DisasterAI_Model.py", line 1315, in process_reward
    for cell in cells_to_relieve:
                ^^^^^^^^^^^^^^^^
NameError: name 'cells_to_relieve' is not defined
ERROR in Agent H_11 process_reward at tick 92: name 'cells_to_relieve' is not defined
Traceback (most recent call last):
  File "/home/user/DisasterAI/DisasterAI_Model.py", line 1315, in process_reward
    for cell in cells_to_relieve:
                ^^^^^^^^^^^^^^^^
NameError: name 'cells_to_relieve' is not defined
ERROR in Agent H_15 process_reward at tick 92: name 'cells_to_relieve' is not defined
Traceback (most recent call last):
  File "/home/user/DisasterAI/DisasterAI_Model.py", line 1315, in process_reward
    for cell in cells_to_relieve:
                ^^^^^^^^^^^^^^^^
NameError: name 'cells_to_relieve' is not defined
ERROR in Agent H_10 process_reward at tick 92: name 'cells_to_relieve' is not defined
Traceback (most recent call last):
  File "/home/user/DisasterAI/DisasterAI_Model.py", line 1315, in process_reward
    for cell in cells_to_relieve:
                ^^^^^^^^^^^^^^^^
NameError: name 'cells_to_relieve' is not defined
ERROR in Agent H_13 process_reward at tick 92: name 'cells_to_relieve' is not defined
Traceback (most recent call last):
  File "/home/user/DisasterAI/DisasterAI_Model.py", line 1315, in process_reward
    for cell in cells_to_relieve:
                ^^^^^^^^^^^^^^^^
NameError: name 'cells_to_relieve' is not defined
ERROR in Agent H_43 process_reward at tick 92: name 'cells_to_relieve' is not defined
Traceback (most recent call last):
  File "/home/user/DisasterAI/DisasterAI_Model.py", line 1315, in process_reward
    for cell in cells_to_relieve:
                ^^^^^^^^^^^^^^^^
NameError: name 'cells_to_relieve' is not defined
ERROR in Agent H_35 process_reward at tick 92: name 'cells_to_relieve' is not defined
Traceback (most recent call last):
  File "/home/user/DisasterAI/DisasterAI_Model.py", line 1315, in process_reward
    for cell in cells_to_relieve:
                ^^^^^^^^^^^^^^^^
NameError: name 'cells_to_relieve' is not defined
ERROR in Agent H_5 process_reward at tick 92: name 'cells_to_relieve' is not defined
Traceback (most recent call last):
  File "/home/user/DisasterAI/DisasterAI_Model.py", line 1315, in process_reward
    for cell in cells_to_relieve:
                ^^^^^^^^^^^^^^^^
NameError: name 'cells_to_relieve' is not defined
ERROR in Agent H_28 process_reward at tick 92: name 'cells_to_relieve' is not defined
Traceback (most recent call last):
  File "/home/user/DisasterAI/DisasterAI_Model.py", line 1315, in process_reward
    for cell in cells_to_relieve:
                ^^^^^^^^^^^^^^^^
NameError: name 'cells_to_relieve' is not defined
ERROR in Agent H_46 process_reward at tick 92: name 'cells_to_relieve' is not defined
Traceback (most recent call last):
  File "/home/user/DisasterAI/DisasterAI_Model.py", line 1315, in process_reward
    for cell in cells_to_relieve:
                ^^^^^^^^^^^^^^^^
NameError: name 'cells_to_relieve' is not defined
ERROR in Agent H_41 process_reward at tick 92: name 'cells_to_relieve' is not defined
Traceback (most recent call last):
  File "/home/user/DisasterAI/DisasterAI_Model.py", line 1315, in process_reward
    for cell in cells_to_relieve:
                ^^^^^^^^^^^^^^^^
NameError: name 'cells_to_relieve' is not defined
ERROR in Agent H_49 process_reward at tick 92: name 'cells_to_relieve' is not defined
Traceback (most recent call last):
  File "/home/user/DisasterAI/DisasterAI_Model.py", line 1315, in process_reward
    for cell in cells_to_relieve:
                ^^^^^^^^^^^^^^^^
NameError: name 'cells_to_relieve' is not defined
ERROR in Agent H_44 process_reward at tick 92: name 'cells_to_relieve' is not defined
Traceback (most recent call last):
  File "/home/user/DisasterAI/DisasterAI_Model.py", line 1315, in process_reward
    for cell in cells_to_relieve:
                ^^^^^^^^^^^^^^^^
NameError: name 'cells_to_relieve' is not defined
ERROR in Agent H_3 process_reward at tick 92: name 'cells_to_relieve' is not defined
Traceback (most recent call last):
  File "/home/user/DisasterAI/DisasterAI_Model.py", line 1315, in process_reward
    for cell in cells_to_relieve:
                ^^^^^^^^^^^^^^^^
NameError: name 'cells_to_relieve' is not defined
ERROR in Agent H_14 process_reward at tick 92: name 'cells_to_relieve' is not defined
Traceback (most recent call last):
  File "/home/user/DisasterAI/DisasterAI_Model.py", line 1315, in process_reward
    for cell in cells_to_relieve:
                ^^^^^^^^^^^^^^^^
NameError: name 'cells_to_relieve' is not defined
ERROR in Agent H_37 process_reward at tick 92: name 'cells_to_relieve' is not defined
Traceback (most recent call last):
  File "/home/user/DisasterAI/DisasterAI_Model.py", line 1315, in process_reward
    for cell in cells_to_relieve:
                ^^^^^^^^^^^^^^^^
NameError: name 'cells_to_relieve' is not defined
ERROR in Agent H_12 process_reward at tick 92: name 'cells_to_relieve' is not defined
Traceback (most recent call last):
  File "/home/user/DisasterAI/DisasterAI_Model.py", line 1315, in process_reward
    for cell in cells_to_relieve:
                ^^^^^^^^^^^^^^^^
NameError: name 'cells_to_relieve' is not defined
ERROR in Agent H_7 process_reward at tick 92: name 'cells_to_relieve' is not defined
Traceback (most recent call last):
  File "/home/user/DisasterAI/DisasterAI_Model.py", line 1315, in process_reward
    for cell in cells_to_relieve:
                ^^^^^^^^^^^^^^^^
NameError: name 'cells_to_relieve' is not defined
ERROR in Agent H_21 process_reward at tick 92: name 'cells_to_relieve' is not defined
Traceback (most recent call last):
  File "/home/user/DisasterAI/DisasterAI_Model.py", line 1315, in process_reward
    for cell in cells_to_relieve:
                ^^^^^^^^^^^^^^^^
NameError: name 'cells_to_relieve' is not defined
ERROR in Agent H_2 process_reward at tick 92: name 'cells_to_relieve' is not defined
Traceback (most recent call last):
  File "/home/user/DisasterAI/DisasterAI_Model.py", line 1315, in process_reward
    for cell in cells_to_relieve:
                ^^^^^^^^^^^^^^^^
NameError: name 'cells_to_relieve' is not defined
ERROR in Agent H_24 process_reward at tick 92: name 'cells_to_relieve' is not defined
Traceback (most recent call last):
  File "/home/user/DisasterAI/DisasterAI_Model.py", line 1315, in process_reward
    for cell in cells_to_relieve:
                ^^^^^^^^^^^^^^^^
NameError: name 'cells_to_relieve' is not defined
ERROR in Agent H_18 process_reward at tick 92: name 'cells_to_relieve' is not defined
Traceback (most recent call last):
  File "/home/user/DisasterAI/DisasterAI_Model.py", line 1315, in process_reward
    for cell in cells_to_relieve:
                ^^^^^^^^^^^^^^^^
NameError: name 'cells_to_relieve' is not defined
ERROR in Agent H_48 process_reward at tick 92: name 'cells_to_relieve' is not defined
Traceback (most recent call last):
  File "/home/user/DisasterAI/DisasterAI_Model.py", line 1315, in process_reward
    for cell in cells_to_relieve:
                ^^^^^^^^^^^^^^^^
NameError: name 'cells_to_relieve' is not defined
ERROR in Agent H_36 process_reward at tick 92: name 'cells_to_relieve' is not defined
Traceback (most recent call last):
  File "/home/user/DisasterAI/DisasterAI_Model.py", line 1315, in process_reward
    for cell in cells_to_relieve:
                ^^^^^^^^^^^^^^^^
NameError: name 'cells_to_relieve' is not defined
ERROR in Agent H_17 process_reward at tick 92: name 'cells_to_relieve' is not defined
Traceback (most recent call last):
  File "/home/user/DisasterAI/DisasterAI_Model.py", line 1315, in process_reward
    for cell in cells_to_relieve:
                ^^^^^^^^^^^^^^^^
NameError: name 'cells_to_relieve' is not defined
ERROR in Agent H_34 process_reward at tick 92: name 'cells_to_relieve' is not defined
Traceback (most recent call last):
  File "/home/user/DisasterAI/DisasterAI_Model.py", line 1315, in process_reward
    for cell in cells_to_relieve:
                ^^^^^^^^^^^^^^^^
NameError: name 'cells_to_relieve' is not defined
ERROR in Agent H_16 process_reward at tick 92: name 'cells_to_relieve' is not defined
Traceback (most recent call last):
  File "/home/user/DisasterAI/DisasterAI_Model.py", line 1315, in process_reward
    for cell in cells_to_relieve:
                ^^^^^^^^^^^^^^^^
NameError: name 'cells_to_relieve' is not defined
ERROR in Agent H_23 process_reward at tick 92: name 'cells_to_relieve' is not defined
Traceback (most recent call last):
  File "/home/user/DisasterAI/DisasterAI_Model.py", line 1315, in process_reward
    for cell in cells_to_relieve:
                ^^^^^^^^^^^^^^^^
NameError: name 'cells_to_relieve' is not defined
ERROR in Agent H_9 process_reward at tick 93: name 'cells_to_relieve' is not defined
Traceback (most recent call last):
  File "/home/user/DisasterAI/DisasterAI_Model.py", line 1315, in process_reward
    for cell in cells_to_relieve:
                ^^^^^^^^^^^^^^^^
NameError: name 'cells_to_relieve' is not defined
ERROR in Agent H_26 process_reward at tick 93: name 'cells_to_relieve' is not defined
Traceback (most recent call last):
  File "/home/user/DisasterAI/DisasterAI_Model.py", line 1315, in process_reward
    for cell in cells_to_relieve:
                ^^^^^^^^^^^^^^^^
NameError: name 'cells_to_relieve' is not defined
ERROR in Agent H_40 process_reward at tick 93: name 'cells_to_relieve' is not defined
Traceback (most recent call last):
  File "/home/user/DisasterAI/DisasterAI_Model.py", line 1315, in process_reward
    for cell in cells_to_relieve:
                ^^^^^^^^^^^^^^^^
NameError: name 'cells_to_relieve' is not defined
ERROR in Agent H_16 process_reward at tick 93: name 'cells_to_relieve' is not defined
Traceback (most recent call last):
  File "/home/user/DisasterAI/DisasterAI_Model.py", line 1315, in process_reward
    for cell in cells_to_relieve:
                ^^^^^^^^^^^^^^^^
NameError: name 'cells_to_relieve' is not defined
ERROR in Agent H_32 process_reward at tick 93: name 'cells_to_relieve' is not defined
Traceback (most recent call last):
  File "/home/user/DisasterAI/DisasterAI_Model.py", line 1315, in process_reward
    for cell in cells_to_relieve:
                ^^^^^^^^^^^^^^^^
NameError: name 'cells_to_relieve' is not defined
ERROR in Agent H_5 process_reward at tick 93: name 'cells_to_relieve' is not defined
Traceback (most recent call last):
  File "/home/user/DisasterAI/DisasterAI_Model.py", line 1315, in process_reward
    for cell in cells_to_relieve:
                ^^^^^^^^^^^^^^^^
NameError: name 'cells_to_relieve' is not defined
ERROR in Agent H_21 process_reward at tick 93: name 'cells_to_relieve' is not defined
Traceback (most recent call last):
  File "/home/user/DisasterAI/DisasterAI_Model.py", line 1315, in process_reward
    for cell in cells_to_relieve:
                ^^^^^^^^^^^^^^^^
NameError: name 'cells_to_relieve' is not defined
ERROR in Agent H_11 process_reward at tick 93: name 'cells_to_relieve' is not defined
Traceback (most recent call last):
  File "/home/user/DisasterAI/DisasterAI_Model.py", line 1315, in process_reward
    for cell in cells_to_relieve:
                ^^^^^^^^^^^^^^^^
NameError: name 'cells_to_relieve' is not defined
ERROR in Agent H_27 process_reward at tick 93: name 'cells_to_relieve' is not defined
Traceback (most recent call last):
  File "/home/user/DisasterAI/DisasterAI_Model.py", line 1315, in process_reward
    for cell in cells_to_relieve:
                ^^^^^^^^^^^^^^^^
NameError: name 'cells_to_relieve' is not defined
ERROR in Agent H_20 process_reward at tick 93: name 'cells_to_relieve' is not defined
Traceback (most recent call last):
  File "/home/user/DisasterAI/DisasterAI_Model.py", line 1315, in process_reward
    for cell in cells_to_relieve:
                ^^^^^^^^^^^^^^^^
NameError: name 'cells_to_relieve' is not defined
ERROR in Agent H_49 process_reward at tick 93: name 'cells_to_relieve' is not defined
Traceback (most recent call last):
  File "/home/user/DisasterAI/DisasterAI_Model.py", line 1315, in process_reward
    for cell in cells_to_relieve:
                ^^^^^^^^^^^^^^^^
NameError: name 'cells_to_relieve' is not defined
ERROR in Agent H_34 process_reward at tick 93: name 'cells_to_relieve' is not defined
Traceback (most recent call last):
  File "/home/user/DisasterAI/DisasterAI_Model.py", line 1315, in process_reward
    for cell in cells_to_relieve:
                ^^^^^^^^^^^^^^^^
NameError: name 'cells_to_relieve' is not defined
ERROR in Agent H_4 process_reward at tick 93: name 'cells_to_relieve' is not defined
Traceback (most recent call last):
  File "/home/user/DisasterAI/DisasterAI_Model.py", line 1315, in process_reward
    for cell in cells_to_relieve:
                ^^^^^^^^^^^^^^^^
NameError: name 'cells_to_relieve' is not defined
ERROR in Agent H_31 process_reward at tick 93: name 'cells_to_relieve' is not defined
Traceback (most recent call last):
  File "/home/user/DisasterAI/DisasterAI_Model.py", line 1315, in process_reward
    for cell in cells_to_relieve:
                ^^^^^^^^^^^^^^^^
NameError: name 'cells_to_relieve' is not defined
ERROR in Agent H_8 process_reward at tick 93: name 'cells_to_relieve' is not defined
Traceback (most recent call last):
  File "/home/user/DisasterAI/DisasterAI_Model.py", line 1315, in process_reward
    for cell in cells_to_relieve:
                ^^^^^^^^^^^^^^^^
NameError: name 'cells_to_relieve' is not defined
ERROR in Agent H_25 process_reward at tick 93: name 'cells_to_relieve' is not defined
Traceback (most recent call last):
  File "/home/user/DisasterAI/DisasterAI_Model.py", line 1315, in process_reward
    for cell in cells_to_relieve:
                ^^^^^^^^^^^^^^^^
NameError: name 'cells_to_relieve' is not defined
ERROR in Agent H_30 process_reward at tick 93: name 'cells_to_relieve' is not defined
Traceback (most recent call last):
  File "/home/user/DisasterAI/DisasterAI_Model.py", line 1315, in process_reward
    for cell in cells_to_relieve:
                ^^^^^^^^^^^^^^^^
NameError: name 'cells_to_relieve' is not defined
ERROR in Agent H_28 process_reward at tick 93: name 'cells_to_relieve' is not defined
Traceback (most recent call last):
  File "/home/user/DisasterAI/DisasterAI_Model.py", line 1315, in process_reward
    for cell in cells_to_relieve:
                ^^^^^^^^^^^^^^^^
NameError: name 'cells_to_relieve' is not defined
ERROR in Agent H_29 process_reward at tick 93: name 'cells_to_relieve' is not defined
Traceback (most recent call last):
  File "/home/user/DisasterAI/DisasterAI_Model.py", line 1315, in process_reward
    for cell in cells_to_relieve:
                ^^^^^^^^^^^^^^^^
NameError: name 'cells_to_relieve' is not defined
ERROR in Agent H_45 process_reward at tick 93: name 'cells_to_relieve' is not defined
Traceback (most recent call last):
  File "/home/user/DisasterAI/DisasterAI_Model.py", line 1315, in process_reward
    for cell in cells_to_relieve:
                ^^^^^^^^^^^^^^^^
NameError: name 'cells_to_relieve' is not defined
ERROR in Agent H_42 process_reward at tick 93: name 'cells_to_relieve' is not defined
Traceback (most recent call last):
  File "/home/user/DisasterAI/DisasterAI_Model.py", line 1315, in process_reward
    for cell in cells_to_relieve:
                ^^^^^^^^^^^^^^^^
NameError: name 'cells_to_relieve' is not defined
ERROR in Agent H_46 process_reward at tick 93: name 'cells_to_relieve' is not defined
Traceback (most recent call last):
  File "/home/user/DisasterAI/DisasterAI_Model.py", line 1315, in process_reward
    for cell in cells_to_relieve:
                ^^^^^^^^^^^^^^^^
NameError: name 'cells_to_relieve' is not defined
ERROR in Agent H_0 process_reward at tick 93: name 'cells_to_relieve' is not defined
Traceback (most recent call last):
  File "/home/user/DisasterAI/DisasterAI_Model.py", line 1315, in process_reward
    for cell in cells_to_relieve:
                ^^^^^^^^^^^^^^^^
NameError: name 'cells_to_relieve' is not defined
ERROR in Agent H_22 process_reward at tick 93: name 'cells_to_relieve' is not defined
Traceback (most recent call last):
  File "/home/user/DisasterAI/DisasterAI_Model.py", line 1315, in process_reward
    for cell in cells_to_relieve:
                ^^^^^^^^^^^^^^^^
NameError: name 'cells_to_relieve' is not defined
ERROR in Agent H_33 process_reward at tick 93: name 'cells_to_relieve' is not defined
Traceback (most recent call last):
  File "/home/user/DisasterAI/DisasterAI_Model.py", line 1315, in process_reward
    for cell in cells_to_relieve:
                ^^^^^^^^^^^^^^^^
NameError: name 'cells_to_relieve' is not defined
ERROR in Agent H_7 process_reward at tick 93: name 'cells_to_relieve' is not defined
Traceback (most recent call last):
  File "/home/user/DisasterAI/DisasterAI_Model.py", line 1315, in process_reward
    for cell in cells_to_relieve:
                ^^^^^^^^^^^^^^^^
NameError: name 'cells_to_relieve' is not defined
ERROR in Agent H_42 process_reward at tick 94: name 'cells_to_relieve' is not defined
Traceback (most recent call last):
  File "/home/user/DisasterAI/DisasterAI_Model.py", line 1315, in process_reward
    for cell in cells_to_relieve:
                ^^^^^^^^^^^^^^^^
NameError: name 'cells_to_relieve' is not defined
ERROR in Agent H_26 process_reward at tick 94: name 'cells_to_relieve' is not defined
Traceback (most recent call last):
  File "/home/user/DisasterAI/DisasterAI_Model.py", line 1315, in process_reward
    for cell in cells_to_relieve:
                ^^^^^^^^^^^^^^^^
NameError: name 'cells_to_relieve' is not defined
ERROR in Agent H_11 process_reward at tick 94: name 'cells_to_relieve' is not defined
Traceback (most recent call last):
  File "/home/user/DisasterAI/DisasterAI_Model.py", line 1315, in process_reward
    for cell in cells_to_relieve:
                ^^^^^^^^^^^^^^^^
NameError: name 'cells_to_relieve' is not defined
ERROR in Agent H_2 process_reward at tick 94: name 'cells_to_relieve' is not defined
Traceback (most recent call last):
  File "/home/user/DisasterAI/DisasterAI_Model.py", line 1315, in process_reward
    for cell in cells_to_relieve:
                ^^^^^^^^^^^^^^^^
NameError: name 'cells_to_relieve' is not defined
ERROR in Agent H_16 process_reward at tick 94: name 'cells_to_relieve' is not defined
Traceback (most recent call last):
  File "/home/user/DisasterAI/DisasterAI_Model.py", line 1315, in process_reward
    for cell in cells_to_relieve:
                ^^^^^^^^^^^^^^^^
NameError: name 'cells_to_relieve' is not defined
ERROR in Agent H_14 process_reward at tick 94: name 'cells_to_relieve' is not defined
Traceback (most recent call last):
  File "/home/user/DisasterAI/DisasterAI_Model.py", line 1315, in process_reward
    for cell in cells_to_relieve:
                ^^^^^^^^^^^^^^^^
NameError: name 'cells_to_relieve' is not defined
ERROR in Agent H_10 process_reward at tick 94: name 'cells_to_relieve' is not defined
Traceback (most recent call last):
  File "/home/user/DisasterAI/DisasterAI_Model.py", line 1315, in process_reward
    for cell in cells_to_relieve:
                ^^^^^^^^^^^^^^^^
NameError: name 'cells_to_relieve' is not defined
ERROR in Agent H_15 process_reward at tick 94: name 'cells_to_relieve' is not defined
Traceback (most recent call last):
  File "/home/user/DisasterAI/DisasterAI_Model.py", line 1315, in process_reward
    for cell in cells_to_relieve:
                ^^^^^^^^^^^^^^^^
NameError: name 'cells_to_relieve' is not defined
ERROR in Agent H_6 process_reward at tick 94: name 'cells_to_relieve' is not defined
Traceback (most recent call last):
  File "/home/user/DisasterAI/DisasterAI_Model.py", line 1315, in process_reward
    for cell in cells_to_relieve:
                ^^^^^^^^^^^^^^^^
NameError: name 'cells_to_relieve' is not defined
ERROR in Agent H_40 process_reward at tick 94: name 'cells_to_relieve' is not defined
Traceback (most recent call last):
  File "/home/user/DisasterAI/DisasterAI_Model.py", line 1315, in process_reward
    for cell in cells_to_relieve:
                ^^^^^^^^^^^^^^^^
NameError: name 'cells_to_relieve' is not defined
ERROR in Agent H_41 process_reward at tick 94: name 'cells_to_relieve' is not defined
Traceback (most recent call last):
  File "/home/user/DisasterAI/DisasterAI_Model.py", line 1315, in process_reward
    for cell in cells_to_relieve:
                ^^^^^^^^^^^^^^^^
NameError: name 'cells_to_relieve' is not defined
ERROR in Agent H_45 process_reward at tick 94: name 'cells_to_relieve' is not defined
Traceback (most recent call last):
  File "/home/user/DisasterAI/DisasterAI_Model.py", line 1315, in process_reward
    for cell in cells_to_relieve:
                ^^^^^^^^^^^^^^^^
NameError: name 'cells_to_relieve' is not defined
ERROR in Agent H_44 process_reward at tick 94: name 'cells_to_relieve' is not defined
Traceback (most recent call last):
  File "/home/user/DisasterAI/DisasterAI_Model.py", line 1315, in process_reward
    for cell in cells_to_relieve:
                ^^^^^^^^^^^^^^^^
NameError: name 'cells_to_relieve' is not defined
ERROR in Agent H_13 process_reward at tick 94: name 'cells_to_relieve' is not defined
Traceback (most recent call last):
  File "/home/user/DisasterAI/DisasterAI_Model.py", line 1315, in process_reward
    for cell in cells_to_relieve:
                ^^^^^^^^^^^^^^^^
NameError: name 'cells_to_relieve' is not defined
ERROR in Agent H_33 process_reward at tick 94: name 'cells_to_relieve' is not defined
Traceback (most recent call last):
  File "/home/user/DisasterAI/DisasterAI_Model.py", line 1315, in process_reward
    for cell in cells_to_relieve:
                ^^^^^^^^^^^^^^^^
NameError: name 'cells_to_relieve' is not defined
ERROR in Agent H_4 process_reward at tick 94: name 'cells_to_relieve' is not defined
Traceback (most recent call last):
  File "/home/user/DisasterAI/DisasterAI_Model.py", line 1315, in process_reward
    for cell in cells_to_relieve:
                ^^^^^^^^^^^^^^^^
NameError: name 'cells_to_relieve' is not defined
ERROR in Agent H_38 process_reward at tick 94: name 'cells_to_relieve' is not defined
Traceback (most recent call last):
  File "/home/user/DisasterAI/DisasterAI_Model.py", line 1315, in process_reward
    for cell in cells_to_relieve:
                ^^^^^^^^^^^^^^^^
NameError: name 'cells_to_relieve' is not defined
ERROR in Agent H_20 process_reward at tick 94: name 'cells_to_relieve' is not defined
Traceback (most recent call last):
  File "/home/user/DisasterAI/DisasterAI_Model.py", line 1315, in process_reward
    for cell in cells_to_relieve:
                ^^^^^^^^^^^^^^^^
NameError: name 'cells_to_relieve' is not defined
ERROR in Agent H_27 process_reward at tick 94: name 'cells_to_relieve' is not defined
Traceback (most recent call last):
  File "/home/user/DisasterAI/DisasterAI_Model.py", line 1315, in process_reward
    for cell in cells_to_relieve:
                ^^^^^^^^^^^^^^^^
NameError: name 'cells_to_relieve' is not defined
ERROR in Agent H_39 process_reward at tick 94: name 'cells_to_relieve' is not defined
Traceback (most recent call last):
  File "/home/user/DisasterAI/DisasterAI_Model.py", line 1315, in process_reward
    for cell in cells_to_relieve:
                ^^^^^^^^^^^^^^^^
NameError: name 'cells_to_relieve' is not defined
ERROR in Agent H_43 process_reward at tick 94: name 'cells_to_relieve' is not defined
Traceback (most recent call last):
  File "/home/user/DisasterAI/DisasterAI_Model.py", line 1315, in process_reward
    for cell in cells_to_relieve:
                ^^^^^^^^^^^^^^^^
NameError: name 'cells_to_relieve' is not defined
ERROR in Agent H_18 process_reward at tick 94: name 'cells_to_relieve' is not defined
Traceback (most recent call last):
  File "/home/user/DisasterAI/DisasterAI_Model.py", line 1315, in process_reward
    for cell in cells_to_relieve:
                ^^^^^^^^^^^^^^^^
NameError: name 'cells_to_relieve' is not defined
ERROR in Agent H_22 process_reward at tick 94: name 'cells_to_relieve' is not defined
Traceback (most recent call last):
  File "/home/user/DisasterAI/DisasterAI_Model.py", line 1315, in process_reward
    for cell in cells_to_relieve:
                ^^^^^^^^^^^^^^^^
NameError: name 'cells_to_relieve' is not defined
ERROR in Agent H_9 process_reward at tick 94: name 'cells_to_relieve' is not defined
Traceback (most recent call last):
  File "/home/user/DisasterAI/DisasterAI_Model.py", line 1315, in process_reward
    for cell in cells_to_relieve:
                ^^^^^^^^^^^^^^^^
NameError: name 'cells_to_relieve' is not defined
ERROR in Agent H_47 process_reward at tick 94: name 'cells_to_relieve' is not defined
Traceback (most recent call last):
  File "/home/user/DisasterAI/DisasterAI_Model.py", line 1315, in process_reward
    for cell in cells_to_relieve:
                ^^^^^^^^^^^^^^^^
NameError: name 'cells_to_relieve' is not defined
ERROR in Agent H_0 process_reward at tick 94: name 'cells_to_relieve' is not defined
Traceback (most recent call last):
  File "/home/user/DisasterAI/DisasterAI_Model.py", line 1315, in process_reward
    for cell in cells_to_relieve:
                ^^^^^^^^^^^^^^^^
NameError: name 'cells_to_relieve' is not defined
ERROR in Agent H_30 process_reward at tick 94: name 'cells_to_relieve' is not defined
Traceback (most recent call last):
  File "/home/user/DisasterAI/DisasterAI_Model.py", line 1315, in process_reward
    for cell in cells_to_relieve:
                ^^^^^^^^^^^^^^^^
NameError: name 'cells_to_relieve' is not defined
ERROR in Agent H_1 process_reward at tick 94: name 'cells_to_relieve' is not defined
Traceback (most recent call last):
  File "/home/user/DisasterAI/DisasterAI_Model.py", line 1315, in process_reward
    for cell in cells_to_relieve:
                ^^^^^^^^^^^^^^^^
NameError: name 'cells_to_relieve' is not defined
ERROR in Agent H_12 process_reward at tick 94: name 'cells_to_relieve' is not defined
Traceback (most recent call last):
  File "/home/user/DisasterAI/DisasterAI_Model.py", line 1315, in process_reward
    for cell in cells_to_relieve:
                ^^^^^^^^^^^^^^^^
NameError: name 'cells_to_relieve' is not defined
ERROR in Agent H_36 process_reward at tick 94: name 'cells_to_relieve' is not defined
Traceback (most recent call last):
  File "/home/user/DisasterAI/DisasterAI_Model.py", line 1315, in process_reward
    for cell in cells_to_relieve:
                ^^^^^^^^^^^^^^^^
NameError: name 'cells_to_relieve' is not defined
ERROR in Agent H_19 process_reward at tick 94: name 'cells_to_relieve' is not defined
Traceback (most recent call last):
  File "/home/user/DisasterAI/DisasterAI_Model.py", line 1315, in process_reward
    for cell in cells_to_relieve:
                ^^^^^^^^^^^^^^^^
NameError: name 'cells_to_relieve' is not defined
ERROR in Agent H_17 process_reward at tick 94: name 'cells_to_relieve' is not defined
Traceback (most recent call last):
  File "/home/user/DisasterAI/DisasterAI_Model.py", line 1315, in process_reward
    for cell in cells_to_relieve:
                ^^^^^^^^^^^^^^^^
NameError: name 'cells_to_relieve' is not defined
ERROR in Agent H_13 process_reward at tick 95: name 'cells_to_relieve' is not defined
Traceback (most recent call last):
  File "/home/user/DisasterAI/DisasterAI_Model.py", line 1315, in process_reward
    for cell in cells_to_relieve:
                ^^^^^^^^^^^^^^^^
NameError: name 'cells_to_relieve' is not defined
ERROR in Agent H_18 process_reward at tick 95: name 'cells_to_relieve' is not defined
Traceback (most recent call last):
  File "/home/user/DisasterAI/DisasterAI_Model.py", line 1315, in process_reward
    for cell in cells_to_relieve:
                ^^^^^^^^^^^^^^^^
NameError: name 'cells_to_relieve' is not defined
ERROR in Agent H_22 process_reward at tick 95: name 'cells_to_relieve' is not defined
Traceback (most recent call last):
  File "/home/user/DisasterAI/DisasterAI_Model.py", line 1315, in process_reward
    for cell in cells_to_relieve:
                ^^^^^^^^^^^^^^^^
NameError: name 'cells_to_relieve' is not defined
ERROR in Agent H_36 process_reward at tick 95: name 'cells_to_relieve' is not defined
Traceback (most recent call last):
  File "/home/user/DisasterAI/DisasterAI_Model.py", line 1315, in process_reward
    for cell in cells_to_relieve:
                ^^^^^^^^^^^^^^^^
NameError: name 'cells_to_relieve' is not defined
ERROR in Agent H_7 process_reward at tick 95: name 'cells_to_relieve' is not defined
Traceback (most recent call last):
  File "/home/user/DisasterAI/DisasterAI_Model.py", line 1315, in process_reward
    for cell in cells_to_relieve:
                ^^^^^^^^^^^^^^^^
NameError: name 'cells_to_relieve' is not defined
ERROR in Agent H_25 process_reward at tick 95: name 'cells_to_relieve' is not defined
Traceback (most recent call last):
  File "/home/user/DisasterAI/DisasterAI_Model.py", line 1315, in process_reward
    for cell in cells_to_relieve:
                ^^^^^^^^^^^^^^^^
NameError: name 'cells_to_relieve' is not defined
ERROR in Agent H_4 process_reward at tick 95: name 'cells_to_relieve' is not defined
Traceback (most recent call last):
  File "/home/user/DisasterAI/DisasterAI_Model.py", line 1315, in process_reward
    for cell in cells_to_relieve:
                ^^^^^^^^^^^^^^^^
NameError: name 'cells_to_relieve' is not defined
ERROR in Agent H_24 process_reward at tick 95: name 'cells_to_relieve' is not defined
Traceback (most recent call last):
  File "/home/user/DisasterAI/DisasterAI_Model.py", line 1315, in process_reward
    for cell in cells_to_relieve:
                ^^^^^^^^^^^^^^^^
NameError: name 'cells_to_relieve' is not defined
ERROR in Agent H_37 process_reward at tick 95: name 'cells_to_relieve' is not defined
Traceback (most recent call last):
  File "/home/user/DisasterAI/DisasterAI_Model.py", line 1315, in process_reward
    for cell in cells_to_relieve:
                ^^^^^^^^^^^^^^^^
NameError: name 'cells_to_relieve' is not defined
ERROR in Agent H_29 process_reward at tick 95: name 'cells_to_relieve' is not defined
Traceback (most recent call last):
  File "/home/user/DisasterAI/DisasterAI_Model.py", line 1315, in process_reward
    for cell in cells_to_relieve:
                ^^^^^^^^^^^^^^^^
NameError: name 'cells_to_relieve' is not defined
ERROR in Agent H_47 process_reward at tick 95: name 'cells_to_relieve' is not defined
Traceback (most recent call last):
  File "/home/user/DisasterAI/DisasterAI_Model.py", line 1315, in process_reward
    for cell in cells_to_relieve:
                ^^^^^^^^^^^^^^^^
NameError: name 'cells_to_relieve' is not defined
ERROR in Agent H_41 process_reward at tick 95: name 'cells_to_relieve' is not defined
Traceback (most recent call last):
  File "/home/user/DisasterAI/DisasterAI_Model.py", line 1315, in process_reward
    for cell in cells_to_relieve:
                ^^^^^^^^^^^^^^^^
NameError: name 'cells_to_relieve' is not defined
ERROR in Agent H_44 process_reward at tick 95: name 'cells_to_relieve' is not defined
Traceback (most recent call last):
  File "/home/user/DisasterAI/DisasterAI_Model.py", line 1315, in process_reward
    for cell in cells_to_relieve:
                ^^^^^^^^^^^^^^^^
NameError: name 'cells_to_relieve' is not defined
ERROR in Agent H_11 process_reward at tick 95: name 'cells_to_relieve' is not defined
Traceback (most recent call last):
  File "/home/user/DisasterAI/DisasterAI_Model.py", line 1315, in process_reward
    for cell in cells_to_relieve:
                ^^^^^^^^^^^^^^^^
NameError: name 'cells_to_relieve' is not defined
ERROR in Agent H_31 process_reward at tick 95: name 'cells_to_relieve' is not defined
Traceback (most recent call last):
  File "/home/user/DisasterAI/DisasterAI_Model.py", line 1315, in process_reward
    for cell in cells_to_relieve:
                ^^^^^^^^^^^^^^^^
NameError: name 'cells_to_relieve' is not defined
ERROR in Agent H_26 process_reward at tick 95: name 'cells_to_relieve' is not defined
Traceback (most recent call last):
  File "/home/user/DisasterAI/DisasterAI_Model.py", line 1315, in process_reward
    for cell in cells_to_relieve:
                ^^^^^^^^^^^^^^^^
NameError: name 'cells_to_relieve' is not defined
ERROR in Agent H_15 process_reward at tick 95: name 'cells_to_relieve' is not defined
Traceback (most recent call last):
  File "/home/user/DisasterAI/DisasterAI_Model.py", line 1315, in process_reward
    for cell in cells_to_relieve:
                ^^^^^^^^^^^^^^^^
NameError: name 'cells_to_relieve' is not defined
ERROR in Agent H_19 process_reward at tick 95: name 'cells_to_relieve' is not defined
Traceback (most recent call last):
  File "/home/user/DisasterAI/DisasterAI_Model.py", line 1315, in process_reward
    for cell in cells_to_relieve:
                ^^^^^^^^^^^^^^^^
NameError: name 'cells_to_relieve' is not defined
ERROR in Agent H_10 process_reward at tick 95: name 'cells_to_relieve' is not defined
Traceback (most recent call last):
  File "/home/user/DisasterAI/DisasterAI_Model.py", line 1315, in process_reward
    for cell in cells_to_relieve:
                ^^^^^^^^^^^^^^^^
NameError: name 'cells_to_relieve' is not defined
ERROR in Agent H_32 process_reward at tick 95: name 'cells_to_relieve' is not defined
Traceback (most recent call last):
  File "/home/user/DisasterAI/DisasterAI_Model.py", line 1315, in process_reward
    for cell in cells_to_relieve:
                ^^^^^^^^^^^^^^^^
NameError: name 'cells_to_relieve' is not defined
ERROR in Agent H_17 process_reward at tick 95: name 'cells_to_relieve' is not defined
Traceback (most recent call last):
  File "/home/user/DisasterAI/DisasterAI_Model.py", line 1315, in process_reward
    for cell in cells_to_relieve:
                ^^^^^^^^^^^^^^^^
NameError: name 'cells_to_relieve' is not defined
ERROR in Agent H_33 process_reward at tick 95: name 'cells_to_relieve' is not defined
Traceback (most recent call last):
  File "/home/user/DisasterAI/DisasterAI_Model.py", line 1315, in process_reward
    for cell in cells_to_relieve:
                ^^^^^^^^^^^^^^^^
NameError: name 'cells_to_relieve' is not defined
ERROR in Agent H_42 process_reward at tick 95: name 'cells_to_relieve' is not defined
Traceback (most recent call last):
  File "/home/user/DisasterAI/DisasterAI_Model.py", line 1315, in process_reward
    for cell in cells_to_relieve:
                ^^^^^^^^^^^^^^^^
NameError: name 'cells_to_relieve' is not defined
ERROR in Agent H_39 process_reward at tick 95: name 'cells_to_relieve' is not defined
Traceback (most recent call last):
  File "/home/user/DisasterAI/DisasterAI_Model.py", line 1315, in process_reward
    for cell in cells_to_relieve:
                ^^^^^^^^^^^^^^^^
NameError: name 'cells_to_relieve' is not defined
ERROR in Agent H_21 process_reward at tick 95: name 'cells_to_relieve' is not defined
Traceback (most recent call last):
  File "/home/user/DisasterAI/DisasterAI_Model.py", line 1315, in process_reward
    for cell in cells_to_relieve:
                ^^^^^^^^^^^^^^^^
NameError: name 'cells_to_relieve' is not defined
ERROR in Agent H_2 process_reward at tick 95: name 'cells_to_relieve' is not defined
Traceback (most recent call last):
  File "/home/user/DisasterAI/DisasterAI_Model.py", line 1315, in process_reward
    for cell in cells_to_relieve:
                ^^^^^^^^^^^^^^^^
NameError: name 'cells_to_relieve' is not defined
ERROR in Agent H_40 process_reward at tick 95: name 'cells_to_relieve' is not defined
Traceback (most recent call last):
  File "/home/user/DisasterAI/DisasterAI_Model.py", line 1315, in process_reward
    for cell in cells_to_relieve:
                ^^^^^^^^^^^^^^^^
NameError: name 'cells_to_relieve' is not defined
ERROR in Agent H_8 process_reward at tick 95: name 'cells_to_relieve' is not defined
Traceback (most recent call last):
  File "/home/user/DisasterAI/DisasterAI_Model.py", line 1315, in process_reward
    for cell in cells_to_relieve:
                ^^^^^^^^^^^^^^^^
NameError: name 'cells_to_relieve' is not defined
ERROR in Agent H_5 process_reward at tick 95: name 'cells_to_relieve' is not defined
Traceback (most recent call last):
  File "/home/user/DisasterAI/DisasterAI_Model.py", line 1315, in process_reward
    for cell in cells_to_relieve:
                ^^^^^^^^^^^^^^^^
NameError: name 'cells_to_relieve' is not defined
ERROR in Agent H_14 process_reward at tick 95: name 'cells_to_relieve' is not defined
Traceback (most recent call last):
  File "/home/user/DisasterAI/DisasterAI_Model.py", line 1315, in process_reward
    for cell in cells_to_relieve:
                ^^^^^^^^^^^^^^^^
NameError: name 'cells_to_relieve' is not defined
ERROR in Agent H_27 process_reward at tick 95: name 'cells_to_relieve' is not defined
Traceback (most recent call last):
  File "/home/user/DisasterAI/DisasterAI_Model.py", line 1315, in process_reward
    for cell in cells_to_relieve:
                ^^^^^^^^^^^^^^^^
NameError: name 'cells_to_relieve' is not defined

DEBUG: Starting AECI variance calculation at tick 95
  Found 0/50 AI-reliant agents
  Global belief variance: 0.0922
  WARNING: Invalid global variance (0.09222939749999998) or no AI-reliant agents
  Returning AECI variance tuple: (95, 0.0)
  Current aeci_variance_data length: 95
  Last 3 entries: [(93, 0.0), (94, 0.0), (95, 0.0)]
ERROR in Agent H_3 process_reward at tick 96: name 'cells_to_relieve' is not defined
Traceback (most recent call last):
  File "/home/user/DisasterAI/DisasterAI_Model.py", line 1315, in process_reward
    for cell in cells_to_relieve:
                ^^^^^^^^^^^^^^^^
NameError: name 'cells_to_relieve' is not defined
ERROR in Agent H_46 process_reward at tick 96: name 'cells_to_relieve' is not defined
Traceback (most recent call last):
  File "/home/user/DisasterAI/DisasterAI_Model.py", line 1315, in process_reward
    for cell in cells_to_relieve:
                ^^^^^^^^^^^^^^^^
NameError: name 'cells_to_relieve' is not defined
ERROR in Agent H_13 process_reward at tick 96: name 'cells_to_relieve' is not defined
Traceback (most recent call last):
  File "/home/user/DisasterAI/DisasterAI_Model.py", line 1315, in process_reward
    for cell in cells_to_relieve:
                ^^^^^^^^^^^^^^^^
NameError: name 'cells_to_relieve' is not defined
ERROR in Agent H_29 process_reward at tick 96: name 'cells_to_relieve' is not defined
Traceback (most recent call last):
  File "/home/user/DisasterAI/DisasterAI_Model.py", line 1315, in process_reward
    for cell in cells_to_relieve:
                ^^^^^^^^^^^^^^^^
NameError: name 'cells_to_relieve' is not defined
ERROR in Agent H_40 process_reward at tick 96: name 'cells_to_relieve' is not defined
Traceback (most recent call last):
  File "/home/user/DisasterAI/DisasterAI_Model.py", line 1315, in process_reward
    for cell in cells_to_relieve:
                ^^^^^^^^^^^^^^^^
NameError: name 'cells_to_relieve' is not defined
ERROR in Agent H_36 process_reward at tick 96: name 'cells_to_relieve' is not defined
Traceback (most recent call last):
  File "/home/user/DisasterAI/DisasterAI_Model.py", line 1315, in process_reward
    for cell in cells_to_relieve:
                ^^^^^^^^^^^^^^^^
NameError: name 'cells_to_relieve' is not defined
ERROR in Agent H_49 process_reward at tick 96: name 'cells_to_relieve' is not defined
Traceback (most recent call last):
  File "/home/user/DisasterAI/DisasterAI_Model.py", line 1315, in process_reward
    for cell in cells_to_relieve:
                ^^^^^^^^^^^^^^^^
NameError: name 'cells_to_relieve' is not defined
ERROR in Agent H_15 process_reward at tick 96: name 'cells_to_relieve' is not defined
Traceback (most recent call last):
  File "/home/user/DisasterAI/DisasterAI_Model.py", line 1315, in process_reward
    for cell in cells_to_relieve:
                ^^^^^^^^^^^^^^^^
NameError: name 'cells_to_relieve' is not defined
ERROR in Agent H_31 process_reward at tick 96: name 'cells_to_relieve' is not defined
Traceback (most recent call last):
  File "/home/user/DisasterAI/DisasterAI_Model.py", line 1315, in process_reward
    for cell in cells_to_relieve:
                ^^^^^^^^^^^^^^^^
NameError: name 'cells_to_relieve' is not defined
ERROR in Agent H_48 process_reward at tick 96: name 'cells_to_relieve' is not defined
Traceback (most recent call last):
  File "/home/user/DisasterAI/DisasterAI_Model.py", line 1315, in process_reward
    for cell in cells_to_relieve:
                ^^^^^^^^^^^^^^^^
NameError: name 'cells_to_relieve' is not defined
ERROR in Agent H_12 process_reward at tick 96: name 'cells_to_relieve' is not defined
Traceback (most recent call last):
  File "/home/user/DisasterAI/DisasterAI_Model.py", line 1315, in process_reward
    for cell in cells_to_relieve:
                ^^^^^^^^^^^^^^^^
NameError: name 'cells_to_relieve' is not defined
ERROR in Agent H_0 process_reward at tick 96: name 'cells_to_relieve' is not defined
Traceback (most recent call last):
  File "/home/user/DisasterAI/DisasterAI_Model.py", line 1315, in process_reward
    for cell in cells_to_relieve:
                ^^^^^^^^^^^^^^^^
NameError: name 'cells_to_relieve' is not defined
ERROR in Agent H_42 process_reward at tick 96: name 'cells_to_relieve' is not defined
Traceback (most recent call last):
  File "/home/user/DisasterAI/DisasterAI_Model.py", line 1315, in process_reward
    for cell in cells_to_relieve:
                ^^^^^^^^^^^^^^^^
NameError: name 'cells_to_relieve' is not defined
ERROR in Agent H_16 process_reward at tick 96: name 'cells_to_relieve' is not defined
Traceback (most recent call last):
  File "/home/user/DisasterAI/DisasterAI_Model.py", line 1315, in process_reward
    for cell in cells_to_relieve:
                ^^^^^^^^^^^^^^^^
NameError: name 'cells_to_relieve' is not defined
ERROR in Agent H_47 process_reward at tick 96: name 'cells_to_relieve' is not defined
Traceback (most recent call last):
  File "/home/user/DisasterAI/DisasterAI_Model.py", line 1315, in process_reward
    for cell in cells_to_relieve:
                ^^^^^^^^^^^^^^^^
NameError: name 'cells_to_relieve' is not defined
ERROR in Agent H_35 process_reward at tick 96: name 'cells_to_relieve' is not defined
Traceback (most recent call last):
  File "/home/user/DisasterAI/DisasterAI_Model.py", line 1315, in process_reward
    for cell in cells_to_relieve:
                ^^^^^^^^^^^^^^^^
NameError: name 'cells_to_relieve' is not defined
ERROR in Agent H_14 process_reward at tick 96: name 'cells_to_relieve' is not defined
Traceback (most recent call last):
  File "/home/user/DisasterAI/DisasterAI_Model.py", line 1315, in process_reward
    for cell in cells_to_relieve:
                ^^^^^^^^^^^^^^^^
NameError: name 'cells_to_relieve' is not defined
ERROR in Agent H_41 process_reward at tick 96: name 'cells_to_relieve' is not defined
Traceback (most recent call last):
  File "/home/user/DisasterAI/DisasterAI_Model.py", line 1315, in process_reward
    for cell in cells_to_relieve:
                ^^^^^^^^^^^^^^^^
NameError: name 'cells_to_relieve' is not defined
ERROR in Agent H_19 process_reward at tick 96: name 'cells_to_relieve' is not defined
Traceback (most recent call last):
  File "/home/user/DisasterAI/DisasterAI_Model.py", line 1315, in process_reward
    for cell in cells_to_relieve:
                ^^^^^^^^^^^^^^^^
NameError: name 'cells_to_relieve' is not defined
ERROR in Agent H_33 process_reward at tick 96: name 'cells_to_relieve' is not defined
Traceback (most recent call last):
  File "/home/user/DisasterAI/DisasterAI_Model.py", line 1315, in process_reward
    for cell in cells_to_relieve:
                ^^^^^^^^^^^^^^^^
NameError: name 'cells_to_relieve' is not defined
ERROR in Agent H_17 process_reward at tick 96: name 'cells_to_relieve' is not defined
Traceback (most recent call last):
  File "/home/user/DisasterAI/DisasterAI_Model.py", line 1315, in process_reward
    for cell in cells_to_relieve:
                ^^^^^^^^^^^^^^^^
NameError: name 'cells_to_relieve' is not defined
ERROR in Agent H_18 process_reward at tick 96: name 'cells_to_relieve' is not defined
Traceback (most recent call last):
  File "/home/user/DisasterAI/DisasterAI_Model.py", line 1315, in process_reward
    for cell in cells_to_relieve:
                ^^^^^^^^^^^^^^^^
NameError: name 'cells_to_relieve' is not defined
ERROR in Agent H_20 process_reward at tick 96: name 'cells_to_relieve' is not defined
Traceback (most recent call last):
  File "/home/user/DisasterAI/DisasterAI_Model.py", line 1315, in process_reward
    for cell in cells_to_relieve:
                ^^^^^^^^^^^^^^^^
NameError: name 'cells_to_relieve' is not defined
ERROR in Agent H_38 process_reward at tick 96: name 'cells_to_relieve' is not defined
Traceback (most recent call last):
  File "/home/user/DisasterAI/DisasterAI_Model.py", line 1315, in process_reward
    for cell in cells_to_relieve:
                ^^^^^^^^^^^^^^^^
NameError: name 'cells_to_relieve' is not defined
ERROR in Agent H_8 process_reward at tick 96: name 'cells_to_relieve' is not defined
Traceback (most recent call last):
  File "/home/user/DisasterAI/DisasterAI_Model.py", line 1315, in process_reward
    for cell in cells_to_relieve:
                ^^^^^^^^^^^^^^^^
NameError: name 'cells_to_relieve' is not defined
ERROR in Agent H_6 process_reward at tick 96: name 'cells_to_relieve' is not defined
Traceback (most recent call last):
  File "/home/user/DisasterAI/DisasterAI_Model.py", line 1315, in process_reward
    for cell in cells_to_relieve:
                ^^^^^^^^^^^^^^^^
NameError: name 'cells_to_relieve' is not defined
ERROR in Agent H_43 process_reward at tick 96: name 'cells_to_relieve' is not defined
Traceback (most recent call last):
  File "/home/user/DisasterAI/DisasterAI_Model.py", line 1315, in process_reward
    for cell in cells_to_relieve:
                ^^^^^^^^^^^^^^^^
NameError: name 'cells_to_relieve' is not defined
ERROR in Agent H_11 process_reward at tick 96: name 'cells_to_relieve' is not defined
Traceback (most recent call last):
  File "/home/user/DisasterAI/DisasterAI_Model.py", line 1315, in process_reward
    for cell in cells_to_relieve:
                ^^^^^^^^^^^^^^^^
NameError: name 'cells_to_relieve' is not defined
ERROR in Agent H_32 process_reward at tick 96: name 'cells_to_relieve' is not defined
Traceback (most recent call last):
  File "/home/user/DisasterAI/DisasterAI_Model.py", line 1315, in process_reward
    for cell in cells_to_relieve:
                ^^^^^^^^^^^^^^^^
NameError: name 'cells_to_relieve' is not defined
ERROR in Agent H_28 process_reward at tick 96: name 'cells_to_relieve' is not defined
Traceback (most recent call last):
  File "/home/user/DisasterAI/DisasterAI_Model.py", line 1315, in process_reward
    for cell in cells_to_relieve:
                ^^^^^^^^^^^^^^^^
NameError: name 'cells_to_relieve' is not defined
ERROR in Agent H_37 process_reward at tick 96: name 'cells_to_relieve' is not defined
Traceback (most recent call last):
  File "/home/user/DisasterAI/DisasterAI_Model.py", line 1315, in process_reward
    for cell in cells_to_relieve:
                ^^^^^^^^^^^^^^^^
NameError: name 'cells_to_relieve' is not defined
ERROR in Agent H_22 process_reward at tick 96: name 'cells_to_relieve' is not defined
Traceback (most recent call last):
  File "/home/user/DisasterAI/DisasterAI_Model.py", line 1315, in process_reward
    for cell in cells_to_relieve:
                ^^^^^^^^^^^^^^^^
NameError: name 'cells_to_relieve' is not defined
ERROR in Agent H_24 process_reward at tick 96: name 'cells_to_relieve' is not defined
Traceback (most recent call last):
  File "/home/user/DisasterAI/DisasterAI_Model.py", line 1315, in process_reward
    for cell in cells_to_relieve:
                ^^^^^^^^^^^^^^^^
NameError: name 'cells_to_relieve' is not defined
ERROR in Agent H_32 process_reward at tick 97: name 'cells_to_relieve' is not defined
Traceback (most recent call last):
  File "/home/user/DisasterAI/DisasterAI_Model.py", line 1315, in process_reward
    for cell in cells_to_relieve:
                ^^^^^^^^^^^^^^^^
NameError: name 'cells_to_relieve' is not defined
ERROR in Agent H_35 process_reward at tick 97: name 'cells_to_relieve' is not defined
Traceback (most recent call last):
  File "/home/user/DisasterAI/DisasterAI_Model.py", line 1315, in process_reward
    for cell in cells_to_relieve:
                ^^^^^^^^^^^^^^^^
NameError: name 'cells_to_relieve' is not defined
ERROR in Agent H_38 process_reward at tick 97: name 'cells_to_relieve' is not defined
Traceback (most recent call last):
  File "/home/user/DisasterAI/DisasterAI_Model.py", line 1315, in process_reward
    for cell in cells_to_relieve:
                ^^^^^^^^^^^^^^^^
NameError: name 'cells_to_relieve' is not defined
ERROR in Agent H_47 process_reward at tick 97: name 'cells_to_relieve' is not defined
Traceback (most recent call last):
  File "/home/user/DisasterAI/DisasterAI_Model.py", line 1315, in process_reward
    for cell in cells_to_relieve:
                ^^^^^^^^^^^^^^^^
NameError: name 'cells_to_relieve' is not defined
ERROR in Agent H_22 process_reward at tick 97: name 'cells_to_relieve' is not defined
Traceback (most recent call last):
  File "/home/user/DisasterAI/DisasterAI_Model.py", line 1315, in process_reward
    for cell in cells_to_relieve:
                ^^^^^^^^^^^^^^^^
NameError: name 'cells_to_relieve' is not defined
ERROR in Agent H_17 process_reward at tick 97: name 'cells_to_relieve' is not defined
Traceback (most recent call last):
  File "/home/user/DisasterAI/DisasterAI_Model.py", line 1315, in process_reward
    for cell in cells_to_relieve:
                ^^^^^^^^^^^^^^^^
NameError: name 'cells_to_relieve' is not defined
ERROR in Agent H_39 process_reward at tick 97: name 'cells_to_relieve' is not defined
Traceback (most recent call last):
  File "/home/user/DisasterAI/DisasterAI_Model.py", line 1315, in process_reward
    for cell in cells_to_relieve:
                ^^^^^^^^^^^^^^^^
NameError: name 'cells_to_relieve' is not defined
ERROR in Agent H_23 process_reward at tick 97: name 'cells_to_relieve' is not defined
Traceback (most recent call last):
  File "/home/user/DisasterAI/DisasterAI_Model.py", line 1315, in process_reward
    for cell in cells_to_relieve:
                ^^^^^^^^^^^^^^^^
NameError: name 'cells_to_relieve' is not defined
ERROR in Agent H_45 process_reward at tick 97: name 'cells_to_relieve' is not defined
Traceback (most recent call last):
  File "/home/user/DisasterAI/DisasterAI_Model.py", line 1315, in process_reward
    for cell in cells_to_relieve:
                ^^^^^^^^^^^^^^^^
NameError: name 'cells_to_relieve' is not defined
ERROR in Agent H_9 process_reward at tick 97: name 'cells_to_relieve' is not defined
Traceback (most recent call last):
  File "/home/user/DisasterAI/DisasterAI_Model.py", line 1315, in process_reward
    for cell in cells_to_relieve:
                ^^^^^^^^^^^^^^^^
NameError: name 'cells_to_relieve' is not defined
ERROR in Agent H_46 process_reward at tick 97: name 'cells_to_relieve' is not defined
Traceback (most recent call last):
  File "/home/user/DisasterAI/DisasterAI_Model.py", line 1315, in process_reward
    for cell in cells_to_relieve:
                ^^^^^^^^^^^^^^^^
NameError: name 'cells_to_relieve' is not defined
ERROR in Agent H_1 process_reward at tick 97: name 'cells_to_relieve' is not defined
Traceback (most recent call last):
  File "/home/user/DisasterAI/DisasterAI_Model.py", line 1315, in process_reward
    for cell in cells_to_relieve:
                ^^^^^^^^^^^^^^^^
NameError: name 'cells_to_relieve' is not defined
ERROR in Agent H_21 process_reward at tick 97: name 'cells_to_relieve' is not defined
Traceback (most recent call last):
  File "/home/user/DisasterAI/DisasterAI_Model.py", line 1315, in process_reward
    for cell in cells_to_relieve:
                ^^^^^^^^^^^^^^^^
NameError: name 'cells_to_relieve' is not defined
ERROR in Agent H_29 process_reward at tick 97: name 'cells_to_relieve' is not defined
Traceback (most recent call last):
  File "/home/user/DisasterAI/DisasterAI_Model.py", line 1315, in process_reward
    for cell in cells_to_relieve:
                ^^^^^^^^^^^^^^^^
NameError: name 'cells_to_relieve' is not defined
ERROR in Agent H_26 process_reward at tick 97: name 'cells_to_relieve' is not defined
Traceback (most recent call last):
  File "/home/user/DisasterAI/DisasterAI_Model.py", line 1315, in process_reward
    for cell in cells_to_relieve:
                ^^^^^^^^^^^^^^^^
NameError: name 'cells_to_relieve' is not defined
ERROR in Agent H_2 process_reward at tick 97: name 'cells_to_relieve' is not defined
Traceback (most recent call last):
  File "/home/user/DisasterAI/DisasterAI_Model.py", line 1315, in process_reward
    for cell in cells_to_relieve:
                ^^^^^^^^^^^^^^^^
NameError: name 'cells_to_relieve' is not defined
ERROR in Agent H_0 process_reward at tick 97: name 'cells_to_relieve' is not defined
Traceback (most recent call last):
  File "/home/user/DisasterAI/DisasterAI_Model.py", line 1315, in process_reward
    for cell in cells_to_relieve:
                ^^^^^^^^^^^^^^^^
NameError: name 'cells_to_relieve' is not defined
ERROR in Agent H_28 process_reward at tick 97: name 'cells_to_relieve' is not defined
Traceback (most recent call last):
  File "/home/user/DisasterAI/DisasterAI_Model.py", line 1315, in process_reward
    for cell in cells_to_relieve:
                ^^^^^^^^^^^^^^^^
NameError: name 'cells_to_relieve' is not defined
ERROR in Agent H_18 process_reward at tick 97: name 'cells_to_relieve' is not defined
Traceback (most recent call last):
  File "/home/user/DisasterAI/DisasterAI_Model.py", line 1315, in process_reward
    for cell in cells_to_relieve:
                ^^^^^^^^^^^^^^^^
NameError: name 'cells_to_relieve' is not defined
ERROR in Agent H_11 process_reward at tick 97: name 'cells_to_relieve' is not defined
Traceback (most recent call last):
  File "/home/user/DisasterAI/DisasterAI_Model.py", line 1315, in process_reward
    for cell in cells_to_relieve:
                ^^^^^^^^^^^^^^^^
NameError: name 'cells_to_relieve' is not defined
ERROR in Agent H_42 process_reward at tick 97: name 'cells_to_relieve' is not defined
Traceback (most recent call last):
  File "/home/user/DisasterAI/DisasterAI_Model.py", line 1315, in process_reward
    for cell in cells_to_relieve:
                ^^^^^^^^^^^^^^^^
NameError: name 'cells_to_relieve' is not defined
ERROR in Agent H_44 process_reward at tick 97: name 'cells_to_relieve' is not defined
Traceback (most recent call last):
  File "/home/user/DisasterAI/DisasterAI_Model.py", line 1315, in process_reward
    for cell in cells_to_relieve:
                ^^^^^^^^^^^^^^^^
NameError: name 'cells_to_relieve' is not defined
ERROR in Agent H_16 process_reward at tick 97: name 'cells_to_relieve' is not defined
Traceback (most recent call last):
  File "/home/user/DisasterAI/DisasterAI_Model.py", line 1315, in process_reward
    for cell in cells_to_relieve:
                ^^^^^^^^^^^^^^^^
NameError: name 'cells_to_relieve' is not defined
ERROR in Agent H_10 process_reward at tick 97: name 'cells_to_relieve' is not defined
Traceback (most recent call last):
  File "/home/user/DisasterAI/DisasterAI_Model.py", line 1315, in process_reward
    for cell in cells_to_relieve:
                ^^^^^^^^^^^^^^^^
NameError: name 'cells_to_relieve' is not defined
ERROR in Agent H_5 process_reward at tick 97: name 'cells_to_relieve' is not defined
Traceback (most recent call last):
  File "/home/user/DisasterAI/DisasterAI_Model.py", line 1315, in process_reward
    for cell in cells_to_relieve:
                ^^^^^^^^^^^^^^^^
NameError: name 'cells_to_relieve' is not defined
ERROR in Agent H_24 process_reward at tick 97: name 'cells_to_relieve' is not defined
Traceback (most recent call last):
  File "/home/user/DisasterAI/DisasterAI_Model.py", line 1315, in process_reward
    for cell in cells_to_relieve:
                ^^^^^^^^^^^^^^^^
NameError: name 'cells_to_relieve' is not defined
ERROR in Agent H_33 process_reward at tick 97: name 'cells_to_relieve' is not defined
Traceback (most recent call last):
  File "/home/user/DisasterAI/DisasterAI_Model.py", line 1315, in process_reward
    for cell in cells_to_relieve:
                ^^^^^^^^^^^^^^^^
NameError: name 'cells_to_relieve' is not defined
ERROR in Agent H_48 process_reward at tick 97: name 'cells_to_relieve' is not defined
Traceback (most recent call last):
  File "/home/user/DisasterAI/DisasterAI_Model.py", line 1315, in process_reward
    for cell in cells_to_relieve:
                ^^^^^^^^^^^^^^^^
NameError: name 'cells_to_relieve' is not defined
ERROR in Agent H_41 process_reward at tick 97: name 'cells_to_relieve' is not defined
Traceback (most recent call last):
  File "/home/user/DisasterAI/DisasterAI_Model.py", line 1315, in process_reward
    for cell in cells_to_relieve:
                ^^^^^^^^^^^^^^^^
NameError: name 'cells_to_relieve' is not defined
ERROR in Agent H_8 process_reward at tick 97: name 'cells_to_relieve' is not defined
Traceback (most recent call last):
  File "/home/user/DisasterAI/DisasterAI_Model.py", line 1315, in process_reward
    for cell in cells_to_relieve:
                ^^^^^^^^^^^^^^^^
NameError: name 'cells_to_relieve' is not defined
ERROR in Agent H_30 process_reward at tick 97: name 'cells_to_relieve' is not defined
Traceback (most recent call last):
  File "/home/user/DisasterAI/DisasterAI_Model.py", line 1315, in process_reward
    for cell in cells_to_relieve:
                ^^^^^^^^^^^^^^^^
NameError: name 'cells_to_relieve' is not defined
ERROR in Agent H_19 process_reward at tick 97: name 'cells_to_relieve' is not defined
Traceback (most recent call last):
  File "/home/user/DisasterAI/DisasterAI_Model.py", line 1315, in process_reward
    for cell in cells_to_relieve:
                ^^^^^^^^^^^^^^^^
NameError: name 'cells_to_relieve' is not defined
ERROR in Agent H_12 process_reward at tick 97: name 'cells_to_relieve' is not defined
Traceback (most recent call last):
  File "/home/user/DisasterAI/DisasterAI_Model.py", line 1315, in process_reward
    for cell in cells_to_relieve:
                ^^^^^^^^^^^^^^^^
NameError: name 'cells_to_relieve' is not defined
ERROR in Agent H_34 process_reward at tick 97: name 'cells_to_relieve' is not defined
Traceback (most recent call last):
  File "/home/user/DisasterAI/DisasterAI_Model.py", line 1315, in process_reward
    for cell in cells_to_relieve:
                ^^^^^^^^^^^^^^^^
NameError: name 'cells_to_relieve' is not defined
ERROR in Agent H_36 process_reward at tick 97: name 'cells_to_relieve' is not defined
Traceback (most recent call last):
  File "/home/user/DisasterAI/DisasterAI_Model.py", line 1315, in process_reward
    for cell in cells_to_relieve:
                ^^^^^^^^^^^^^^^^
NameError: name 'cells_to_relieve' is not defined
ERROR in Agent H_43 process_reward at tick 97: name 'cells_to_relieve' is not defined
Traceback (most recent call last):
  File "/home/user/DisasterAI/DisasterAI_Model.py", line 1315, in process_reward
    for cell in cells_to_relieve:
                ^^^^^^^^^^^^^^^^
NameError: name 'cells_to_relieve' is not defined
ERROR in Agent H_3 process_reward at tick 97: name 'cells_to_relieve' is not defined
Traceback (most recent call last):
  File "/home/user/DisasterAI/DisasterAI_Model.py", line 1315, in process_reward
    for cell in cells_to_relieve:
                ^^^^^^^^^^^^^^^^
NameError: name 'cells_to_relieve' is not defined
ERROR in Agent H_6 process_reward at tick 97: name 'cells_to_relieve' is not defined
Traceback (most recent call last):
  File "/home/user/DisasterAI/DisasterAI_Model.py", line 1315, in process_reward
    for cell in cells_to_relieve:
                ^^^^^^^^^^^^^^^^
NameError: name 'cells_to_relieve' is not defined
ERROR in Agent H_27 process_reward at tick 97: name 'cells_to_relieve' is not defined
Traceback (most recent call last):
  File "/home/user/DisasterAI/DisasterAI_Model.py", line 1315, in process_reward
    for cell in cells_to_relieve:
                ^^^^^^^^^^^^^^^^
NameError: name 'cells_to_relieve' is not defined
ERROR in Agent H_37 process_reward at tick 98: name 'cells_to_relieve' is not defined
Traceback (most recent call last):
  File "/home/user/DisasterAI/DisasterAI_Model.py", line 1315, in process_reward
    for cell in cells_to_relieve:
                ^^^^^^^^^^^^^^^^
NameError: name 'cells_to_relieve' is not defined
ERROR in Agent H_43 process_reward at tick 98: name 'cells_to_relieve' is not defined
Traceback (most recent call last):
  File "/home/user/DisasterAI/DisasterAI_Model.py", line 1315, in process_reward
    for cell in cells_to_relieve:
                ^^^^^^^^^^^^^^^^
NameError: name 'cells_to_relieve' is not defined
ERROR in Agent H_21 process_reward at tick 98: name 'cells_to_relieve' is not defined
Traceback (most recent call last):
  File "/home/user/DisasterAI/DisasterAI_Model.py", line 1315, in process_reward
    for cell in cells_to_relieve:
                ^^^^^^^^^^^^^^^^
NameError: name 'cells_to_relieve' is not defined
ERROR in Agent H_19 process_reward at tick 98: name 'cells_to_relieve' is not defined
Traceback (most recent call last):
  File "/home/user/DisasterAI/DisasterAI_Model.py", line 1315, in process_reward
    for cell in cells_to_relieve:
                ^^^^^^^^^^^^^^^^
NameError: name 'cells_to_relieve' is not defined
ERROR in Agent H_29 process_reward at tick 98: name 'cells_to_relieve' is not defined
Traceback (most recent call last):
  File "/home/user/DisasterAI/DisasterAI_Model.py", line 1315, in process_reward
    for cell in cells_to_relieve:
                ^^^^^^^^^^^^^^^^
NameError: name 'cells_to_relieve' is not defined
ERROR in Agent H_27 process_reward at tick 98: name 'cells_to_relieve' is not defined
Traceback (most recent call last):
  File "/home/user/DisasterAI/DisasterAI_Model.py", line 1315, in process_reward
    for cell in cells_to_relieve:
                ^^^^^^^^^^^^^^^^
NameError: name 'cells_to_relieve' is not defined
ERROR in Agent H_31 process_reward at tick 98: name 'cells_to_relieve' is not defined
Traceback (most recent call last):
  File "/home/user/DisasterAI/DisasterAI_Model.py", line 1315, in process_reward
    for cell in cells_to_relieve:
                ^^^^^^^^^^^^^^^^
NameError: name 'cells_to_relieve' is not defined
ERROR in Agent H_34 process_reward at tick 98: name 'cells_to_relieve' is not defined
Traceback (most recent call last):
  File "/home/user/DisasterAI/DisasterAI_Model.py", line 1315, in process_reward
    for cell in cells_to_relieve:
                ^^^^^^^^^^^^^^^^
NameError: name 'cells_to_relieve' is not defined
ERROR in Agent H_20 process_reward at tick 98: name 'cells_to_relieve' is not defined
Traceback (most recent call last):
  File "/home/user/DisasterAI/DisasterAI_Model.py", line 1315, in process_reward
    for cell in cells_to_relieve:
                ^^^^^^^^^^^^^^^^
NameError: name 'cells_to_relieve' is not defined
ERROR in Agent H_12 process_reward at tick 98: name 'cells_to_relieve' is not defined
Traceback (most recent call last):
  File "/home/user/DisasterAI/DisasterAI_Model.py", line 1315, in process_reward
    for cell in cells_to_relieve:
                ^^^^^^^^^^^^^^^^
NameError: name 'cells_to_relieve' is not defined
ERROR in Agent H_41 process_reward at tick 98: name 'cells_to_relieve' is not defined
Traceback (most recent call last):
  File "/home/user/DisasterAI/DisasterAI_Model.py", line 1315, in process_reward
    for cell in cells_to_relieve:
                ^^^^^^^^^^^^^^^^
NameError: name 'cells_to_relieve' is not defined
ERROR in Agent H_42 process_reward at tick 98: name 'cells_to_relieve' is not defined
Traceback (most recent call last):
  File "/home/user/DisasterAI/DisasterAI_Model.py", line 1315, in process_reward
    for cell in cells_to_relieve:
                ^^^^^^^^^^^^^^^^
NameError: name 'cells_to_relieve' is not defined
ERROR in Agent H_2 process_reward at tick 98: name 'cells_to_relieve' is not defined
Traceback (most recent call last):
  File "/home/user/DisasterAI/DisasterAI_Model.py", line 1315, in process_reward
    for cell in cells_to_relieve:
                ^^^^^^^^^^^^^^^^
NameError: name 'cells_to_relieve' is not defined
ERROR in Agent H_18 process_reward at tick 98: name 'cells_to_relieve' is not defined
Traceback (most recent call last):
  File "/home/user/DisasterAI/DisasterAI_Model.py", line 1315, in process_reward
    for cell in cells_to_relieve:
                ^^^^^^^^^^^^^^^^
NameError: name 'cells_to_relieve' is not defined
ERROR in Agent H_30 process_reward at tick 98: name 'cells_to_relieve' is not defined
Traceback (most recent call last):
  File "/home/user/DisasterAI/DisasterAI_Model.py", line 1315, in process_reward
    for cell in cells_to_relieve:
                ^^^^^^^^^^^^^^^^
NameError: name 'cells_to_relieve' is not defined
ERROR in Agent H_1 process_reward at tick 98: name 'cells_to_relieve' is not defined
Traceback (most recent call last):
  File "/home/user/DisasterAI/DisasterAI_Model.py", line 1315, in process_reward
    for cell in cells_to_relieve:
                ^^^^^^^^^^^^^^^^
NameError: name 'cells_to_relieve' is not defined
ERROR in Agent H_5 process_reward at tick 98: name 'cells_to_relieve' is not defined
Traceback (most recent call last):
  File "/home/user/DisasterAI/DisasterAI_Model.py", line 1315, in process_reward
    for cell in cells_to_relieve:
                ^^^^^^^^^^^^^^^^
NameError: name 'cells_to_relieve' is not defined
ERROR in Agent H_14 process_reward at tick 98: name 'cells_to_relieve' is not defined
Traceback (most recent call last):
  File "/home/user/DisasterAI/DisasterAI_Model.py", line 1315, in process_reward
    for cell in cells_to_relieve:
                ^^^^^^^^^^^^^^^^
NameError: name 'cells_to_relieve' is not defined
ERROR in Agent H_22 process_reward at tick 98: name 'cells_to_relieve' is not defined
Traceback (most recent call last):
  File "/home/user/DisasterAI/DisasterAI_Model.py", line 1315, in process_reward
    for cell in cells_to_relieve:
                ^^^^^^^^^^^^^^^^
NameError: name 'cells_to_relieve' is not defined
ERROR in Agent H_16 process_reward at tick 98: name 'cells_to_relieve' is not defined
Traceback (most recent call last):
  File "/home/user/DisasterAI/DisasterAI_Model.py", line 1315, in process_reward
    for cell in cells_to_relieve:
                ^^^^^^^^^^^^^^^^
NameError: name 'cells_to_relieve' is not defined
ERROR in Agent H_38 process_reward at tick 98: name 'cells_to_relieve' is not defined
Traceback (most recent call last):
  File "/home/user/DisasterAI/DisasterAI_Model.py", line 1315, in process_reward
    for cell in cells_to_relieve:
                ^^^^^^^^^^^^^^^^
NameError: name 'cells_to_relieve' is not defined
ERROR in Agent H_33 process_reward at tick 98: name 'cells_to_relieve' is not defined
Traceback (most recent call last):
  File "/home/user/DisasterAI/DisasterAI_Model.py", line 1315, in process_reward
    for cell in cells_to_relieve:
                ^^^^^^^^^^^^^^^^
NameError: name 'cells_to_relieve' is not defined
ERROR in Agent H_3 process_reward at tick 98: name 'cells_to_relieve' is not defined
Traceback (most recent call last):
  File "/home/user/DisasterAI/DisasterAI_Model.py", line 1315, in process_reward
    for cell in cells_to_relieve:
                ^^^^^^^^^^^^^^^^
NameError: name 'cells_to_relieve' is not defined
ERROR in Agent H_25 process_reward at tick 98: name 'cells_to_relieve' is not defined
Traceback (most recent call last):
  File "/home/user/DisasterAI/DisasterAI_Model.py", line 1315, in process_reward
    for cell in cells_to_relieve:
                ^^^^^^^^^^^^^^^^
NameError: name 'cells_to_relieve' is not defined
ERROR in Agent H_49 process_reward at tick 98: name 'cells_to_relieve' is not defined
Traceback (most recent call last):
  File "/home/user/DisasterAI/DisasterAI_Model.py", line 1315, in process_reward
    for cell in cells_to_relieve:
                ^^^^^^^^^^^^^^^^
NameError: name 'cells_to_relieve' is not defined
ERROR in Agent H_47 process_reward at tick 98: name 'cells_to_relieve' is not defined
Traceback (most recent call last):
  File "/home/user/DisasterAI/DisasterAI_Model.py", line 1315, in process_reward
    for cell in cells_to_relieve:
                ^^^^^^^^^^^^^^^^
NameError: name 'cells_to_relieve' is not defined
ERROR in Agent H_36 process_reward at tick 98: name 'cells_to_relieve' is not defined
Traceback (most recent call last):
  File "/home/user/DisasterAI/DisasterAI_Model.py", line 1315, in process_reward
    for cell in cells_to_relieve:
                ^^^^^^^^^^^^^^^^
NameError: name 'cells_to_relieve' is not defined
ERROR in Agent H_9 process_reward at tick 98: name 'cells_to_relieve' is not defined
Traceback (most recent call last):
  File "/home/user/DisasterAI/DisasterAI_Model.py", line 1315, in process_reward
    for cell in cells_to_relieve:
                ^^^^^^^^^^^^^^^^
NameError: name 'cells_to_relieve' is not defined
ERROR in Agent H_32 process_reward at tick 98: name 'cells_to_relieve' is not defined
Traceback (most recent call last):
  File "/home/user/DisasterAI/DisasterAI_Model.py", line 1315, in process_reward
    for cell in cells_to_relieve:
                ^^^^^^^^^^^^^^^^
NameError: name 'cells_to_relieve' is not defined
ERROR in Agent H_35 process_reward at tick 98: name 'cells_to_relieve' is not defined
Traceback (most recent call last):
  File "/home/user/DisasterAI/DisasterAI_Model.py", line 1315, in process_reward
    for cell in cells_to_relieve:
                ^^^^^^^^^^^^^^^^
NameError: name 'cells_to_relieve' is not defined
ERROR in Agent H_39 process_reward at tick 98: name 'cells_to_relieve' is not defined
Traceback (most recent call last):
  File "/home/user/DisasterAI/DisasterAI_Model.py", line 1315, in process_reward
    for cell in cells_to_relieve:
                ^^^^^^^^^^^^^^^^
NameError: name 'cells_to_relieve' is not defined
ERROR in Agent H_28 process_reward at tick 98: name 'cells_to_relieve' is not defined
Traceback (most recent call last):
  File "/home/user/DisasterAI/DisasterAI_Model.py", line 1315, in process_reward
    for cell in cells_to_relieve:
                ^^^^^^^^^^^^^^^^
NameError: name 'cells_to_relieve' is not defined
ERROR in Agent H_44 process_reward at tick 98: name 'cells_to_relieve' is not defined
Traceback (most recent call last):
  File "/home/user/DisasterAI/DisasterAI_Model.py", line 1315, in process_reward
    for cell in cells_to_relieve:
                ^^^^^^^^^^^^^^^^
NameError: name 'cells_to_relieve' is not defined
ERROR in Agent H_26 process_reward at tick 98: name 'cells_to_relieve' is not defined
Traceback (most recent call last):
  File "/home/user/DisasterAI/DisasterAI_Model.py", line 1315, in process_reward
    for cell in cells_to_relieve:
                ^^^^^^^^^^^^^^^^
NameError: name 'cells_to_relieve' is not defined
ERROR in Agent H_15 process_reward at tick 98: name 'cells_to_relieve' is not defined
Traceback (most recent call last):
  File "/home/user/DisasterAI/DisasterAI_Model.py", line 1315, in process_reward
    for cell in cells_to_relieve:
                ^^^^^^^^^^^^^^^^
NameError: name 'cells_to_relieve' is not defined
ERROR in Agent H_24 process_reward at tick 99: name 'cells_to_relieve' is not defined
Traceback (most recent call last):
  File "/home/user/DisasterAI/DisasterAI_Model.py", line 1315, in process_reward
    for cell in cells_to_relieve:
                ^^^^^^^^^^^^^^^^
NameError: name 'cells_to_relieve' is not defined
ERROR in Agent H_20 process_reward at tick 99: name 'cells_to_relieve' is not defined
Traceback (most recent call last):
  File "/home/user/DisasterAI/DisasterAI_Model.py", line 1315, in process_reward
    for cell in cells_to_relieve:
                ^^^^^^^^^^^^^^^^
NameError: name 'cells_to_relieve' is not defined
ERROR in Agent H_1 process_reward at tick 99: name 'cells_to_relieve' is not defined
Traceback (most recent call last):
  File "/home/user/DisasterAI/DisasterAI_Model.py", line 1315, in process_reward
    for cell in cells_to_relieve:
                ^^^^^^^^^^^^^^^^
NameError: name 'cells_to_relieve' is not defined
ERROR in Agent H_35 process_reward at tick 99: name 'cells_to_relieve' is not defined
Traceback (most recent call last):
  File "/home/user/DisasterAI/DisasterAI_Model.py", line 1315, in process_reward
    for cell in cells_to_relieve:
                ^^^^^^^^^^^^^^^^
NameError: name 'cells_to_relieve' is not defined
ERROR in Agent H_6 process_reward at tick 99: name 'cells_to_relieve' is not defined
Traceback (most recent call last):
  File "/home/user/DisasterAI/DisasterAI_Model.py", line 1315, in process_reward
    for cell in cells_to_relieve:
                ^^^^^^^^^^^^^^^^
NameError: name 'cells_to_relieve' is not defined
ERROR in Agent H_16 process_reward at tick 99: name 'cells_to_relieve' is not defined
Traceback (most recent call last):
  File "/home/user/DisasterAI/DisasterAI_Model.py", line 1315, in process_reward
    for cell in cells_to_relieve:
                ^^^^^^^^^^^^^^^^
NameError: name 'cells_to_relieve' is not defined
ERROR in Agent H_26 process_reward at tick 99: name 'cells_to_relieve' is not defined
Traceback (most recent call last):
  File "/home/user/DisasterAI/DisasterAI_Model.py", line 1315, in process_reward
    for cell in cells_to_relieve:
                ^^^^^^^^^^^^^^^^
NameError: name 'cells_to_relieve' is not defined
ERROR in Agent H_23 process_reward at tick 99: name 'cells_to_relieve' is not defined
Traceback (most recent call last):
  File "/home/user/DisasterAI/DisasterAI_Model.py", line 1315, in process_reward
    for cell in cells_to_relieve:
                ^^^^^^^^^^^^^^^^
NameError: name 'cells_to_relieve' is not defined
ERROR in Agent H_17 process_reward at tick 99: name 'cells_to_relieve' is not defined
Traceback (most recent call last):
  File "/home/user/DisasterAI/DisasterAI_Model.py", line 1315, in process_reward
    for cell in cells_to_relieve:
                ^^^^^^^^^^^^^^^^
NameError: name 'cells_to_relieve' is not defined
ERROR in Agent H_31 process_reward at tick 99: name 'cells_to_relieve' is not defined
Traceback (most recent call last):
  File "/home/user/DisasterAI/DisasterAI_Model.py", line 1315, in process_reward
    for cell in cells_to_relieve:
                ^^^^^^^^^^^^^^^^
NameError: name 'cells_to_relieve' is not defined
ERROR in Agent H_44 process_reward at tick 99: name 'cells_to_relieve' is not defined
Traceback (most recent call last):
  File "/home/user/DisasterAI/DisasterAI_Model.py", line 1315, in process_reward
    for cell in cells_to_relieve:
                ^^^^^^^^^^^^^^^^
NameError: name 'cells_to_relieve' is not defined
ERROR in Agent H_9 process_reward at tick 99: name 'cells_to_relieve' is not defined
Traceback (most recent call last):
  File "/home/user/DisasterAI/DisasterAI_Model.py", line 1315, in process_reward
    for cell in cells_to_relieve:
                ^^^^^^^^^^^^^^^^
NameError: name 'cells_to_relieve' is not defined
ERROR in Agent H_0 process_reward at tick 99: name 'cells_to_relieve' is not defined
Traceback (most recent call last):
  File "/home/user/DisasterAI/DisasterAI_Model.py", line 1315, in process_reward
    for cell in cells_to_relieve:
                ^^^^^^^^^^^^^^^^
NameError: name 'cells_to_relieve' is not defined
ERROR in Agent H_19 process_reward at tick 99: name 'cells_to_relieve' is not defined
Traceback (most recent call last):
  File "/home/user/DisasterAI/DisasterAI_Model.py", line 1315, in process_reward
    for cell in cells_to_relieve:
                ^^^^^^^^^^^^^^^^
NameError: name 'cells_to_relieve' is not defined
ERROR in Agent H_2 process_reward at tick 99: name 'cells_to_relieve' is not defined
Traceback (most recent call last):
  File "/home/user/DisasterAI/DisasterAI_Model.py", line 1315, in process_reward
    for cell in cells_to_relieve:
                ^^^^^^^^^^^^^^^^
NameError: name 'cells_to_relieve' is not defined
ERROR in Agent H_33 process_reward at tick 99: name 'cells_to_relieve' is not defined
Traceback (most recent call last):
  File "/home/user/DisasterAI/DisasterAI_Model.py", line 1315, in process_reward
    for cell in cells_to_relieve:
                ^^^^^^^^^^^^^^^^
NameError: name 'cells_to_relieve' is not defined
ERROR in Agent H_15 process_reward at tick 99: name 'cells_to_relieve' is not defined
Traceback (most recent call last):
  File "/home/user/DisasterAI/DisasterAI_Model.py", line 1315, in process_reward
    for cell in cells_to_relieve:
                ^^^^^^^^^^^^^^^^
NameError: name 'cells_to_relieve' is not defined
ERROR in Agent H_25 process_reward at tick 99: name 'cells_to_relieve' is not defined
Traceback (most recent call last):
  File "/home/user/DisasterAI/DisasterAI_Model.py", line 1315, in process_reward
    for cell in cells_to_relieve:
                ^^^^^^^^^^^^^^^^
NameError: name 'cells_to_relieve' is not defined
ERROR in Agent H_3 process_reward at tick 99: name 'cells_to_relieve' is not defined
Traceback (most recent call last):
  File "/home/user/DisasterAI/DisasterAI_Model.py", line 1315, in process_reward
    for cell in cells_to_relieve:
                ^^^^^^^^^^^^^^^^
NameError: name 'cells_to_relieve' is not defined
ERROR in Agent H_38 process_reward at tick 99: name 'cells_to_relieve' is not defined
Traceback (most recent call last):
  File "/home/user/DisasterAI/DisasterAI_Model.py", line 1315, in process_reward
    for cell in cells_to_relieve:
                ^^^^^^^^^^^^^^^^
NameError: name 'cells_to_relieve' is not defined
ERROR in Agent H_14 process_reward at tick 99: name 'cells_to_relieve' is not defined
Traceback (most recent call last):
  File "/home/user/DisasterAI/DisasterAI_Model.py", line 1315, in process_reward
    for cell in cells_to_relieve:
                ^^^^^^^^^^^^^^^^
NameError: name 'cells_to_relieve' is not defined
ERROR in Agent H_28 process_reward at tick 99: name 'cells_to_relieve' is not defined
Traceback (most recent call last):
  File "/home/user/DisasterAI/DisasterAI_Model.py", line 1315, in process_reward
    for cell in cells_to_relieve:
                ^^^^^^^^^^^^^^^^
NameError: name 'cells_to_relieve' is not defined
ERROR in Agent H_40 process_reward at tick 99: name 'cells_to_relieve' is not defined
Traceback (most recent call last):
  File "/home/user/DisasterAI/DisasterAI_Model.py", line 1315, in process_reward
    for cell in cells_to_relieve:
                ^^^^^^^^^^^^^^^^
NameError: name 'cells_to_relieve' is not defined
ERROR in Agent H_8 process_reward at tick 99: name 'cells_to_relieve' is not defined
Traceback (most recent call last):
  File "/home/user/DisasterAI/DisasterAI_Model.py", line 1315, in process_reward
    for cell in cells_to_relieve:
                ^^^^^^^^^^^^^^^^
NameError: name 'cells_to_relieve' is not defined
ERROR in Agent H_5 process_reward at tick 99: name 'cells_to_relieve' is not defined
Traceback (most recent call last):
  File "/home/user/DisasterAI/DisasterAI_Model.py", line 1315, in process_reward
    for cell in cells_to_relieve:
                ^^^^^^^^^^^^^^^^
NameError: name 'cells_to_relieve' is not defined
ERROR in Agent H_22 process_reward at tick 99: name 'cells_to_relieve' is not defined
Traceback (most recent call last):
  File "/home/user/DisasterAI/DisasterAI_Model.py", line 1315, in process_reward
    for cell in cells_to_relieve:
                ^^^^^^^^^^^^^^^^
NameError: name 'cells_to_relieve' is not defined
ERROR in Agent H_34 process_reward at tick 100: name 'cells_to_relieve' is not defined
Traceback (most recent call last):
  File "/home/user/DisasterAI/DisasterAI_Model.py", line 1315, in process_reward
    for cell in cells_to_relieve:
                ^^^^^^^^^^^^^^^^
NameError: name 'cells_to_relieve' is not defined
ERROR in Agent H_18 process_reward at tick 100: name 'cells_to_relieve' is not defined
Traceback (most recent call last):
  File "/home/user/DisasterAI/DisasterAI_Model.py", line 1315, in process_reward
    for cell in cells_to_relieve:
                ^^^^^^^^^^^^^^^^
NameError: name 'cells_to_relieve' is not defined
ERROR in Agent H_10 process_reward at tick 100: name 'cells_to_relieve' is not defined
Traceback (most recent call last):
  File "/home/user/DisasterAI/DisasterAI_Model.py", line 1315, in process_reward
    for cell in cells_to_relieve:
                ^^^^^^^^^^^^^^^^
NameError: name 'cells_to_relieve' is not defined
ERROR in Agent H_28 process_reward at tick 100: name 'cells_to_relieve' is not defined
Traceback (most recent call last):
  File "/home/user/DisasterAI/DisasterAI_Model.py", line 1315, in process_reward
    for cell in cells_to_relieve:
                ^^^^^^^^^^^^^^^^
NameError: name 'cells_to_relieve' is not defined
ERROR in Agent H_45 process_reward at tick 100: name 'cells_to_relieve' is not defined
Traceback (most recent call last):
  File "/home/user/DisasterAI/DisasterAI_Model.py", line 1315, in process_reward
    for cell in cells_to_relieve:
                ^^^^^^^^^^^^^^^^
NameError: name 'cells_to_relieve' is not defined
ERROR in Agent H_16 process_reward at tick 100: name 'cells_to_relieve' is not defined
Traceback (most recent call last):
  File "/home/user/DisasterAI/DisasterAI_Model.py", line 1315, in process_reward
    for cell in cells_to_relieve:
                ^^^^^^^^^^^^^^^^
NameError: name 'cells_to_relieve' is not defined
ERROR in Agent H_47 process_reward at tick 100: name 'cells_to_relieve' is not defined
Traceback (most recent call last):
  File "/home/user/DisasterAI/DisasterAI_Model.py", line 1315, in process_reward
    for cell in cells_to_relieve:
                ^^^^^^^^^^^^^^^^
NameError: name 'cells_to_relieve' is not defined
ERROR in Agent H_42 process_reward at tick 100: name 'cells_to_relieve' is not defined
Traceback (most recent call last):
  File "/home/user/DisasterAI/DisasterAI_Model.py", line 1315, in process_reward
    for cell in cells_to_relieve:
                ^^^^^^^^^^^^^^^^
NameError: name 'cells_to_relieve' is not defined
ERROR in Agent H_48 process_reward at tick 100: name 'cells_to_relieve' is not defined
Traceback (most recent call last):
  File "/home/user/DisasterAI/DisasterAI_Model.py", line 1315, in process_reward
    for cell in cells_to_relieve:
                ^^^^^^^^^^^^^^^^
NameError: name 'cells_to_relieve' is not defined
ERROR in Agent H_7 process_reward at tick 100: name 'cells_to_relieve' is not defined
Traceback (most recent call last):
  File "/home/user/DisasterAI/DisasterAI_Model.py", line 1315, in process_reward
    for cell in cells_to_relieve:
                ^^^^^^^^^^^^^^^^
NameError: name 'cells_to_relieve' is not defined
ERROR in Agent H_15 process_reward at tick 100: name 'cells_to_relieve' is not defined
Traceback (most recent call last):
  File "/home/user/DisasterAI/DisasterAI_Model.py", line 1315, in process_reward
    for cell in cells_to_relieve:
                ^^^^^^^^^^^^^^^^
NameError: name 'cells_to_relieve' is not defined
ERROR in Agent H_38 process_reward at tick 100: name 'cells_to_relieve' is not defined
Traceback (most recent call last):
  File "/home/user/DisasterAI/DisasterAI_Model.py", line 1315, in process_reward
    for cell in cells_to_relieve:
                ^^^^^^^^^^^^^^^^
NameError: name 'cells_to_relieve' is not defined
ERROR in Agent H_44 process_reward at tick 100: name 'cells_to_relieve' is not defined
Traceback (most recent call last):
  File "/home/user/DisasterAI/DisasterAI_Model.py", line 1315, in process_reward
    for cell in cells_to_relieve:
                ^^^^^^^^^^^^^^^^
NameError: name 'cells_to_relieve' is not defined
ERROR in Agent H_49 process_reward at tick 100: name 'cells_to_relieve' is not defined
Traceback (most recent call last):
  File "/home/user/DisasterAI/DisasterAI_Model.py", line 1315, in process_reward
    for cell in cells_to_relieve:
                ^^^^^^^^^^^^^^^^
NameError: name 'cells_to_relieve' is not defined
ERROR in Agent H_21 process_reward at tick 100: name 'cells_to_relieve' is not defined
Traceback (most recent call last):
  File "/home/user/DisasterAI/DisasterAI_Model.py", line 1315, in process_reward
    for cell in cells_to_relieve:
                ^^^^^^^^^^^^^^^^
NameError: name 'cells_to_relieve' is not defined
ERROR in Agent H_6 process_reward at tick 100: name 'cells_to_relieve' is not defined
Traceback (most recent call last):
  File "/home/user/DisasterAI/DisasterAI_Model.py", line 1315, in process_reward
    for cell in cells_to_relieve:
                ^^^^^^^^^^^^^^^^
NameError: name 'cells_to_relieve' is not defined
ERROR in Agent H_24 process_reward at tick 100: name 'cells_to_relieve' is not defined
Traceback (most recent call last):
  File "/home/user/DisasterAI/DisasterAI_Model.py", line 1315, in process_reward
    for cell in cells_to_relieve:
                ^^^^^^^^^^^^^^^^
NameError: name 'cells_to_relieve' is not defined
ERROR in Agent H_25 process_reward at tick 100: name 'cells_to_relieve' is not defined
Traceback (most recent call last):
  File "/home/user/DisasterAI/DisasterAI_Model.py", line 1315, in process_reward
    for cell in cells_to_relieve:
                ^^^^^^^^^^^^^^^^
NameError: name 'cells_to_relieve' is not defined
ERROR in Agent H_36 process_reward at tick 100: name 'cells_to_relieve' is not defined
Traceback (most recent call last):
  File "/home/user/DisasterAI/DisasterAI_Model.py", line 1315, in process_reward
    for cell in cells_to_relieve:
                ^^^^^^^^^^^^^^^^
NameError: name 'cells_to_relieve' is not defined
ERROR in Agent H_8 process_reward at tick 100: name 'cells_to_relieve' is not defined
Traceback (most recent call last):
  File "/home/user/DisasterAI/DisasterAI_Model.py", line 1315, in process_reward
    for cell in cells_to_relieve:
                ^^^^^^^^^^^^^^^^
NameError: name 'cells_to_relieve' is not defined
ERROR in Agent H_40 process_reward at tick 100: name 'cells_to_relieve' is not defined
Traceback (most recent call last):
  File "/home/user/DisasterAI/DisasterAI_Model.py", line 1315, in process_reward
    for cell in cells_to_relieve:
                ^^^^^^^^^^^^^^^^
NameError: name 'cells_to_relieve' is not defined
ERROR in Agent H_12 process_reward at tick 100: name 'cells_to_relieve' is not defined
Traceback (most recent call last):
  File "/home/user/DisasterAI/DisasterAI_Model.py", line 1315, in process_reward
    for cell in cells_to_relieve:
                ^^^^^^^^^^^^^^^^
NameError: name 'cells_to_relieve' is not defined
ERROR in Agent H_13 process_reward at tick 100: name 'cells_to_relieve' is not defined
Traceback (most recent call last):
  File "/home/user/DisasterAI/DisasterAI_Model.py", line 1315, in process_reward
    for cell in cells_to_relieve:
                ^^^^^^^^^^^^^^^^
NameError: name 'cells_to_relieve' is not defined
ERROR in Agent H_11 process_reward at tick 100: name 'cells_to_relieve' is not defined
Traceback (most recent call last):
  File "/home/user/DisasterAI/DisasterAI_Model.py", line 1315, in process_reward
    for cell in cells_to_relieve:
                ^^^^^^^^^^^^^^^^
NameError: name 'cells_to_relieve' is not defined
ERROR in Agent H_39 process_reward at tick 100: name 'cells_to_relieve' is not defined
Traceback (most recent call last):
  File "/home/user/DisasterAI/DisasterAI_Model.py", line 1315, in process_reward
    for cell in cells_to_relieve:
                ^^^^^^^^^^^^^^^^
NameError: name 'cells_to_relieve' is not defined
ERROR in Agent H_3 process_reward at tick 100: name 'cells_to_relieve' is not defined
Traceback (most recent call last):
  File "/home/user/DisasterAI/DisasterAI_Model.py", line 1315, in process_reward
    for cell in cells_to_relieve:
                ^^^^^^^^^^^^^^^^
NameError: name 'cells_to_relieve' is not defined
ERROR in Agent H_35 process_reward at tick 100: name 'cells_to_relieve' is not defined
Traceback (most recent call last):
  File "/home/user/DisasterAI/DisasterAI_Model.py", line 1315, in process_reward
    for cell in cells_to_relieve:
                ^^^^^^^^^^^^^^^^
NameError: name 'cells_to_relieve' is not defined
ERROR in Agent H_41 process_reward at tick 100: name 'cells_to_relieve' is not defined
Traceback (most recent call last):
  File "/home/user/DisasterAI/DisasterAI_Model.py", line 1315, in process_reward
    for cell in cells_to_relieve:
                ^^^^^^^^^^^^^^^^
NameError: name 'cells_to_relieve' is not defined
ERROR in Agent H_30 process_reward at tick 100: name 'cells_to_relieve' is not defined
Traceback (most recent call last):
  File "/home/user/DisasterAI/DisasterAI_Model.py", line 1315, in process_reward
    for cell in cells_to_relieve:
                ^^^^^^^^^^^^^^^^
NameError: name 'cells_to_relieve' is not defined

DEBUG: Starting AECI variance calculation at tick 100
  Found 0/50 AI-reliant agents
  Global belief variance: 0.0927
  WARNING: Invalid global variance (0.0926751975) or no AI-reliant agents
  Returning AECI variance tuple: (100, 0.0)
  Current aeci_variance_data length: 100
  Last 3 entries: [(98, 0.0), (99, 0.0), (100, 0.0)]

--- Retainment Diagnostics at Tick 100 ---
Agent H_0 (exploitative) retainment stats:
  accepted_human: 0, accepted_friend: 0, accepted_ai: 0
  No acceptances recorded
Agent H_1 (exploitative) retainment stats:
  accepted_human: 0, accepted_friend: 0, accepted_ai: 0
  No acceptances recorded
Agent H_2 (exploitative) retainment stats:
  accepted_human: 20, accepted_friend: 20, accepted_ai: 0
  retain_aeci: 0.00, retain_seci: 1.00
Tick 100:
  Exploratory avg trust in A_0: 0.837
  Exploitative avg trust in A_0: 0.875

============================================================
FINAL RESULTS:
============================================================
Exploratory agents:
  Final trust in A_0: 0.837
  Initial trust: 0.310
  Change: +0.528
  Confirmations received: 0
  Corrections received: 0

Exploitative agents:
  Final trust in A_0: 0.875
  Initial trust: 0.300
  Change: +0.575
  Confirmations received: 0
  Corrections received: 0

============================================================
Test complete! Visualization saved to:
  test_results/confirmation_fix_test.png
============================================================

============================================================
DIVERGENCE CHECK:
============================================================

Confirming AI (0.9):
  Exploratory change: +0.528
  Exploitative change: +0.550
  ❌ UNEXPECTED: Both agent types behaving similarly

Truthful AI (0.1):
  Exploratory change: +0.528
  Exploitative change: +0.575
  ❌ UNEXPECTED: Both agent types behaving similarly
